1745418473
0.36 0.09 0.11 58222

1745418474
0.36 0.09 0.11 36442

1745418475
1.02 0.21 0.14 46280

1745418476
1.02 0.21 0.14 19923

1745418477
1.01 0.24 0.14 18222

1745418478
1.01 0.24 0.14 13488

1745418479
1.01 0.26 0.15 8894

1745418480
1.01 0.26 0.15 5131

1745418481
0.83 0.26 0.15 3821

1745418482
0.83 0.26 0.15 5969

1745418483
0.68 0.25 0.14 5899

1745418484
0.68 0.25 0.14 5368

1745418485
0.55 0.24 0.14 5117

1745418486
0.55 0.24 0.14 5024

1745418487
0.45 0.23 0.14 5247

1745418488
0.45 0.23 0.14 5099

1745418489
0.37 0.22 0.14 5940

1745418490
0.37 0.22 0.14 6549

1745418491
0.3 0.21 0.14 4781

1745418492
0.3 0.21 0.14 3383

1745418493
0.24 0.21 0.14 4347

1745418494
0.24 0.21 0.14 7620

1745418496
0.2 0.2 0.14 7736

1745418497
0.2 0.2 0.14 4731

1745418498
0.16 0.19 0.14 6961

1745418499
0.16 0.19 0.14 7196

1745418500
0.13 0.19 0.13 6537

1745418501
0.13 0.19 0.13 5684

1745418502
0.11 0.18 0.13 6977

1745418503
0.11 0.18 0.13 6246

1745418504
0.09 0.17 0.13 5784

1745418505
0.09 0.17 0.13 5205

1745418506
0.07 0.17 0.13 6020

1745418507
0.07 0.17 0.13 4458

1745418508
0.06 0.16 0.13 4633

1745418509
0.06 0.16 0.13 3528

1745418510
0.04 0.16 0.13 3703

1745418511
0.04 0.16 0.13 1332

1745418512
0.04 0.15 0.13 1916

1745418513
0.04 0.15 0.13 846

1745418514
0.03 0.14 0.13 1102

1745418515
0.03 0.14 0.13 964

1745418516
0.02 0.14 0.13 824

1745418517
0.02 0.14 0.13 1347

1745418518
0.02 0.13 0.13 2401

1745418519
0.02 0.13 0.13 1974

1745418520
0.01 0.13 0.12 1824

1745418521
0.01 0.13 0.12 2031

1745418522
0.01 0.12 0.12 1737

1745418523
0.01 0.12 0.12 1569

1745418524
0.01 0.12 0.12 1556

1745418525
0.01 0.12 0.12 2045

1745418526
0.0 0.12 0.12 713

1745418527
0.0 0.12 0.12 2209

1745418528
0.0 0.11 0.12 2717

1745418529
0.0 0.11 0.12 2292

1745418530
0.0 0.11 0.12 2610

1745418531
0.0 0.11 0.12 720

1745418532
0.0 0.1 0.12 420

1745418533
0.0 0.1 0.12 822

1745418534
0.0 0.1 0.12 1745

1745418535
0.0 0.1 0.12 2234

1745418536
0.0 0.1 0.12 2320

1745418537
0.0 0.1 0.12 1586

1745418538
0.0 0.09 0.12 911

1745418539
0.0 0.09 0.12 1011

1745418540
0.0 0.09 0.12 2202

1745418541
0.0 0.09 0.12 1843

1745418542
0.0 0.09 0.11 2196

1745418543
0.0 0.09 0.11 1224

1745418544
0.0 0.08 0.11 2661

1745418545
0.0 0.08 0.11 1505

1745418546
0.0 0.08 0.11 1742

1745418547
0.0 0.08 0.11 2488

1745418548
0.0 0.08 0.11 713

1745418549
0.0 0.08 0.11 2290

1745418550
0.0 0.07 0.11 3131

1745418551
0.0 0.07 0.11 872

1745418552
0.0 0.07 0.11 1481

1745418553
0.0 0.07 0.11 2096

1745418554
0.0 0.07 0.11 1867

1745418555
0.0 0.07 0.11 2055

1745418556
0.0 0.07 0.11 2040

1745418557
0.0 0.07 0.11 2219

1745418558
0.0 0.06 0.11 1514

1745418559
0.0 0.06 0.11 1154

1745418560
0.0 0.06 0.11 1849

1745418561
0.0 0.06 0.11 1597

1745418562
0.0 0.06 0.1 3002

1745418563
0.0 0.06 0.1 2317

1745418564
0.0 0.06 0.1 2754

1745418565
0.0 0.06 0.1 1679

1745418566
0.0 0.05 0.1 305

1745418567
0.0 0.05 0.1 677

1745418568
0.0 0.05 0.1 1803

1745418569
0.0 0.05 0.1 461

1745418570
0.0 0.05 0.1 215

1745418571
0.0 0.05 0.1 944

1745418572
0.0 0.05 0.1 693

1745418573
0.0 0.05 0.1 523

1745418574
0.0 0.05 0.1 1516

1745418575
0.0 0.05 0.1 2406

1745418576
0.0 0.04 0.1 1188

1745418577
0.0 0.04 0.1 1873

1745418578
0.0 0.04 0.1 1656

1745418579
0.0 0.04 0.1 1417

1745418580
0.0 0.04 0.1 1518

1745418581
0.0 0.04 0.1 1239

1745418582
0.0 0.04 0.09 2133

1745418583
0.0 0.04 0.09 1826

1745418584
0.0 0.04 0.09 1538

1745418585
0.0 0.04 0.09 1762

1745418586
0.0 0.04 0.09 1496

1745418587
0.0 0.04 0.09 2028

1745418588
0.0 0.03 0.09 2103

1745418589
0.0 0.03 0.09 1694

1745418590
0.0 0.03 0.09 1317

1745418591
0.0 0.03 0.09 2060

1745418592
0.0 0.03 0.09 1031

1745418593
0.0 0.03 0.09 1190

1745418594
0.0 0.03 0.09 3371

1745418595
0.0 0.03 0.09 2777

1745418596
0.0 0.03 0.09 3513

1745418597
0.0 0.03 0.09 2251

1745418598
0.0 0.03 0.09 3796

1745418599
0.0 0.03 0.09 3970

1745418600
0.0 0.02 0.09 5257

1745418601
0.0 0.02 0.09 2273

1745418602
0.0 0.02 0.08 3312

1745418603
0.0 0.02 0.08 2596

1745418604
0.0 0.02 0.08 2578

1745418605
0.0 0.02 0.08 2143

1745418606
0.0 0.02 0.08 2074

1745418607
0.0 0.02 0.08 1959

1745418608
0.0 0.02 0.08 2713

1745418609
0.0 0.02 0.08 1569

1745418610
0.0 0.02 0.08 1540

1745418611
0.0 0.02 0.08 1198

1745418612
0.0 0.02 0.08 1618

1745418613
0.0 0.02 0.08 2820

1745418614
0.0 0.02 0.08 2023

1745418615
0.0 0.02 0.08 1489

1745418616
0.0 0.02 0.08 2143

1745418617
0.0 0.02 0.08 1414

1745418618
0.0 0.02 0.08 1768

1745418619
0.0 0.02 0.08 2908

1745418620
0.0 0.02 0.08 3134

1745418621
0.0 0.02 0.08 2892

1745418622
0.0 0.01 0.08 2681

1745418623
0.0 0.01 0.08 2437

1745418624
0.0 0.01 0.07 1118

1745418625
0.0 0.01 0.07 2327

1745418626
0.0 0.01 0.07 1987

1745418627
0.0 0.01 0.07 1479

1745418628
0.0 0.01 0.07 1938

1745418629
0.0 0.01 0.07 2532

1745418630
0.0 0.01 0.07 3276

1745418631
0.0 0.01 0.07 1772

1745418632
0.0 0.01 0.07 2687

1745418633
0.0 0.01 0.07 1109

1745418634
0.0 0.01 0.07 2562

1745418635
0.0 0.01 0.07 3243

1745418636
0.0 0.01 0.07 2524

1745418637
0.0 0.01 0.07 2697

1745418638
0.0 0.01 0.07 2921

1745418639
0.0 0.01 0.07 704

1745418640
0.0 0.01 0.07 1426

1745418641
0.0 0.01 0.07 2141

1745418642
0.0 0.01 0.07 1606

1745418643
0.0 0.01 0.07 2400

1745418644
0.0 0.01 0.07 1862

1745418645
0.0 0.01 0.07 3096

1745418646
0.0 0.01 0.06 4137

1745418647
0.0 0.01 0.06 1055

1745418648
0.0 0.01 0.06 774

1745418649
0.0 0.01 0.06 4011

1745418650
0.0 0.0 0.06 2022

1745418651
0.0 0.0 0.06 1844

1745418652
0.0 0.0 0.06 1631

1745418653
0.0 0.0 0.06 1659

1745418654
0.0 0.0 0.06 1609

1745418655
0.0 0.0 0.06 1115

1745418656
0.0 0.0 0.06 1751

1745418657
0.0 0.0 0.06 957

1745418658
0.0 0.0 0.06 963

1745418659
0.0 0.0 0.06 1358

1745418660
0.0 0.0 0.06 2894

1745418661
0.0 0.0 0.06 1974

1745418662
0.0 0.0 0.06 2933

1745418663
0.0 0.0 0.06 2758

1745418664
0.0 0.0 0.06 2778

1745418665
0.0 0.0 0.06 3736

1745418666
0.0 0.0 0.06 3476

1745418667
0.0 0.0 0.06 3235

1745418668
0.0 0.0 0.06 1772

1745418669
0.0 0.0 0.06 2824

1745418670
0.0 0.0 0.06 2384

1745418671
0.0 0.0 0.06 2050

1745418672
0.0 0.0 0.06 3755

1745418673
0.0 0.0 0.06 2997

1745418674
0.0 0.0 0.06 3044

1745418675
0.0 0.0 0.06 2812

1745418676
0.0 0.0 0.06 1724

1745418677
0.0 0.0 0.06 1530

1745418678
0.0 0.0 0.06 2005

1745418679
0.0 0.0 0.06 3194

1745418680
0.0 0.0 0.06 2264

1745418681
0.0 0.0 0.06 3611

1745418682
0.0 0.0 0.06 3080

1745418683
0.0 0.0 0.06 3352

1745418684
0.0 0.0 0.06 674

1745418685
0.0 0.0 0.06 2735

1745418686
0.0 0.0 0.06 3731

1745418687
0.0 0.0 0.06 2474

1745418688
0.0 0.0 0.05 3425

1745418689
0.0 0.0 0.05 3323

1745418690
0.0 0.0 0.05 3063

1745418691
0.0 0.0 0.05 3860

1745418692
0.0 0.0 0.05 3746

1745418693
0.0 0.0 0.05 4251

1745418694
0.0 0.0 0.05 2775

1745418695
0.0 0.0 0.05 3118

1745418696
0.0 0.0 0.05 3459

1745418697
0.0 0.0 0.05 2371

1745418698
0.0 0.0 0.05 4649

1745418699
0.0 0.0 0.05 3922

1745418700
0.0 0.0 0.05 3666

1745418701
0.0 0.0 0.05 2329

1745418702
0.0 0.0 0.05 2663

1745418703
0.0 0.0 0.05 2059

1745418704
0.0 0.0 0.05 2047

1745418705
0.0 0.0 0.05 2066

1745418706
0.0 0.0 0.05 2450

1745418707
0.0 0.0 0.05 3198

1745418708
0.0 0.0 0.05 3853

1745418709
0.0 0.0 0.05 2378

1745418710
0.0 0.0 0.05 4165

1745418711
0.0 0.0 0.05 2663

1745418712
0.0 0.0 0.05 3073

1745418713
0.0 0.0 0.05 8726

1745418714
0.0 0.0 0.05 4458

1745418715
0.0 0.0 0.05 2377

1745418716
0.0 0.0 0.05 2832

1745418717
0.0 0.0 0.05 1109

1745418718
0.0 0.0 0.05 4259

1745418719
0.0 0.0 0.05 2016

1745418720
0.0 0.0 0.05 3006

1745418721
0.0 0.0 0.05 3299

1745418722
0.0 0.0 0.05 3960

1745418723
0.0 0.0 0.05 2368

1745418724
0.0 0.0 0.05 3004

1745418725
0.0 0.0 0.05 3184

1745418726
0.0 0.0 0.05 3818

1745418727
0.0 0.0 0.05 3530

1745418728
0.0 0.0 0.04 3472

1745418729
0.0 0.0 0.04 3869

1745418730
0.0 0.0 0.04 2687

1745418731
0.0 0.0 0.04 3930

1745418732
0.0 0.0 0.04 2235

1745418733
0.0 0.0 0.04 4812

1745418734
0.0 0.0 0.04 1614

1745418735
0.0 0.0 0.04 2495

1745418736
0.0 0.0 0.04 5051

1745418737
0.0 0.0 0.04 2202

1745418738
0.0 0.0 0.04 1919

1745418739
0.0 0.0 0.04 1632

1745418740
0.0 0.0 0.04 820

1745418741
0.0 0.0 0.04 1119

1745418742
0.0 0.0 0.04 1049

1745418743
0.0 0.0 0.04 1202

1745418744
0.0 0.0 0.04 1201

1745418745
0.0 0.0 0.04 1071

1745418746
0.0 0.0 0.04 1440

1745418747
0.0 0.0 0.04 1643

1745418748
0.0 0.0 0.04 1397

1745418749
0.0 0.0 0.04 1437

1745418750
0.0 0.0 0.04 901

1745418751
0.0 0.0 0.04 2079

1745418752
0.0 0.0 0.04 2377

1745418753
0.0 0.0 0.04 3049

1745418754
0.0 0.0 0.04 3591

1745418755
0.0 0.0 0.04 3640

1745418756
0.0 0.0 0.04 3181

1745418757
0.0 0.0 0.04 3671

1745418758
0.0 0.0 0.04 3439

1745418759
0.0 0.0 0.04 2858

1745418760
0.0 0.0 0.04 4630

1745418761
0.0 0.0 0.04 3809

1745418762
0.0 0.0 0.04 3539

1745418763
0.0 0.0 0.04 2938

1745418764
0.0 0.0 0.04 3719

1745418765
0.0 0.0 0.04 2940

1745418766
0.0 0.0 0.04 6624

1745418767
0.0 0.0 0.04 2552

1745418768
0.0 0.0 0.04 2968

1745418769
0.0 0.0 0.04 4350

1745418770
0.0 0.0 0.03 2143

1745418771
0.0 0.0 0.03 8811

1745418772
0.0 0.0 0.03 3447

1745418773
0.0 0.0 0.03 1809

1745418774
0.0 0.0 0.03 3811

1745418775
0.0 0.0 0.03 2050

1745418776
0.0 0.0 0.03 3024

1745418777
0.0 0.0 0.03 1492

1745418778
0.0 0.0 0.03 3734

1745418779
0.0 0.0 0.03 3398

1745418780
0.0 0.0 0.03 2343

1745418781
0.0 0.0 0.03 2753

1745418782
0.0 0.0 0.03 3421

1745418783
0.0 0.0 0.03 3253

1745418784
0.0 0.0 0.03 4116

1745418785
0.0 0.0 0.03 2513

1745418786
0.0 0.0 0.03 4903

1745418787
0.0 0.0 0.03 3073

1745418788
0.0 0.0 0.03 2808

1745418789
0.0 0.0 0.03 2216

1745418790
0.0 0.0 0.03 4455

1745418791
0.0 0.0 0.03 2171

1745418792
0.0 0.0 0.03 4594

1745418793
0.0 0.0 0.03 1334

1745418794
0.0 0.0 0.03 3500

1745418795
0.0 0.0 0.03 3374

1745418796
0.0 0.0 0.03 4070

1745418797
0.0 0.0 0.03 4829

1745418798
0.0 0.0 0.03 3862

1745418799
0.0 0.0 0.03 2027

1745418800
0.0 0.0 0.03 4601

1745418801
0.0 0.0 0.03 1600

1745418802
0.0 0.0 0.03 2399

1745418803
0.0 0.0 0.03 2008

1745418804
0.0 0.0 0.03 3802

1745418805
0.0 0.0 0.03 2815

1745418806
0.0 0.0 0.03 3538

1745418807
0.0 0.0 0.03 3793

1745418808
0.0 0.0 0.03 1966

1745418809
0.0 0.0 0.03 3290

1745418810
0.0 0.0 0.02 2123

1745418811
0.0 0.0 0.02 2395

1745418812
0.0 0.0 0.02 3003

1745418813
0.0 0.0 0.02 1977

1745418814
0.0 0.0 0.02 2177

1745418815
0.0 0.0 0.02 3607

1745418816
0.0 0.0 0.02 3857

1745418817
0.0 0.0 0.02 3887

1745418818
0.0 0.0 0.02 4556

1745418819
0.0 0.0 0.02 3345

1745418820
0.0 0.0 0.02 4091

1745418821
0.0 0.0 0.02 4374

1745418822
0.0 0.0 0.02 3946

1745418823
0.0 0.0 0.02 1994

1745418824
0.0 0.0 0.02 4348

1745418825
0.0 0.0 0.02 5025

1745418826
0.0 0.0 0.02 2392

1745418827
0.0 0.0 0.02 2877

1745418828
0.0 0.0 0.02 2609

1745418829
0.0 0.0 0.02 2472

1745418830
0.0 0.0 0.02 3039

1745418831
0.0 0.0 0.02 2344

1745418832
0.0 0.0 0.02 3087

1745418833
0.0 0.0 0.02 2545

1745418834
0.0 0.0 0.02 2203

1745418835
0.0 0.0 0.02 3597

1745418836
0.0 0.0 0.02 3845

1745418837
0.0 0.0 0.02 2942

1745418838
0.0 0.0 0.02 4772

1745418839
0.0 0.0 0.02 4067

1745418840
0.0 0.0 0.02 3332

1745418841
0.0 0.0 0.02 2850

1745418842
0.0 0.0 0.02 3978

1745418843
0.0 0.0 0.02 1649

1745418844
0.0 0.0 0.02 2922

1745418845
0.0 0.0 0.02 3140

1745418846
0.0 0.0 0.02 3579

1745418847
0.0 0.0 0.02 2921

1745418848
0.0 0.0 0.02 4277

1745418849
0.0 0.0 0.02 2038

1745418850
0.0 0.0 0.02 2559

1745418851
0.0 0.0 0.02 3280

1745418852
0.0 0.0 0.01 4091

1745418853
0.0 0.0 0.01 1989

1745418854
0.0 0.0 0.01 3226

1745418855
0.0 0.0 0.01 2831

1745418856
0.0 0.0 0.01 3383

1745418857
0.0 0.0 0.01 3373

1745418858
0.0 0.0 0.01 3888

1745418859
0.0 0.0 0.01 4350

1745418860
0.0 0.0 0.01 3085

1745418861
0.0 0.0 0.01 2174

1745418862
0.0 0.0 0.01 1810

1745418863
0.0 0.0 0.01 3423

1745418864
0.0 0.0 0.01 3292

1745418865
0.0 0.0 0.01 2974

1745418866
0.0 0.0 0.01 2276

1745418867
0.0 0.0 0.01 1915

1745418868
0.0 0.0 0.01 3824

1745418869
0.0 0.0 0.01 2800

1745418870
0.0 0.0 0.01 3280

1745418871
0.0 0.0 0.01 328

1745418872
0.0 0.0 0.01 287

1745418873
0.0 0.0 0.01 637

1745418874
0.0 0.0 0.01 246

1745418875
0.0 0.0 0.01 361

1745418876
0.0 0.0 0.01 475

1745418877
0.0 0.0 0.01 1476

1745418878
0.0 0.0 0.01 531

1745418879
0.0 0.0 0.01 1080

1745418880
0.0 0.0 0.01 462

1745418881
0.0 0.0 0.01 362

1745418882
0.0 0.0 0.01 234

1745418883
0.0 0.0 0.01 1401

1745418884
0.0 0.0 0.01 1143

1745418885
0.0 0.0 0.01 332

1745418886
0.0 0.0 0.01 246

1745418887
0.0 0.0 0.01 167

1745418888
0.0 0.0 0.01 1330

1745418889
0.0 0.0 0.01 217

1745418890
0.0 0.0 0.01 348

1745418891
0.0 0.0 0.01 315

1745418892
0.0 0.0 0.0 999

1745418893
0.0 0.0 0.0 109

1745418894
0.0 0.0 0.0 979

1745418895
0.0 0.0 0.0 138

1745418896
0.0 0.0 0.0 279

1745418897
0.0 0.0 0.0 324

1745418898
0.0 0.0 0.0 175

1745418899
0.0 0.0 0.0 1269

1745418900
0.0 0.0 0.0 220

1745418901
0.0 0.0 0.0 469

1745418902
0.0 0.0 0.0 167

1745418903
0.0 0.0 0.0 304

1745418904
0.0 0.0 0.0 905

1745418905
0.0 0.0 0.0 254

1745418906
0.0 0.0 0.0 97

1745418907
0.0 0.0 0.0 1209

1745418908
0.0 0.0 0.0 115

1745418909
0.0 0.0 0.0 307

1745418910
0.0 0.0 0.0 256

