1745521327
0.0 0.22 0.14 2348

1745521328
0.0 0.22 0.14 1014

1745521329
0.0 0.21 0.14 2518

1745521330
0.0 0.21 0.14 1519

1745521331
0.0 0.2 0.14 1690

1745521332
0.0 0.2 0.14 1408

1745521333
0.0 0.2 0.14 1496

1745521334
0.0 0.2 0.14 2526

1745521336
0.0 0.19 0.13 1763

1745521337
0.0 0.19 0.13 1321

1745521338
0.0 0.18 0.13 2189

1745521339
0.0 0.18 0.13 1110

1745521340
0.0 0.18 0.13 1363

1745521341
0.0 0.18 0.13 1730

1745521342
0.0 0.17 0.13 1239

1745521343
0.0 0.17 0.13 1525

1745521344
0.0 0.16 0.13 1229

1745521345
0.0 0.16 0.13 2653

1745521346
0.0 0.16 0.13 2563

1745521347
0.0 0.16 0.13 1780

1745521348
0.0 0.15 0.13 2417

1745521349
0.0 0.15 0.13 2807

1745521350
0.0 0.15 0.13 1330

1745521351
0.0 0.15 0.13 1911

1745521352
0.0 0.14 0.13 2566

1745521353
0.0 0.14 0.13 1790

1745521354
0.0 0.14 0.13 2149

1745521355
0.0 0.14 0.13 1663

1745521356
0.0 0.13 0.12 1567

1745521357
0.0 0.13 0.12 1453

1745521358
0.0 0.13 0.12 1856

1745521359
0.0 0.13 0.12 1712

1745521360
0.0 0.12 0.12 1378

1745521361
0.0 0.12 0.12 1416

1745521362
0.0 0.12 0.12 1782

1745521363
0.0 0.12 0.12 1654

1745521364
0.0 0.11 0.12 2845

1745521365
0.0 0.11 0.12 1656

1745521366
0.0 0.11 0.12 1691

1745521367
0.0 0.11 0.12 2360

1745521368
0.0 0.11 0.12 3126

1745521369
0.0 0.1 0.12 1944

1745521370
0.0 0.1 0.12 4557

1745521371
0.0 0.1 0.12 2244

1745521372
0.0 0.1 0.12 1559

1745521373
0.0 0.1 0.12 1781

1745521374
0.0 0.1 0.12 3677

1745521375
0.0 0.09 0.11 4555

1745521376
0.0 0.09 0.11 4783

1745521377
0.0 0.09 0.11 6232

1745521378
0.0 0.09 0.11 3236

1745521379
0.0 0.08 0.11 2917

1745521381
0.0 0.08 0.11 2279

1745521382
0.0 0.08 0.11 1966

1745521383
0.0 0.08 0.11 3296

1745521384
0.0 0.08 0.11 2878

1745521385
0.0 0.08 0.11 2227

1745521386
0.0 0.08 0.11 1712

1745521387
0.0 0.08 0.11 3378

1745521388
0.0 0.07 0.11 2953

1745521389
0.0 0.07 0.11 6967

1745521390
0.0 0.07 0.11 5482

1745521391
0.0 0.07 0.11 3734

1745521392
0.0 0.07 0.11 5852

1745521393
0.0 0.07 0.11 5861

1745521394
0.0 0.06 0.11 5817

1745521395
0.0 0.06 0.11 6217

1745521396
0.0 0.06 0.1 4672

1745521397
0.0 0.06 0.1 5168

1745521398
0.0 0.06 0.1 4291

1745521399
0.0 0.06 0.1 2330

1745521400
0.0 0.06 0.1 4229

1745521401
0.0 0.06 0.1 5108

1745521402
0.0 0.05 0.1 3751

1745521403
0.0 0.05 0.1 2405

1745521404
0.0 0.05 0.1 4228

1745521406
0.0 0.05 0.1 8668

1745521407
0.0 0.05 0.1 5481

1745521408
0.0 0.05 0.1 4591

1745521410
0.0 0.05 0.1 9923

1745521411
0.0 0.05 0.1 5908

1745521412
0.0 0.04 0.1 5475

1745521413
0.0 0.04 0.1 5530

1745521414
0.0 0.04 0.1 4785

1745521415
0.0 0.04 0.1 5209

1745521416
0.0 0.04 0.1 5764

1745521417
0.0 0.04 0.1 2940

1745521418
0.0 0.04 0.09 3762

1745521419
0.0 0.04 0.09 4248

1745521420
0.0 0.04 0.09 4013

1745521421
0.0 0.04 0.09 2864

1745521422
0.0 0.04 0.09 1570

1745521423
0.0 0.04 0.09 749

1745521424
0.0 0.03 0.09 1310

1745521425
0.0 0.03 0.09 1012

1745521426
0.0 0.03 0.09 1681

1745521427
0.0 0.03 0.09 1284

1745521428
0.0 0.03 0.09 1543

1745521429
0.0 0.03 0.09 1402

1745521430
0.0 0.03 0.09 878

1745521431
0.0 0.03 0.09 1145

1745521432
0.0 0.03 0.09 698

1745521433
0.0 0.03 0.09 1149

1745521434
0.0 0.03 0.09 902

1745521435
0.0 0.03 0.09 2768

1745521436
0.0 0.03 0.09 4195

1745521437
0.0 0.03 0.09 1080

1745521438
0.0 0.02 0.08 1151

1745521439
0.0 0.02 0.08 828

1745521440
0.0 0.02 0.08 1859

1745521441
0.0 0.02 0.08 4443

1745521442
0.0 0.02 0.08 1272

1745521443
0.0 0.02 0.08 885

1745521444
0.0 0.02 0.08 2383

1745521445
0.0 0.02 0.08 1123

1745521446
0.0 0.02 0.08 1558

1745521447
0.0 0.02 0.08 5053

1745521448
0.0 0.02 0.08 1187

1745521449
0.0 0.02 0.08 1579

1745521450
0.0 0.02 0.08 1969

1745521451
0.0 0.02 0.08 5825

1745521452
0.0 0.02 0.08 1486

1745521453
0.0 0.02 0.08 2094

1745521454
0.0 0.02 0.08 2589

1745521455
0.0 0.02 0.08 1257

1745521456
0.0 0.02 0.08 1891

1745521457
0.0 0.02 0.08 1162

1745521458
0.0 0.01 0.07 2092

1745521459
0.0 0.01 0.07 2058

1745521460
0.0 0.01 0.07 1864

1745521461
0.0 0.01 0.07 1874

1745521462
0.0 0.01 0.07 1816

1745521463
0.0 0.01 0.07 2398

1745521464
0.0 0.01 0.07 10679

1745521465
0.0 0.01 0.07 10350

1745521466
0.0 0.01 0.07 1175

1745521467
0.0 0.01 0.07 1278

1745521468
0.0 0.01 0.07 1814

1745521469
0.0 0.01 0.07 1362

1745521470
0.0 0.01 0.07 814

1745521471
0.0 0.01 0.07 725

1745521472
0.0 0.01 0.07 584

1745521473
0.0 0.01 0.07 505

1745521474
0.0 0.01 0.07 2084

1745521475
0.0 0.01 0.07 1156

1745521476
0.0 0.01 0.07 764

1745521477
0.0 0.01 0.07 1133

1745521478
0.0 0.01 0.07 965

1745521479
0.0 0.01 0.07 1097

1745521480
0.0 0.01 0.06 1433

1745521481
0.0 0.01 0.06 1229

1745521482
0.0 0.01 0.06 2236

1745521483
0.0 0.01 0.06 2407

1745521484
0.0 0.01 0.06 2034

1745521485
0.0 0.01 0.06 1296

1745521486
0.0 0.01 0.06 9592

1745521487
0.0 0.01 0.06 420

1745521488
0.0 0.0 0.06 2471

1745521489
0.0 0.0 0.06 1204

1745521490
0.0 0.0 0.06 2013

1745521491
0.0 0.0 0.06 2326

1745521492
0.0 0.0 0.06 2214

1745521493
0.0 0.0 0.06 1720

1745521494
0.0 0.0 0.06 1323

1745521495
0.0 0.0 0.06 1155

1745521496
0.0 0.0 0.06 1594

1745521497
0.0 0.0 0.06 365

1745521498
0.0 0.0 0.06 1022

1745521499
0.0 0.0 0.06 2065

1745521500
0.0 0.0 0.06 1120

1745521501
0.0 0.0 0.06 894

1745521502
0.0 0.0 0.06 1349

1745521503
0.0 0.0 0.06 1358

1745521504
0.0 0.0 0.06 860

1745521505
0.0 0.0 0.06 776

1745521506
0.0 0.0 0.06 2014

1745521507
0.0 0.0 0.06 1991

1745521508
0.0 0.0 0.06 809

1745521509
0.0 0.0 0.06 862

1745521510
0.0 0.0 0.06 1258

1745521511
0.0 0.0 0.06 1694

1745521512
0.0 0.0 0.06 2077

1745521513
0.0 0.0 0.06 1226

1745521514
0.0 0.0 0.06 1784

1745521515
0.0 0.0 0.06 2060

1745521516
0.0 0.0 0.06 3216

1745521517
0.0 0.0 0.06 644

1745521518
0.0 0.0 0.06 486

1745521519
0.0 0.0 0.06 928

1745521520
0.0 0.0 0.06 1245

1745521521
0.0 0.0 0.06 681

1745521522
0.0 0.0 0.05 1052

1745521523
0.0 0.0 0.05 651

1745521524
0.0 0.0 0.05 855

1745521525
0.0 0.0 0.05 1216

1745521526
0.0 0.0 0.05 947

1745521527
0.0 0.0 0.05 994

1745521528
0.0 0.0 0.05 1247

1745521529
0.0 0.0 0.05 1085

1745521530
0.0 0.0 0.05 1217

1745521531
0.0 0.0 0.05 1004

1745521532
0.0 0.0 0.05 1072

1745521533
0.0 0.0 0.05 1369

1745521534
0.0 0.0 0.05 1349

1745521535
0.0 0.0 0.05 976

1745521536
0.0 0.0 0.05 1172

1745521537
0.0 0.0 0.05 1092

1745521538
0.0 0.0 0.05 1433

1745521539
0.0 0.0 0.05 750

1745521540
0.0 0.0 0.05 1680

1745521541
0.0 0.0 0.05 1004

1745521542
0.0 0.0 0.05 690

1745521543
0.0 0.0 0.05 828

1745521544
0.0 0.0 0.05 895

1745521545
0.0 0.0 0.05 713

1745521546
0.0 0.0 0.05 1089

1745521547
0.0 0.0 0.05 845

1745521548
0.0 0.0 0.05 947

1745521549
0.0 0.0 0.05 891

1745521550
0.0 0.0 0.05 1083

1745521551
0.0 0.0 0.05 1114

1745521552
0.0 0.0 0.05 469

1745521553
0.0 0.0 0.05 1105

1745521554
0.0 0.0 0.05 1122

1745521555
0.0 0.0 0.05 856

1745521556
0.0 0.0 0.05 2030

1745521557
0.0 0.0 0.05 1056

1745521558
0.0 0.0 0.05 906

1745521559
0.0 0.0 0.05 666

1745521560
0.0 0.0 0.05 823

1745521561
0.0 0.0 0.05 605

1745521562
0.0 0.0 0.04 924

1745521563
0.0 0.0 0.04 637

1745521564
0.0 0.0 0.04 769

1745521565
0.0 0.0 0.04 646

1745521566
0.0 0.0 0.04 1324

1745521567
0.0 0.0 0.04 1202

1745521568
0.0 0.0 0.04 1057

1745521569
0.0 0.0 0.04 501

1745521570
0.0 0.0 0.04 860

1745521571
0.0 0.0 0.04 1067

1745521572
0.0 0.0 0.04 1162

1745521573
0.0 0.0 0.04 1031

1745521574
0.0 0.0 0.04 1330

1745521575
0.0 0.0 0.04 448

1745521576
0.0 0.0 0.04 1567

1745521577
0.0 0.0 0.04 258

1745521578
0.0 0.0 0.04 1781

1745521579
0.0 0.0 0.04 1129

1745521580
0.0 0.0 0.04 1962

1745521581
0.0 0.0 0.04 2361

1745521582
0.0 0.0 0.04 1470

1745521583
0.0 0.0 0.04 856

1745521584
0.0 0.0 0.04 955

1745521585
0.0 0.0 0.04 708

1745521586
0.0 0.0 0.04 987

1745521587
0.0 0.0 0.04 1002

1745521588
0.0 0.0 0.04 1250

1745521589
0.0 0.0 0.04 1467

1745521590
0.0 0.0 0.04 1158

1745521591
0.0 0.0 0.04 750

1745521592
0.0 0.0 0.04 1012

1745521593
0.0 0.0 0.04 1174

1745521594
0.0 0.0 0.04 679

1745521595
0.0 0.0 0.04 975

1745521596
0.0 0.0 0.04 686

1745521597
0.0 0.0 0.04 721

1745521598
0.0 0.0 0.04 425

1745521599
0.0 0.0 0.04 522

1745521600
0.0 0.0 0.04 681

1745521601
0.0 0.0 0.04 707

1745521602
0.0 0.0 0.04 1550

1745521603
0.0 0.0 0.04 744

1745521604
0.0 0.0 0.03 953

1745521605
0.0 0.0 0.03 772

1745521606
0.0 0.0 0.03 826

1745521607
0.0 0.0 0.03 610

1745521608
0.0 0.0 0.03 434

1745521609
0.0 0.0 0.03 789

1745521610
0.0 0.0 0.03 780

1745521611
0.0 0.0 0.03 1114

1745521612
0.0 0.0 0.03 1243

1745521613
0.0 0.0 0.03 511

1745521614
0.0 0.0 0.03 409

1745521615
0.0 0.0 0.03 1089

1745521616
0.0 0.0 0.03 1085

1745521617
0.0 0.0 0.03 865

1745521618
0.0 0.0 0.03 1766

1745521619
0.0 0.0 0.03 1788

1745521620
0.0 0.0 0.03 1056

1745521621
0.0 0.0 0.03 699

1745521622
0.0 0.0 0.03 1070

1745521623
0.0 0.0 0.03 982

1745521624
0.0 0.0 0.03 1162

1745521625
0.0 0.0 0.03 1120

1745521626
0.0 0.0 0.03 1128

1745521627
0.0 0.0 0.03 738

1745521628
0.0 0.0 0.03 875

1745521629
0.0 0.0 0.03 1343

1745521630
0.0 0.0 0.03 1293

1745521631
0.0 0.0 0.03 1547

1745521632
0.0 0.0 0.03 955

1745521633
0.0 0.0 0.03 354

1745521634
0.0 0.0 0.03 702

1745521635
0.0 0.0 0.03 968

1745521636
0.0 0.0 0.03 680

1745521637
0.0 0.0 0.03 566

1745521638
0.0 0.0 0.03 743

1745521639
0.0 0.0 0.03 475

1745521640
0.0 0.0 0.03 496

1745521641
0.0 0.0 0.03 778

1745521642
0.0 0.0 0.03 1252

1745521643
0.0 0.0 0.03 1033

1745521644
0.0 0.0 0.02 2251

1745521645
0.0 0.0 0.02 1059

1745521646
0.0 0.0 0.02 1210

1745521647
0.0 0.0 0.02 920

1745521648
0.0 0.0 0.02 1357

1745521649
0.0 0.0 0.02 855

1745521650
0.0 0.0 0.02 1954

1745521651
0.0 0.0 0.02 2183

1745521652
0.0 0.0 0.02 566

1745521653
0.0 0.0 0.02 1337

1745521654
0.0 0.0 0.02 1048

1745521655
0.0 0.0 0.02 1641

1745521656
0.0 0.0 0.02 2500

1745521657
0.0 0.0 0.02 1956

1745521658
0.0 0.0 0.02 2070

1745521659
0.0 0.0 0.02 1221

1745521660
0.0 0.0 0.02 1989

1745521661
0.0 0.0 0.02 7134

1745521662
0.0 0.0 0.02 7833

1745521663
0.0 0.0 0.02 5926

1745521664
0.0 0.0 0.02 5427

1745521665
0.0 0.0 0.02 3989

1745521666
0.0 0.0 0.02 9816

1745521667
0.0 0.0 0.02 9738

1745521668
0.0 0.0 0.02 5751

1745521669
0.0 0.0 0.02 6880

1745521670
0.0 0.0 0.02 7865

1745521671
0.0 0.0 0.02 7849

1745521672
0.0 0.0 0.02 651

1745521673
0.0 0.0 0.02 1070

1745521674
0.0 0.0 0.02 365

1745521675
0.0 0.0 0.02 49

1745521676
0.0 0.0 0.02 405

1745521677
0.0 0.0 0.02 222

1745521678
0.0 0.0 0.02 1202

1745521679
0.0 0.0 0.02 502

1745521680
0.0 0.0 0.02 600

1745521681
0.0 0.0 0.02 555

1745521682
0.0 0.0 0.02 339

1745521683
0.0 0.0 0.02 1006

1745521684
0.0 0.0 0.02 1032

1745521685
0.0 0.0 0.02 113

1745521686
0.0 0.0 0.01 470

1745521687
0.0 0.0 0.01 59

1745521688
0.0 0.0 0.01 410

1745521689
0.0 0.0 0.01 299

1745521690
0.0 0.0 0.01 495

1745521691
0.0 0.0 0.01 64

1745521692
0.0 0.0 0.01 345

1745521693
0.0 0.0 0.01 95

1745521694
0.0 0.0 0.01 392

1745521695
0.0 0.0 0.01 486

1745521696
0.0 0.0 0.01 1344

1745521697
0.0 0.0 0.01 1325

1745521698
0.0 0.0 0.01 240

1745521699
0.0 0.0 0.01 977

1745521700
0.0 0.0 0.01 129

1745521701
0.0 0.0 0.01 1160

1745521702
0.0 0.0 0.01 889

1745521703
0.0 0.0 0.01 188

1745521704
0.0 0.0 0.01 333

1745521705
0.0 0.0 0.01 96

1745521706
0.0 0.0 0.01 1260

1745521707
0.0 0.0 0.01 219

1745521708
0.0 0.0 0.01 295

1745521709
0.0 0.0 0.01 1010

1745521710
0.0 0.0 0.01 600

1745521711
0.0 0.0 0.01 795

1745521712
0.0 0.0 0.01 974

1745521714
0.0 0.0 0.01 516

