1745521327
0.0 0.0 0.14 490

1745521328
0.0 0.0 0.14 950

1745521329
0.0 0.0 0.14 384

1745521330
0.0 0.0 0.14 641

1745521331
0.0 0.0 0.14 780

1745521332
0.0 0.0 0.14 1020

1745521333
0.0 0.0 0.14 971

1745521334
0.0 0.0 0.14 1186

1745521336
0.0 0.0 0.14 933

1745521337
0.0 0.0 0.14 921

1745521338
0.0 0.0 0.14 645

1745521339
0.0 0.0 0.14 1003

1745521340
0.0 0.0 0.14 987

1745521341
0.0 0.0 0.14 790

1745521342
0.0 0.0 0.13 717

1745521343
0.0 0.0 0.13 1126

1745521344
0.0 0.0 0.13 2660

1745521345
0.0 0.0 0.13 1475

1745521346
0.0 0.0 0.13 703

1745521347
0.0 0.0 0.13 1071

1745521348
0.0 0.0 0.13 693

1745521349
0.0 0.0 0.13 2179

1745521350
0.0 0.0 0.13 2505

1745521351
0.0 0.0 0.13 1253

1745521352
0.0 0.0 0.13 1778

1745521353
0.0 0.0 0.13 643

1745521354
0.0 0.0 0.13 1087

1745521355
0.0 0.0 0.13 2046

1745521356
0.0 0.0 0.13 655

1745521357
0.0 0.0 0.13 1205

1745521358
0.0 0.0 0.13 553

1745521359
0.0 0.0 0.13 0

1745521360
0.0 0.0 0.13 274

1745521361
0.0 0.0 0.13 1096

1745521362
0.0 0.0 0.12 649

1745521363
0.0 0.0 0.12 1956

1745521364
0.0 0.0 0.12 2368

1745521365
0.0 0.0 0.12 622

1745521366
0.0 0.0 0.12 71

1745521367
0.0 0.0 0.12 3666

1745521368
0.0 0.0 0.12 574

1745521369
0.0 0.0 0.12 1968

1745521370
0.0 0.0 0.12 2312

1745521371
0.0 0.0 0.12 435

1745521372
0.0 0.0 0.12 308

1745521373
0.0 0.0 0.12 989

1745521374
0.0 0.0 0.12 3420

1745521375
0.0 0.0 0.12 2466

1745521376
0.0 0.0 0.12 4971

1745521377
0.0 0.0 0.12 5655

1745521378
0.0 0.0 0.12 2659

1745521379
0.0 0.0 0.12 1075

1745521381
0.0 0.0 0.12 427

1745521382
0.0 0.0 0.11 2029

1745521383
0.0 0.0 0.11 1142

1745521384
0.0 0.0 0.11 1175

1745521385
0.0 0.0 0.11 159

1745521386
0.0 0.0 0.11 551

1745521387
0.0 0.0 0.11 130

1745521388
0.0 0.0 0.11 3421

1745521389
0.0 0.0 0.11 6263

1745521390
0.0 0.0 0.11 6309

1745521391
0.0 0.0 0.11 5241

1745521392
0.18 0.03 0.12 23503

1745521393
0.18 0.03 0.12 23252

1745521394
0.51 0.09 0.13 28355

1745521395
0.51 0.09 0.13 17216

1745521396
0.78 0.15 0.14 34469

1745521397
0.78 0.15 0.14 38419

1745521398
1.0 0.22 0.16 15002

1745521399
1.0 0.22 0.16 1458

1745521400
0.82 0.21 0.15 3445

1745521401
0.82 0.21 0.15 65124

1745521402
1.39 0.33 0.18 23992

1745521403
1.14 0.32 0.18 1110

1745521404
1.14 0.32 0.18 21525

1745521406
1.29 0.38 0.19 47578

1745521407
1.29 0.38 0.19 43936

1745521408
1.6 0.46 0.21 34557

1745521410
2.22 0.61 0.24 108725

1745521411
2.22 0.61 0.24 60085

1745521412
2.9 0.79 0.28 61280

1745521413
2.9 0.79 0.28 63663

1745521414
3.46 0.96 0.32 56573

1745521415
3.46 0.96 0.32 54884

1745521416
3.56 1.06 0.35 42455

1745521417
3.56 1.06 0.35 18403

1745521418
3.09 1.05 0.35 4965

1745521419
3.09 1.05 0.35 58316

1745521420
3.8 1.25 0.4 191948

1745521421
3.8 1.25 0.4 201356

1745521422
8.91 2.25 0.62 517551

1745521423
8.91 2.25 0.62 565473

1745521424
17.62 4.05 1.0 596258

1745521425
17.62 4.05 1.0 476569

1745521426
24.03 5.65 1.36 570883

1745521427
24.03 5.65 1.36 567821

1745521428
29.64 7.26 1.72 522353

1745521429
29.64 7.26 1.72 168838

1745521430
29.88 8.04 1.92 462151

1745521431
29.88 8.04 1.92 348227

1745521432
31.9 9.12 2.19 528478

1745521433
31.9 9.12 2.19 460551

1745521434
35.72 10.55 2.54 679625

1745521435
35.72 10.55 2.54 315712

1745521436
34.86 11.22 2.73 312576

1745521437
34.86 11.22 2.73 374470

1745521438
33.8 11.8 2.91 10014

1745521439
33.8 11.8 2.91 0

1745521440
27.68 11.42 2.89 211

1745521441
27.68 11.42 2.89 4968

1745521442
22.66 11.04 2.87 26

1745521443
22.66 11.04 2.87 3

1745521444
18.92 10.75 2.87 45963

1745521445
18.92 10.75 2.87 215

1745521446
15.49 10.39 2.85 92

1745521447
15.49 10.39 2.85 32

1745521448
12.68 10.05 2.83 221

1745521449
12.68 10.05 2.83 165

1745521450
10.38 9.72 2.81 0

1745521451
10.38 9.72 2.81 1230

1745521452
8.5 9.41 2.79 5328

1745521453
8.5 9.41 2.79 123929

1745521454
8.59 9.39 2.83 61155

1745521455
8.59 9.39 2.83 0

1745521456
7.4 9.15 2.82 37871

1745521457
7.4 9.15 2.82 0

1745521458
6.06 8.85 2.81 1622

1745521459
6.06 8.85 2.81 79

1745521460
4.96 8.56 2.79 292

1745521461
4.96 8.56 2.79 0

1745521462
4.06 8.28 2.77 0

1745521463
4.06 8.28 2.77 0

1745521464
3.32 8.01 2.75 0

1745521465
3.32 8.01 2.75 5109

1745521466
2.72 7.75 2.73 5439

1745521467
2.72 7.75 2.73 0

1745521468
2.22 7.49 2.71 617

1745521469
2.22 7.49 2.71 82

1745521470
1.82 7.25 2.69 292

1745521471
1.82 7.25 2.69 6538

1745521472
1.49 7.01 2.67 0

1745521473
1.49 7.01 2.67 0

1745521474
1.22 6.78 2.65 0

1745521475
1.22 6.78 2.65 55

1745521476
1.0 6.56 2.63 0

1745521477
1.0 6.56 2.63 14268

1745521478
1.0 6.38 2.62 8145

1745521479
1.0 6.38 2.62 182

1745521480
0.81 6.17 2.61 0

1745521481
0.81 6.17 2.61 0

1745521482
0.67 5.96 2.59 0

1745521483
0.67 5.96 2.59 0

1745521484
0.54 5.77 2.57 0

1745521485
0.54 5.77 2.57 0

1745521486
0.44 5.58 2.55 13143

1745521487
0.44 5.58 2.55 0

1745521488
0.36 5.4 2.53 148

1745521489
0.36 5.4 2.53 0

1745521490
0.3 5.22 2.52 0

1745521491
0.3 5.22 2.52 0

1745521492
0.24 5.05 2.5 0

1745521493
0.24 5.05 2.5 0

1745521494
0.2 4.88 2.48 2284

1745521495
0.2 4.88 2.48 8069

1745521496
0.16 4.72 2.46 1152

1745521497
0.16 4.72 2.46 0

1745521498
0.13 4.57 2.45 213

1745521499
0.13 4.57 2.45 0

1745521500
0.11 4.42 2.43 0

1745521501
0.11 4.42 2.43 0

1745521502
0.09 4.27 2.41 0

1745521503
0.09 4.27 2.41 1039

1745521504
0.07 4.13 2.4 831

1745521505
0.07 4.13 2.4 0

1745521506
0.06 4.0 2.38 2701

1745521507
0.06 4.0 2.38 0

1745521508
0.04 3.87 2.36 1928

1745521509
0.04 3.87 2.36 908

1745521510
0.03 3.74 2.35 0

1745521511
0.03 3.74 2.35 0

1745521512
0.03 3.62 2.33 0

1745521513
0.03 3.62 2.33 267

1745521514
0.02 3.5 2.31 325

1745521515
0.02 3.5 2.31 0

1745521516
0.02 3.38 2.3 480

1745521517
0.02 3.38 2.3 0

1745521518
0.01 3.27 2.28 947

1745521519
0.01 3.27 2.28 0

1745521520
0.01 3.16 2.27 0

1745521521
0.01 3.16 2.27 0

1745521522
0.01 3.06 2.25 0

1745521523
0.01 3.06 2.25 2206

1745521524
0.0 2.96 2.23 0

1745521525
0.0 2.96 2.23 0

1745521526
0.0 2.86 2.22 0

1745521527
0.0 2.86 2.22 340

1745521528
0.0 2.77 2.2 0

1745521529
0.0 2.77 2.2 0

1745521530
0.0 2.68 2.19 0

1745521531
0.0 2.68 2.19 619

1745521532
0.0 2.59 2.17 0

1745521533
0.0 2.59 2.17 0

1745521534
0.0 2.51 2.16 359

1745521535
0.0 2.51 2.16 0

1745521536
0.0 2.42 2.14 0

1745521537
0.0 2.42 2.14 0

1745521538
0.0 2.34 2.13 217

1745521539
0.0 2.34 2.13 1

1745521540
0.0 2.27 2.11 0

1745521541
0.0 2.27 2.11 0

1745521542
0.0 2.19 2.1 1012

1745521543
0.0 2.19 2.1 0

1745521544
0.0 2.12 2.08 154

1745521545
0.0 2.12 2.08 277

1745521546
0.0 2.05 2.07 0

1745521547
0.0 2.05 2.07 1183

1745521548
0.0 1.98 2.05 0

1745521549
0.0 1.98 2.05 584

1745521550
0.0 1.92 2.04 0

1745521551
0.0 1.92 2.04 375

1745521552
0.0 1.85 2.03 0

1745521553
0.0 1.85 2.03 169

1745521554
0.0 1.79 2.01 1448

1745521555
0.0 1.79 2.01 414

1745521556
0.0 1.73 2.0 282

1745521557
0.0 1.73 2.0 0

1745521558
0.0 1.68 1.98 225

1745521559
0.0 1.68 1.98 0

1745521560
0.0 1.62 1.97 79

1745521561
0.0 1.62 1.97 0

1745521562
0.0 1.57 1.96 0

1745521563
0.0 1.57 1.96 309

1745521564
0.0 1.52 1.94 0

1745521565
0.0 1.52 1.94 663

1745521566
0.0 1.47 1.93 3318

1745521567
0.0 1.47 1.93 0

1745521568
0.0 1.42 1.91 0

1745521569
0.0 1.42 1.91 509

1745521570
0.0 1.37 1.9 0

1745521571
0.0 1.37 1.9 0

1745521572
0.0 1.33 1.89 0

1745521573
0.0 1.33 1.89 0

1745521574
0.0 1.28 1.88 0

1745521575
0.0 1.28 1.88 222

1745521576
0.0 1.24 1.86 0

1745521577
0.0 1.24 1.86 0

1745521578
0.0 1.2 1.85 90

1745521579
0.0 1.2 1.85 0

1745521580
0.0 1.16 1.84 1367

1745521581
0.0 1.16 1.84 0

1745521582
0.0 1.12 1.82 0

1745521583
0.0 1.12 1.82 0

1745521584
0.0 1.08 1.81 117

1745521585
0.0 1.08 1.81 26

1745521586
0.0 1.05 1.8 67

1745521587
0.0 1.05 1.8 383

1745521588
0.0 1.01 1.79 212

1745521589
0.0 1.01 1.79 413

1745521590
0.0 0.98 1.77 135

1745521591
0.0 0.98 1.77 328

1745521592
0.0 0.95 1.76 0

1745521593
0.0 0.95 1.76 0

1745521594
0.0 0.92 1.75 0

1745521595
0.0 0.92 1.75 280

1745521596
0.0 0.89 1.74 363

1745521597
0.0 0.89 1.74 142

1745521598
0.0 0.86 1.72 114

1745521599
0.0 0.86 1.72 0

1745521600
0.0 0.83 1.71 0

1745521601
0.0 0.83 1.71 943

1745521602
0.0 0.8 1.7 67

1745521603
0.0 0.8 1.7 0

1745521604
0.0 0.77 1.69 0

1745521605
0.0 0.77 1.69 0

1745521606
0.0 0.75 1.68 319

1745521607
0.0 0.75 1.68 329

1745521608
0.0 0.72 1.66 0

1745521609
0.0 0.72 1.66 0

1745521610
0.0 0.7 1.65 0

1745521611
0.0 0.7 1.65 0

1745521612
0.0 0.68 1.64 0

1745521613
0.0 0.68 1.64 164

1745521614
0.0 0.65 1.63 0

1745521615
0.0 0.65 1.63 0

1745521616
0.0 0.63 1.62 254

1745521617
0.0 0.63 1.62 0

1745521618
0.0 0.61 1.61 0

1745521619
0.0 0.61 1.61 1582

1745521620
0.0 0.59 1.6 328

1745521621
0.0 0.59 1.6 0

1745521622
0.0 0.57 1.58 697

1745521623
0.0 0.57 1.58 0

1745521624
0.0 0.55 1.57 0

1745521625
0.0 0.55 1.57 0

1745521626
0.0 0.53 1.56 0

1745521627
0.0 0.53 1.56 137

1745521628
0.0 0.52 1.55 0

1745521629
0.0 0.52 1.55 394

1745521630
0.0 0.5 1.54 0

1745521631
0.0 0.5 1.54 0

1745521632
0.0 0.48 1.53 0

1745521633
0.0 0.48 1.53 0

1745521634
0.0 0.47 1.52 365

1745521635
0.0 0.47 1.52 0

1745521636
0.0 0.45 1.51 0

1745521637
0.0 0.45 1.51 1257

1745521638
0.0 0.43 1.5 0

1745521639
0.0 0.43 1.5 0

1745521640
0.0 0.42 1.49 198

1745521641
0.0 0.42 1.49 0

1745521642
0.0 0.41 1.48 0

1745521643
0.0 0.41 1.48 0

1745521644
0.0 0.39 1.47 0

1745521645
0.0 0.39 1.47 85

1745521646
0.0 0.38 1.46 0

1745521647
0.0 0.38 1.46 0

1745521648
0.0 0.37 1.45 0

1745521649
0.0 0.37 1.45 0

1745521650
0.0 0.35 1.44 0

1745521651
0.0 0.35 1.44 0

1745521652
0.0 0.34 1.43 0

1745521653
0.0 0.34 1.43 670

1745521654
0.0 0.33 1.41 0

1745521655
0.0 0.33 1.41 145

1745521656
0.0 0.32 1.41 0

1745521657
0.0 0.32 1.41 0

1745521658
0.0 0.31 1.4 0

1745521659
0.0 0.31 1.4 368

1745521660
0.0 0.3 1.39 20

1745521661
0.0 0.3 1.39 126

1745521662
0.0 0.29 1.38 0

1745521663
0.0 0.29 1.38 0

1745521664
0.0 0.28 1.37 0

1745521665
0.0 0.28 1.37 181

1745521666
0.0 0.27 1.36 0

1745521667
0.0 0.27 1.36 72

1745521668
0.0 0.26 1.35 396

1745521669
0.0 0.26 1.35 0

1745521670
0.0 0.25 1.34 0

1745521671
0.0 0.25 1.34 95

1745521672
0.0 0.24 1.33 0

1745521673
0.0 0.24 1.33 0

1745521674
0.0 0.23 1.32 0

1745521675
0.0 0.23 1.32 0

1745521676
0.0 0.23 1.31 0

1745521677
0.0 0.23 1.31 63

1745521678
0.0 0.22 1.3 0

1745521679
0.0 0.22 1.3 0

1745521680
0.0 0.21 1.29 0

1745521681
0.0 0.21 1.29 0

1745521682
0.0 0.2 1.28 251

1745521683
0.0 0.2 1.28 1

1745521684
0.0 0.2 1.27 111

1745521685
0.0 0.2 1.27 123

1745521686
0.0 0.19 1.26 0

1745521687
0.0 0.19 1.26 0

1745521688
0.0 0.18 1.25 0

1745521689
0.0 0.18 1.25 0

1745521690
0.0 0.18 1.25 245

1745521691
0.0 0.18 1.25 0

1745521692
0.0 0.17 1.24 0

1745521693
0.0 0.17 1.24 0

1745521694
0.0 0.16 1.23 0

1745521695
0.0 0.16 1.23 65

1745521696
0.0 0.16 1.22 0

1745521697
0.0 0.16 1.22 0

1745521698
0.0 0.15 1.21 129

1745521699
0.0 0.15 1.21 23

1745521700
0.0 0.15 1.2 0

1745521701
0.0 0.15 1.2 0

1745521702
0.0 0.14 1.19 0

1745521703
0.0 0.14 1.19 0

1745521704
0.0 0.14 1.19 101

1745521705
0.0 0.14 1.19 0

1745521706
0.0 0.13 1.18 0

1745521707
0.0 0.13 1.18 0

1745521708
0.0 0.13 1.17 0

1745521709
0.0 0.13 1.17 0

1745521710
0.0 0.12 1.16 3449

1745521711
0.0 0.12 1.16 1436

1745521712
0.0 0.12 1.15 78

1745521714
0.0 0.11 1.14 69

