1-init start: 2024-12-20T18:11:28-08:00
fatal: destination path 'poky' already exists and is not an empty directory.
fatal: a branch named 'scarthgap' already exists
error: cherry-pick is already in progress
hint: try "git cherry-pick (--continue | --skip | --abort | --quit)"
fatal: cherry-pick failed
The previous cherry-pick is now empty, possibly due to conflict resolution.
If you wish to commit it anyway, use:

    git commit --allow-empty

Otherwise, please use 'git cherry-pick --skip'
On branch scarthgap
Cherry-pick currently in progress.
  (run "git cherry-pick --continue" to continue)
  (use "git cherry-pick --skip" to skip this patch)
  (use "git cherry-pick --abort" to cancel the cherry-pick operation)

Changes not staged for commit:
  (use "git add <file>..." to update what will be committed)
  (use "git restore <file>..." to discard changes in working directory)
	modified:   meta/recipes-graphics/xorg-lib/libxt_1.3.0.bb

no changes added to commit (use "git add" and/or "git commit -a")
fatal: destination path 'meta-qt5' already exists and is not an empty directory.
fatal: a branch named 'scarthgap' already exists
fatal: destination path 'meta-browser' already exists and is not an empty directory.
fatal: a branch named 'scarthgap' already exists
fatal: destination path 'meta-openembedded' already exists and is not an empty directory.
fatal: a branch named 'scarthgap' already exists
fatal: destination path 'meta-clang' already exists and is not an empty directory.
fatal: a branch named 'scarthgap' already exists
fatal: destination path 'meta-python2' already exists and is not an empty directory.
fatal: a branch named 'scarthgap' already exists
This is the default build configuration for the Poky reference distribution.

### Shell environment set up for builds. ###

You can now run 'bitbake <target>'

Common targets are:
    core-image-minimal
    core-image-full-cmdline
    core-image-sato
    core-image-weston
    meta-toolchain
    meta-ide-support

You can also run generated qemu images with a command like 'runqemu qemux86-64'.

Other commonly useful commands are:
 - 'devtool' and 'recipetool' handle common recipe tasks
 - 'bitbake-layers' handles common layer tasks
 - 'oe-pkgdata-util' handles common target package tasks
0.02user 0.02system 0:00.04elapsed 106%CPU (0avgtext+0avgdata 22640maxresident)k
296inputs+2880outputs (1major+8237minor)pagefaults 0swaps
1-init stop:  2024-12-20T18:11:28-08:00
