1745521327
/dev/nvme3n1p1: 1386728574976
none: 66637824

1745521329
/dev/nvme3n1p1: 1386733129728
none: 66637824

1745521331
/dev/nvme3n1p1: 1386760294400
none: 66637824

1745521333
/dev/nvme3n1p1: 1386767126528
none: 66637824

1745521334
/dev/nvme3n1p1: 1386773643264
none: 66637824

1745521335
/dev/nvme3n1p1: 1386782556160
none: 66637824

1745521337
/dev/nvme3n1p1: 1386818818048
none: 66637824

1745521338
/dev/nvme3n1p1: 1386842370048
none: 66637824

1745521340
/dev/nvme3n1p1: 1386850680832
none: 66637824

1745521342
/dev/nvme3n1p1: 1386855284736
none: 66637824

1745521343
/dev/nvme3n1p1: 1386857377792
none: 66637824

1745521345
/dev/nvme3n1p1: 1386860949504
none: 66301952

1745521346
/dev/nvme3n1p1: 1386868957184
none: 66301952

1745521347
/dev/nvme3n1p1: 1386870607872
none: 66301952

1745521349
/dev/nvme3n1p1: 1386980847616
none: 66301952

1745521350
/dev/nvme3n1p1: 1387007029248
none: 66301952

1745521351
/dev/nvme3n1p1: 1387009880064
none: 66301952

1745521352
/dev/nvme3n1p1: 1387012767744
none: 66301952

1745521354
/dev/nvme3n1p1: 1387017850880
none: 66301952

1745521355
/dev/nvme3n1p1: 1387020099584
none: 66301952

1745521357
/dev/nvme3n1p1: 1387054903296
none: 66301952

1745521359
/dev/nvme3n1p1: 1387070062592
none: 66301952

1745521360
/dev/nvme3n1p1: 1387071930368
none: 66301952

1745521362
/dev/nvme3n1p1: 1387079675904
none: 66301952

1745521363
/dev/nvme3n1p1: 1387088703488
none: 66301952

1745521365
/dev/nvme3n1p1: 1387252899840
none: 66301952

1745521366
/dev/nvme3n1p1: 1387254947840
none: 66301952

1745521368
/dev/nvme3n1p1: 1387314253824
none: 66301952

1745521370
/dev/nvme3n1p1: 1387484717056
none: 66301952

1745521372
/dev/nvme3n1p1: 1387682045952
none: 66301952

1745521374
/dev/nvme3n1p1: 1387876605952
none: 66301952

1745521375
/dev/nvme3n1p1: 1388278431744
none: 66301952

1745521377
/dev/nvme3n1p1: 1389098180608
none: 66301952

1745521379
/dev/nvme3n1p1: 1389543632896
none: 66301952

1745521380
/dev/nvme3n1p1: 1389549694976
none: 66301952

1745521381
/dev/nvme3n1p1: 1389562925056
none: 66301952

1745521383
/dev/nvme3n1p1: 1389693796352
none: 66301952

1745521385
/dev/nvme3n1p1: 1389779181568
none: 66301952

1745521386
/dev/nvme3n1p1: 1389786312704
none: 66301952

1745521388
/dev/nvme3n1p1: 1390033465344
none: 66301952

1745521390
/dev/nvme3n1p1: 1390957633536
none: 66301952

1745521392
/dev/nvme3n1p1: 1391828385792
none: 66301952

1745521393
/dev/nvme3n1p1: 1392279990272
none: 66301952

1745521395
/dev/nvme3n1p1: 1393208991744
none: 66301952

1745521397
/dev/nvme3n1p1: 1394068508672
none: 66301952

1745521398
/dev/nvme3n1p1: 1394526715904
none: 66301952

1745521399
/dev/nvme3n1p1: 1394942873600
none: 66301952

1745521401
/dev/nvme3n1p1: 1395800199168
none: 66301952

1745521402
/dev/nvme3n1p1: 1396258656256
none: 66301952

1745521403
/dev/nvme3n1p1: 1396581486592
none: 66301952

1745521404
/dev/nvme3n1p1: 1396759072768
none: 66301952

1745521406
/dev/nvme3n1p1: 1397698215936
none: 66301952

1745521407
/dev/nvme3n1p1: 1398169415680
none: 66301952

1745521408
/dev/nvme3n1p1: 1398722621440
none: 66301952

1745521410
/dev/nvme3n1p1: 1399617163264
none: 66301952

1745521411
/dev/nvme3n1p1: 1400090263552
none: 66301952

1745521412
/dev/nvme3n1p1: 1400572456960
none: 66301952

1745521413
/dev/nvme3n1p1: 1401063997440
none: 66301952

1745521414
/dev/nvme3n1p1: 1401550716928
none: 66301952

1745521415
/dev/nvme3n1p1: 1402043580416
none: 66301952

1745521416
/dev/nvme3n1p1: 1402502848512
none: 66301952

1745521417
/dev/nvme3n1p1: 1402892341248
none: 66301952

1745521418
/dev/nvme3n1p1: 1403280945152
none: 66301952

1745521419
/dev/nvme3n1p1: 1403637702656
none: 66301952

1745521420
/dev/nvme3n1p1: 1403967418368
none: 66301952

1745521421
/dev/nvme3n1p1: 1403981787136
none: 66301952

1745521422
/dev/nvme3n1p1: 1403981791232
none: 66301952

1745521423
/dev/nvme3n1p1: 1403981795328
none: 66301952

1745521424
/dev/nvme3n1p1: 1403981799424
none: 66301952

1745521425
/dev/nvme3n1p1: 1403982098432
none: 66301952

1745521426
/dev/nvme3n1p1: 1403982712832
none: 66301952

1745521427
/dev/nvme3n1p1: 1403983736832
none: 66301952

1745521428
/dev/nvme3n1p1: 1403985321984
none: 66301952

1745521429
/dev/nvme3n1p1: 1403988074496
none: 66301952

1745521430
/dev/nvme3n1p1: 1403991810048
none: 66301952

1745521431
/dev/nvme3n1p1: 1403997622272
none: 66301952

1745521432
/dev/nvme3n1p1: 1404006551552
none: 66301952

1745521433
/dev/nvme3n1p1: 1404018610176
none: 66301952

1745521434
/dev/nvme3n1p1: 1404029599744
none: 66301952

1745521435
/dev/nvme3n1p1: 1404037050368
none: 66301952

1745521436
/dev/nvme3n1p1: 1404037242880
none: 66301952

1745521437
/dev/nvme3n1p1: 1404042670080
none: 66301952

1745521438
/dev/nvme3n1p1: 1404048064512
none: 66301952

1745521439
/dev/nvme3n1p1: 1404053401600
none: 66301952

1745521440
/dev/nvme3n1p1: 1404067209216
none: 66301952

1745521441
/dev/nvme3n1p1: 1404076904448
none: 66301952

1745521442
/dev/nvme3n1p1: 1404083802112
none: 66301952

1745521443
/dev/nvme3n1p1: 1404084150272
none: 66301952

1745521444
/dev/nvme3n1p1: 1404091117568
none: 66301952

1745521445
/dev/nvme3n1p1: 1404103696384
none: 66301952

1745521446
/dev/nvme3n1p1: 1404115226624
none: 66301952

1745521447
/dev/nvme3n1p1: 1404121513984
none: 66301952

1745521448
/dev/nvme3n1p1: 1404130590720
none: 66301952

1745521449
/dev/nvme3n1p1: 1404150673408
none: 66301952

1745521450
/dev/nvme3n1p1: 1404167000064
none: 66301952

1745521451
/dev/nvme3n1p1: 1404178280448
none: 66301952

1745521452
/dev/nvme3n1p1: 1404189724672
none: 66301952

1745521453
/dev/nvme3n1p1: 1404207341568
none: 66301952

1745521454
/dev/nvme3n1p1: 1404226723840
none: 66301952

1745521455
/dev/nvme3n1p1: 1404239343616
none: 66301952

1745521456
/dev/nvme3n1p1: 1404254707712
none: 66301952

1745521457
/dev/nvme3n1p1: 1404266586112
none: 66301952

1745521458
/dev/nvme3n1p1: 1404313104384
none: 66301952

1745521459
/dev/nvme3n1p1: 1404325322752
none: 66301952

1745521460
/dev/nvme3n1p1: 1404337278976
none: 66301952

1745521461
/dev/nvme3n1p1: 1404349214720
none: 66301952

1745521462
/dev/nvme3n1p1: 1404361093120
none: 66301952

1745521463
/dev/nvme3n1p1: 1404372910080
none: 66301952

1745521464
/dev/nvme3n1p1: 1404377325568
none: 66301952

1745521465
/dev/nvme3n1p1: 1404387631104
none: 66301952

1745521466
/dev/nvme3n1p1: 1404393762816
none: 66301952

1745521467
/dev/nvme3n1p1: 1404406382592
none: 66301952

1745521468
/dev/nvme3n1p1: 1404410195968
none: 66301952

1745521469
/dev/nvme3n1p1: 1404414726144
none: 66301952

1745521470
/dev/nvme3n1p1: 1404424073216
none: 66301952

1745521471
/dev/nvme3n1p1: 1404430802944
none: 66301952

1745521472
/dev/nvme3n1p1: 1404434833408
none: 66301952

1745521473
/dev/nvme3n1p1: 1404441722880
none: 66301952

1745521474
/dev/nvme3n1p1: 1404460032000
none: 66301952

1745521475
/dev/nvme3n1p1: 1404479320064
none: 66301952

1745521476
/dev/nvme3n1p1: 1404497571840
none: 66301952

1745521477
/dev/nvme3n1p1: 1404510580736
none: 66301952

1745521478
/dev/nvme3n1p1: 1404523991040
none: 66301952

1745521479
/dev/nvme3n1p1: 1404535984128
none: 66301952

1745521480
/dev/nvme3n1p1: 1404547928064
none: 66301952

1745521481
/dev/nvme3n1p1: 1404559867904
none: 66301952

1745521482
/dev/nvme3n1p1: 1404571803648
none: 66301952

1745521483
/dev/nvme3n1p1: 1404583739392
none: 66301952

1745521484
/dev/nvme3n1p1: 1404595666944
none: 66301952

1745521485
/dev/nvme3n1p1: 1404606717952
none: 66301952

1745521486
/dev/nvme3n1p1: 1404613763072
none: 66301952

1745521487
/dev/nvme3n1p1: 1404620738560
none: 66301952

1745521488
/dev/nvme3n1p1: 1404632682496
none: 66301952

1745521489
/dev/nvme3n1p1: 1404644593664
none: 66301952

1745521490
/dev/nvme3n1p1: 1404656537600
none: 66301952

1745521491
/dev/nvme3n1p1: 1404668469248
none: 66301952

1745521492
/dev/nvme3n1p1: 1404680413184
none: 66301952

1745521493
/dev/nvme3n1p1: 1404692365312
none: 66301952

1745521494
/dev/nvme3n1p1: 1404704309248
none: 66301952

1745521495
/dev/nvme3n1p1: 1404709380096
none: 66301952

1745521496
/dev/nvme3n1p1: 1404716638208
none: 66301952

1745521497
/dev/nvme3n1p1: 1404721295360
none: 66301952

1745521498
/dev/nvme3n1p1: 1404733534208
none: 66301952

1745521499
/dev/nvme3n1p1: 1404745461760
none: 66301952

1745521500
/dev/nvme3n1p1: 1404757401600
none: 66301952

1745521501
/dev/nvme3n1p1: 1404769349632
none: 66301952

1745521502
/dev/nvme3n1p1: 1404781170688
none: 66301952

1745521503
/dev/nvme3n1p1: 1404785754112
none: 66301952

1745521504
/dev/nvme3n1p1: 1404796424192
none: 66301952

1745521505
/dev/nvme3n1p1: 1404808237056
none: 66301952

1745521506
/dev/nvme3n1p1: 1404820262912
none: 66301952

1745521507
/dev/nvme3n1p1: 1404830334976
none: 66301952

1745521508
/dev/nvme3n1p1: 1404834508800
none: 66301952

1745521509
/dev/nvme3n1p1: 1404841127936
none: 66301952

1745521510
/dev/nvme3n1p1: 1404853391360
none: 66301952

1745521511
/dev/nvme3n1p1: 1404865323008
none: 66301952

1745521512
/dev/nvme3n1p1: 1404877250560
none: 66301952

1745521513
/dev/nvme3n1p1: 1404886605824
none: 66301952

1745521514
/dev/nvme3n1p1: 1404899344384
none: 66301952

1745521515
/dev/nvme3n1p1: 1404909436928
none: 66301952

1745521516
/dev/nvme3n1p1: 1404914171904
none: 66301952

1745521517
/dev/nvme3n1p1: 1404918550528
none: 66301952

1745521518
/dev/nvme3n1p1: 1404923498496
none: 66301952

1745521519
/dev/nvme3n1p1: 1404929318912
none: 66301952

1745521520
/dev/nvme3n1p1: 1404934762496
none: 66301952

1745521521
/dev/nvme3n1p1: 1404940111872
none: 66301952

1745521522
/dev/nvme3n1p1: 1404946075648
none: 66301952

1745521523
/dev/nvme3n1p1: 1404952485888
none: 66301952

1745521524
/dev/nvme3n1p1: 1404959703040
none: 66301952

1745521525
/dev/nvme3n1p1: 1404967477248
none: 66301952

1745521526
/dev/nvme3n1p1: 1404976050176
none: 66301952

1745521527
/dev/nvme3n1p1: 1404985069568
none: 66301952

1745521528
/dev/nvme3n1p1: 1404994891776
none: 66301952

1745521529
/dev/nvme3n1p1: 1405003796480
none: 66301952

1745521530
/dev/nvme3n1p1: 1405012672512
none: 66301952

1745521531
/dev/nvme3n1p1: 1405022150656
none: 66301952

1745521532
/dev/nvme3n1p1: 1405032095744
none: 66301952

1745521533
/dev/nvme3n1p1: 1405042532352
none: 66301952

1745521534
/dev/nvme3n1p1: 1405053329408
none: 66301952

1745521535
/dev/nvme3n1p1: 1405064728576
none: 66764800

1745521536
/dev/nvme3n1p1: 1405076918272
none: 66764800

1745521537
/dev/nvme3n1p1: 1405089566720
none: 66764800

1745521538
/dev/nvme3n1p1: 1405097639936
none: 66764800

1745521539
/dev/nvme3n1p1: 1405104156672
none: 66764800

1745521540
/dev/nvme3n1p1: 1405111881728
none: 66764800

1745521541
/dev/nvme3n1p1: 1405119909888
none: 66764800

1745521542
/dev/nvme3n1p1: 1405129097216
none: 66764800

1745521543
/dev/nvme3n1p1: 1405138903040
none: 67260416

1745521544
/dev/nvme3n1p1: 1405146513408
none: 67260416

1745521545
/dev/nvme3n1p1: 1405154488320
none: 67260416

1745521546
/dev/nvme3n1p1: 1405163880448
none: 67260416

1745521547
/dev/nvme3n1p1: 1405169516544
none: 67543040

1745521548
/dev/nvme3n1p1: 1405175128064
none: 67543040

1745521549
/dev/nvme3n1p1: 1405181251584
none: 67543040

1745521550
/dev/nvme3n1p1: 1405188075520
none: 67543040

1745521551
/dev/nvme3n1p1: 1405195694080
none: 67543040

1745521552
/dev/nvme3n1p1: 1405204017152
none: 67543040

1745521553
/dev/nvme3n1p1: 1405213093888
none: 67543040

1745521554
/dev/nvme3n1p1: 1405222715392
none: 67543040

1745521555
/dev/nvme3n1p1: 1405230546944
none: 67543040

1745521556
/dev/nvme3n1p1: 1405239402496
none: 67543040

1745521557
/dev/nvme3n1p1: 1405249024000
none: 67543040

1745521558
/dev/nvme3n1p1: 1405258924032
none: 67543040

1745521559
/dev/nvme3n1p1: 1405268983808
none: 67543040

1745521560
/dev/nvme3n1p1: 1405279916032
none: 67543040

1745521561
/dev/nvme3n1p1: 1405290504192
none: 68894720

1745521562
/dev/nvme3n1p1: 1405298454528
none: 68894720

1745521563
/dev/nvme3n1p1: 1405303951360
none: 68894720

1745521564
/dev/nvme3n1p1: 1405309620224
none: 68894720

1745521565
/dev/nvme3n1p1: 1405316075520
none: 70324224

1745521566
/dev/nvme3n1p1: 1405322117120
none: 70324224

1745521567
/dev/nvme3n1p1: 1405325889536
none: 70324224

1745521568
/dev/nvme3n1p1: 1405330472960
none: 70324224

1745521569
/dev/nvme3n1p1: 1405335736320
none: 70324224

1745521570
/dev/nvme3n1p1: 1405341663232
none: 70324224

1745521571
/dev/nvme3n1p1: 1405348364288
none: 73457664

1745521572
/dev/nvme3n1p1: 1405355778048
none: 73457664

1745521573
/dev/nvme3n1p1: 1405363806208
none: 73457664

1745521574
/dev/nvme3n1p1: 1405372592128
none: 73457664

1745521575
/dev/nvme3n1p1: 1405382086656
none: 73457664

1745521576
/dev/nvme3n1p1: 1405392306176
none: 73457664

1745521577
/dev/nvme3n1p1: 1405401632768
none: 73457664

1745521578
/dev/nvme3n1p1: 1405414764544
none: 73457664

1745521579
/dev/nvme3n1p1: 1405426843648
none: 73457664

1745521580
/dev/nvme3n1p1: 1405438902272
none: 73457664

1745521581
/dev/nvme3n1p1: 1405450977280
none: 74944512

1745521582
/dev/nvme3n1p1: 1405463076864
none: 74944512

1745521583
/dev/nvme3n1p1: 1405474881536
none: 74944512

1745521584
/dev/nvme3n1p1: 1405486485504
none: 74944512

1745521585
/dev/nvme3n1p1: 1405496053760
none: 74944512

1745521586
/dev/nvme3n1p1: 1405506289664
none: 74944512

1745521587
/dev/nvme3n1p1: 1405516939264
none: 74944512

1745521588
/dev/nvme3n1p1: 1405528375296
none: 81211392

1745521589
/dev/nvme3n1p1: 1405536849920
none: 81211392

1745521590
/dev/nvme3n1p1: 1405543358464
none: 81211392

1745521591
/dev/nvme3n1p1: 1405550428160
none: 81211392

1745521592
/dev/nvme3n1p1: 1405558267904
none: 81211392

1745521593
/dev/nvme3n1p1: 1405566074880
none: 81211392

1745521594
/dev/nvme3n1p1: 1405570883584
none: 82845696

1745521595
/dev/nvme3n1p1: 1405576167424
none: 82845696

1745521596
/dev/nvme3n1p1: 1405582131200
none: 82845696

1745521597
/dev/nvme3n1p1: 1405587316736
none: 82845696

1745521598
/dev/nvme3n1p1: 1405593014272
none: 82845696

1745521599
/dev/nvme3n1p1: 1405599256576
none: 82845696

1745521600
/dev/nvme3n1p1: 1405606047744
none: 82845696

1745521601
/dev/nvme3n1p1: 1405613531136
none: 82845696

1745521602
/dev/nvme3n1p1: 1405618798592
none: 82845696

1745521603
/dev/nvme3n1p1: 1405623328768
none: 82845696

1745521604
/dev/nvme3n1p1: 1405628555264
none: 82845696

1745521605
/dev/nvme3n1p1: 1405634519040
none: 82845696

1745521606
/dev/nvme3n1p1: 1405641097216
none: 82845696

1745521607
/dev/nvme3n1p1: 1405648097280
none: 82845696

1745521608
/dev/nvme3n1p1: 1405656039424
none: 82845696

1745521609
/dev/nvme3n1p1: 1405664747520
none: 82845696

1745521610
/dev/nvme3n1p1: 1405674127360
none: 82845696

1745521611
/dev/nvme3n1p1: 1405684211712
none: 82845696

1745521612
/dev/nvme3n1p1: 1405694906368
none: 82845696

1745521613
/dev/nvme3n1p1: 1405706092544
none: 82845696

1745521614
/dev/nvme3n1p1: 1405718233088
none: 82845696

1745521615
/dev/nvme3n1p1: 1405730938880
none: 82845696

1745521616
/dev/nvme3n1p1: 1405743460352
none: 82845696

1745521617
/dev/nvme3n1p1: 1405755551744
none: 82845696

1745521618
/dev/nvme3n1p1: 1405767643136
none: 82845696

1745521619
/dev/nvme3n1p1: 1405775400960
none: 82845696

1745521620
/dev/nvme3n1p1: 1405781078016
none: 82845696

1745521621
/dev/nvme3n1p1: 1405787365376
none: 82845696

1745521622
/dev/nvme3n1p1: 1405794410496
none: 82845696

1745521623
/dev/nvme3n1p1: 1405802029056
none: 82845696

1745521624
/dev/nvme3n1p1: 1405810384896
none: 82845696

1745521625
/dev/nvme3n1p1: 1405819228160
none: 82845696

1745521626
/dev/nvme3n1p1: 1405828919296
none: 82845696

1745521627
/dev/nvme3n1p1: 1405839454208
none: 82845696

1745521628
/dev/nvme3n1p1: 1405850595328
none: 82845696

1745521629
/dev/nvme3n1p1: 1405862514688
none: 82845696

1745521630
/dev/nvme3n1p1: 1405875146752
none: 82845696

1745521631
/dev/nvme3n1p1: 1405887021056
none: 82845696

1745521632
/dev/nvme3n1p1: 1405897404416
none: 82845696

1745521633
/dev/nvme3n1p1: 1405908070400
none: 82845696

1745521634
/dev/nvme3n1p1: 1405916786688
none: 82845696

1745521635
/dev/nvme3n1p1: 1405926076416
none: 82845696

1745521636
/dev/nvme3n1p1: 1405932277760
none: 82845696

1745521637
/dev/nvme3n1p1: 1405935521792
none: 82845696

1745521638
/dev/nvme3n1p1: 1405939269632
none: 82845696

1745521639
/dev/nvme3n1p1: 1405943697408
none: 82845696

1745521640
/dev/nvme3n1p1: 1405948833792
none: 82845696

1745521641
/dev/nvme3n1p1: 1405954453504
none: 82845696

1745521642
/dev/nvme3n1p1: 1405960912896
none: 82845696

1745521643
/dev/nvme3n1p1: 1405967994880
none: 82845696

1745521644
/dev/nvme3n1p1: 1405975867392
none: 82845696

1745521645
/dev/nvme3n1p1: 1405984514048
none: 82845696

1745521646
/dev/nvme3n1p1: 1405993709568
none: 82845696

1745521647
/dev/nvme3n1p1: 1406003642368
none: 82845696

1745521648
/dev/nvme3n1p1: 1406016049152
none: 82845696

1745521649
/dev/nvme3n1p1: 1406028668928
none: 82845696

1745521650
/dev/nvme3n1p1: 1406040817664
none: 82845696

1745521651
/dev/nvme3n1p1: 1406052909056
none: 82845696

1745521652
/dev/nvme3n1p1: 1406057910272
none: 82845696

1745521653
/dev/nvme3n1p1: 1406070763520
none: 82845696

1745521654
/dev/nvme3n1p1: 1406083067904
none: 82845696

1745521655
/dev/nvme3n1p1: 1406095138816
none: 82845696

1745521656
/dev/nvme3n1p1: 1406107226112
none: 82845696

1745521657
/dev/nvme3n1p1: 1406119313408
none: 82845696

1745521658
/dev/nvme3n1p1: 1406131204096
none: 82845696

1745521659
/dev/nvme3n1p1: 1406142853120
none: 82845696

1745521660
/dev/nvme3n1p1: 1406152245248
none: 82845696

1745521661
/dev/nvme3n1p1: 1406152245248
none: 82845696

1745521662
/dev/nvme3n1p1: 1406152249344
none: 82845696

1745521663
/dev/nvme3n1p1: 1406152249344
none: 82845696

1745521664
/dev/nvme3n1p1: 1406152249344
none: 82845696

1745521665
/dev/nvme3n1p1: 1406152249344
none: 82845696

1745521666
/dev/nvme3n1p1: 1406152249344
none: 82845696

1745521667
/dev/nvme3n1p1: 1406152253440
none: 82845696

1745521668
/dev/nvme3n1p1: 1406152257536
none: 82845696

1745521669
/dev/nvme3n1p1: 1406152257536
none: 82845696

1745521670
/dev/nvme3n1p1: 1406152257536
none: 82845696

1745521671
/dev/nvme3n1p1: 1406154797056
none: 82845696

1745521672
/dev/nvme3n1p1: 1406161973248
none: 82845696

1745521673
/dev/nvme3n1p1: 1406168641536
none: 82845696

1745521674
/dev/nvme3n1p1: 1406175727616
none: 82845696

1745521675
/dev/nvme3n1p1: 1406183051264
none: 82845696

1745521676
/dev/nvme3n1p1: 1406189481984
none: 82845696

1745521677
/dev/nvme3n1p1: 1406197055488
none: 82845696

1745521678
/dev/nvme3n1p1: 1406203039744
none: 82845696

1745521679
/dev/nvme3n1p1: 1406210084864
none: 82845696

1745521680
/dev/nvme3n1p1: 1406217089024
none: 82845696

1745521681
/dev/nvme3n1p1: 1406224998400
none: 82845696

1745521682
/dev/nvme3n1p1: 1406232080384
none: 82845696

1745521683
/dev/nvme3n1p1: 1406241292288
none: 82845696

1745521684
/dev/nvme3n1p1: 1406245502976
none: 82845696

1745521685
/dev/nvme3n1p1: 1406253785088
none: 82845696

1745521686
/dev/nvme3n1p1: 1406261964800
none: 82845696

1745521687
/dev/nvme3n1p1: 1406269075456
none: 82845696

1745521688
/dev/nvme3n1p1: 1406275629056
none: 82845696

1745521689
/dev/nvme3n1p1: 1406282764288
none: 82845696

1745521690
/dev/nvme3n1p1: 1406289068032
none: 82845696

1745521691
/dev/nvme3n1p1: 1406296469504
none: 82845696

1745521692
/dev/nvme3n1p1: 1406297116672
none: 82845696

1745521693
/dev/nvme3n1p1: 1406297116672
none: 82845696

1745521694
/dev/nvme3n1p1: 1406297116672
none: 82845696

1745521695
/dev/nvme3n1p1: 1406297116672
none: 82845696

1745521696
/dev/nvme3n1p1: 1406297116672
none: 82845696

1745521697
/dev/nvme3n1p1: 1406297120768
none: 82845696

1745521698
/dev/nvme3n1p1: 1406297124864
none: 82845696

1745521699
/dev/nvme3n1p1: 1406297124864
none: 82845696

1745521700
/dev/nvme3n1p1: 1406297124864
none: 82845696

1745521701
/dev/nvme3n1p1: 1406297128960
none: 82845696

1745521702
/dev/nvme3n1p1: 1406297128960
none: 82845696

1745521703
/dev/nvme3n1p1: 1406297128960
none: 82845696

1745521704
/dev/nvme3n1p1: 1406297128960
none: 82845696

1745521705
/dev/nvme3n1p1: 1406297128960
none: 82845696

1745521706
/dev/nvme3n1p1: 1406297133056
none: 82845696

1745521707
/dev/nvme3n1p1: 1406297133056
none: 82845696

1745521708
/dev/nvme3n1p1: 1406297133056
none: 82845696

1745521709
/dev/nvme3n1p1: 1406297133056
none: 82845696

1745521710
/dev/nvme3n1p1: 1406314041344
none: 82845696

1745521711
/dev/nvme3n1p1: 1406317473792
none: 82845696

1745521712
/dev/nvme3n1p1: 1406317473792
none: 82845696

