1745521326
131788824 103319828 5517532 16161720 50331644 49426028

1745521327
131788824 103068204 5517568 16165132 50331644 49426028

1745521328
131788824 103015320 5517700 16168852 50331644 49426028

1745521329
131788824 102940796 5517996 16193472 50331644 49426028

1745521330
131788824 102872640 5517996 16222288 50331644 49426028

1745521331
131788824 102687468 5518004 16226460 50331644 49426028

1745521332
131788824 102644316 5518080 16229992 50331644 49426028

1745521333
131788824 102778696 5518576 16238668 50331644 49426028

1745521334
131788824 102830352 5519056 16265900 50331644 49426028

1745521336
131788824 102856748 5519364 16267508 50331644 49426032

1745521337
131788824 102776280 5519708 16275476 50331644 49426032

1745521338
131788824 102683488 5520120 16369072 50331644 49426032

1745521339
131788824 102725348 5520476 16382744 50331644 49426032

1745521340
131788824 102681220 5520748 16384864 50331644 49426032

1745521341
131788824 102722640 5521284 16387152 50331644 49426032

1745521342
131788824 102754060 5521636 16390096 50331644 49426032

1745521343
131788824 102732188 5522044 16398944 50331644 49426032

1745521344
131788824 102751640 5522380 16436624 50331644 49426032

1745521345
131788824 102813784 5522732 16471028 50331644 49426068

1745521346
131788824 102705552 5523096 16469164 50331644 49426068

1745521347
131788824 102720876 5523424 16466496 50331644 49426068

1745521348
131788824 102780580 5523788 16470692 50331644 49426068

1745521349
131788824 102394840 5524536 16711240 50331644 49426068

1745521350
131788824 102422632 5524768 16740504 50331644 49426068

1745521351
131788824 102400692 5525420 16746308 50331644 49426068

1745521352
131788824 102368368 5526144 16747528 50331644 49426068

1745521353
131788824 102322336 5526752 16749816 50331644 49426068

1745521354
131788824 102328644 5527304 16753028 50331644 49426076

1745521355
131788824 102343612 5528568 16765692 50331644 49426076

1745521356
131788824 102366584 5529388 16804272 50331644 49426076

1745521357
131788824 102325756 5529860 16823396 50331644 49426076

1745521358
131788824 102260680 5531608 16848616 50331644 49426080

1745521359
131788824 102305608 5531916 16850012 50331644 49426080

1745521360
131788824 102274896 5532240 16851472 50331644 49426080

1745521361
131788824 102241568 5532540 16863048 50331644 49426080

1745521362
131788824 102279428 5533324 16884452 50331644 49426080

1745521363
131788824 102142820 5533884 17027252 50331644 49426080

1745521364
131788824 101919768 5534416 17215156 50331644 49426080

1745521365
131788824 101905348 5534684 17219676 50331644 49426080

1745521366
131788824 101814576 5535044 17219296 50331644 49426080

1745521367
131788824 101591100 5535328 17383876 50331644 49426080

1745521368
131788824 101587088 5535856 17395524 50331644 49426080

1745521369
131788824 101421552 5536468 17535352 50331644 49426080

1745521370
131788824 100852976 5537316 18082184 50331644 49426080

1745521371
131788824 100744056 5537824 18102656 50331644 49426080

1745521372
131788824 100596576 5538268 18106576 50331644 49426080

1745521373
131788824 100556496 5538888 18211780 50331644 49426080

1745521374
131788824 99828216 5539640 18979984 50331644 49426080

1745521375
131788824 99094576 5540848 19685644 50331644 49426080

1745521376
131788824 97978768 5542528 20514312 50331644 49426080

1745521377
131788824 97182412 5542568 21353292 50331644 49426080

1745521378
131788824 96741856 5542820 21690508 50331644 49426080

1745521379
131788824 96613212 5543220 21708560 50331644 49426080

1745521381
131788824 96494908 5543268 21734404 50331644 49426080

1745521382
131788824 96372420 5543268 21849460 50331644 49426080

1745521383
131788824 96351380 5543404 21936872 50331644 49426080

1745521384
131788824 96353872 5543412 22121724 50331644 49426080

1745521385
131788824 96184648 5543424 22146516 50331644 49426080

1745521386
131788824 96161556 5543432 22156400 50331644 49426080

1745521387
131788824 96322204 5543432 22159872 50331644 49426080

1745521388
131788824 95972660 5543432 22626408 50331644 49426080

1745521389
131788824 95047760 5543436 23615576 50331644 49426080

1745521390
131788824 93817168 5543496 24563388 50331644 49426080

1745521391
131788824 92868980 5543556 25340972 50331644 49426080

1745521392
131788824 92020908 5543556 26256592 50331644 49426080

1745521393
131788824 91169784 5543580 27129204 50331644 49426080

1745521394
131788824 90270532 5543596 28042356 50331644 49426080

1745521395
131788824 89424440 5543616 28973504 50331644 49426080

1745521396
131788824 88410072 5543632 29810732 50331644 49426080

1745521397
131788824 87299304 5543632 30694000 50331644 49426080

1745521398
131788824 86484392 5543632 31617520 50331644 49426080

1745521399
131788824 85475900 5543632 32354984 50331644 49426080

1745521400
131788824 84642960 5543648 33195040 50331644 49426080

1745521401
131788824 83921788 5543800 34100996 50331644 49426156

1745521402
131788824 82947300 5543892 34958848 50331644 49426156

1745521403
131788824 82544464 5543996 35224612 50331644 49426156

1745521404
131788824 81826596 5544144 36069108 50331644 49426156

1745521406
131788824 80662616 5544160 37360916 50331644 49426156

1745521407
131788824 79812544 5544204 38274944 50331644 49426160

1745521408
131788824 78696952 5544332 39318624 50331644 49426160

1745521410
131788824 76863516 5544340 41058808 50331644 49426160

1745521411
131788824 75924972 5544340 41978236 50331644 49426160

1745521412
131788824 75006464 5544380 42915220 50331644 49426160

1745521413
131788824 74124024 5544388 43837304 50331644 49426160

1745521414
131788824 73090868 5544516 44783972 50331644 49426160

1745521415
131788824 72127600 5544516 45739536 50331644 49426160

1745521416
131788824 71256232 5544516 46629552 50331644 49426160

1745521417
131788824 70499780 5544528 47381736 50331644 49426160

1745521418
131788824 69833140 5544536 48076016 50331644 49426160

1745521419
131788824 69277372 5544564 48715484 50331644 49426160

1745521420
131788824 68849216 5544564 49262972 50331644 49426160

1745521421
131788824 68721572 5544568 49306060 50331644 49426160

1745521422
131788824 68752960 5544584 49305808 50331644 49426160

1745521423
131788824 68777564 5544584 49305556 50331644 49426160

1745521424
131788824 68784092 5544584 49301332 50331644 49426160

1745521425
131788824 68815916 5544600 49300604 50331644 49426160

1745521426
131788824 68848136 5544600 49301204 50331644 49426160

1745521427
131788824 68866964 5544600 49302204 50331644 49426160

1745521428
131788824 68910812 5544600 49303668 50331644 49426160

1745521429
131788824 68952496 5544600 49306440 50331644 49426160

1745521430
131788824 69001748 5544600 49310092 50331644 49426160

1745521431
131788824 69077232 5544600 49315740 50331644 49426160

1745521432
131788824 69116768 5544600 49324472 50331644 49426160

1745521433
131788824 69155748 5544612 49336228 50331644 49426160

1745521434
131788824 69186464 5544612 49346668 50331644 49426160

1745521435
131788824 69104164 5544612 49354240 50331644 49426164

1745521436
131788824 69061668 5544612 49354284 50331644 49426164

1745521437
131788824 69115152 5544612 49359588 50331644 49426164

1745521438
131788824 69133944 5544612 49364908 50331644 49426164

1745521439
131788824 69159596 5544612 49369960 50331644 49426164

1745521440
131788824 69149340 5544620 49383504 50331644 49426164

1745521441
131788824 69172528 5544620 49393084 50331644 49426164

1745521442
131788824 69208276 5544620 49397536 50331644 49426164

1745521443
131788824 69244796 5544620 49400100 50331644 49426164

1745521444
131788824 69368400 5544624 49406828 50331644 49426164

1745521445
131788824 69638152 5544640 49418928 50331644 49426164

1745521446
131788824 69708660 5544640 49430360 50331644 49426164

1745521447
131788824 69714084 5544640 49436008 50331644 49426164

1745521448
131788824 69651816 5544648 49444876 50331644 49426164

1745521449
131788824 69632164 5544648 49464700 50331644 49426164

1745521450
131788824 69615420 5544648 49480856 50331644 49426164

1745521451
131788824 69643632 5544648 49491628 50331644 49426164

1745521452
131788824 69636248 5544652 49502964 50331644 49426164

1745521453
131788824 69631976 5544668 49519772 50331644 49426164

1745521454
131788824 69634804 5544672 49539124 50331644 49426164

1745521455
131788824 69642992 5544672 49551456 50331644 49426164

1745521456
131788824 69682908 5544676 49566460 50331644 49426164

1745521457
131788824 69593120 5544676 49577996 50331644 49426164

1745521458
131788824 69679968 5544676 49654896 50331644 49426164

1745521459
131788824 69669788 5544676 49669340 50331644 49426164

1745521460
131788824 69655144 5544684 49681016 50331644 49426164

1745521461
131788824 69661116 5544684 49688236 50331644 49426164

1745521462
131788824 69650408 5544684 49701996 50331644 49426164

1745521463
131788824 69646692 5544684 49712828 50331644 49426164

1745521464
131788824 69622740 5544684 49717956 50331644 49426164

1745521465
131788824 69617224 5544704 49728112 50331644 49426164

1745521466
131788824 69695228 5544704 49734064 50331644 49426164

1745521467
131788824 69695948 5544704 49746280 50331644 49426164

1745521468
131788824 69723984 5544704 49749716 50331644 49426164

1745521469
131788824 69730112 5544704 49759988 50331644 49426164

1745521470
131788824 69703468 5544720 49768752 50331644 49426164

1745521471
131788824 69669232 5544720 49773300 50331644 49426164

1745521472
131788824 69671284 5544720 49777532 50331644 49426164

1745521473
131788824 69672440 5544720 49784192 50331644 49426164

1745521474
131788824 69643112 5544720 49801360 50331644 49426164

1745521475
131788824 69598496 5544740 49819984 50331644 49426164

1745521476
131788824 69562860 5544740 49834708 50331644 49426164

1745521477
131788824 69537852 5544740 49847552 50331644 49426164

1745521478
131788824 69673740 5544740 49860652 50331644 49426164

1745521479
131788824 69654328 5544756 49872388 50331644 49426164

1745521480
131788824 69647288 5544756 49884028 50331644 49426164

1745521481
131788824 69634624 5544756 49895668 50331644 49426164

1745521482
131788824 69626328 5544756 49907196 50331644 49426164

1745521483
131788824 69610700 5544756 49918860 50331644 49426164

1745521484
131788824 69593296 5544756 49930708 50331644 49426164

1745521485
131788824 69662556 5544756 49941160 50331644 49426164

1745521486
131788824 69722072 5544760 49947844 50331644 49426164

1745521487
131788824 69711512 5544760 49939132 50331644 49426164

1745521488
131788824 69694964 5544768 49961640 50331644 49426164

1745521489
131788824 69674064 5544768 49974068 50331644 49426164

1745521490
131788824 69645132 5544768 49989628 50331644 49426164

1745521491
131788824 69622092 5544768 50001112 50331644 49426164

1745521492
131788824 69607716 5544768 50010732 50331644 49426164

1745521493
131788824 69596608 5544768 50015044 50331644 49426164

1745521494
131788824 69605356 5544776 50027676 50331644 49426228

1745521495
131788824 69582672 5544780 50040544 50331644 49426228

1745521496
131788824 69572656 5544796 50047020 50331644 49426228

1745521497
131788824 69565596 5544796 50048376 50331644 49426228

1745521498
131788824 69546380 5544804 50060316 50331644 49426232

1745521499
131788824 69545080 5544804 50068776 50331644 49426232

1745521500
131788824 69552972 5544804 50079996 50331644 49426232

1745521501
131788824 69542816 5544804 50091660 50331644 49426232

1745521502
131788824 69535232 5544804 50103208 50331644 49426232

1745521503
131788824 69536596 5544816 50105588 50331644 49426232

1745521504
131788824 69517024 5544816 50118080 50331644 49426232

1745521505
131788824 69504548 5544816 50133116 50331644 49426232

1745521506
131788824 69467108 5544816 50148008 50331644 49426232

1745521507
131788824 69429120 5544816 50156964 50331644 49426232

1745521508
131788824 69468912 5544820 50155864 50331644 49426232

1745521509
131788824 69462416 5544828 50164072 50331644 49426232

1745521510
131788824 69464560 5544828 50175912 50331644 49426236

1745521511
131788824 69459912 5544828 50185420 50331644 49426236

1745521512
131788824 69449628 5544828 50197336 50331644 49426236

1745521513
131788824 69398096 5544836 50221736 50331644 49426240

1745521514
131788824 69387172 5544852 50233044 50331644 49426240

1745521515
131788824 69378480 5544852 50242600 50331644 49426240

1745521516
131788824 69407836 5544856 50244128 50331644 49426240

1745521517
131788824 69399268 5544856 50251952 50331644 49426240

1745521518
131788824 69402892 5544872 50256812 50331644 49426240

1745521519
131788824 69401884 5544872 50259772 50331644 49426240

1745521520
131788824 69403508 5544872 50265092 50331644 49426240

1745521521
131788824 69402900 5544872 50267244 50331644 49426240

1745521522
131788824 69404036 5544872 50275244 50331644 49426240

1745521523
131788824 69405732 5544920 50281144 50331644 49426240

1745521524
131788824 69404304 5544920 50286004 50331644 49426240

1745521525
131788824 69406224 5544920 50289416 50331644 49426240

1745521526
131788824 69390048 5544920 50297688 50331644 49426240

1745521527
131788824 69383368 5544936 50306424 50331644 49426240

1745521528
131788824 69356640 5544936 50316432 50331644 49426240

1745521529
131788824 69392580 5544936 50319188 50331644 49426240

1745521530
131788824 69382704 5544936 50334428 50331644 49426240

1745521531
131788824 69367696 5544944 50347584 50331644 49426248

1745521532
131788824 69350580 5544944 50358296 50331644 49426248

1745521533
131788824 69281740 5544944 50400416 50331644 49426248

1745521534
131788824 69259148 5544952 50409872 50331644 49426296

1745521535
131788824 69198032 5544952 50421984 50331644 49426300

1745521536
131788824 69193924 5544952 50431316 50331644 49426300

1745521537
131788824 69162996 5544952 50446648 50331644 49426300

1745521538
131788824 69141372 5544960 50457008 50331644 49426304

1745521539
131788824 69121176 5544960 50465104 50331644 49426304

1745521540
131788824 69129264 5544960 50450116 50331644 49426304

1745521541
131788824 69116212 5544960 50461612 50331644 49426304

1745521542
131788824 69109244 5544960 50473744 50331644 49426312

1745521543
131788824 69087568 5544960 50483812 50331644 49426312

1745521544
131788824 69143092 5544968 50425304 50331644 49426312

1745521545
131788824 69142572 5544972 50434352 50331644 49426312

1745521546
131788824 69142876 5544972 50444204 50331644 49426312

1745521547
131788824 69129784 5544972 50453364 50331644 49426316

1745521548
131788824 69128352 5544972 50451620 50331644 49426316

1745521549
131788824 69120280 5544996 50461188 50331644 49426316

1745521550
131788824 69118500 5544996 50463608 50331644 49426320

1745521551
131788824 69205120 5544996 50471772 50331644 49426320

1745521552
131788824 69197704 5544996 50479788 50331644 49426320

1745521553
131788824 69162924 5545012 50490420 50331644 49426320

1745521554
131788824 69146628 5545012 50498548 50331644 49426320

1745521555
131788824 69131264 5545012 50505976 50331644 49426336

1745521556
131788824 69118532 5545020 50512028 50331644 49426336

1745521557
131788824 69104948 5545020 50523244 50331644 49426336

1745521558
131788824 69085208 5545036 50547840 50331644 49426360

1745521559
131788824 69077872 5545036 50547656 50331644 49426360

1745521560
131788824 69068372 5545036 50557952 50331644 49426360

1745521561
131788824 69066464 5545036 50563160 50331644 49426360

1745521562
131788824 69054700 5545036 50569944 50331644 49426360

1745521563
131788824 69067240 5545044 50571668 50331644 49426360

1745521564
131788824 69064360 5545044 50577108 50331644 49426360

1745521565
131788824 69040560 5545052 50594648 50331644 49426360

1745521566
131788824 68990384 5545052 50615860 50331644 49426644

1745521567
131788824 68984076 5545052 50612276 50331644 49426652

1745521568
131788824 68980776 5545052 50615872 50331644 49426652

1745521569
131788824 68972244 5545060 50617436 50331644 49426652

1745521570
131788824 68970112 5545060 50620156 50331644 49426736

1745521571
131788824 68968364 5545060 50627952 50331644 49426736

1745521572
131788824 68964132 5545060 50634956 50331644 49426736

1745521573
131788824 68960088 5545060 50642936 50331644 49426736

1745521574
131788824 69017124 5545060 50650480 50331644 49426736

1745521575
131788824 69013940 5545068 50659800 50331644 49426736

1745521576
131788824 69008444 5545068 50669960 50331644 49426736

1745521577
131788824 69004656 5545068 50678640 50331644 49426736

1745521578
131788824 68994228 5545068 50691440 50331644 49426736

1745521579
131788824 68951692 5545068 50720608 50331644 49426736

1745521580
131788824 68931680 5545076 50731524 50331644 49426736

1745521581
131788824 68921352 5545076 50734456 50331644 49426736

1745521582
131788824 68917772 5545076 50743192 50331644 49426744

1745521583
131788824 68904852 5545076 50754632 50331644 49426744

1745521584
131788824 68873080 5545076 50771028 50331644 49426852

1745521585
131788824 68855916 5545080 50780484 50331644 49426852

1745521586
131788824 68844388 5545084 50790196 50331644 49426904

1745521587
131788824 68761436 5545084 50831560 50331644 49427000

1745521588
131788824 68753976 5545100 50847996 50331644 49427048

1745521589
131788824 68737676 5545116 50860060 50331644 49427048

1745521590
131788824 68725896 5545116 50867796 50331644 49427076

1745521591
131788824 68712780 5545132 50868424 50331644 49427076

1745521592
131788824 68711144 5545132 50880276 50331644 49427080

1745521593
131788824 68724720 5545132 50867288 50331644 49427080

1745521594
131788824 68723264 5545132 50872820 50331644 49427104

1745521595
131788824 68707380 5545140 50890412 50331644 49427104

1745521596
131788824 68727624 5545140 50868736 50331644 49427104

1745521597
131788824 68623484 5545140 50889080 50331644 49427104

1745521598
131788824 68618176 5545140 50892604 50331644 49427116

1745521599
131788824 68616580 5545140 50898312 50331644 49427116

1745521600
131788824 68620096 5545140 50902424 50331644 49427116

1745521601
131788824 68615340 5545160 50909708 50331644 49427116

1745521602
131788824 68608900 5545288 50917676 50331644 49427116

1745521603
131788824 68611804 5545288 50923000 50331644 49427116

1745521604
131788824 68608944 5545288 50934952 50331644 49427116

1745521605
131788824 68594696 5545288 50951624 50331644 49427116

1745521606
131788824 68575076 5545296 50964532 50331644 49427148

1745521607
131788824 68560652 5545304 50965744 50331644 49427148

1745521608
131788824 68578160 5545304 50972000 50331644 49427148

1745521609
131788824 68583896 5545304 50970004 50331644 49427148

1745521610
131788824 68572244 5545304 50979136 50331644 49427148

1745521611
131788824 68559408 5545304 50988832 50331644 49427148

1745521612
131788824 68605848 5545304 50988860 50331644 49427148

1745521613
131788824 68599424 5545312 50999444 50331644 49427148

1745521614
131788824 68590912 5545312 51011176 50331644 49427148

1745521615
131788824 68646460 5545312 51024952 50331644 49427148

1745521616
131788824 68634804 5545316 51037108 50331644 49427148

1745521617
131788824 68622428 5545316 51048456 50331644 49427148

1745521618
131788824 68615684 5545316 51060728 50331644 49427160

1745521619
131788824 68332896 5545324 51101744 50331644 49427160

1745521620
131788824 68330748 5545340 51108128 50331644 49427160

1745521621
131788824 68254712 5545340 51130468 50331644 49427160

1745521622
131788824 68264728 5545356 51136476 50331644 49427160

1745521623
131788824 68276108 5545356 51133652 50331644 49427160

1745521624
131788824 68273488 5545356 51139248 50331644 49427160

1745521625
131788824 68296468 5545356 51147888 50331644 49427160

1745521626
131788824 68290456 5545356 51160772 50331644 49427160

1745521627
131788824 68333348 5545364 51170660 50331644 49427160

1745521628
131788824 68324828 5545364 51181732 50331644 49427160

1745521629
131788824 68312440 5545384 51202248 50331644 49427168

1745521630
131788824 68304336 5545384 51214968 50331644 49427168

1745521631
131788824 68298916 5545384 51226132 50331644 49427168

1745521632
131788824 68307424 5545384 51226676 50331644 49427168

1745521633
131788824 68297048 5545384 51236196 50331644 49427168

1745521634
131788824 68348336 5545392 51235104 50331644 49427172

1745521635
131788824 68333712 5545392 51246052 50331644 49427172

1745521636
131788824 68330176 5545392 51251892 50331644 49427172

1745521637
131788824 68337312 5545396 51249340 50331644 49427172

1745521638
131788824 68338736 5545396 51252004 50331644 49427192

1745521639
131788824 68341256 5545396 51256388 50331644 49427192

1745521640
131788824 68336272 5545404 51261232 50331644 49427192

1745521641
131788824 68335600 5545404 51266820 50331644 49427192

1745521642
131788824 68336156 5545404 51272768 50331644 49427192

1745521643
131788824 68328492 5545404 51276596 50331644 49427192

1745521644
131788824 68323220 5545404 51284232 50331644 49427192

1745521645
131788824 68324684 5545412 51288252 50331644 49427192

1745521646
131788824 68319536 5545412 51297532 50331644 49427200

1745521647
131788824 68313328 5545412 51306508 50331644 49427200

1745521648
131788824 68375544 5545412 51318948 50331644 49427200

1745521649
131788824 68353596 5545412 51336508 50331644 49427200

1745521650
131788824 68338648 5545412 51350248 50331644 49427200

1745521651
131788824 68328844 5545412 51357396 50331644 49427204

1745521652
131788824 68327040 5545412 51364068 50331644 49427204

1745521653
131788824 68338112 5545444 51348288 50331644 49427204

1745521654
131788824 68322092 5545444 51360380 50331644 49427204

1745521655
131788824 68309300 5545444 51370032 50331644 49427204

1745521656
131788824 68288936 5545444 51383572 50331644 49427204

1745521657
131788824 68269532 5545444 51394880 50331644 49427204

1745521658
131788824 68258320 5545444 51406224 50331644 49427212

1745521659
131788824 68247640 5545468 51419408 50331644 49427212

1745521660
131788824 68210360 5545476 51436288 50331644 49427212

1745521661
131788824 68023092 5545476 51447140 50331644 49427232

1745521662
131788824 68035880 5545476 51438472 50331644 49427232

1745521663
131788824 67904676 5545476 51439368 50331644 49427232

1745521664
131788824 67856292 5545476 51438472 50331644 49427232

1745521665
131788824 67834924 5545484 51435404 50331644 49427232

1745521666
131788824 67823316 5545484 51435404 50331644 49427232

1745521667
131788824 67762940 5545488 51454492 50331644 49427236

1745521668
131788824 67745584 5545488 51443548 50331644 49427236

1745521669
131788824 67736772 5545488 51443548 50331644 49427236

1745521670
131788824 67743364 5545488 51441512 50331644 49427236

1745521671
131788824 67746472 5545496 51443352 50331644 49427236

1745521672
131788824 67757400 5545496 51450768 50331644 49427236

1745521673
131788824 67740040 5545496 51457032 50331644 49427236

1745521674
131788824 67729652 5545496 51464068 50331644 49427240

1745521675
131788824 67725608 5545496 51471316 50331644 49427240

1745521676
131788824 67759148 5545496 51477272 50331644 49427240

1745521677
131788824 67740720 5545504 51491432 50331644 49427240

1745521678
131788824 67729572 5545504 51497080 50331644 49427240

1745521679
131788824 67700360 5545504 51510948 50331644 49427240

1745521680
131788824 67688752 5545504 51517612 50331644 49427240

1745521681
131788824 67673740 5545504 51525068 50331644 49427240

1745521682
131788824 67690988 5545512 51521944 50331644 49427240

1745521683
131788824 67651344 5545512 51528452 50331644 49427240

1745521684
131788824 67644076 5545528 51531624 50331644 49427240

1745521685
131788824 67649692 5545544 51536520 50331644 49427240

1745521686
131788824 67650840 5545544 51544632 50331644 49427240

1745521687
131788824 67653324 5545544 51551196 50331644 49427240

1745521688
131788824 67651252 5545544 51558032 50331644 49427240

1745521689
131788824 67643424 5545544 51565096 50331644 49427240

1745521690
131788824 67632092 5545552 51571940 50331644 49427240

1745521691
131788824 67617300 5545552 51577868 50331644 49427240

1745521692
131788824 67617300 5545552 51578876 50331644 49427240

1745521693
131788824 67617164 5545552 51579148 50331644 49427240

1745521694
131788824 67614912 5545552 51581836 50331644 49427240

1745521695
131788824 67605444 5545560 51586192 50331644 49427240

1745521696
131788824 67605192 5545560 51585424 50331644 49427240

1745521697
131788824 67487680 5545560 51602916 50331644 49427240

1745521698
131788824 67487252 5545560 51601900 50331644 49427240

1745521699
131788824 67487520 5545576 51598748 50331644 49427240

1745521700
131788824 67487772 5545576 51595724 50331644 49427240

1745521701
131788824 67475876 5545576 51602828 50331644 49427240

1745521702
131788824 67458280 5545576 51606392 50331644 49427240

1745521703
131788824 67469068 5545576 51599160 50331644 49427240

1745521704
131788824 67475008 5545588 51596076 50331644 49427240

1745521705
131788824 67476016 5545588 51596076 50331644 49427240

1745521706
131788824 67480960 5545588 51596048 50331644 49427240

1745521707
131788824 67482864 5545588 51596048 50331644 49427240

1745521708
131788824 67482428 5545588 51602208 50331644 49427240

1745521709
131788824 67483204 5545588 51605036 50331644 49427240

1745521710
131788824 67516148 5545588 51624360 50331644 49427240

1745521711
131788824 67939996 5545588 51627152 50331644 49427240

1745521712
131788824 67749816 5545588 51632260 50331644 49427240

1745521714
131788824 67852156 5545596 51622580 50331644 49427240

