1745521326
0.0 0.0 0.0

1745521327
0.0 0.0 0.0

1745521328
0.0 0.0 0.0

1745521329
0.0 0.0 0.0

1745521330
0.0 0.0 0.0

1745521331
0.0 0.0 0.0

1745521332
0.0 0.0 0.0

1745521333
0.0 0.0 0.0

1745521334
0.0 0.0 0.0

1745521336
0.0 0.0 0.0

1745521337
0.0 0.0 0.0

1745521338
0.0 0.0 0.0

1745521339
0.0 0.0 0.0

1745521340
0.0 0.0 0.0

1745521341
0.0 0.0 0.0

1745521342
0.0 0.0 0.0

1745521343
0.0 0.0 0.0

1745521344
0.0 0.0 0.0

1745521345
0.0 0.0 0.0

1745521346
0.0 0.0 0.0

1745521347
0.0 0.0 0.0

1745521348
0.0 0.0 0.0

1745521349
0.0 0.0 0.0

1745521350
0.0 0.0 0.0

1745521351
0.0 0.0 0.0

1745521352
0.0 0.0 0.0

1745521353
0.0 0.0 0.0

1745521354
0.0 0.0 0.0

1745521355
0.0 0.0 0.0

1745521356
0.0 0.0 0.0

1745521357
0.0 0.0 0.0

1745521358
0.0 0.0 0.0

1745521359
0.0 0.0 0.0

1745521360
0.0 0.0 0.0

1745521361
0.0 0.0 0.0

1745521362
0.0 0.0 0.0

1745521363
0.0 0.0 0.0

1745521364
0.0 0.0 0.0

1745521365
0.0 0.0 0.0

1745521366
0.0 0.0 0.0

1745521367
0.0 0.0 0.0

1745521368
0.0 0.0 0.0

1745521369
0.0 0.0 0.0

1745521370
0.0 0.0 0.0

1745521371
0.0 0.0 0.0

1745521372
0.0 0.0 0.0

1745521373
0.0 0.0 0.0

1745521374
0.0 0.0 0.0

1745521375
0.0 0.0 0.0

1745521376
0.0 0.0 0.0

1745521377
0.0 0.0 0.0

1745521378
0.0 0.0 0.0

1745521379
0.0 0.0 0.0

1745521381
0.0 0.0 0.0

1745521382
0.0 0.0 0.0

1745521383
0.0 0.0 0.0

1745521384
0.0 0.0 0.0

1745521385
0.0 0.0 0.0

1745521386
0.0 0.0 0.0

1745521387
0.0 0.0 0.0

1745521388
0.0 0.0 0.0

1745521389
0.0 0.0 0.0

1745521390
0.0 0.0 0.0

1745521391
0.0 0.0 0.0

1745521392
0.0 0.0 0.0

1745521393
0.0 0.0 0.0

1745521394
0.0 0.0 0.0

1745521395
0.0 0.0 0.0

1745521396
0.0 0.0 0.0

1745521397
0.0 0.0 0.0

1745521398
0.0 0.0 0.0

1745521399
0.0 0.0 0.0

1745521400
0.0 0.0 0.0

1745521401
0.0 0.0 0.0

1745521402
0.0 0.0 0.0

1745521403
0.0 0.0 0.0

1745521404
0.0 0.0 0.0

1745521406
0.0 0.0 0.0

1745521407
0.0 0.0 0.0

1745521408
0.0 0.0 0.0

1745521410
0.0 0.0 0.0

1745521411
0.0 0.0 0.0

1745521412
0.0 0.0 0.0

1745521413
0.0 0.0 0.0

1745521414
0.0 0.0 0.0

1745521415
0.0 0.0 0.0

1745521416
0.0 0.0 0.0

1745521417
0.0 0.0 0.0

1745521418
0.0 0.0 0.0

1745521419
0.0 0.0 0.0

1745521420
0.0 0.0 0.0

1745521421
0.0 0.0 0.0

1745521422
0.0 0.0 0.0

1745521423
0.0 0.0 0.0

1745521424
0.0 0.0 0.0

1745521425
0.0 0.0 0.0

1745521426
0.0 0.0 0.0

1745521427
0.0 0.0 0.0

1745521428
0.0 0.0 0.0

1745521429
0.0 0.0 0.0

1745521430
0.0 0.0 0.0

1745521431
0.0 0.0 0.0

1745521432
0.0 0.0 0.0

1745521433
0.0 0.0 0.0

1745521434
0.0 0.0 0.0

1745521435
0.0 0.0 0.0

1745521436
0.0 0.0 0.0

1745521437
0.0 0.0 0.0

1745521438
0.0 0.0 0.0

1745521439
0.0 0.0 0.0

1745521440
0.0 0.0 0.0

1745521441
0.0 0.0 0.0

1745521442
0.0 0.0 0.0

1745521443
0.0 0.0 0.0

1745521444
0.0 0.0 0.0

1745521445
0.0 0.0 0.0

1745521446
0.0 0.0 0.0

1745521447
0.0 0.0 0.0

1745521448
0.0 0.0 0.0

1745521449
0.0 0.0 0.0

1745521450
0.0 0.0 0.0

1745521451
0.0 0.0 0.0

1745521452
0.0 0.0 0.0

1745521453
0.0 0.0 0.0

1745521454
0.0 0.0 0.0

1745521455
0.0 0.0 0.0

1745521456
0.0 0.0 0.0

1745521457
0.0 0.0 0.0

1745521458
0.0 0.0 0.0

1745521459
0.0 0.0 0.0

1745521460
0.0 0.0 0.0

1745521461
0.0 0.0 0.0

1745521462
0.0 0.0 0.0

1745521463
0.0 0.0 0.0

1745521464
0.0 0.0 0.0

1745521465
0.0 0.0 0.0

1745521466
0.0 0.0 0.0

1745521467
0.0 0.0 0.0

1745521468
0.0 0.0 0.0

1745521469
0.0 0.0 0.0

1745521470
0.0 0.0 0.0

1745521471
0.0 0.0 0.0

1745521472
0.0 0.0 0.0

1745521473
0.0 0.0 0.0

1745521474
0.0 0.0 0.0

1745521475
0.0 0.0 0.0

1745521476
0.0 0.0 0.0

1745521477
0.0 0.0 0.0

1745521478
0.0 0.0 0.0

1745521479
0.0 0.0 0.0

1745521480
0.0 0.0 0.0

1745521481
0.0 0.0 0.0

1745521482
0.0 0.0 0.0

1745521483
0.0 0.0 0.0

1745521484
0.0 0.0 0.0

1745521485
0.0 0.0 0.0

1745521486
0.0 0.0 0.0

1745521487
0.0 0.0 0.0

1745521488
0.0 0.0 0.0

1745521489
0.0 0.0 0.0

1745521490
0.0 0.0 0.0

1745521491
0.0 0.0 0.0

1745521492
0.0 0.0 0.0

1745521493
0.0 0.0 0.0

1745521494
0.0 0.0 0.0

1745521495
0.0 0.0 0.0

1745521496
0.0 0.0 0.0

1745521497
0.0 0.0 0.0

1745521498
0.0 0.0 0.0

1745521499
0.0 0.0 0.0

1745521500
0.0 0.0 0.0

1745521501
0.0 0.0 0.0

1745521502
0.0 0.0 0.0

1745521503
0.0 0.0 0.0

1745521504
0.0 0.0 0.0

1745521505
0.0 0.0 0.0

1745521506
0.0 0.0 0.0

1745521507
0.0 0.0 0.0

1745521508
0.0 0.0 0.0

1745521509
0.0 0.0 0.0

1745521510
0.0 0.0 0.0

1745521511
0.0 0.0 0.0

1745521512
0.0 0.0 0.0

1745521513
0.0 0.0 0.0

1745521514
0.0 0.0 0.0

1745521515
0.0 0.0 0.0

1745521516
0.0 0.0 0.0

1745521517
0.0 0.0 0.0

1745521518
0.0 0.0 0.0

1745521519
0.0 0.0 0.0

1745521520
0.0 0.0 0.0

1745521521
0.0 0.0 0.0

1745521522
0.0 0.0 0.0

1745521523
0.0 0.0 0.0

1745521524
0.0 0.0 0.0

1745521525
0.0 0.0 0.0

1745521526
0.0 0.0 0.0

1745521527
0.0 0.0 0.0

1745521528
0.0 0.0 0.0

1745521529
0.0 0.0 0.0

1745521530
0.0 0.0 0.0

1745521531
0.0 0.0 0.0

1745521532
0.0 0.0 0.0

1745521533
0.0 0.0 0.0

1745521534
0.0 0.0 0.0

1745521535
0.0 0.0 0.0

1745521536
0.0 0.0 0.0

1745521537
0.0 0.0 0.0

1745521538
0.0 0.0 0.0

1745521539
0.0 0.0 0.0

1745521540
0.0 0.0 0.0

1745521541
0.0 0.0 0.0

1745521542
0.0 0.0 0.0

1745521543
0.0 0.0 0.0

1745521544
0.0 0.0 0.0

1745521545
0.0 0.0 0.0

1745521546
0.0 0.0 0.0

1745521547
0.0 0.0 0.0

1745521548
0.0 0.0 0.0

1745521549
0.0 0.0 0.0

1745521550
0.0 0.0 0.0

1745521551
0.0 0.0 0.0

1745521552
0.0 0.0 0.0

1745521553
0.0 0.0 0.0

1745521554
0.0 0.0 0.0

1745521555
0.0 0.0 0.0

1745521556
0.0 0.0 0.0

1745521557
0.0 0.0 0.0

1745521558
0.0 0.0 0.0

1745521559
0.0 0.0 0.0

1745521560
0.0 0.0 0.0

1745521561
0.0 0.0 0.0

1745521562
0.0 0.0 0.0

1745521563
0.0 0.0 0.0

1745521564
0.0 0.0 0.0

1745521565
0.0 0.0 0.0

1745521566
0.0 0.0 0.0

1745521567
0.0 0.0 0.0

1745521568
0.0 0.0 0.0

1745521569
0.0 0.0 0.0

1745521570
0.0 0.0 0.0

1745521571
0.0 0.0 0.0

1745521572
0.0 0.0 0.0

1745521573
0.0 0.0 0.0

1745521574
0.0 0.0 0.0

1745521575
0.0 0.0 0.0

1745521576
0.0 0.0 0.0

1745521577
0.0 0.0 0.0

1745521578
0.0 0.0 0.0

1745521579
0.0 0.0 0.0

1745521580
0.0 0.0 0.0

1745521581
0.0 0.0 0.0

1745521582
0.0 0.0 0.0

1745521583
0.0 0.0 0.0

1745521584
0.0 0.0 0.0

1745521585
0.0 0.0 0.0

1745521586
0.0 0.0 0.0

1745521587
0.0 0.0 0.0

1745521588
0.0 0.0 0.0

1745521589
0.0 0.0 0.0

1745521590
0.0 0.0 0.0

1745521591
0.0 0.0 0.0

1745521592
0.0 0.0 0.0

1745521593
0.0 0.0 0.0

1745521594
0.0 0.0 0.0

1745521595
0.0 0.0 0.0

1745521596
0.0 0.0 0.0

1745521597
0.0 0.0 0.0

1745521598
0.0 0.0 0.0

1745521599
0.0 0.0 0.0

1745521600
0.0 0.0 0.0

1745521601
0.0 0.0 0.0

1745521602
0.0 0.0 0.0

1745521603
0.0 0.0 0.0

1745521604
0.0 0.0 0.0

1745521605
0.0 0.0 0.0

1745521606
0.0 0.0 0.0

1745521607
0.0 0.0 0.0

1745521608
0.0 0.0 0.0

1745521609
0.0 0.0 0.0

1745521610
0.0 0.0 0.0

1745521611
0.0 0.0 0.0

1745521612
0.0 0.0 0.0

1745521613
0.0 0.0 0.0

1745521614
0.0 0.0 0.0

1745521615
0.0 0.0 0.0

1745521616
0.0 0.0 0.0

1745521617
0.0 0.0 0.0

1745521618
0.0 0.0 0.0

1745521619
0.0 0.0 0.0

1745521620
0.0 0.0 0.0

1745521621
0.0 0.0 0.0

1745521622
0.0 0.0 0.0

1745521623
0.0 0.0 0.0

1745521624
0.0 0.0 0.0

1745521625
0.0 0.0 0.0

1745521626
0.0 0.0 0.0

1745521627
0.0 0.0 0.0

1745521628
0.0 0.0 0.0

1745521629
0.0 0.0 0.0

1745521630
0.0 0.0 0.0

1745521631
0.0 0.0 0.0

1745521632
0.0 0.0 0.0

1745521633
0.0 0.0 0.0

1745521634
0.0 0.0 0.0

1745521635
0.0 0.0 0.0

1745521636
0.0 0.0 0.0

1745521637
0.0 0.0 0.0

1745521638
0.0 0.0 0.0

1745521639
0.0 0.0 0.0

1745521640
0.0 0.0 0.0

1745521641
0.0 0.0 0.0

1745521642
0.0 0.0 0.0

1745521643
0.0 0.0 0.0

1745521644
0.0 0.0 0.0

1745521645
0.0 0.0 0.0

1745521646
0.0 0.0 0.0

1745521647
0.0 0.0 0.0

1745521648
0.0 0.0 0.0

1745521649
0.0 0.0 0.0

1745521650
0.0 0.0 0.0

1745521651
0.0 0.0 0.0

1745521652
0.0 0.0 0.0

1745521653
0.0 0.0 0.0

1745521654
0.0 0.0 0.0

1745521655
0.0 0.0 0.0

1745521656
0.0 0.0 0.0

1745521657
0.0 0.0 0.0

1745521658
0.0 0.0 0.0

1745521659
0.0 0.0 0.0

1745521660
0.0 0.0 0.0

1745521661
0.0 0.0 0.0

1745521662
0.0 0.0 0.0

1745521663
0.0 0.0 0.0

1745521664
0.0 0.0 0.0

1745521665
0.0 0.0 0.0

1745521666
0.0 0.0 0.0

1745521667
0.0 0.0 0.0

1745521668
0.0 0.0 0.0

1745521669
0.0 0.0 0.0

1745521670
0.0 0.0 0.0

1745521671
0.0 0.0 0.0

1745521672
0.0 0.0 0.0

1745521673
0.0 0.0 0.0

1745521674
0.0 0.0 0.0

1745521675
0.0 0.0 0.0

1745521676
0.0 0.0 0.0

1745521677
0.0 0.0 0.0

1745521678
0.0 0.0 0.0

1745521679
0.0 0.0 0.0

1745521680
0.0 0.0 0.0

1745521681
0.0 0.0 0.0

1745521682
0.0 0.0 0.0

1745521683
0.0 0.0 0.0

1745521684
0.0 0.0 0.0

1745521685
0.0 0.0 0.0

1745521686
0.0 0.0 0.0

1745521687
0.0 0.0 0.0

1745521688
0.0 0.0 0.0

1745521689
0.0 0.0 0.0

1745521690
0.0 0.0 0.0

1745521691
0.0 0.0 0.0

1745521692
0.0 0.0 0.0

1745521693
0.0 0.0 0.0

1745521694
0.0 0.0 0.0

1745521695
0.0 0.0 0.0

1745521696
0.0 0.0 0.0

1745521697
0.0 0.0 0.0

1745521698
0.0 0.0 0.0

1745521699
0.0 0.0 0.0

1745521700
0.0 0.0 0.0

1745521701
0.0 0.0 0.0

1745521702
0.0 0.0 0.0

1745521703
0.0 0.0 0.0

1745521704
0.0 0.0 0.0

1745521705
0.0 0.0 0.0

1745521706
0.0 0.0 0.0

1745521707
0.0 0.0 0.0

1745521708
0.0 0.0 0.0

1745521709
0.0 0.0 0.0

1745521710
0.0 0.0 0.0

1745521711
0.0 0.0 0.0

1745521712
0.0 0.0 0.0

