1745521327
0.18047106535641866 0.0251130868819217 0.00015598190609889253

1745521328
0.12373285629099583 0.011180679785330949 0.0002981514609421586

1745521329
0.17509556012937372 0.0227874154660394 0.00014701558365186709

1745521330
0.15200749882830808 0.016403686923918137 0.00046867676925480396

1745521331
0.15361123835700108 0.015422201862879828 0.00015269506794930523

1745521332
0.15625 0.018266908212560388 0.0004528985507246377

1745521333
0.12564624784584053 0.01660661131129563 0.00046999843333855553

1745521334
0.12427184466019417 0.015533980582524271 0.0002987303958177745

1745521336
0.12387154062453752 0.01479946721918011 0.0002959893443836022

1745521337
0.12118335706375573 0.012498022464799873 0.00015820281601012498

1745521338
0.13706505295007565 0.020121028744326776 0.000453857791225416

1745521339
0.12778782399035563 0.013713080168776372 0.0003013863773357444

1745521340
0.11977454203851573 0.010803193987787695 0.0001565680288085173

1745521341
0.1304155614500442 0.014294134983790157 0.0002947244326554671

1745521342
0.12419798350137488 0.013596089214787657 0.00030553009471432935

1745521343
0.13120176405733186 0.013072924870058277 0.00031501023783272954

1745521344
0.11606479417446872 0.011294397384455342 0.00044583147570218456

1745521345
0.10896847260483625 0.015457606366697275 0.0006121824303642485

1745521346
0.11239414934565051 0.014318706697459584 0.00015396458814472672

1745521347
0.11083398285268901 0.014029618082618862 0.0004676539360872954

1745521348
0.1203510859863136 0.01517405534067242 0.0001487652484379649

1745521349
0.10772019942589516 0.01601450370146548 0.0013597220123885783

1745521350
0.09550031466331026 0.010541220893643802 0.0004719949653870359

1745521351
0.12558211735485875 0.01272896615957777 0.0009313877677739833

1745521352
0.13722763096893834 0.015453562046051614 0.0003090712409210323

1745521353
0.13418725221103994 0.01662092101250381 0.00015248551387618176

1745521354
0.12217194570135746 0.01493212669683258 0.00030165912518853697

1745521355
0.11816258688425506 0.013599274705349048 0.00045330915684496827

1745521356
0.12237272302662307 0.013078000934142924 0.00031138097462245055

1745521357
0.11397946859903382 0.01373792270531401 0.00030193236714975844

1745521358
0.115648331555691 0.01432271826908426 0.00030473868657626083

1745521359
0.11187179088221565 0.012447487163528862 0.0

1745521360
0.11185024752475248 0.013149752475247524 0.0001547029702970297

1745521361
0.10494388838337883 0.011525629360024265 0.00030330603579011223

1745521362
0.11474388914837304 0.012455238984898023 0.00015569048731122528

1745521363
0.10409448818897638 0.013070866141732284 0.0009448818897637795

1745521364
0.1261167361524717 0.014145324597974985 0.0008933889219773674

1745521365
0.11022138483278379 0.010519704820222955 0.0001570105197048202

1745521366
0.12188449848024316 0.015501519756838906 0.00015197568389057752

1745521367
0.11534839924670433 0.013025737602008789 0.001098556183301946

1745521368
0.16202334630350196 0.0222568093385214 0.0001556420233463035

1745521369
0.15924576136903817 0.018222151798447155 0.0009507209633972429

1745521370
0.20006242197253432 0.02902621722846442 0.001560549313358302

1745521371
0.19559228650137742 0.018212427303336394 0.00030609121518212427

1745521372
0.15782333433825746 0.015526077781127525 0.00015073861923424781

1745521373
0.1365571776155718 0.017487834549878345 0.0007603406326034064

1745521374
0.1810712592826671 0.03223258018644336 0.003950071101279823

1745521375
0.17306174009158376 0.03047528817306174 0.0022106426654034425

1745521376
0.20287141073657927 0.03885767790262172 0.0046816479400749065

1745521377
0.17551963048498845 0.03868360277136259 0.00447459584295612

1745521378
0.1731669266770671 0.024648985959438378 0.0026521060842433697

1745521379
0.16294573643410853 0.019689922480620153 0.0007751937984496124

1745521381
0.17230320699708454 0.019970845481049562 0.0002915451895043732

1745521382
0.14624749576205887 0.01571890892279242 0.0007705347511172754

1745521383
0.1879056514168118 0.026594902643659966 0.0009498179515592844

1745521384
0.1334981458590853 0.019159456118665017 0.0007725587144622991

1745521385
0.1812829253176325 0.018593120545398203 0.0

1745521386
0.17813765182186234 0.018893387314439947 0.000449842555105713

1745521387
0.15579311429020595 0.02436723785568307 0.0

1745521388
0.1576677078685111 0.022162724973969955 0.0025286330507214043

1745521389
0.17308823529411765 0.0325 0.004705882352941176

1745521390
0.18536804308797128 0.03201675643327349 0.005236385397965291

1745521391
0.19453254795348135 0.03186829784020541 0.007551729346020239

1745521392
0.18897391847571451 0.03717007652662814 0.020927690145244416

1745521393
0.2052918287937743 0.0354863813229572 0.018832684824902725

1745521394
0.19069257286117205 0.03494202444374804 0.023816985271074897

1745521395
0.1954656862745098 0.0390625 0.014246323529411764

1745521396
0.21987218502738892 0.03454047474132684 0.033627510651247715

1745521397
0.21801232897308676 0.03608479927830401 0.03232596602014735

1745521398
0.17069788938530273 0.03481743953165922 0.008319211215529193

1745521399
0.19318181818181818 0.02786425902864259 0.0014009962640099626

1745521400
0.19868057686406873 0.031144522859772938 0.003068425897514575

1745521401
0.12904761904761905 0.02746031746031746 0.029047619047619048

1745521402
0.17221807318894697 0.028827483196415236 0.017326362957430917

1745521403
0.16374190064794816 0.01997840172786177 0.0006749460043196544

1745521404
0.09195940671350507 0.022794691647150665 0.009523809523809525

1745521406
0.09300467876298071 0.02076914298756134 0.01551979915554034

1745521407
0.08084022915340547 0.02514322087842139 0.01639083386378103

1745521408
0.07889344262295082 0.018149882903981264 0.012002341920374707

1745521410
0.0629934347211834 0.017784426161389512 0.015956120668162554

1745521411
0.06453643947741225 0.015268377144656068 0.0158980009444357

1745521412
0.06458202388434947 0.014613450659962288 0.016813324952859837

1745521413
0.06490233144297416 0.0165406427221172 0.0165406427221172

1745521414
0.06278520849724627 0.014948859166011016 0.017623918174665618

1745521415
0.06435877261998427 0.014791502753737215 0.016365066876475216

1745521416
0.05698992443324937 0.017632241813602016 0.011964735516372796

1745521417
0.050290743360050294 0.015873015873015872 0.0007857928650007858

1745521418
0.05387152505104445 0.015548924140097377 0.002198837757185488

1745521419
0.05253224284366153 0.017772884554891476 0.009436929852154765

1745521420
0.04110448697834954 0.01584562284279887 0.018042045811107625

1745521421
0.03280489719039397 0.01648092921048501 0.024485951969863445

1745521422
0.0277168806764798 0.0031318509238960224 0.02912621359223301

1745521423
0.02208992636691211 0.002036659877800407 0.030393232022559925

1745521424
0.022709475332811275 0.001879404855129209 0.027094753328112765

1745521425
0.02332498434564809 0.002504696305572949 0.028960551033187225

1745521426
0.02410392862732822 0.0025043042729691657 0.028173423070903116

1745521427
0.02237171464330413 0.002190237797246558 0.030037546933667083

1745521428
0.02192638997650744 0.002192638997650744 0.02928739232576351

1745521429
0.03022709475332811 0.004385277995301488 0.023335943617854345

1745521430
0.024581180522937215 0.0026616564897447943 0.02974792547361829

1745521431
0.02116319172284057 0.007994983539739771 0.030098761561373255

1745521432
0.012361132843060554 0.002816460647785949 0.03004224690971679

1745521433
0.013642778736082798 0.003606711619883958 0.027912811666928022

1745521434
0.01330828244872397 0.0018788163457022077 0.03021762956004384

1745521435
0.06713836477987421 0.004088050314465409 0.025628930817610064

1745521436
0.12946708463949844 0.0032915360501567397 0.02304075235109718

1745521437
0.022062275074323266 0.004224690971678924 0.01987169457048975

1745521438
0.028996865203761754 0.0029780564263322882 0.0020376175548589342

1745521439
0.02535211267605634 0.0026604068857589984 0.0

1745521440
0.030892269092049552 0.00250901677904971 0.00015681354869060687

1745521441
0.05123369479805123 0.007386452931007387 0.00015715857300015716

1745521442
0.03115216030056356 0.003287413901064496 0.0

1745521443
0.03101503759398496 0.002976190476190476 0.0

1745521444
0.049067251920363694 0.007994983539739771 0.004546167110832419

1745521445
0.03623529411764706 0.00611764705882353 0.00015686274509803922

1745521446
0.03699639441918796 0.0067408684746825525 0.0

1745521447
0.07363607694733522 0.010091453800063072 0.0

1745521448
0.025046963055729492 0.002504696305572949 0.00015654351909830932

1745521449
0.030721003134796237 0.002664576802507837 0.00015673981191222572

1745521450
0.046813840613746674 0.0037576326914044154 0.0

1745521451
0.09627525252525253 0.010890151515151516 0.0003156565656565657

1745521452
0.025360050093926112 0.0034439574201628053 0.00031308703819661864

1745521453
0.028065224208215743 0.012229539040451553 0.008936970837253057

1745521454
0.027912811666928022 0.011133761957033087 0.006272541947624275

1745521455
0.029628468411976798 0.003605580812039505 0.0

1745521456
0.02399247294966285 0.004547592912027599 0.0017249490355966755

1745521457
0.027277002664994512 0.003605580812039505 0.0

1745521458
0.026047387415659814 0.0072179507296406716 0.00031382394476698575

1745521459
0.024328990739287397 0.00549364307016167 0.0

1745521460
0.0133187088686932 0.00266374177373864 0.00015669069257286117

1745521461
0.012713859676659865 0.0025113796892167633 0.0

1745521462
0.013488080301129234 0.003136762860727729 0.0

1745521463
0.012237213680577345 0.0028239723878255413 0.0

1745521464
0.24826935179358087 0.009282567652611706 0.0

1745521465
0.10278440731901352 0.014319809069212411 0.0015910898965791568

1745521466
0.014885615794421811 0.0031338138514572234 0.0007834534628643058

1745521467
0.01644479248238058 0.0028191072826938136 0.0

1745521468
0.027277002664994512 0.004075873961435962 0.00031352876626430476

1745521469
0.023193856762262967 0.0034477354646607113 0.0

1745521470
0.012206572769953052 0.0020344287949921754 0.00015649452269170578

1745521471
0.025367992483557783 0.0034450360162856246 0.0014093329157532101

1745521472
0.005477308294209703 0.0010954616588419405 0.0

1745521473
0.006259780907668232 0.0012519561815336462 0.0

1745521474
0.03951701427003293 0.003449898071193351 0.0

1745521475
0.023001095290251915 0.002034110467845408 0.00015647003598810827

1745521476
0.022232660090809455 0.0017222483168936903 0.0

1745521477
0.020983401190103352 0.001096147823363608 0.0006263701847792045

1745521478
0.02194013477511362 0.004544742203416392 0.0012537219871493496

1745521479
0.010175328741390106 0.001408891671884784 0.00015654351909830932

1745521480
0.00798747063429914 0.0007830853563038371 0.0

1745521481
0.006886836750665206 0.0010956331194240101 0.0

1745521482
0.007673034763545255 0.001252740369558409 0.0

1745521483
0.007829627309740057 0.001096147823363608 0.0

1745521484
0.006733479486376448 0.001096147823363608 0.0

1745521485
0.0289650853295757 0.0026616564897447943 0.0

1745521486
0.11067193675889328 0.012332015810276679 0.0011067193675889327

1745521487
0.011413383364602877 0.0025015634771732333 0.0

1745521488
0.009879253567508232 0.0020385761329778894 0.00015681354869060687

1745521489
0.006739811912225706 0.001567398119122257 0.0

1745521490
0.009244750861798809 0.0021936696960200563 0.0

1745521491
0.007046664578766051 0.0017225180081428123 0.0

1745521492
0.006733479486376448 0.001252740369558409 0.0

1745521493
0.007510561727429197 0.0015647003598810829 0.0

1745521494
0.009953343701399688 0.002177293934681182 0.0013996889580093312

1745521495
0.014814814814814815 0.003309692671394799 0.002048857368006304

1745521496
0.022271016311166875 0.00486198243412798 0.00047051442910915934

1745521497
0.010478573662808884 0.0015639662183296842 0.0

1745521498
0.00782105427811669 0.0012513686844986705 0.00015642108556233381

1745521499
0.007673034763545255 0.001252740369558409 0.0

1745521500
0.0081415374980429 0.0012525442304681385 0.0

1745521501
0.007514088916718848 0.0010958046336881652 0.0

1745521502
0.01511609786504597 0.001714196665108306 0.0

1745521503
0.03179099779666352 0.003934529430280139 0.00047214353163361664

1745521504
0.00907242296261536 0.0009385265133740028 0.0

1745521505
0.008453350031308704 0.0010958046336881652 0.0

1745521506
0.011443799968647124 0.0028217588963787427 0.002194701363850133

1745521507
0.02991386061080658 0.0028191072826938136 0.0

1745521508
0.016896120150187734 0.0020337922403003755 0.00031289111389236547

1745521509
0.018788163457022077 0.0034444966337873807 0.0003131360576170346

1745521510
0.01252740369558409 0.001252740369558409 0.0

1745521511
0.009238960225493267 0.0017225180081428123 0.0

1745521512
0.00940144155437167 0.0012535255405828893 0.0

1745521513
0.015350877192982455 0.003132832080200501 0.0003132832080200501

1745521514
0.013629954566818111 0.0021933260222465924 0.00015666614444618518

1745521515
0.03385579937304075 0.0020376175548589342 0.0

1745521516
0.06847809015234804 0.004711795193968902 0.00015705983979896342

1745521517
0.0036005009392611146 0.0006261740763932373 0.0

1745521518
0.0025039123630672924 0.00015649452269170578 0.00015649452269170578

1745521519
0.005010176921872554 0.0003131360576170346 0.0

1745521520
0.005161895823557016 0.0004692632566870014 0.0

1745521521
0.004846021572612162 0.0004689698296076286 0.0

1745521522
0.0061061531235321745 0.0006262721152340692 0.0

1745521523
0.0065686581169846735 0.0009383797309978105 0.0006255864873318737

1745521524
0.004224030037546934 0.00031289111389236547 0.0

1745521525
0.0035982478097622028 0.0006257822277847309 0.0

1745521526
0.006254886630179828 0.0004691164972634871 0.0

1745521527
0.0032863849765258214 0.00031298904538341156 0.00015649452269170578

1745521528
0.004691164972634871 0.0006254886630179827 0.0

1745521529
0.005483315055616481 0.0009399968666771111 0.0

1745521530
0.0064152714755124395 0.001095290251916758 0.0

1745521531
0.008300704776820673 0.001879404855129209 0.0

1745521532
0.00422866092404072 0.0006264682850430697 0.0

1745521533
0.008454673555659934 0.0017222483168936903 0.0

1745521534
0.014563106796116505 0.0017225180081428123 0.00031318509238960227

1745521535
0.008295507904210362 0.0014086711535451558 0.0

1745521536
0.005783961231827419 0.0014069094888228856 0.0

1745521537
0.012198936502971536 0.0014075695964967157 0.0

1745521538
0.014104372355430184 0.002194013477511362 0.0001567152483936687

1745521539
0.008289020957147326 0.001094776352830779 0.0

1745521540
0.005160281469898358 0.0006254886630179827 0.0

1745521541
0.009225957779515246 0.0014073494917904612 0.0

1745521542
0.013769363166953529 0.0018776404318572994 0.0

1745521543
0.017527386541471048 0.0014084507042253522 0.0

1745521544
0.007512912818907497 0.0018782282047268744 0.00015651901706057285

1745521545
0.008765064955392081 0.0007825950853028644 0.00015651901706057285

1745521546
0.008916001877053027 0.0012513686844986705 0.0

1745521547
0.008609893550407014 0.002504696305572949 0.0007827175954915466

1745521548
0.004848295276822021 0.00046918986549890525 0.0

1745521549
0.006416275430359938 0.0006259780907668231 0.00031298904538341156

1745521550
0.0061109370103415855 0.0007834534628643058 0.0

1745521551
0.017033911548679483 0.001562744178777934 0.0001562744178777934

1745521552
0.009547660040694945 0.0003130380341211457 0.0

1745521553
0.018159048215403883 0.001878522229179712 0.00015654351909830932

1745521554
0.010018785222291797 0.0010958046336881652 0.000939261114589856

1745521555
0.009073842302878598 0.001095118898623279 0.00015644555694618273

1745521556
0.007036747458952306 0.0001563721657544957 0.0001563721657544957

1745521557
0.00782472613458529 0.00046948356807511736 0.0

1745521558
0.009698107304864695 0.000782105427811669 0.00015642108556233381

1745521559
0.016585823814739477 0.0015647003598810829 0.0

1745521560
0.010327022375215147 0.0007823501799405414 0.00015647003598810827

1745521561
0.008290317534803691 0.0009385265133740028 0.0

1745521562
0.006096607784899171 0.0006252931061435048 0.0

1745521563
0.0035976849679336775 0.0006256843422493353 0.00015642108556233381

1745521564
0.00203125 0.00015625 0.0

1745521565
0.012995146391106936 0.0017222483168936903 0.0003131360576170346

1745521566
0.015341264871634314 0.002504696305572949 0.00015654351909830932

1745521567
0.00548073911681804 0.0031318509238960224 0.0

1745521568
0.0014066895904970304 0.00031259768677711783 0.0

1745521569
0.002816020025031289 0.00046933667083854817 0.00015644555694618273

1745521570
0.0017203628401626526 0.00031279324366593683 0.0

1745521571
0.0026566651039224877 0.0006250976715111736 0.0

1745521572
0.0035971223021582736 0.00015639662183296842 0.0

1745521573
0.006097560975609756 0.00031269543464665416 0.0

1745521574
0.011102423768569195 0.0007818608287724785 0.0

1745521575
0.010633307271305707 0.0003127443315089914 0.0001563721657544957

1745521576
0.005788485607008761 0.00046933667083854817 0.0

1745521577
0.005470459518599562 0.00046889653016567677 0.0

1745521578
0.009227400688145137 0.00046918986549890525 0.00015639662183296842

1745521579
0.012053850970569819 0.001408891671884784 0.0

1745521580
0.008607198748043818 0.0006259780907668231 0.00046948356807511736

1745521581
0.00782472613458529 0.00046948356807511736 0.0

1745521582
0.009382329945269743 0.0007818608287724785 0.0

1745521583
0.006726106679180353 0.0004692632566870014 0.0

1745521584
0.025191675794085433 0.0023470505398216243 0.0

1745521585
0.008445417578980294 0.00046918986549890525 0.00015639662183296842

1745521586
0.010806577916992952 0.001096319498825372 0.0

1745521587
0.019564877132571608 0.0026608232900297386 0.0003130380341211457

1745521588
0.013299953058989204 0.0014082303238929744 0.00031294007197621654

1745521589
0.009076682316118936 0.002190923317683881 0.00015649452269170578

1745521590
0.005477308294209703 0.000782472613458529 0.0

1745521591
0.005635566687539136 0.0007827175954915466 0.00031308703819661864

1745521592
0.006561474769567255 0.0010935791282612093 0.0

1745521593
0.016898763886715695 0.0017211703958691911 0.0

1745521594
0.0070389488503050214 0.0010949475989363367 0.0

1745521595
0.007351791021429689 0.0006256843422493353 0.00015642108556233381

1745521596
0.00688145136065061 0.0009383797309978105 0.0

1745521597
0.014544885830466063 0.001876759461995621 0.00015639662183296842

1745521598
0.012515644555694618 0.0020337922403003755 0.0

1745521599
0.0034401876465989054 0.0001563721657544957 0.0

1745521600
0.005317485142320926 0.00046918986549890525 0.0

1745521601
0.006252931061435048 0.0004689698296076286 0.0006252931061435048

1745521602
0.007516442217350454 0.002348888192922017 0.0

1745521603
0.003595997498436523 0.00031269543464665416 0.0

1745521604
0.006727158948685858 0.0015644555694618273 0.0

1745521605
0.012970776683856853 0.0012501953430223472 0.0

1745521606
0.011891722735096229 0.0018776404318572994 0.0

1745521607
0.014392991239048811 0.00172090112640801 0.00031289111389236547

1745521608
0.013441700531416068 0.0007814942169427947 0.0

1745521609
0.007977475363679024 0.0004692632566870014 0.0

1745521610
0.006566604127579738 0.00046904315196998124 0.0

1745521611
0.007505863956215794 0.0006254886630179827 0.0

1745521612
0.008441456932937314 0.000781616382679381 0.0

1745521613
0.007035647279549718 0.00031269543464665416 0.0

1745521614
0.007665832290362953 0.00031289111389236547 0.0

1745521615
0.01923979352416706 0.0012513686844986705 0.0

1745521616
0.007663434469815452 0.00046918986549890525 0.00015639662183296842

1745521617
0.008137715179968702 0.0006259780907668231 0.0

1745521618
0.008136441871381631 0.0009388202159286497 0.0

1745521619
0.03195488721804511 0.005169172932330827 0.0010964912280701754

1745521620
0.005791203631241196 0.0006260760682422914 0.00015651901706057285

1745521621
0.009375 0.0015625 0.0

1745521622
0.004852089528877759 0.0004695570511817186 0.0003130380341211457

1745521623
0.005783961231827419 0.0004689698296076286 0.0

1745521624
0.00453621148130768 0.0004692632566870014 0.0

1745521625
0.005 0.0003125 0.0

1745521626
0.00390991554582421 0.0007819831091648421 0.0

1745521627
0.008916001877053027 0.000782105427811669 0.00015642108556233381

1745521628
0.010012515644555695 0.001095118898623279 0.0

1745521629
0.018312724996087024 0.0031303803412114574 0.00015651901706057285

1745521630
0.004535502033156084 0.0007819831091648421 0.0

1745521631
0.003755868544600939 0.0006259780907668231 0.0

1745521632
0.007356393801846924 0.0007825950853028644 0.0

1745521633
0.00734604563926227 0.00046889653016567677 0.0

1745521634
0.018460575719649562 0.002346683354192741 0.00031289111389236547

1745521635
0.011424100156494523 0.001564945226917058 0.0

1745521636
0.005158668125683915 0.0004689698296076286 0.0

1745521637
0.002346683354192741 0.00015644555694618273 0.0

1745521638
0.002813379180994061 0.00031259768677711783 0.0

1745521639
0.0031269543464665416 0.0007817385866166354 0.0

1745521640
0.009541686219302362 0.0004692632566870014 0.00015642108556233381

1745521641
0.006100422336931018 0.0004692632566870014 0.0

1745521642
0.0053166536356528534 0.0004691164972634871 0.0

1745521643
0.004066948224620679 0.00031284217112466763 0.0

1745521644
0.0046875 0.00046875 0.0

1745521645
0.007509386733416771 0.00015644555694618273 0.00015644555694618273

1745521646
0.007036747458952306 0.0003127443315089914 0.0

1745521647
0.005939356048765239 0.0006251953735542357 0.0

1745521648
0.014698983580922595 0.0012509773260359655 0.0

1745521649
0.012982950101673706 0.0009385265133740028 0.0

1745521650
0.00453621148130768 0.0006256843422493353 0.0

1745521651
0.0067282115474886555 0.0006258801439524331 0.0

1745521652
0.001562744178777934 0.00046882325363338024 0.0

1745521653
0.004536921151439299 0.00046933667083854817 0.00031289111389236547

1745521654
0.006096607784899171 0.0004689698296076286 0.0

1745521655
0.006574827802128992 0.0010958046336881652 0.0

1745521656
0.0037564564094537487 0.0006260760682422914 0.0

1745521657
0.005317485142320926 0.00046918986549890525 0.0

1745521658
0.006885758998435055 0.00046948356807511736 0.0

1745521659
0.008453350031308704 0.0021916092673763305 0.00031308703819661864

1745521660
0.019227763013912772 0.002970142254181648 0.0

1745521661
0.16081825334382377 0.00896931549960661 0.00015735641227380016

1745521662
0.12284008796732643 0.00486961985548225 0.0

1745521663
0.12568735271013354 0.00408483896307934 0.0

1745521664
0.12837837837837837 0.0034569453174104338 0.0

1745521665
0.13311382878645345 0.0023518344308560675 0.0

1745521666
0.12627611119836657 0.004711795193968902 0.0

1745521667
0.13937774984286613 0.00785669390320553 0.0

1745521668
0.1342439943476213 0.0051813471502590676 0.0003140210394096404

1745521669
0.158290277125411 0.0056364490371066224 0.0

1745521670
0.10789556464296948 0.005976722239698019 0.0

1745521671
0.06124055415617129 0.005824937027707809 0.0

1745521672
0.016416510318949345 0.00031269543464665416 0.0

1745521673
0.01625507971241013 0.00046889653016567677 0.0

1745521674
0.01594497420665937 0.0003126465530717524 0.0

1745521675
0.015939990623534926 0.0003125488357555868 0.0

1745521676
0.028138189776457715 0.000781616382679381 0.0

1745521677
0.01876172607879925 0.0010944340212632896 0.00015634771732332708

1745521678
0.016880275085964364 0.00031259768677711783 0.0

1745521679
0.026912846189954622 0.001095290251916758 0.0

1745521680
0.019390148553557467 0.0006254886630179827 0.0

1745521681
0.018286964676461393 0.0006251953735542357 0.0

1745521682
0.015939990623534926 0.0003125488357555868 0.0001562744178777934

1745521683
0.016408813877168308 0.0006250976715111736 0.0

1745521684
0.01594248202563301 0.0006251953735542357 0.00031259768677711783

1745521685
0.016101297483195248 0.0003126465530717524 0.0001563232765358762

1745521686
0.01609878086902157 0.00031259768677711783 0.0

1745521687
0.01625507971241013 0.00031259768677711783 0.0

1745521688
0.01609375 0.00015625 0.0

1745521689
0.017510944340212633 0.0006253908692933083 0.0

1745521690
0.017203628401626526 0.0009383797309978105 0.00015639662183296842

1745521691
0.016096265041412722 0.0003125488357555868 0.0

1745521692
0.015939990623534926 0.0001562744178777934 0.0

1745521693
0.01594248202563301 0.00015629884338855892 0.0

1745521694
0.016411378555798686 0.00031259768677711783 0.0

1745521695
0.01876172607879925 0.0010944340212632896 0.00015634771732332708

1745521696
0.017192872772741483 0.0006251953735542357 0.0

1745521697
0.03394337556702644 0.0028155795401220087 0.0

1745521698
0.01890329635994376 0.0007811279487580066 0.0001562255897516013

1745521699
0.017988424839668386 0.00031284217112466763 0.0

1745521700
0.016413944036267 0.0003126465530717524 0.0

1745521701
0.0217425308931644 0.0010949475989363367 0.0

1745521702
0.02782989368355222 0.0010944340212632896 0.0

1745521703
0.016262705238467554 0.0003127443315089914 0.0

1745521704
0.016096265041412722 0.0003125488357555868 0.0001562744178777934

1745521705
0.016257620759731126 0.0003126465530717524 0.0

1745521706
0.01594746716697936 0.00031269543464665416 0.0

1745521707
0.016257620759731126 0.0003126465530717524 0.0

1745521708
0.019371973129198562 0.0009373535385096079 0.0

1745521709
0.017049898326294385 0.0004692632566870014 0.0

1745521710
0.028250351178398626 0.001404713594506009 0.00015607928827844546

1745521711
0.019098309329993738 0.002817783343769568 0.0

1745521712
0.02846418517360025 0.0032843290584923367 0.00015639662183296842

1745521714
0.01577556729872552 0.0019428038545228473 7.771215418091389e-05

