1748467843
0.0 0.0 0.0 3436

1748467844
0.0 0.0 0.0 2795

1748467845
0.0 0.0 0.0 2516

1748467846
0.0 0.0 0.0 3417

1748467847
0.0 0.0 0.0 4120

1748467848
0.0 0.0 0.0 3039

1748467849
0.0 0.0 0.0 2357

1748467850
0.0 0.0 0.0 4277

1748467851
0.0 0.0 0.0 2424

1748467852
0.0 0.0 0.0 2647

1748467853
0.0 0.0 0.0 2976

1748467854
0.0 0.0 0.0 3720

1748467855
0.0 0.0 0.0 2801

1748467856
0.0 0.0 0.0 2581

1748467857
0.0 0.0 0.0 2634

1748467858
0.0 0.0 0.0 2946

1748467859
0.0 0.0 0.0 2140

1748467860
0.0 0.0 0.0 2611

1748467861
0.0 0.0 0.0 4695

1748467862
0.0 0.0 0.0 3106

1748467864
0.0 0.0 0.0 3489

1748467865
0.0 0.0 0.0 4381

1748467866
0.0 0.0 0.0 2830

1748467867
0.0 0.0 0.0 5003

1748467868
0.0 0.0 0.0 3150

1748467869
0.0 0.0 0.0 3887

1748467870
0.0 0.0 0.0 4641

1748467871
0.0 0.0 0.0 2926

1748467872
0.0 0.0 0.0 2242

1748467873
0.0 0.0 0.0 2054

1748467874
0.0 0.0 0.0 2245

1748467875
0.0 0.0 0.0 2858

1748467876
0.0 0.0 0.0 3022

1748467877
0.0 0.0 0.0 1422

1748467878
0.0 0.0 0.0 1968

1748467879
0.0 0.0 0.0 2524

1748467880
0.0 0.0 0.0 3281

1748467881
0.0 0.0 0.0 2768

1748467882
0.0 0.0 0.0 2811

1748467883
0.0 0.0 0.0 2708

1748467884
0.0 0.0 0.0 4330

1748467885
0.0 0.0 0.0 4681

1748467886
0.0 0.0 0.0 4035

1748467887
0.0 0.0 0.0 3235

1748467888
0.0 0.0 0.0 2273

1748467889
0.0 0.0 0.0 2506

1748467890
0.0 0.0 0.0 1497

1748467891
0.0 0.0 0.0 3117

1748467892
0.0 0.0 0.0 1763

1748467893
0.0 0.0 0.0 2236

1748467894
0.0 0.0 0.0 1533

1748467895
0.0 0.0 0.0 3268

1748467896
0.0 0.0 0.0 3147

1748467897
0.0 0.0 0.0 2420

1748467898
0.0 0.0 0.0 2067

1748467899
0.0 0.0 0.0 2420

1748467900
0.0 0.0 0.0 2732

1748467901
0.0 0.0 0.0 2292

1748467902
0.0 0.0 0.0 2073

1748467903
0.0 0.0 0.0 2491

1748467904
0.0 0.0 0.0 2147

1748467905
0.0 0.0 0.0 3066

1748467906
0.0 0.0 0.0 3047

1748467907
0.0 0.0 0.0 1491

1748467908
0.0 0.0 0.0 2479

1748467909
0.0 0.0 0.0 3883

1748467910
0.0 0.0 0.0 3464

1748467911
0.0 0.0 0.0 2356

1748467912
0.0 0.0 0.0 2112

1748467913
0.0 0.0 0.0 2532

1748467914
0.0 0.0 0.0 2537

1748467915
0.0 0.0 0.0 2884

1748467916
0.0 0.0 0.0 6140

1748467917
0.0 0.0 0.0 4952

1748467918
0.0 0.0 0.0 2036

1748467919
0.0 0.0 0.0 2445

1748467920
0.0 0.0 0.0 2718

1748467921
0.0 0.0 0.0 2276

1748467922
0.0 0.0 0.0 1942

1748467923
0.0 0.0 0.0 2237

1748467924
0.0 0.0 0.0 3328

1748467925
0.0 0.0 0.0 1739

1748467926
0.0 0.0 0.0 1905

1748467927
0.0 0.0 0.0 4446

1748467928
0.0 0.0 0.0 10402

1748467929
0.0 0.0 0.0 2245

1748467930
0.0 0.0 0.0 3199

1748467931
0.0 0.0 0.0 3031

1748467932
0.0 0.0 0.0 2619

1748467933
0.0 0.0 0.0 1792

1748467934
0.0 0.0 0.0 1892

1748467935
0.0 0.0 0.0 1609

1748467936
0.0 0.0 0.0 1253

1748467937
0.0 0.0 0.0 1579

1748467938
0.0 0.0 0.0 1839

1748467939
0.0 0.0 0.0 2165

1748467940
0.0 0.0 0.0 2822

1748467941
0.0 0.0 0.0 2709

1748467942
0.0 0.0 0.0 2819

1748467943
0.0 0.0 0.0 2428

1748467944
0.0 0.0 0.0 3030

1748467945
0.0 0.0 0.0 8312

1748467946
0.0 0.0 0.0 826

1748467947
0.0 0.0 0.0 787

1748467948
0.0 0.0 0.0 1994

1748467949
0.0 0.0 0.0 2154

1748467950
0.0 0.0 0.0 2180

1748467951
0.0 0.0 0.0 2102

1748467952
0.0 0.0 0.0 2686

1748467953
0.0 0.0 0.0 2283

1748467954
0.0 0.0 0.0 2445

1748467955
0.0 0.0 0.0 2471

1748467956
0.0 0.0 0.0 2493

1748467957
0.0 0.0 0.0 3052

1748467958
0.0 0.0 0.0 3352

1748467959
0.0 0.0 0.0 2878

1748467960
0.0 0.0 0.0 2934

1748467961
0.0 0.0 0.0 2743

1748467962
0.0 0.0 0.0 2888

1748467963
0.0 0.0 0.0 2385

1748467964
0.0 0.0 0.0 2177

1748467965
0.0 0.0 0.0 2686

1748467966
0.0 0.0 0.0 2495

1748467967
0.0 0.0 0.0 3184

1748467968
0.0 0.0 0.0 2531

1748467969
0.0 0.0 0.0 2513

1748467970
0.0 0.0 0.0 2854

1748467971
0.0 0.0 0.0 3003

1748467972
0.0 0.0 0.0 3767

1748467973
0.0 0.0 0.0 2532

1748467974
0.0 0.0 0.0 1528

1748467975
0.0 0.0 0.0 2259

1748467976
0.0 0.0 0.0 1671

1748467977
0.0 0.0 0.0 2073

1748467978
0.0 0.0 0.0 1889

1748467979
0.0 0.0 0.0 1978

1748467980
0.0 0.0 0.0 1901

1748467981
0.0 0.0 0.0 1931

1748467982
0.0 0.0 0.0 2317

1748467983
0.0 0.0 0.0 2945

1748467984
0.0 0.0 0.0 3486

1748467985
0.0 0.0 0.0 2352

1748467986
0.0 0.0 0.0 3271

1748467987
0.0 0.0 0.0 2298

1748467988
0.0 0.0 0.0 2157

1748467989
0.0 0.0 0.0 2943

1748467990
0.0 0.0 0.0 3188

1748467991
0.0 0.0 0.0 2724

1748467992
0.0 0.0 0.0 2010

1748467993
0.0 0.0 0.0 2609

1748467994
0.0 0.0 0.0 2823

1748467995
0.0 0.0 0.0 2557

1748467996
0.0 0.0 0.0 3824

1748467997
0.0 0.0 0.0 2254

1748467998
0.0 0.0 0.0 3032

1748467999
0.0 0.0 0.0 2434

1748468000
0.0 0.0 0.0 2587

1748468001
0.0 0.0 0.0 2609

1748468002
0.0 0.0 0.0 2693

1748468003
0.0 0.0 0.0 7686

1748468004
0.0 0.0 0.0 2571

1748468005
0.0 0.0 0.0 1947

1748468006
0.0 0.0 0.0 2456

1748468007
0.0 0.0 0.0 2106

1748468008
0.0 0.0 0.0 2275

1748468009
0.0 0.0 0.0 2313

1748468010
0.0 0.0 0.0 2440

1748468011
0.0 0.0 0.0 1927

1748468012
0.0 0.0 0.0 2007

1748468013
0.0 0.0 0.0 2035

1748468014
0.0 0.0 0.0 2288

1748468015
0.0 0.0 0.0 2246

1748468016
0.0 0.0 0.0 2326

1748468017
0.0 0.0 0.0 2014

1748468018
0.0 0.0 0.0 1892

1748468019
0.0 0.0 0.0 2267

1748468020
0.0 0.0 0.0 2105

1748468021
0.0 0.0 0.0 2216

1748468022
0.0 0.0 0.0 2806

1748468023
0.0 0.0 0.0 2529

1748468024
0.0 0.0 0.0 2242

1748468025
0.0 0.0 0.0 3204

1748468026
0.0 0.0 0.0 2271

1748468027
0.0 0.0 0.0 3288

1748468028
0.0 0.0 0.0 3097

1748468029
0.0 0.0 0.0 2913

1748468030
0.0 0.0 0.0 3086

1748468031
0.0 0.0 0.0 2750

1748468032
0.0 0.0 0.0 3492

1748468033
0.0 0.0 0.0 2987

1748468034
0.0 0.0 0.0 3300

1748468035
0.0 0.0 0.0 3983

1748468036
0.0 0.0 0.0 2972

1748468037
0.0 0.0 0.0 2169

1748468038
0.0 0.0 0.0 2611

1748468039
0.0 0.0 0.0 2923

1748468040
0.0 0.0 0.0 2866

1748468041
0.0 0.0 0.0 3337

1748468042
0.0 0.0 0.0 7236

1748468043
0.0 0.0 0.0 24914

1748468044
0.18 0.03 0.0 12263

1748468045
0.18 0.03 0.0 5859

1748468046
0.14 0.03 0.0 2470

1748468047
0.14 0.03 0.0 2394

1748468048
0.12 0.02 0.0 2651

1748468049
0.12 0.02 0.0 2781

1748468050
0.09 0.02 0.0 3604

1748468051
0.09 0.02 0.0 2502

1748468052
0.08 0.02 0.0 1838

1748468053
0.08 0.02 0.0 3268

1748468054
0.06 0.02 0.0 3350

1748468055
0.06 0.02 0.0 3101

1748468056
0.05 0.02 0.0 2344

1748468057
0.05 0.02 0.0 2283

1748468058
0.04 0.02 0.0 2189

1748468059
0.04 0.02 0.0 2823

1748468060
0.03 0.02 0.0 3331

1748468061
0.03 0.02 0.0 2505

1748468062
0.02 0.02 0.0 2496

1748468063
0.02 0.02 0.0 2778

1748468064
0.02 0.02 0.0 2928

1748468065
0.02 0.02 0.0 2704

1748468066
0.01 0.02 0.0 2097

1748468067
0.01 0.02 0.0 1654

1748468068
0.01 0.02 0.0 826

1748468069
0.01 0.02 0.0 1134

1748468070
0.01 0.01 0.0 1147

1748468071
0.01 0.01 0.0 986

1748468072
0.0 0.01 0.0 1006

1748468073
0.0 0.01 0.0 919

1748468074
0.0 0.01 0.0 1006

1748468075
0.0 0.01 0.0 1211

1748468076
0.0 0.01 0.0 1250

1748468077
0.0 0.01 0.0 1260

1748468078
0.0 0.01 0.0 1168

1748468079
0.0 0.01 0.0 1108

1748468080
0.0 0.01 0.0 1171

1748468081
0.0 0.01 0.0 1246

1748468082
0.0 0.01 0.0 1103

1748468083
0.0 0.01 0.0 1089

1748468084
0.0 0.01 0.0 1018

1748468085
0.0 0.01 0.0 932

1748468086
0.0 0.01 0.0 1036

1748468087
0.0 0.01 0.0 1019

1748468088
0.0 0.01 0.0 1292

1748468089
0.0 0.01 0.0 976

1748468090
0.0 0.01 0.0 1263

1748468091
0.0 0.01 0.0 1202

1748468092
0.0 0.01 0.0 1231

1748468093
0.0 0.01 0.0 7603

1748468094
0.0 0.01 0.0 9294

1748468095
0.0 0.01 0.0 1032

1748468096
0.0 0.01 0.0 1163

1748468097
0.0 0.01 0.0 949

1748468098
0.0 0.0 0.0 974

1748468099
0.0 0.0 0.0 1105

1748468100
0.0 0.0 0.0 1235

1748468101
0.0 0.0 0.0 1662

1748468102
0.0 0.0 0.0 803

1748468103
0.0 0.0 0.0 710

1748468104
0.0 0.0 0.0 762

1748468105
0.0 0.0 0.0 629

1748468106
0.0 0.0 0.0 596

1748468107
0.0 0.0 0.0 742

1748468108
0.0 0.0 0.0 961

1748468109
0.0 0.0 0.0 1092

1748468110
0.0 0.0 0.0 2532

1748468111
0.0 0.0 0.0 1441

1748468112
0.0 0.0 0.0 830

1748468113
0.0 0.0 0.0 996

1748468114
0.0 0.0 0.0 827

1748468115
0.0 0.0 0.0 939

1748468116
0.0 0.0 0.0 1161

1748468117
0.0 0.0 0.0 1122

1748468118
0.0 0.0 0.0 3865

1748468119
0.0 0.0 0.0 1103

1748468120
0.0 0.0 0.0 1053

1748468121
0.0 0.0 0.0 1295

1748468122
0.0 0.0 0.0 9177

1748468123
0.0 0.0 0.0 22196

1748468124
0.18 0.03 0.0 22971

1748468125
0.18 0.03 0.0 9740

1748468126
0.32 0.06 0.01 11039

1748468127
0.32 0.06 0.01 10007

1748468128
0.45 0.09 0.02 5724

1748468129
0.45 0.09 0.02 1130

1748468130
0.36 0.09 0.02 1169

1748468131
0.36 0.09 0.02 2169

1748468132
0.3 0.09 0.01 1412

1748468133
0.3 0.09 0.01 2985

1748468134
0.24 0.08 0.01 2727

1748468135
0.24 0.08 0.01 6752

1748468136
0.2 0.08 0.01 8682

1748468137
0.2 0.08 0.01 2678

1748468138
0.16 0.08 0.01 1886

1748468139
0.16 0.08 0.01 1879

1748468140
0.13 0.08 0.01 2320

1748468141
0.13 0.08 0.01 1203

1748468142
0.11 0.07 0.01 2434

1748468143
0.11 0.07 0.01 2747

1748468144
0.09 0.07 0.01 2938

1748468145
0.09 0.07 0.01 3293

1748468146
0.07 0.07 0.01 3528

1748468147
0.07 0.07 0.01 3266

1748468148
0.06 0.06 0.01 2598

1748468149
0.06 0.06 0.01 2749

1748468150
0.04 0.06 0.01 2511

1748468151
0.04 0.06 0.01 2100

1748468152
0.03 0.06 0.01 3875

1748468153
0.03 0.06 0.01 2347

1748468154
0.03 0.06 0.01 2607

1748468155
0.03 0.06 0.01 2566

1748468156
0.02 0.05 0.01 2374

1748468157
0.02 0.05 0.01 2812

1748468158
0.02 0.05 0.01 2303

1748468159
0.02 0.05 0.01 7044

1748468160
0.01 0.05 0.01 2587

1748468161
0.01 0.05 0.01 2617

1748468162
0.01 0.05 0.01 3027

1748468163
0.01 0.05 0.01 2759

1748468164
0.01 0.05 0.01 3223

1748468165
0.01 0.05 0.01 3550

1748468166
0.0 0.04 0.01 2936

1748468167
0.0 0.04 0.01 2397

1748468168
0.0 0.04 0.01 2361

1748468169
0.0 0.04 0.01 1665

1748468170
0.0 0.04 0.01 1626

1748468171
0.0 0.04 0.01 2067

1748468172
0.0 0.04 0.0 3394

1748468173
0.0 0.04 0.0 2818

1748468174
0.0 0.04 0.0 2840

1748468175
0.0 0.04 0.0 3227

1748468176
0.0 0.04 0.0 2124

1748468177
0.0 0.04 0.0 2055

1748468178
0.0 0.03 0.0 2978

1748468179
0.0 0.03 0.0 2338

1748468180
0.0 0.03 0.0 3096

1748468181
0.0 0.03 0.0 2367

1748468182
0.0 0.03 0.0 2007

1748468183
0.0 0.03 0.0 2941

1748468184
0.0 0.03 0.0 2674

1748468185
0.0 0.03 0.0 2653

1748468186
0.0 0.03 0.0 2994

1748468187
0.0 0.03 0.0 2404

1748468188
0.0 0.03 0.0 2736

1748468189
0.0 0.03 0.0 2662

1748468190
0.0 0.03 0.0 3262

1748468191
0.0 0.03 0.0 2807

1748468192
0.0 0.02 0.0 2873

1748468193
0.0 0.02 0.0 2310

1748468194
0.0 0.02 0.0 3105

1748468195
0.0 0.02 0.0 2006

1748468196
0.0 0.02 0.0 2653

1748468197
0.0 0.02 0.0 2540

1748468198
0.0 0.02 0.0 2610

1748468199
0.0 0.02 0.0 2699

1748468200
0.0 0.02 0.0 2954

1748468201
0.0 0.02 0.0 3006

1748468202
0.0 0.02 0.0 2788

1748468203
0.0 0.02 0.0 2632

1748468204
0.0 0.02 0.0 2630

1748468205
0.0 0.02 0.0 1962

1748468206
0.0 0.02 0.0 2644

1748468207
0.0 0.02 0.0 2682

1748468208
0.0 0.02 0.0 2836

1748468209
0.0 0.02 0.0 2306

1748468210
0.0 0.02 0.0 2757

1748468211
0.0 0.02 0.0 3651

1748468212
0.0 0.01 0.0 2936

1748468213
0.0 0.01 0.0 3227

1748468214
0.0 0.01 0.0 3262

1748468215
0.0 0.01 0.0 3527

1748468216
0.0 0.01 0.0 2532

1748468217
0.0 0.01 0.0 3438

1748468218
0.0 0.01 0.0 3060

1748468219
0.0 0.01 0.0 3112

1748468220
0.0 0.01 0.0 3352

1748468221
0.0 0.01 0.0 2940

1748468222
0.0 0.01 0.0 2961

1748468223
0.0 0.01 0.0 3263

1748468224
0.0 0.01 0.0 3805

1748468225
0.0 0.01 0.0 2331

1748468226
0.0 0.01 0.0 3017

1748468227
0.0 0.01 0.0 3129

1748468228
0.0 0.01 0.0 2673

1748468229
0.0 0.01 0.0 3154

1748468230
0.0 0.01 0.0 2682

1748468231
0.0 0.01 0.0 2718

1748468232
0.0 0.01 0.0 2273

1748468233
0.0 0.01 0.0 3226

1748468234
0.0 0.01 0.0 3618

1748468235
0.0 0.01 0.0 2656

1748468236
0.0 0.01 0.0 2890

1748468237
0.0 0.01 0.0 1697

1748468238
0.0 0.01 0.0 1589

1748468239
0.0 0.01 0.0 2701

1748468240
0.0 0.01 0.0 2801

1748468241
0.0 0.01 0.0 3033

1748468242
0.0 0.0 0.0 3052

1748468243
0.0 0.0 0.0 2838

1748468244
0.0 0.0 0.0 2821

1748468245
0.0 0.0 0.0 2206

1748468246
0.0 0.0 0.0 3055

1748468247
0.0 0.0 0.0 3123

1748468248
0.0 0.0 0.0 3791

1748468249
0.0 0.0 0.0 3845

1748468250
0.0 0.0 0.0 3231

1748468251
0.0 0.0 0.0 2613

1748468252
0.0 0.0 0.0 3337

1748468253
0.0 0.0 0.0 3299

1748468254
0.0 0.0 0.0 2768

1748468255
0.0 0.0 0.0 1719

1748468256
0.0 0.0 0.0 3224

1748468257
0.0 0.0 0.0 2239

1748468258
0.0 0.0 0.0 3042

1748468259
0.0 0.0 0.0 2558

1748468260
0.0 0.0 0.0 3372

1748468261
0.0 0.0 0.0 2527

1748468262
0.0 0.0 0.0 2682

1748468263
0.0 0.0 0.0 2267

1748468264
0.0 0.0 0.0 2239

1748468265
0.0 0.0 0.0 2337

1748468266
0.0 0.0 0.0 2296

1748468267
0.0 0.0 0.0 2878

1748468268
0.0 0.0 0.0 2812

1748468269
0.0 0.0 0.0 4652

1748468270
0.0 0.0 0.0 2878

1748468271
0.0 0.0 0.0 2731

1748468272
0.0 0.0 0.0 2247

1748468273
0.0 0.0 0.0 2673

1748468274
0.0 0.0 0.0 1781

1748468275
0.0 0.0 0.0 3030

1748468276
0.0 0.0 0.0 2207

1748468277
0.0 0.0 0.0 2560

1748468278
0.0 0.0 0.0 2939

1748468279
0.0 0.0 0.0 2052

1748468280
0.0 0.0 0.0 2862

1748468281
0.0 0.0 0.0 1888

1748468282
0.0 0.0 0.0 3103

1748468283
0.0 0.0 0.0 3321

1748468284
0.0 0.0 0.0 3077

1748468285
0.0 0.0 0.0 2632

1748468286
0.0 0.0 0.0 2615

1748468287
0.0 0.0 0.0 2644

1748468288
0.0 0.0 0.0 3318

1748468289
0.0 0.0 0.0 3217

1748468290
0.0 0.0 0.0 3323

1748468291
0.0 0.0 0.0 3544

1748468292
0.0 0.0 0.0 2642

1748468293
0.0 0.0 0.0 2806

1748468294
0.0 0.0 0.0 3320

1748468295
0.0 0.0 0.0 3304

1748468296
0.0 0.0 0.0 3125

1748468297
0.0 0.0 0.0 1733

1748468298
0.0 0.0 0.0 2422

1748468299
0.0 0.0 0.0 2614

1748468300
0.0 0.0 0.0 3491

1748468301
0.0 0.0 0.0 3383

1748468302
0.0 0.0 0.0 3056

1748468303
0.0 0.0 0.0 3350

1748468304
0.0 0.0 0.0 3140

1748468305
0.0 0.0 0.0 2544

1748468306
0.0 0.0 0.0 2617

1748468307
0.0 0.0 0.0 1903

1748468308
0.0 0.0 0.0 2640

1748468309
0.0 0.0 0.0 2442

1748468310
0.0 0.0 0.0 2988

1748468311
0.0 0.0 0.0 3034

1748468312
0.0 0.0 0.0 3001

1748468313
0.0 0.0 0.0 2179

1748468314
0.0 0.0 0.0 2719

1748468315
0.0 0.0 0.0 2554

1748468316
0.0 0.0 0.0 3206

1748468317
0.0 0.0 0.0 2555

1748468318
0.0 0.0 0.0 2697

1748468319
0.0 0.0 0.0 3006

1748468320
0.0 0.0 0.0 4787

1748468321
0.0 0.0 0.0 2961

1748468322
0.0 0.0 0.0 3264

1748468323
0.0 0.0 0.0 2126

1748468324
0.0 0.0 0.0 2794

1748468325
0.0 0.0 0.0 2854

1748468326
0.0 0.0 0.0 2713

1748468327
0.0 0.0 0.0 2721

1748468328
0.0 0.0 0.0 2740

1748468329
0.0 0.0 0.0 2660

1748468330
0.0 0.0 0.0 3096

1748468331
0.0 0.0 0.0 2897

1748468332
0.0 0.0 0.0 3144

1748468333
0.0 0.0 0.0 3185

1748468334
0.0 0.0 0.0 2546

1748468335
0.0 0.0 0.0 3149

1748468336
0.0 0.0 0.0 3551

1748468337
0.0 0.0 0.0 3083

1748468338
0.0 0.0 0.0 2621

1748468339
0.0 0.0 0.0 3056

1748468340
0.0 0.0 0.0 2928

1748468341
0.0 0.0 0.0 3057

1748468342
0.0 0.0 0.0 2774

1748468343
0.0 0.0 0.0 2761

1748468344
0.0 0.0 0.0 3700

1748468345
0.0 0.0 0.0 3085

1748468346
0.0 0.0 0.0 2963

1748468347
0.0 0.0 0.0 3434

1748468348
0.0 0.0 0.0 3252

1748468349
0.0 0.0 0.0 2874

1748468350
0.0 0.0 0.0 3559

1748468351
0.0 0.0 0.0 3128

1748468352
0.0 0.0 0.0 2506

1748468353
0.0 0.0 0.0 3239

1748468354
0.0 0.0 0.0 3239

1748468355
0.0 0.0 0.0 2388

1748468356
0.0 0.0 0.0 1909

1748468357
0.0 0.0 0.0 1369

1748468358
0.0 0.0 0.0 2468

1748468359
0.0 0.0 0.0 2586

1748468360
0.0 0.0 0.0 4140

1748468361
0.0 0.0 0.0 2276

1748468362
0.0 0.0 0.0 2523

1748468363
0.0 0.0 0.0 3864

1748468364
0.0 0.0 0.0 3190

1748468365
0.0 0.0 0.0 2801

1748468366
0.0 0.0 0.0 2892

1748468367
0.0 0.0 0.0 2543

1748468368
0.0 0.0 0.0 3395

1748468369
0.0 0.0 0.0 3104

1748468370
0.0 0.0 0.0 3111

1748468371
0.0 0.0 0.0 2453

1748468372
0.0 0.0 0.0 2910

1748468373
0.0 0.0 0.0 2835

1748468374
0.0 0.0 0.0 3064

1748468375
0.0 0.0 0.0 3125

1748468376
0.0 0.0 0.0 2689

1748468377
0.0 0.0 0.0 2587

1748468378
0.0 0.0 0.0 3072

1748468379
0.0 0.0 0.0 2471

1748468380
0.0 0.0 0.0 2911

1748468381
0.0 0.0 0.0 2219

1748468382
0.0 0.0 0.0 2365

1748468383
0.0 0.0 0.0 2640

1748468384
0.0 0.0 0.0 2945

1748468385
0.0 0.0 0.0 2636

1748468386
0.0 0.0 0.0 2897

1748468387
0.0 0.0 0.0 2790

1748468388
0.0 0.0 0.0 2463

1748468389
0.0 0.0 0.0 3161

1748468390
0.0 0.0 0.0 2154

1748468391
0.0 0.0 0.0 1994

1748468392
0.0 0.0 0.0 3193

1748468393
0.0 0.0 0.0 3130

1748468394
0.0 0.0 0.0 2292

1748468395
0.0 0.0 0.0 3178

1748468396
0.0 0.0 0.0 2322

1748468397
0.0 0.0 0.0 2789

1748468398
0.0 0.0 0.0 2894

1748468399
0.0 0.0 0.0 2633

1748468400
0.0 0.0 0.0 2618

1748468401
0.0 0.0 0.0 1793

1748468402
0.0 0.0 0.0 2988

1748468403
0.0 0.0 0.0 2954

1748468404
0.0 0.0 0.0 8441

1748468405
0.0 0.0 0.0 3215

1748468406
0.0 0.0 0.0 3166

1748468407
0.0 0.0 0.0 3250

1748468408
0.0 0.0 0.0 3457

1748468409
0.0 0.0 0.0 2960

1748468410
0.0 0.0 0.0 3611

1748468411
0.0 0.0 0.0 2670

1748468412
0.0 0.0 0.0 2854

1748468413
0.0 0.0 0.0 3059

1748468414
0.0 0.0 0.0 2619

1748468415
0.0 0.0 0.0 3062

1748468416
0.0 0.0 0.0 2650

1748468417
0.0 0.0 0.0 2358

1748468418
0.0 0.0 0.0 2313

1748468419
0.0 0.0 0.0 3000

1748468420
0.0 0.0 0.0 3050

1748468421
0.0 0.0 0.0 2609

1748468422
0.0 0.0 0.0 2846

1748468423
0.0 0.0 0.0 3056

1748468424
0.0 0.0 0.0 3013

1748468425
0.0 0.0 0.0 3252

1748468426
0.0 0.0 0.0 2999

1748468427
0.0 0.0 0.0 3134

1748468428
0.0 0.0 0.0 3336

1748468429
0.0 0.0 0.0 2815

1748468430
0.0 0.0 0.0 3683

1748468431
0.0 0.0 0.0 2967

1748468432
0.0 0.0 0.0 3493

1748468433
0.0 0.0 0.0 3012

1748468434
0.0 0.0 0.0 3000

1748468435
0.0 0.0 0.0 3087

1748468436
0.0 0.0 0.0 2830

1748468437
0.0 0.0 0.0 2828

1748468438
0.0 0.0 0.0 2820

1748468439
0.0 0.0 0.0 2217

1748468440
0.0 0.0 0.0 2801

1748468441
0.0 0.0 0.0 3104

1748468442
0.0 0.0 0.0 3227

1748468443
0.0 0.0 0.0 3181

1748468444
0.0 0.0 0.0 3183

1748468445
0.0 0.0 0.0 2787

1748468446
0.0 0.0 0.0 2871

1748468447
0.0 0.0 0.0 11127

1748468448
0.18 0.03 0.0 16401

1748468449
0.18 0.03 0.0 5947

1748468450
0.14 0.03 0.0 4758

1748468451
0.14 0.03 0.0 2079

1748468452
0.12 0.02 0.0 8001

1748468453
0.12 0.02 0.0 12782

1748468454
0.28 0.06 0.01 17180

1748468455
0.28 0.06 0.01 17711

1748468456
0.41 0.09 0.01 12280

1748468457
0.41 0.09 0.01 8255

1748468458
0.33 0.08 0.01 10241

1748468459
0.33 0.08 0.01 8497

1748468460
0.27 0.08 0.01 10457

1748468461
0.27 0.08 0.01 9723

1748468462
0.4 0.11 0.02 17512

1748468463
0.4 0.11 0.02 17124

1748468464
0.51 0.14 0.03 6839

1748468465
0.51 0.14 0.03 10399

1748468466
0.42 0.14 0.03 7717

1748468467
0.42 0.14 0.03 18526

1748468468
0.52 0.16 0.03 3173

1748468469
0.52 0.16 0.03 9529

1748468470
0.43 0.16 0.03 15579

1748468471
0.43 0.16 0.03 13404

1748468472
0.53 0.19 0.04 9359

1748468473
0.53 0.19 0.04 9548

1748468474
0.43 0.18 0.04 8624

1748468475
0.43 0.18 0.04 6527

1748468476
0.35 0.17 0.04 12210

1748468477
0.35 0.17 0.04 5484

1748468478
0.29 0.17 0.04 5502

1748468479
0.29 0.17 0.04 12277

1748468480
0.23 0.16 0.04 9113

1748468481
0.23 0.16 0.04 18980

1748468482
0.37 0.19 0.04 6469

1748468483
0.37 0.19 0.04 10269

1748468484
0.49 0.22 0.05 23968

1748468485
0.49 0.22 0.05 17829

1748468486
0.76 0.27 0.07 24485

1748468487
0.76 0.27 0.07 14326

1748468488
0.8 0.3 0.07 26831

1748468489
0.8 0.3 0.07 19969

1748468490
0.84 0.32 0.08 12651

1748468491
0.84 0.32 0.08 16125

1748468492
0.87 0.34 0.08 13014

1748468493
0.87 0.34 0.08 21485

1748468494
0.89 0.37 0.09 15492

1748468495
0.89 0.37 0.09 15662

1748468496
0.91 0.39 0.1 16301

1748468497
0.91 0.39 0.1 8675

1748468498
0.92 0.41 0.1 15089

1748468499
0.92 0.41 0.1 16283

1748468500
0.94 0.43 0.11 14576

1748468501
0.94 0.43 0.11 18132

1748468502
0.95 0.44 0.12 16219

1748468503
0.95 0.44 0.12 21299

1748468504
1.14 0.5 0.13 30731

1748468505
1.14 0.5 0.13 26171

1748468506
1.29 0.54 0.14 28639

1748468507
1.29 0.54 0.14 35195

1748468508
1.6 0.63 0.16 43342

1748468509
1.6 0.63 0.16 34335

1748468510
1.85 0.7 0.18 12350

1748468511
1.85 0.7 0.18 14639

1748468512
1.7 0.71 0.19 27421

1748468513
1.7 0.71 0.19 21954

1748468514
1.75 0.75 0.2 24067

1748468515
1.75 0.75 0.2 26217

1748468516
1.8 0.8 0.21 26609

1748468517
1.8 0.8 0.21 22596

1748468518
1.83 0.84 0.23 3943

1748468519
1.83 0.84 0.23 681

1748468520
1.5 0.81 0.22 798

1748468521
1.5 0.81 0.22 1030

1748468522
1.23 0.78 0.22 975

1748468523
1.23 0.78 0.22 829

1748468524
1.0 0.75 0.22 921

1748468525
1.0 0.75 0.22 770

1748468526
0.82 0.73 0.22 932

1748468527
0.82 0.73 0.22 1536

1748468528
0.67 0.71 0.22 2835

1748468529
0.67 0.71 0.22 1957

1748468530
0.55 0.68 0.21 1505

1748468531
0.55 0.68 0.21 3382

1748468532
0.45 0.66 0.21 1743

1748468533
0.45 0.66 0.21 3565

1748468534
0.37 0.64 0.21 1921

1748468535
0.37 0.64 0.21 10897

1748468536
0.48 0.65 0.22 34740

1748468537
0.48 0.65 0.22 24747

1748468538
0.75 0.69 0.23 13037

1748468539
0.75 0.69 0.23 19123

1748468540
0.8 0.7 0.23 21991

1748468541
0.8 0.7 0.23 16564

1748468542
0.83 0.71 0.24 11802

1748468543
0.83 0.71 0.24 17556

1748468544
0.86 0.72 0.24 14637

1748468545
0.86 0.72 0.24 14834

1748468546
0.89 0.73 0.25 16135

1748468547
0.89 0.73 0.25 15466

1748468548
0.91 0.74 0.25 16006

1748468549
0.91 0.74 0.25 16239

1748468550
0.92 0.75 0.26 15311

1748468551
0.92 0.75 0.26 13305

1748468552
0.94 0.76 0.27 11455

1748468553
0.94 0.76 0.27 12879

1748468554
0.95 0.77 0.27 17261

1748468555
0.95 0.77 0.27 17770

1748468556
0.96 0.77 0.28 15609

1748468557
0.96 0.77 0.28 15694

1748468558
0.96 0.78 0.28 19706

1748468559
0.96 0.78 0.28 17770

1748468560
0.97 0.79 0.29 19915

1748468561
0.97 0.79 0.29 18204

1748468562
0.97 0.79 0.29 11334

1748468563
0.97 0.79 0.29 16732

1748468564
0.98 0.8 0.3 16165

1748468565
0.98 0.8 0.3 12000

1748468566
0.98 0.81 0.3 14596

1748468567
0.98 0.81 0.3 20061

1748468568
0.98 0.81 0.31 18350

1748468569
0.98 0.81 0.31 20413

1748468570
0.99 0.82 0.31 17822

1748468571
0.99 0.82 0.31 20356

1748468572
0.99 0.83 0.32 19629

1748468573
0.99 0.83 0.32 17754

1748468574
0.99 0.83 0.32 19683

1748468575
0.99 0.83 0.32 17173

1748468576
0.99 0.84 0.33 20393

1748468577
0.99 0.84 0.33 21623

1748468578
1.17 0.88 0.34 18007

1748468579
1.17 0.88 0.34 4314655

1748468580
1.14 0.88 0.34 20602

1748468581
1.14 0.88 0.34 21012

1748468582
1.3 0.92 0.35 20785

1748468583
1.3 0.92 0.35 16054

1748468584
1.24 0.92 0.36 16627

1748468585
1.24 0.92 0.36 16033

1748468586
1.2 0.92 0.36 13079

1748468587
1.2 0.92 0.36 15978

1748468588
1.16 0.92 0.37 18974

1748468589
1.16 0.92 0.37 17386

1748468590
1.13 0.93 0.37 16925

1748468591
1.13 0.93 0.37 4308779

1748468592
1.1 0.93 0.38 14384

1748468593
1.1 0.93 0.38 16999

1748468594
1.08 0.93 0.38 19503

1748468595
1.08 0.93 0.38 17860

1748468596
1.07 0.93 0.38 15577

1748468597
1.07 0.93 0.38 14944

1748468598
1.05 0.94 0.39 13475

1748468599
1.05 0.94 0.39 18387

1748468600
1.04 0.94 0.39 16714

1748468601
1.04 0.94 0.39 16996

1748468602
1.03 0.94 0.4 18588

1748468603
1.03 0.94 0.4 13929

1748468604
1.03 0.94 0.4 17507

1748468605
1.03 0.94 0.4 17426

1748468606
1.02 0.94 0.41 18049

1748468607
1.02 0.94 0.41 18137

1748468608
1.02 0.95 0.41 18913

1748468609
1.02 0.95 0.41 16390

1748468610
1.01 0.95 0.41 19165

1748468611
1.01 0.95 0.41 19070

1748468612
1.01 0.95 0.42 17671

1748468613
1.01 0.95 0.42 19295

1748468614
1.01 0.95 0.42 16173

1748468615
1.01 0.95 0.42 18051

1748468616
1.0 0.95 0.43 19608

1748468617
1.0 0.95 0.43 19810

1748468618
1.0 0.95 0.43 18052

1748468619
1.0 0.95 0.43 20647

1748468620
1.18 0.99 0.44 21800

1748468621
1.18 0.99 0.44 6356

1748468622
0.97 0.96 0.44 582

1748468623
0.97 0.96 0.44 493

1748468624
0.79 0.92 0.44 586

1748468625
0.79 0.92 0.44 390

1748468626
0.65 0.89 0.43 503

1748468627
0.65 0.89 0.43 606

1748468628
0.53 0.86 0.43 3001

1748468629
0.53 0.86 0.43 550

1748468630
0.43 0.84 0.43 322

1748468631
0.43 0.84 0.43 510

1748468632
0.35 0.81 0.42 536

1748468633
0.35 0.81 0.42 1003

1748468634
0.29 0.78 0.42 1760

1748468635
0.29 0.78 0.42 2132

1748468636
0.23 0.75 0.42 2643

1748468637
0.23 0.75 0.42 2284

1748468638
0.19 0.73 0.41 5233

1748468639
0.19 0.73 0.41 3211

1748468640
0.15 0.71 0.41 4735

1748468641
0.15 0.71 0.41 3528

1748468642
0.13 0.68 0.41 3953

1748468643
0.13 0.68 0.41 2155

1748468644
0.1 0.66 0.4 1480

1748468645
0.1 0.66 0.4 3933

1748468646
0.08 0.64 0.4 3524

1748468647
0.08 0.64 0.4 2968

1748468648
0.07 0.62 0.4 3088

1748468649
0.07 0.62 0.4 2960

1748468650
0.05 0.6 0.4 2793

1748468651
0.05 0.6 0.4 1247

1748468652
0.04 0.58 0.39 776

1748468653
0.04 0.58 0.39 3982

1748468654
0.03 0.56 0.39 3408

1748468655
0.03 0.56 0.39 2748

1748468656
0.03 0.54 0.39 4395

1748468657
0.03 0.54 0.39 1545

1748468658
0.02 0.52 0.38 1145

1748468659
0.02 0.52 0.38 3212

1748468660
0.02 0.5 0.38 4928

1748468661
0.02 0.5 0.38 2531

1748468662
0.01 0.49 0.38 4608

1748468663
0.01 0.49 0.38 2984

1748468664
0.01 0.47 0.37 3646

1748468665
0.01 0.47 0.37 2397

1748468666
0.01 0.45 0.37 2938

1748468667
0.01 0.45 0.37 2853

1748468668
0.0 0.44 0.37 3432

1748468669
0.0 0.44 0.37 3236

1748468670
0.0 0.42 0.37 3988

1748468671
0.0 0.42 0.37 3717

1748468672
0.0 0.41 0.36 3748

1748468673
0.0 0.41 0.36 3063

1748468674
0.0 0.4 0.36 4226

1748468675
0.0 0.4 0.36 3630

1748468676
0.0 0.38 0.36 3018

1748468677
0.0 0.38 0.36 3415

1748468678
0.0 0.37 0.35 4068

1748468679
0.0 0.37 0.35 2984

1748468680
0.0 0.36 0.35 3613

1748468681
0.0 0.36 0.35 3083

1748468682
0.0 0.35 0.35 3994

1748468683
0.0 0.35 0.35 3449

1748468684
0.0 0.33 0.35 3839

1748468685
0.0 0.33 0.35 3336

1748468686
0.0 0.32 0.34 4293

1748468687
0.0 0.32 0.34 2912

1748468688
0.0 0.31 0.34 2989

1748468689
0.0 0.31 0.34 2842

1748468690
0.0 0.3 0.34 2791

1748468691
0.0 0.3 0.34 2469

1748468692
0.0 0.29 0.34 3618

1748468693
0.0 0.29 0.34 3554

1748468694
0.0 0.28 0.33 4237

1748468695
0.0 0.28 0.33 3170

1748468696
0.0 0.27 0.33 2959

1748468697
0.0 0.27 0.33 3406

1748468698
0.0 0.26 0.33 866

1748468699
0.0 0.26 0.33 1415

1748468700
0.0 0.25 0.33 3187

1748468701
0.0 0.25 0.33 1561

1748468702
0.0 0.24 0.32 2030

1748468703
0.0 0.24 0.32 1295

1748468704
0.0 0.24 0.32 1304

1748468705
0.0 0.24 0.32 3071

1748468706
0.0 0.23 0.32 2449

1748468707
0.0 0.23 0.32 1439

1748468708
0.0 0.22 0.32 1377

1748468709
0.0 0.22 0.32 1168

1748468710
0.0 0.21 0.31 381

1748468711
0.0 0.21 0.31 1957

1748468712
0.0 0.2 0.31 950

1748468713
0.0 0.2 0.31 3363

1748468714
0.0 0.2 0.31 3635

1748468715
0.0 0.2 0.31 3408

1748468716
0.0 0.19 0.31 1427

1748468717
0.0 0.19 0.31 1235

1748468718
0.0 0.18 0.31 1045

1748468719
0.0 0.18 0.31 2919

1748468720
0.0 0.18 0.3 3401

1748468721
0.0 0.18 0.3 2635

1748468722
0.0 0.17 0.3 3799

1748468723
0.0 0.17 0.3 2701

1748468724
0.0 0.16 0.3 3218

1748468725
0.0 0.16 0.3 3202

1748468726
0.0 0.16 0.3 3196

1748468727
0.0 0.16 0.3 4014

1748468728
0.0 0.15 0.29 3362

1748468729
0.0 0.15 0.29 2151

1748468730
0.0 0.15 0.29 1117

1748468731
0.0 0.15 0.29 1893

1748468732
0.0 0.14 0.29 1330

1748468733
0.0 0.14 0.29 1277

1748468734
0.0 0.14 0.29 1758

1748468735
0.0 0.14 0.29 2000

1748468736
0.0 0.13 0.28 2973

1748468737
0.0 0.13 0.28 2690

1748468738
0.0 0.13 0.28 3381

1748468739
0.0 0.13 0.28 3630

1748468740
0.0 0.12 0.28 3371

1748468741
0.0 0.12 0.28 2926

1748468742
0.0 0.12 0.28 3501

1748468743
0.0 0.12 0.28 3372

1748468744
0.0 0.12 0.27 2057

1748468745
0.0 0.12 0.27 1995

1748468746
0.0 0.11 0.27 2150

1748468747
0.0 0.11 0.27 3220

1748468748
0.0 0.11 0.27 2838

1748468749
0.0 0.11 0.27 2800

1748468750
0.0 0.1 0.27 2809

1748468751
0.0 0.1 0.27 1602

1748468752
0.0 0.1 0.27 1774

1748468753
0.0 0.1 0.27 2169

1748468754
0.0 0.1 0.27 2606

1748468755
0.0 0.1 0.27 1562

1748468756
0.0 0.09 0.26 1642

1748468757
0.0 0.09 0.26 2348

1748468758
0.0 0.09 0.26 1252

1748468759
0.0 0.09 0.26 2345

1748468760
0.0 0.09 0.26 2815

1748468761
0.0 0.09 0.26 2267

1748468762
0.0 0.08 0.26 1870

1748468763
0.0 0.08 0.26 3875

1748468764
0.0 0.08 0.26 2465

1748468765
0.0 0.08 0.26 2448

1748468766
0.0 0.08 0.25 2221

1748468767
0.0 0.08 0.25 2869

1748468768
0.0 0.07 0.25 2973

1748468769
0.0 0.07 0.25 3613

1748468770
0.0 0.07 0.25 4199

1748468771
0.0 0.07 0.25 1158

1748468772
0.0 0.07 0.25 2594

1748468773
0.0 0.07 0.25 3713

1748468774
0.0 0.06 0.25 2498

1748468775
0.0 0.06 0.25 2774

1748468776
0.0 0.06 0.24 3312

1748468777
0.0 0.06 0.24 1137

1748468778
0.0 0.06 0.24 1127

1748468779
0.0 0.06 0.24 2886

1748468780
0.0 0.06 0.24 2759

1748468781
0.0 0.06 0.24 2857

1748468782
0.0 0.06 0.24 1917

1748468783
0.0 0.06 0.24 1366

1748468784
0.0 0.05 0.24 2813

1748468785
0.0 0.05 0.24 1757

1748468786
0.0 0.05 0.23 1528

1748468787
0.0 0.05 0.23 1792

1748468788
0.0 0.05 0.23 2350

1748468789
0.0 0.05 0.23 1764

1748468790
0.0 0.05 0.23 2452

1748468791
0.0 0.05 0.23 1656

1748468792
0.0 0.04 0.23 2375

1748468793
0.0 0.04 0.23 2691

1748468794
0.0 0.04 0.23 3392

1748468795
0.0 0.04 0.23 3112

1748468796
0.0 0.04 0.22 3446

1748468797
0.0 0.04 0.22 3595

1748468798
0.0 0.04 0.22 3516

1748468799
0.0 0.04 0.22 3583

1748468800
0.0 0.04 0.22 3474

1748468801
0.0 0.04 0.22 3433

1748468802
0.0 0.04 0.22 2346

1748468803
0.0 0.04 0.22 1031

1748468804
0.0 0.03 0.22 2456

1748468805
0.0 0.03 0.22 1137

1748468806
0.0 0.03 0.21 2531

1748468807
0.0 0.03 0.21 17326

1748468808
0.18 0.06 0.22 23821

1748468809
0.18 0.06 0.22 7403

1748468810
0.32 0.1 0.22 4214

1748468811
0.32 0.1 0.22 14419

1748468812
0.45 0.13 0.23 15055

1748468813
0.45 0.13 0.23 16061

1748468814
0.55 0.15 0.24 4311497

1748468815
0.55 0.15 0.24 12683

1748468816
0.63 0.18 0.24 8886

1748468817
0.63 0.18 0.24 7299

1748468818
0.51 0.18 0.24 13598

1748468819
0.51 0.18 0.24 11398

1748468820
0.6 0.2 0.24 15842

1748468821
0.6 0.2 0.24 13419

1748468822
0.67 0.23 0.25 12800

1748468823
0.67 0.23 0.25 11573

1748468824
0.73 0.25 0.26 11869

1748468825
0.73 0.25 0.26 13360

1748468826
0.78 0.28 0.26 13024

1748468827
0.78 0.28 0.26 9657

1748468828
0.64 0.27 0.26 4831

1748468829
0.64 0.27 0.26 11825

1748468830
0.52 0.26 0.26 7643

1748468831
0.52 0.26 0.26 7440

1748468832
0.42 0.25 0.25 3143

1748468833
0.42 0.25 0.25 2138

1748468834
0.35 0.24 0.25 653

1748468835
0.35 0.24 0.25 189

1748468836
0.28 0.23 0.25 1002

1748468837
0.28 0.23 0.25 1382

1748468838
0.23 0.23 0.25 1068

1748468839
0.23 0.23 0.25 170

1748468840
0.19 0.22 0.25 575

1748468841
0.19 0.22 0.25 145

1748468842
0.15 0.21 0.25 407

1748468843
0.15 0.21 0.25 124

1748468844
0.12 0.2 0.24 145

1748468845
0.12 0.2 0.24 71

1748468846
0.1 0.2 0.24 200

1748468847
0.1 0.2 0.24 167

1748468849
0.08 0.19 0.24 383

1748468850
0.07 0.18 0.24 888

1748468851
0.07 0.18 0.24 203

1748468852
0.05 0.18 0.24 134

1748468853
0.05 0.18 0.24 82

1748468854
0.04 0.17 0.23 3357

1748468855
0.04 0.17 0.23 253

1748468856
0.03 0.16 0.23 132

1748468857
0.03 0.16 0.23 159

1748468859
0.03 0.16 0.23 287

1748468860
0.02 0.15 0.23 113

1748468861
0.02 0.15 0.23 116

1748468862
0.02 0.15 0.23 152

1748468863
0.02 0.15 0.23 71

1748468864
0.01 0.14 0.22 114

1748468865
0.01 0.14 0.22 134

1748468866
0.01 0.14 0.22 104

1748468867
0.01 0.14 0.22 139

1748468868
0.01 0.13 0.22 135

1748468869
0.01 0.13 0.22 89

1748468870
0.0 0.13 0.22 126

1748468871
0.0 0.13 0.22 84

1748468872
0.0 0.12 0.22 260

1748468873
0.0 0.12 0.22 211

1748468874
0.0 0.12 0.21 533

1748468875
0.0 0.12 0.21 251

1748468876
0.0 0.11 0.21 382

1748468877
0.0 0.11 0.21 178

1748468878
0.0 0.11 0.21 81

1748468879
0.0 0.11 0.21 164

1748468880
0.0 0.11 0.21 2070

1748468881
0.0 0.11 0.21 231

1748468882
0.0 0.1 0.21 211

1748468883
0.0 0.1 0.21 78

1748468884
0.0 0.1 0.2 632

1748468885
0.0 0.1 0.2 95

1748468886
0.0 0.1 0.2 326

1748468887
0.0 0.1 0.2 250

1748468888
0.0 0.09 0.2 395

1748468889
0.0 0.09 0.2 176

1748468890
0.0 0.09 0.2 2188

1748468891
0.0 0.09 0.2 659

1748468892
0.0 0.08 0.2 1605

1748468893
0.0 0.08 0.2 202

1748468894
0.0 0.08 0.2 775

1748468895
0.0 0.08 0.2 350

1748468897
0.0 0.08 0.2 2053

1748468898
0.0 0.08 0.19 1302

1748468899
0.0 0.08 0.19 438

1748468900
0.0 0.07 0.19 1003

1748468901
0.0 0.07 0.19 299

1748468902
0.0 0.07 0.19 854

1748468903
0.0 0.07 0.19 330

1748468904
0.0 0.07 0.19 163

1748468905
0.0 0.07 0.19 64

1748468906
0.0 0.06 0.19 138

1748468907
0.0 0.06 0.19 202

1748468908
0.0 0.06 0.19 80

1748468909
0.0 0.06 0.19 200

1748468910
0.0 0.06 0.19 71

1748468911
0.0 0.06 0.19 870

1748468912
0.0 0.06 0.18 169

1748468913
0.0 0.06 0.18 133

1748468914
0.0 0.05 0.18 313

1748468915
0.0 0.05 0.18 299

1748468916
0.0 0.05 0.18 184

1748468917
0.0 0.05 0.18 93

1748468919
0.0 0.05 0.18 259

1748468920
0.0 0.05 0.18 490

1748468921
0.0 0.05 0.18 290

1748468922
0.0 0.05 0.18 145

1748468923
0.0 0.05 0.18 145

1748468924
0.0 0.04 0.18 145

1748468925
0.0 0.04 0.18 62

1748468926
0.0 0.04 0.17 632

1748468927
0.0 0.04 0.17 96

1748468928
0.0 0.04 0.17 922

1748468929
0.0 0.04 0.17 187

1748468930
0.0 0.04 0.17 739

1748468931
0.0 0.04 0.17 87

1748468932
0.0 0.04 0.17 554

1748468933
0.0 0.04 0.17 101

1748468934
0.0 0.04 0.17 106

1748468935
0.0 0.04 0.17 164

1748468937
0.0 0.03 0.17 187

1748468938
0.0 0.03 0.17 609

1748468939
0.0 0.03 0.17 82

1748468940
0.0 0.03 0.16 224

1748468942
0.0 0.03 0.16 275

1748468943
0.0 0.03 0.16 128

1748468944
0.0 0.03 0.16 104

1748468945
0.0 0.03 0.16 545

1748468947
0.0 0.03 0.16 251

1748468948
0.0 0.03 0.16 94

1748468949
0.0 0.03 0.16 169

1748468950
0.0 0.02 0.16 236

1748468951
0.0 0.02 0.16 322

1748468952
0.0 0.02 0.16 222

1748468953
0.0 0.02 0.16 281

1748468954
0.0 0.02 0.15 90

1748468955
0.0 0.02 0.15 239

1748468956
0.0 0.02 0.15 308

1748468957
0.0 0.02 0.15 640

1748468958
0.0 0.02 0.15 1762

1748468959
0.0 0.02 0.15 492

1748468960
0.0 0.02 0.15 155

1748468961
0.0 0.02 0.15 174

1748468962
0.0 0.02 0.15 167

1748468963
0.0 0.02 0.15 336

1748468964
0.0 0.02 0.15 775

1748468965
0.0 0.02 0.15 233

1748468966
0.0 0.02 0.14 212

1748468967
0.0 0.02 0.14 190

1748468968
0.0 0.02 0.14 716

1748468969
0.0 0.02 0.14 236

1748468970
0.0 0.01 0.14 237

1748468971
0.0 0.01 0.14 63

1748468972
0.0 0.01 0.14 1430

1748468974
0.0 0.01 0.14 1639

1748468975
0.0 0.01 0.14 430

1748468976
0.0 0.01 0.14 94

1748468977
0.0 0.01 0.14 180

1748468978
0.0 0.01 0.14 489

1748468979
0.0 0.01 0.14 485

1748468980
0.0 0.01 0.14 136

1748468981
0.0 0.01 0.14 374

1748468982
0.0 0.01 0.13 147

1748468983
0.0 0.01 0.13 414

1748468984
0.0 0.01 0.13 90

1748468985
0.0 0.01 0.13 262

1748468986
0.0 0.01 0.13 172

1748468987
0.0 0.01 0.13 160

1748468988
0.0 0.01 0.13 1463

1748468989
0.0 0.01 0.13 615

1748468990
0.0 0.01 0.13 869

1748468991
0.0 0.01 0.13 118

1748468992
0.0 0.01 0.13 301

1748468993
0.0 0.01 0.13 67

1748468995
0.0 0.01 0.13 209

1748468996
0.0 0.01 0.13 480

1748468997
0.0 0.01 0.13 1563

1748468998
0.0 0.01 0.13 121

1748468999
0.0 0.01 0.13 109

1748469000
0.0 0.0 0.13 130

1748469001
0.0 0.0 0.13 186

1748469002
0.0 0.0 0.12 131

1748469003
0.0 0.0 0.12 68

1748469004
0.0 0.0 0.12 2524

1748469005
0.0 0.0 0.12 58

1748469006
0.0 0.0 0.12 75

1748469007
0.0 0.0 0.12 63

1748469008
0.0 0.0 0.12 389

1748469009
0.0 0.0 0.12 81

1748469010
0.0 0.0 0.12 1270

1748469012
0.0 0.0 0.12 1411

1748469013
0.0 0.0 0.12 583

1748469014
0.0 0.0 0.12 492

1748469015
0.0 0.0 0.12 315

1748469016
0.0 0.0 0.12 549

1748469017
0.0 0.0 0.12 782

1748469018
0.0 0.0 0.12 705

1748469019
0.0 0.0 0.12 136

1748469020
0.0 0.0 0.12 375

1748469021
0.0 0.0 0.12 198

1748469022
0.0 0.0 0.12 619

1748469023
0.0 0.0 0.12 156

1748469024
0.0 0.0 0.11 308

1748469025
0.0 0.0 0.11 325

1748469026
0.0 0.0 0.11 308

1748469027
0.0 0.0 0.11 204

1748469029
0.0 0.0 0.11 472

1748469030
0.0 0.0 0.11 280

1748469031
0.0 0.0 0.11 122

1748469032
0.0 0.0 0.11 210

1748469033
0.0 0.0 0.11 1661

1748469034
0.0 0.0 0.11 283

1748469035
0.0 0.0 0.11 424

1748469036
0.0 0.0 0.11 171

1748469037
0.0 0.0 0.11 236

1748469038
0.0 0.0 0.11 84

1748469039
0.0 0.0 0.11 53

1748469040
0.0 0.0 0.11 61

1748469041
0.0 0.0 0.11 107

1748469042
0.0 0.0 0.11 73

1748469043
0.0 0.0 0.11 366

1748469044
0.0 0.0 0.1 135

1748469045
0.0 0.0 0.1 58

1748469046
0.0 0.0 0.1 271

1748469047
0.0 0.0 0.1 86

1748469048
0.0 0.0 0.1 162

1748469049
0.0 0.0 0.1 413

1748469050
0.0 0.0 0.1 74

1748469051
0.0 0.0 0.1 809

1748469052
0.0 0.0 0.1 2103

1748469053
0.0 0.0 0.1 95

1748469054
0.0 0.0 0.1 592

1748469055
0.0 0.0 0.1 93

1748469056
0.0 0.0 0.1 130

1748469057
0.0 0.0 0.1 75

1748469058
0.0 0.0 0.1 116

1748469059
0.0 0.0 0.1 64

1748469060
0.0 0.0 0.1 291

1748469061
0.0 0.0 0.1 76

1748469062
0.0 0.0 0.1 104

1748469063
0.0 0.0 0.1 65

1748469064
0.0 0.0 0.09 152

1748469065
0.0 0.0 0.09 622

1748469066
0.0 0.0 0.09 168

1748469067
0.0 0.0 0.09 154

1748469068
0.0 0.0 0.09 141

1748469069
0.0 0.0 0.09 71

1748469070
0.0 0.0 0.09 3109

1748469071
0.0 0.0 0.09 564

1748469073
0.0 0.0 0.09 290

1748469074
0.0 0.0 0.09 2021

1748469075
0.0 0.0 0.09 1953

1748469076
0.0 0.0 0.09 716

1748469077
0.0 0.0 0.09 375

1748469078
0.0 0.0 0.09 718

1748469079
0.0 0.0 0.09 282

1748469080
0.0 0.0 0.09 171

1748469081
0.0 0.0 0.09 262

1748469082
0.0 0.0 0.09 107

1748469083
0.0 0.0 0.09 1762

1748469084
0.0 0.0 0.08 2106

1748469085
0.0 0.0 0.08 160

1748469086
0.0 0.0 0.08 633

1748469087
0.0 0.0 0.08 419

1748469088
0.0 0.0 0.08 65

1748469089
0.0 0.0 0.08 1709

1748469090
0.0 0.0 0.08 225

1748469091
0.0 0.0 0.08 453

1748469092
0.0 0.0 0.08 123

1748469093
0.0 0.0 0.08 2317

1748469094
0.0 0.0 0.08 82

1748469095
0.0 0.0 0.08 285

1748469096
0.0 0.0 0.08 286

1748469097
0.0 0.0 0.08 132

1748469098
0.0 0.0 0.08 175

1748469099
0.0 0.0 0.08 186

1748469100
0.0 0.0 0.08 416

1748469101
0.0 0.0 0.08 201

1748469102
0.0 0.0 0.08 196

1748469103
0.0 0.0 0.08 110

1748469104
0.0 0.0 0.08 99

1748469105
0.0 0.0 0.08 66

1748469106
0.0 0.0 0.07 103

1748469107
0.0 0.0 0.07 120

1748469108
0.0 0.0 0.07 571

1748469109
0.0 0.0 0.07 115

1748469110
0.0 0.0 0.07 142

1748469111
0.0 0.0 0.07 804

1748469112
0.0 0.0 0.07 2255

1748469113
0.0 0.0 0.07 121

1748469115
0.0 0.0 0.07 193

1748469116
0.0 0.0 0.07 264

1748469117
0.0 0.0 0.07 1675

1748469118
0.0 0.0 0.07 148

1748469120
0.0 0.0 0.07 201

1748469121
0.0 0.0 0.07 1737

1748469122
0.0 0.0 0.07 85

1748469123
0.0 0.0 0.07 1269

1748469124
0.0 0.0 0.07 568

1748469125
0.0 0.0 0.07 188

1748469126
0.0 0.0 0.07 75

1748469127
0.0 0.0 0.07 249

1748469128
0.0 0.0 0.06 1011

1748469129
0.0 0.0 0.06 167

1748469130
0.0 0.0 0.06 2891

1748469131
0.0 0.0 0.06 593

1748469132
0.0 0.0 0.06 116

1748469133
0.0 0.0 0.06 100

1748469134
0.0 0.0 0.06 218

1748469135
0.0 0.0 0.06 128

1748469136
0.0 0.0 0.06 434

1748469137
0.0 0.0 0.06 576

1748469138
0.0 0.0 0.06 798

1748469139
0.0 0.0 0.06 201

1748469140
0.0 0.0 0.06 1961

1748469141
0.0 0.0 0.06 621

1748469142
0.0 0.0 0.06 67

1748469143
0.0 0.0 0.06 1311

1748469144
0.0 0.0 0.06 2763

1748469145
0.0 0.0 0.06 284

1748469146
0.0 0.0 0.06 202

1748469147
0.0 0.0 0.06 298

1748469149
0.0 0.0 0.06 694

1748469150
0.0 0.0 0.06 112

1748469151
0.0 0.0 0.06 240

1748469152
0.0 0.0 0.06 95

1748469154
0.0 0.0 0.06 750

1748469155
0.0 0.0 0.06 200

1748469156
0.0 0.0 0.06 240

1748469157
0.0 0.0 0.06 152

1748469158
0.0 0.0 0.06 96

1748469159
0.0 0.0 0.06 575

1748469160
0.0 0.0 0.06 69

1748469161
0.0 0.0 0.06 1446

1748469162
0.0 0.0 0.06 178

1748469163
0.0 0.0 0.06 62

1748469164
0.0 0.0 0.06 83

1748469165
0.0 0.0 0.06 73

1748469166
0.0 0.0 0.06 783

1748469167
0.0 0.0 0.06 228

1748469168
0.0 0.0 0.06 106

1748469170
0.0 0.0 0.05 435

1748469171
0.0 0.0 0.05 488

1748469172
0.0 0.0 0.05 76

1748469173
0.0 0.0 0.05 264

1748469174
0.0 0.0 0.05 125

1748469175
0.0 0.0 0.05 88

1748469177
0.0 0.0 0.05 488

1748469178
0.0 0.0 0.05 273

1748469179
0.0 0.0 0.05 273

1748469180
0.0 0.0 0.05 703

1748469182
0.0 0.0 0.05 400

1748469183
0.0 0.0 0.05 88

1748469184
0.0 0.0 0.05 87

1748469185
0.0 0.0 0.05 121

1748469186
0.0 0.0 0.05 81

1748469187
0.0 0.0 0.05 247

1748469188
0.0 0.0 0.05 130

1748469189
0.0 0.0 0.05 87

1748469190
0.0 0.0 0.05 155

1748469191
0.0 0.0 0.05 4042

1748469192
0.0 0.0 0.05 276

1748469193
0.0 0.0 0.05 258

1748469194
0.0 0.0 0.05 132

1748469195
0.0 0.0 0.05 1826

1748469196
0.0 0.0 0.05 1732

1748469197
0.0 0.0 0.05 623

1748469198
0.0 0.0 0.05 354

1748469199
0.0 0.0 0.05 1086

1748469200
0.0 0.0 0.05 1826

1748469201
0.0 0.0 0.05 199

1748469202
0.0 0.0 0.05 198

1748469203
0.0 0.0 0.05 186

1748469204
0.0 0.0 0.05 900

1748469205
0.0 0.0 0.05 512

1748469206
0.0 0.0 0.05 751

1748469207
0.0 0.0 0.05 205

1748469208
0.0 0.0 0.05 264

1748469209
0.0 0.0 0.05 64

1748469210
0.0 0.0 0.04 83

1748469211
0.0 0.0 0.04 371

1748469212
0.0 0.0 0.04 104

1748469213
0.0 0.0 0.04 987

1748469214
0.0 0.0 0.04 147

1748469215
0.0 0.0 0.04 62

1748469216
0.0 0.0 0.04 104

1748469217
0.0 0.0 0.04 86

1748469218
0.0 0.0 0.04 146

1748469219
0.0 0.0 0.04 556

1748469220
0.0 0.0 0.04 103

1748469221
0.0 0.0 0.04 161

1748469222
0.0 0.0 0.04 129

1748469223
0.0 0.0 0.04 1724

1748469224
0.0 0.0 0.04 105

1748469225
0.0 0.0 0.04 493

1748469226
0.0 0.0 0.04 84

1748469227
0.0 0.0 0.04 60

1748469228
0.0 0.0 0.04 1449

1748469229
0.0 0.0 0.04 188

1748469230
0.0 0.0 0.04 80

1748469231
0.0 0.0 0.04 110

1748469232
0.0 0.0 0.04 194

1748469233
0.0 0.0 0.04 194

1748469234
0.0 0.0 0.04 145

1748469235
0.0 0.0 0.04 345

1748469236
0.0 0.0 0.04 129

1748469237
0.0 0.0 0.04 69

1748469238
0.0 0.0 0.04 110

1748469239
0.0 0.0 0.04 149

1748469240
0.0 0.0 0.04 120

1748469241
0.0 0.0 0.04 163

1748469242
0.0 0.0 0.04 100

1748469243
0.0 0.0 0.04 321

1748469244
0.0 0.0 0.04 114

1748469245
0.0 0.0 0.04 472

1748469246
0.0 0.0 0.04 72

1748469247
0.0 0.0 0.04 77

1748469248
0.0 0.0 0.04 59

1748469249
0.0 0.0 0.04 1434

1748469250
0.0 0.0 0.04 3131

1748469251
0.0 0.0 0.04 706

1748469253
0.0 0.0 0.03 111

1748469254
0.0 0.0 0.03 84

1748469255
0.0 0.0 0.03 169

1748469256
0.0 0.0 0.03 1552

1748469257
0.0 0.0 0.03 354

1748469258
0.0 0.0 0.03 987

1748469259
0.0 0.0 0.03 327

1748469260
0.0 0.0 0.03 144

1748469261
0.0 0.0 0.03 150

1748469262
0.0 0.0 0.03 100

1748469263
0.0 0.0 0.03 62

1748469264
0.0 0.0 0.03 1632

1748469265
0.0 0.0 0.03 243

1748469266
0.0 0.0 0.03 154

1748469267
0.0 0.0 0.03 837

1748469268
0.0 0.0 0.03 1241

1748469269
0.0 0.0 0.03 57

1748469270
0.0 0.0 0.03 254

