1748467843
0.0 0.01 0.0 294

1748467844
0.0 0.01 0.0 819

1748467845
0.0 0.01 0.0 208

1748467846
0.0 0.01 0.0 785

1748467847
0.0 0.01 0.0 279

1748467848
0.0 0.01 0.0 534

1748467849
0.0 0.01 0.0 342

1748467850
0.0 0.01 0.0 1618

1748467851
0.0 0.01 0.0 556

1748467852
0.0 0.01 0.0 238

1748467853
0.0 0.0 0.0 1464

1748467854
0.0 0.0 0.0 1431

1748467855
0.0 0.0 0.0 32

1748467856
0.0 0.0 0.0 640

1748467857
0.0 0.0 0.0 708

1748467858
0.0 0.0 0.0 310

1748467859
0.0 0.0 0.0 10

1748467860
0.0 0.0 0.0 210

1748467861
0.0 0.0 0.0 445

1748467862
0.0 0.0 0.0 0

1748467864
0.0 0.0 0.0 1436

1748467865
0.0 0.0 0.0 756

1748467866
0.0 0.0 0.0 206

1748467867
0.0 0.0 0.0 250

1748467868
0.0 0.0 0.0 5499

1748467869
0.0 0.0 0.0 243

1748467870
0.0 0.0 0.0 1865

1748467871
0.0 0.0 0.0 88

1748467872
0.0 0.0 0.0 0

1748467873
0.0 0.0 0.0 4

1748467874
0.0 0.0 0.0 367

1748467875
0.0 0.0 0.0 337

1748467876
0.0 0.0 0.0 438

1748467877
0.0 0.0 0.0 176

1748467878
0.0 0.0 0.0 329

1748467879
0.0 0.0 0.0 964

1748467880
0.0 0.0 0.0 474

1748467881
0.0 0.0 0.0 531

1748467882
0.0 0.0 0.0 71

1748467883
0.0 0.0 0.0 104

1748467884
0.0 0.0 0.0 316

1748467885
0.0 0.0 0.0 1612

1748467886
0.0 0.0 0.0 454

1748467887
0.0 0.0 0.0 555

1748467888
0.0 0.0 0.0 137

1748467889
0.0 0.0 0.0 1199

1748467890
0.0 0.0 0.0 0

1748467891
0.0 0.0 0.0 2882

1748467892
0.0 0.0 0.0 362

1748467893
0.0 0.0 0.0 0

1748467894
0.0 0.0 0.0 1822

1748467895
0.0 0.0 0.0 360

1748467896
0.0 0.0 0.0 2863

1748467897
0.0 0.0 0.0 433

1748467898
0.0 0.0 0.0 0

1748467899
0.0 0.0 0.0 4

1748467900
0.0 0.0 0.0 75

1748467901
0.0 0.0 0.0 2016

1748467902
0.0 0.0 0.0 2220

1748467903
0.0 0.0 0.0 667

1748467904
0.0 0.0 0.0 652

1748467905
0.0 0.0 0.0 0

1748467906
0.0 0.0 0.0 249

1748467907
0.0 0.0 0.0 176

1748467908
0.0 0.0 0.0 0

1748467909
0.0 0.0 0.0 2188

1748467910
0.0 0.0 0.0 686

1748467911
0.0 0.0 0.0 116

1748467912
0.0 0.0 0.0 2133

1748467913
0.0 0.0 0.0 0

1748467914
0.0 0.0 0.0 0

1748467915
0.0 0.0 0.0 3756

1748467916
0.0 0.0 0.0 389

1748467917
0.0 0.0 0.0 313

1748467918
0.0 0.0 0.0 0

1748467919
0.0 0.0 0.0 0

1748467920
0.0 0.0 0.0 0

1748467921
0.0 0.0 0.0 111

1748467922
0.0 0.0 0.0 3483

1748467923
0.0 0.0 0.0 0

1748467924
0.0 0.0 0.0 3804

1748467925
0.0 0.0 0.0 2268

1748467926
0.0 0.0 0.0 0

1748467927
0.0 0.0 0.0 342

1748467928
0.0 0.0 0.0 292

1748467929
0.0 0.0 0.0 125

1748467930
0.0 0.0 0.0 0

1748467931
0.0 0.0 0.0 582

1748467932
0.0 0.0 0.0 1862

1748467933
0.0 0.0 0.0 3126

1748467934
0.0 0.0 0.0 0

1748467935
0.0 0.0 0.0 0

1748467936
0.0 0.0 0.0 2912

1748467937
0.0 0.0 0.0 0

1748467938
0.0 0.0 0.0 5

1748467939
0.0 0.0 0.0 0

1748467940
0.0 0.0 0.0 0

1748467941
0.0 0.0 0.0 846

1748467942
0.0 0.0 0.0 196

1748467943
0.0 0.0 0.0 3210

1748467944
0.0 0.0 0.0 0

1748467945
0.0 0.0 0.0 1041

1748467946
0.0 0.0 0.0 0

1748467947
0.0 0.0 0.0 0

1748467948
0.0 0.0 0.0 781

1748467949
0.0 0.0 0.0 0

1748467950
0.0 0.0 0.0 3210

1748467951
0.0 0.0 0.0 415

1748467952
0.0 0.0 0.0 0

1748467953
0.0 0.0 0.0 125

1748467954
0.0 0.0 0.0 0

1748467955
0.0 0.0 0.0 4254

1748467956
0.0 0.0 0.0 1050

1748467957
0.0 0.0 0.0 0

1748467958
0.0 0.0 0.0 522

1748467959
0.0 0.0 0.0 0

1748467960
0.0 0.0 0.0 5551

1748467961
0.0 0.0 0.0 96

1748467962
0.0 0.0 0.0 0

1748467963
0.0 0.0 0.0 990

1748467964
0.0 0.0 0.0 5265

1748467965
0.0 0.0 0.0 43

1748467966
0.0 0.0 0.0 0

1748467967
0.0 0.0 0.0 0

1748467968
0.0 0.0 0.0 0

1748467969
0.0 0.0 0.0 138

1748467970
0.0 0.0 0.0 3876

1748467971
0.0 0.0 0.0 214

1748467972
0.0 0.0 0.0 0

1748467973
0.0 0.0 0.0 0

1748467974
0.0 0.0 0.0 2588

1748467975
0.0 0.0 0.0 4417

1748467976
0.0 0.0 0.0 5

1748467977
0.0 0.0 0.0 0

1748467978
0.0 0.0 0.0 0

1748467979
0.0 0.0 0.0 739

1748467980
0.0 0.0 0.0 2624

1748467981
0.0 0.0 0.0 493

1748467982
0.0 0.0 0.0 0

1748467983
0.0 0.0 0.0 0

1748467984
0.0 0.0 0.0 12313

1748467985
0.0 0.0 0.0 0

1748467986
0.0 0.0 0.0 133

1748467987
0.0 0.0 0.0 0

1748467988
0.0 0.0 0.0 0

1748467989
0.0 0.0 0.0 6094

1748467990
0.0 0.0 0.0 5372

1748467991
0.0 0.0 0.0 353

1748467992
0.0 0.0 0.0 100

1748467993
0.0 0.0 0.0 0

1748467994
0.0 0.0 0.0 1026

1748467995
0.0 0.0 0.0 14805

1748467996
0.0 0.0 0.0 2880

1748467997
0.0 0.0 0.0 0

1748467998
0.0 0.0 0.0 0

1748467999
0.0 0.0 0.0 0

1748468000
0.0 0.0 0.0 0

1748468001
0.0 0.0 0.0 3739

1748468002
0.0 0.0 0.0 0

1748468003
0.0 0.0 0.0 427

1748468004
0.0 0.0 0.0 1

1748468005
0.0 0.0 0.0 891

1748468006
0.0 0.0 0.0 0

1748468007
0.0 0.0 0.0 0

1748468008
0.0 0.0 0.0 4757

1748468009
0.0 0.0 0.0 193

1748468010
0.0 0.0 0.0 137

1748468011
0.0 0.0 0.0 104

1748468012
0.0 0.0 0.0 0

1748468013
0.0 0.0 0.0 2465

1748468014
0.0 0.0 0.0 0

1748468015
0.0 0.0 0.0 0

1748468016
0.0 0.0 0.0 151

1748468017
0.0 0.0 0.0 0

1748468018
0.0 0.0 0.0 2590

1748468019
0.0 0.0 0.0 152

1748468020
0.0 0.0 0.0 0

1748468021
0.0 0.0 0.0 0

1748468022
0.0 0.0 0.0 0

1748468023
0.0 0.0 0.0 3337

1748468024
0.0 0.0 0.0 129

1748468025
0.0 0.0 0.0 0

1748468026
0.0 0.0 0.0 5479

1748468027
0.0 0.0 0.0 0

1748468028
0.0 0.0 0.0 4405

1748468029
0.0 0.0 0.0 0

1748468030
0.0 0.0 0.0 743

1748468031
0.0 0.0 0.0 431

1748468032
0.0 0.0 0.0 1186

1748468033
0.0 0.0 0.0 4413

1748468034
0.0 0.0 0.0 0

1748468035
0.0 0.0 0.0 0

1748468036
0.0 0.0 0.0 167

1748468037
0.0 0.0 0.0 3384

1748468038
0.0 0.0 0.0 219

1748468039
0.0 0.0 0.0 0

1748468040
0.0 0.0 0.0 0

1748468041
0.0 0.0 0.0 591

1748468042
0.0 0.0 0.0 406

1748468043
0.0 0.0 0.0 548

1748468044
0.0 0.0 0.0 1278

1748468045
0.0 0.0 0.0 1906

1748468046
0.0 0.0 0.0 0

1748468047
0.0 0.0 0.0 0

1748468048
0.0 0.0 0.0 0

1748468049
0.0 0.0 0.0 175

1748468050
0.0 0.0 0.0 1585

1748468051
0.0 0.0 0.0 3692

1748468052
0.0 0.0 0.0 0

1748468053
0.0 0.0 0.0 0

1748468054
0.0 0.0 0.0 0

1748468055
0.0 0.0 0.0 2820

1748468056
0.0 0.0 0.0 2093

1748468057
0.0 0.0 0.0 1300

1748468058
0.0 0.0 0.0 0

1748468059
0.0 0.0 0.0 0

1748468060
0.0 0.0 0.0 0

1748468061
0.0 0.0 0.0 8805

1748468062
0.0 0.0 0.0 0

1748468063
0.0 0.0 0.0 0

1748468064
0.0 0.0 0.0 0

1748468065
0.0 0.0 0.0 0

1748468066
0.0 0.0 0.0 1929

1748468067
0.0 0.0 0.0 52

1748468068
0.0 0.0 0.0 1616

1748468069
0.0 0.0 0.0 0

1748468070
0.0 0.0 0.0 0

1748468071
0.0 0.0 0.0 2609

1748468072
0.0 0.0 0.0 0

1748468073
0.0 0.0 0.0 552

1748468074
0.0 0.0 0.0 0

1748468075
0.0 0.0 0.0 0

1748468076
0.0 0.0 0.0 2443

1748468077
0.0 0.0 0.0 0

1748468078
0.0 0.0 0.0 61

1748468079
0.0 0.0 0.0 1

1748468080
0.0 0.0 0.0 0

1748468081
0.0 0.0 0.0 2431

1748468082
0.0 0.0 0.0 0

1748468083
0.0 0.0 0.0 0

1748468084
0.0 0.0 0.0 0

1748468085
0.0 0.0 0.0 211

1748468086
0.0 0.0 0.0 2391

1748468087
0.0 0.0 0.0 0

1748468088
0.0 0.0 0.0 12791

1748468089
0.0 0.0 0.0 222

1748468090
0.0 0.0 0.0 0

1748468091
0.0 0.0 0.0 2093

1748468092
0.0 0.0 0.0 0

1748468093
0.0 0.0 0.0 0

1748468094
0.0 0.0 0.0 452

1748468095
0.0 0.0 0.0 55

1748468096
0.0 0.0 0.0 0

1748468097
0.0 0.0 0.0 0

1748468098
0.0 0.0 0.0 0

1748468099
0.0 0.0 0.0 4495

1748468100
0.0 0.0 0.0 0

1748468101
0.0 0.0 0.0 0

1748468102
0.0 0.0 0.0 0

1748468103
0.0 0.0 0.0 0

1748468104
0.0 0.0 0.0 4349

1748468105
0.0 0.0 0.0 118

1748468106
0.0 0.0 0.0 162

1748468107
0.0 0.0 0.0 1384

1748468108
0.0 0.0 0.0 1550

1748468109
0.0 0.0 0.0 0

1748468110
0.0 0.0 0.0 869

1748468111
0.0 0.0 0.0 2083

1748468112
0.0 0.0 0.0 1671

1748468113
0.0 0.0 0.0 1082

1748468114
0.0 0.0 0.0 2231

1748468115
0.0 0.0 0.0 2047

1748468116
0.0 0.0 0.0 1455

1748468117
0.0 0.0 0.0 0

1748468118
0.0 0.0 0.0 562

1748468119
0.0 0.0 0.0 604

1748468120
0.0 0.0 0.0 29

1748468121
0.0 0.0 0.0 0

1748468122
0.0 0.0 0.0 0

1748468123
0.0 0.0 0.0 745

1748468124
0.0 0.0 0.0 0

1748468125
0.0 0.0 0.0 8

1748468126
0.0 0.0 0.0 0

1748468127
0.0 0.0 0.0 0

1748468128
0.0 0.0 0.0 2740

1748468129
0.0 0.0 0.0 4838

1748468130
0.0 0.0 0.0 1456

1748468131
0.0 0.0 0.0 0

1748468132
0.0 0.0 0.0 0

1748468133
0.0 0.0 0.0 0

1748468134
0.0 0.0 0.0 4972

1748468135
0.0 0.0 0.0 0

1748468136
0.0 0.0 0.0 2745

1748468137
0.0 0.0 0.0 216

1748468138
0.0 0.0 0.0 3809

1748468139
0.0 0.0 0.0 5666

1748468140
0.0 0.0 0.0 956

1748468141
0.0 0.0 0.0 3304

1748468142
0.0 0.0 0.0 917

1748468143
0.0 0.0 0.0 0

1748468144
0.0 0.0 0.0 0

1748468145
0.0 0.0 0.0 0

1748468146
0.0 0.0 0.0 5446

1748468147
0.0 0.0 0.0 0

1748468148
0.0 0.0 0.0 0

1748468149
0.0 0.0 0.0 13613

1748468150
0.0 0.0 0.0 0

1748468151
0.0 0.0 0.0 704

1748468152
0.0 0.0 0.0 0

1748468153
0.0 0.0 0.0 0

1748468154
0.0 0.0 0.0 5739

1748468155
0.0 0.0 0.0 0

1748468156
0.0 0.0 0.0 158

1748468157
0.0 0.0 0.0 0

1748468158
0.0 0.0 0.0 0

1748468159
0.0 0.0 0.0 1145

1748468160
0.0 0.0 0.0 1072

1748468161
0.0 0.0 0.0 0

1748468162
0.0 0.0 0.0 20223

1748468163
0.0 0.0 0.0 0

1748468164
0.0 0.0 0.0 7606

1748468165
0.0 0.0 0.0 0

1748468166
0.0 0.0 0.0 0

1748468167
0.0 0.0 0.0 1894

1748468168
0.0 0.0 0.0 5868

1748468169
0.0 0.0 0.0 3332

1748468170
0.0 0.0 0.0 2305

1748468171
0.0 0.0 0.0 190

1748468172
0.0 0.0 0.0 86

1748468173
0.0 0.0 0.0 122

1748468174
0.0 0.0 0.0 0

1748468175
0.0 0.0 0.0 6085

1748468176
0.0 0.0 0.0 4332

1748468177
0.0 0.0 0.0 551

1748468178
0.0 0.0 0.0 0

1748468179
0.0 0.0 0.0 0

1748468180
0.0 0.0 0.0 0

1748468181
0.0 0.0 0.0 3591

1748468182
0.0 0.0 0.0 7431

1748468183
0.0 0.0 0.0 155

1748468184
0.0 0.0 0.0 0

1748468185
0.0 0.0 0.0 0

1748468186
0.0 0.0 0.0 0

1748468187
0.0 0.0 0.0 5075

1748468188
0.0 0.0 0.0 270

1748468189
0.0 0.0 0.0 0

1748468190
0.0 0.0 0.0 1417

1748468191
0.0 0.0 0.0 0

1748468192
0.0 0.0 0.0 0

1748468193
0.0 0.0 0.0 7121

1748468194
0.0 0.0 0.0 0

1748468195
0.0 0.0 0.0 7360

1748468196
0.0 0.0 0.0 0

1748468197
0.0 0.0 0.0 0

1748468198
0.0 0.0 0.0 3042

1748468199
0.0 0.0 0.0 0

1748468200
0.0 0.0 0.0 4077

1748468201
0.0 0.0 0.0 0

1748468202
0.0 0.0 0.0 0

1748468203
0.0 0.0 0.0 0

1748468204
0.0 0.0 0.0 0

1748468205
0.0 0.0 0.0 3887

1748468206
0.0 0.0 0.0 896

1748468207
0.0 0.0 0.0 0

1748468208
0.0 0.0 0.0 0

1748468209
0.0 0.0 0.0 555

1748468210
0.0 0.0 0.0 3388

1748468211
0.0 0.0 0.0 0

1748468212
0.0 0.0 0.0 0

1748468213
0.0 0.0 0.0 0

1748468214
0.0 0.0 0.0 0

1748468215
0.0 0.0 0.0 5889

1748468216
0.0 0.0 0.0 0

1748468217
0.0 0.0 0.0 0

1748468218
0.0 0.0 0.0 675

1748468219
0.0 0.0 0.0 135

1748468220
0.0 0.0 0.0 7310

1748468221
0.0 0.0 0.0 0

1748468222
0.0 0.0 0.0 0

1748468223
0.0 0.0 0.0 0

1748468224
0.0 0.0 0.0 11272

1748468225
0.0 0.0 0.0 198

1748468226
0.0 0.0 0.0 0

1748468227
0.0 0.0 0.0 0

1748468228
0.0 0.0 0.0 835

1748468229
0.0 0.0 0.0 0

1748468230
0.0 0.0 0.0 9472

1748468231
0.0 0.0 0.0 201

1748468232
0.0 0.0 0.0 0

1748468233
0.0 0.0 0.0 0

1748468234
0.0 0.0 0.0 305

1748468235
0.0 0.0 0.0 5051

1748468236
0.0 0.0 0.0 185

1748468237
0.0 0.0 0.0 0

1748468238
0.0 0.0 0.0 0

1748468239
0.0 0.0 0.0 658

1748468240
0.0 0.0 0.0 0

1748468241
0.0 0.0 0.0 5741

1748468242
0.0 0.0 0.0 0

1748468243
0.0 0.0 0.0 0

1748468244
0.0 0.0 0.0 0

1748468245
0.0 0.0 0.0 208

1748468246
0.0 0.0 0.0 4366

1748468247
0.0 0.0 0.0 0

1748468248
0.0 0.0 0.0 0

1748468249
0.0 0.0 0.0 0

1748468250
0.0 0.0 0.0 175

1748468251
0.0 0.0 0.0 5518

1748468252
0.0 0.0 0.0 723

1748468253
0.0 0.0 0.0 0

1748468254
0.0 0.0 0.0 0

1748468255
0.0 0.0 0.0 20733

1748468256
0.18 0.03 0.0 356

1748468257
0.18 0.03 0.0 0

1748468258
0.14 0.03 0.0 0

1748468259
0.14 0.03 0.0 0

1748468260
0.12 0.02 0.0 0

1748468261
0.12 0.02 0.0 4735

1748468262
0.09 0.02 0.0 691

1748468263
0.09 0.02 0.0 0

1748468264
0.08 0.02 0.0 0

1748468265
0.08 0.02 0.0 0

1748468266
0.06 0.02 0.0 3752

1748468267
0.06 0.02 0.0 0

1748468268
0.05 0.02 0.0 563

1748468269
0.05 0.02 0.0 9865

1748468270
0.04 0.02 0.0 0

1748468271
0.04 0.02 0.0 0

1748468272
0.03 0.02 0.0 0

1748468273
0.03 0.02 0.0 0

1748468274
0.02 0.02 0.0 7426

1748468275
0.02 0.02 0.0 0

1748468276
0.02 0.02 0.0 174

1748468277
0.02 0.02 0.0 0

1748468278
0.01 0.02 0.0 0

1748468279
0.01 0.02 0.0 6523

1748468280
0.01 0.02 0.0 0

1748468281
0.01 0.02 0.0 12286

1748468282
0.01 0.01 0.0 0

1748468283
0.01 0.01 0.0 0

1748468284
0.0 0.01 0.0 6059

1748468285
0.0 0.01 0.0 0

1748468286
0.0 0.01 0.0 1647

1748468287
0.0 0.01 0.0 4669

1748468288
0.0 0.01 0.0 0

1748468289
0.0 0.01 0.0 6096

1748468290
0.0 0.01 0.0 0

1748468291
0.0 0.01 0.0 970

1748468292
0.0 0.01 0.0 0

1748468293
0.0 0.01 0.0 0

1748468294
0.0 0.01 0.0 5057

1748468295
0.0 0.01 0.0 0

1748468296
0.0 0.01 0.0 1828

1748468297
0.0 0.01 0.0 209

1748468298
0.0 0.01 0.0 0

1748468299
0.0 0.01 0.0 0

1748468300
0.0 0.01 0.0 0

1748468301
0.0 0.01 0.0 5290

1748468302
0.0 0.01 0.0 880

1748468303
0.0 0.01 0.0 0

1748468304
0.0 0.01 0.0 0

1748468305
0.0 0.01 0.0 0

1748468306
0.0 0.01 0.0 5373

1748468307
0.0 0.01 0.0 2457

1748468308
0.0 0.01 0.0 415

1748468309
0.0 0.01 0.0 0

1748468310
0.0 0.0 0.0 0

1748468311
0.0 0.0 0.0 6212

1748468312
0.0 0.0 0.0 0

1748468313
0.0 0.0 0.0 4394

1748468314
0.0 0.0 0.0 0

1748468315
0.0 0.0 0.0 0

1748468316
0.0 0.0 0.0 5073

1748468317
0.0 0.0 0.0 0

1748468318
0.0 0.0 0.0 670

1748468319
0.0 0.0 0.0 0

1748468320
0.0 0.0 0.0 0

1748468321
0.0 0.0 0.0 4656

1748468322
0.0 0.0 0.0 0

1748468323
0.0 0.0 0.0 0

1748468324
0.0 0.0 0.0 727

1748468325
0.0 0.0 0.0 0

1748468326
0.0 0.0 0.0 5969

1748468327
0.0 0.0 0.0 0

1748468328
0.0 0.0 0.0 9875

1748468329
0.0 0.0 0.0 1565

1748468330
0.0 0.0 0.0 0

1748468331
0.0 0.0 0.0 593

1748468332
0.0 0.0 0.0 0

1748468333
0.0 0.0 0.0 1475

1748468334
0.0 0.0 0.0 3568

1748468335
0.0 0.0 0.0 0

1748468336
0.0 0.0 0.0 0

1748468337
0.0 0.0 0.0 0

1748468338
0.0 0.0 0.0 0

1748468339
0.0 0.0 0.0 6026

1748468340
0.0 0.0 0.0 0

1748468341
0.0 0.0 0.0 0

1748468342
0.0 0.0 0.0 2772

1748468343
0.0 0.0 0.0 0

1748468344
0.0 0.0 0.0 5596

1748468345
0.0 0.0 0.0 0

1748468346
0.0 0.0 0.0 841

1748468347
0.0 0.0 0.0 0

1748468348
0.0 0.0 0.0 0

1748468349
0.0 0.0 0.0 5788

1748468350
0.0 0.0 0.0 0

1748468351
0.0 0.0 0.0 576

1748468352
0.0 0.0 0.0 15

1748468353
0.0 0.0 0.0 0

1748468354
0.18 0.03 0.0 26245

1748468355
0.18 0.03 0.0 0

1748468356
0.14 0.03 0.0 1915

1748468357
0.14 0.03 0.0 510

1748468358
0.12 0.02 0.0 0

1748468359
0.12 0.02 0.0 1759

1748468360
0.09 0.02 0.0 0

1748468361
0.09 0.02 0.0 5317

1748468362
0.08 0.02 0.0 672

1748468363
0.08 0.02 0.0 0

1748468364
0.06 0.02 0.0 0

1748468365
0.06 0.02 0.0 0

1748468366
0.05 0.02 0.0 5286

1748468367
0.05 0.02 0.0 0

1748468368
0.04 0.02 0.0 222

1748468369
0.04 0.02 0.0 0

1748468370
0.03 0.02 0.0 0

1748468371
0.03 0.02 0.0 4810

1748468372
0.02 0.02 0.0 0

1748468373
0.02 0.02 0.0 0

1748468374
0.02 0.02 0.0 760

1748468375
0.02 0.02 0.0 0

1748468376
0.01 0.02 0.0 5368

1748468377
0.01 0.02 0.0 0

1748468378
0.01 0.02 0.0 0

1748468379
0.01 0.02 0.0 978

1748468380
0.01 0.01 0.0 0

1748468381
0.01 0.01 0.0 5869

1748468382
0.0 0.01 0.0 0

1748468383
0.0 0.01 0.0 0

1748468384
0.0 0.01 0.0 869

1748468385
0.0 0.01 0.0 663

1748468386
0.0 0.01 0.0 5988

1748468387
0.0 0.01 0.0 0

1748468388
0.0 0.01 0.0 0

1748468389
0.0 0.01 0.0 8414

1748468390
0.0 0.01 0.0 3188

1748468391
0.0 0.01 0.0 5567

1748468392
0.0 0.01 0.0 0

1748468393
0.0 0.01 0.0 0

1748468394
0.0 0.01 0.0 0

1748468395
0.0 0.01 0.0 153

1748468396
0.0 0.01 0.0 6454

1748468397
0.0 0.01 0.0 0

1748468398
0.0 0.01 0.0 0

1748468399
0.0 0.01 0.0 738

1748468400
0.0 0.01 0.0 0

1748468401
0.0 0.01 0.0 5641

1748468402
0.0 0.01 0.0 724

1748468403
0.0 0.01 0.0 0

1748468404
0.0 0.01 0.0 10699

1748468405
0.0 0.01 0.0 0

1748468406
0.0 0.01 0.0 0

1748468407
0.0 0.01 0.0 0

1748468408
0.0 0.0 0.0 999

1748468409
0.0 0.0 0.0 4846

1748468410
0.0 0.0 0.0 0

1748468411
0.0 0.0 0.0 715

1748468412
0.0 0.0 0.0 2088

1748468413
0.0 0.0 0.0 0

1748468414
0.0 0.0 0.0 1116

1748468415
0.0 0.0 0.0 491

1748468416
0.0 0.0 0.0 8476

1748468417
0.0 0.0 0.0 0

1748468418
0.0 0.0 0.0 0

1748468419
0.0 0.0 0.0 0

1748468420
0.0 0.0 0.0 0

1748468421
0.0 0.0 0.0 6787

1748468422
0.0 0.0 0.0 0

1748468423
0.0 0.0 0.0 0

1748468424
0.0 0.0 0.0 0

1748468425
0.0 0.0 0.0 0

1748468426
0.0 0.0 0.0 4355

1748468427
0.0 0.0 0.0 0

1748468428
0.0 0.0 0.0 0

1748468429
0.0 0.0 0.0 739

1748468430
0.0 0.0 0.0 0

1748468431
0.0 0.0 0.0 5768

1748468432
0.0 0.0 0.0 0

1748468433
0.0 0.0 0.0 0

1748468434
0.0 0.0 0.0 0

1748468435
0.0 0.0 0.0 0

1748468436
0.0 0.0 0.0 4833

1748468437
0.0 0.0 0.0 0

1748468438
0.0 0.0 0.0 2064

1748468439
0.0 0.0 0.0 0

1748468440
0.0 0.0 0.0 0

1748468441
0.0 0.0 0.0 5765

1748468442
0.0 0.0 0.0 0

1748468443
0.0 0.0 0.0 0

1748468444
0.0 0.0 0.0 0

1748468445
0.0 0.0 0.0 0

1748468446
0.0 0.0 0.0 5684

1748468447
0.0 0.0 0.0 808

1748468448
0.0 0.0 0.0 77

1748468449
0.0 0.0 0.0 0

1748468450
0.0 0.0 0.0 0

1748468451
0.0 0.0 0.0 158

1748468452
0.0 0.0 0.0 371

1748468453
0.0 0.0 0.0 0

1748468454
0.0 0.0 0.0 0

1748468455
0.0 0.0 0.0 0

1748468456
0.0 0.0 0.0 150

1748468457
0.0 0.0 0.0 13

1748468458
0.0 0.0 0.0 0

1748468459
0.0 0.0 0.0 0

1748468460
0.0 0.0 0.0 186

1748468461
0.0 0.0 0.0 347

1748468462
0.0 0.0 0.0 0

1748468463
0.0 0.0 0.0 0

1748468464
0.0 0.0 0.0 1692

1748468465
0.0 0.0 0.0 0

1748468466
0.0 0.0 0.0 0

1748468467
0.0 0.0 0.0 567

1748468468
0.0 0.0 0.0 0

1748468469
0.0 0.0 0.0 1104

1748468470
0.0 0.0 0.0 0

1748468471
0.0 0.0 0.0 1

1748468472
0.0 0.0 0.0 0

1748468473
0.0 0.0 0.0 0

1748468474
0.0 0.0 0.0 217

1748468475
0.0 0.0 0.0 0

1748468476
0.0 0.0 0.0 585

1748468477
0.0 0.0 0.0 0

1748468478
0.0 0.0 0.0 0

1748468479
0.0 0.0 0.0 0

1748468480
0.0 0.0 0.0 0

1748468481
0.0 0.0 0.0 284

1748468482
0.0 0.0 0.0 95

1748468483
0.0 0.0 0.0 0

1748468484
0.0 0.0 0.0 0

1748468485
0.0 0.0 0.0 0

1748468486
0.0 0.0 0.0 250

1748468487
0.0 0.0 0.0 0

1748468488
0.0 0.0 0.0 0

1748468489
0.0 0.0 0.0 0

1748468490
0.0 0.0 0.0 0

1748468491
0.0 0.0 0.0 1310

1748468492
0.0 0.0 0.0 0

1748468493
0.0 0.0 0.0 1434

1748468494
0.0 0.0 0.0 0

1748468495
0.0 0.0 0.0 0

1748468496
0.0 0.0 0.0 1064

1748468497
0.0 0.0 0.0 0

1748468498
0.0 0.0 0.0 129

1748468499
0.0 0.0 0.0 0

1748468500
0.0 0.0 0.0 0

1748468501
0.0 0.0 0.0 660

1748468502
0.0 0.0 0.0 0

1748468503
0.0 0.0 0.0 0

1748468504
0.0 0.0 0.0 150

1748468505
0.0 0.0 0.0 0

1748468506
0.0 0.0 0.0 428

1748468507
0.0 0.0 0.0 0

1748468508
0.0 0.0 0.0 0

1748468509
0.0 0.0 0.0 508

1748468510
0.0 0.0 0.0 32

1748468511
0.0 0.0 0.0 0

1748468512
0.0 0.0 0.0 0

1748468513
0.0 0.0 0.0 0

1748468514
0.0 0.0 0.0 106

1748468515
0.0 0.0 0.0 617

1748468516
0.0 0.0 0.0 0

1748468517
0.0 0.0 0.0 0

1748468518
0.0 0.0 0.0 0

1748468519
0.0 0.0 0.0 0

1748468520
0.0 0.0 0.0 1651

1748468521
0.0 0.0 0.0 0

1748468522
0.0 0.0 0.0 0

1748468523
0.0 0.0 0.0 7668

1748468524
0.0 0.0 0.0 2409

1748468525
0.0 0.0 0.0 0

1748468526
0.0 0.0 0.0 6970

1748468527
0.0 0.0 0.0 419

1748468528
0.0 0.0 0.0 971

1748468529
0.0 0.0 0.0 1682

1748468530
0.0 0.0 0.0 908

1748468531
0.0 0.0 0.0 1198

1748468532
0.0 0.0 0.0 0

1748468533
0.0 0.0 0.0 0

1748468534
0.0 0.0 0.0 172

1748468535
0.0 0.0 0.0 0

1748468536
0.0 0.0 0.0 325

1748468537
0.0 0.0 0.0 0

1748468538
0.0 0.0 0.0 0

1748468539
0.0 0.0 0.0 430

1748468540
0.0 0.0 0.0 0

1748468541
0.0 0.0 0.0 14

1748468542
0.0 0.0 0.0 70

1748468543
0.0 0.0 0.0 0

1748468544
0.0 0.0 0.0 0

1748468545
0.0 0.0 0.0 0

1748468546
0.0 0.0 0.0 202

1748468547
0.0 0.0 0.0 0

1748468548
0.0 0.0 0.0 0

1748468549
0.0 0.0 0.0 456

1748468550
0.0 0.0 0.0 0

1748468551
0.0 0.0 0.0 33

1748468552
0.0 0.0 0.0 0

1748468553
0.0 0.0 0.0 0

1748468554
0.0 0.0 0.0 0

1748468555
0.0 0.0 0.0 474

1748468556
0.0 0.0 0.0 621

1748468557
0.0 0.0 0.0 83

1748468558
0.0 0.0 0.0 0

1748468559
0.0 0.0 0.0 0

1748468560
0.0 0.0 0.0 0

1748468561
0.0 0.0 0.0 176

1748468562
0.0 0.0 0.0 0

1748468563
0.0 0.0 0.0 0

1748468564
0.0 0.0 0.0 0

1748468565
0.0 0.0 0.0 0

1748468566
0.0 0.0 0.0 176

1748468567
0.0 0.0 0.0 0

1748468568
0.0 0.0 0.0 0

1748468569
0.0 0.0 0.0 76

1748468570
0.0 0.0 0.0 484

1748468571
0.0 0.0 0.0 509

1748468572
0.0 0.0 0.0 0

1748468573
0.0 0.0 0.0 0

1748468574
0.0 0.0 0.0 0

1748468575
0.0 0.0 0.0 0

1748468576
0.0 0.0 0.0 570

1748468577
0.0 0.0 0.0 0

1748468578
0.0 0.0 0.0 0

1748468579
0.0 0.0 0.0 0

1748468580
0.0 0.0 0.0 202

1748468581
0.0 0.0 0.0 285

1748468582
0.0 0.0 0.0 0

1748468583
0.0 0.0 0.0 0

1748468584
0.0 0.0 0.0 1946

1748468585
0.0 0.0 0.0 27

1748468586
0.0 0.0 0.0 0

1748468587
0.0 0.0 0.0 0

1748468588
0.0 0.0 0.0 0

1748468589
0.0 0.0 0.0 496

1748468590
0.0 0.0 0.0 0

1748468591
0.0 0.0 0.0 348

1748468592
0.0 0.0 0.0 0

1748468593
0.0 0.0 0.0 0

1748468594
0.0 0.0 0.0 1203

1748468595
0.0 0.0 0.0 57

1748468596
0.0 0.0 0.0 998

1748468597
0.0 0.0 0.0 0

1748468598
0.0 0.0 0.0 0

1748468599
0.0 0.0 0.0 0

1748468600
0.0 0.0 0.0 0

1748468601
0.0 0.0 0.0 387

1748468602
0.0 0.0 0.0 0

1748468603
0.0 0.0 0.0 0

1748468604
0.0 0.0 0.0 0

1748468605
0.0 0.0 0.0 0

1748468606
0.0 0.0 0.0 305

1748468607
0.0 0.0 0.0 0

1748468608
0.0 0.0 0.0 0

1748468609
0.0 0.0 0.0 0

1748468610
0.0 0.0 0.0 0

1748468611
0.0 0.0 0.0 463

1748468612
0.0 0.0 0.0 158

1748468613
0.0 0.0 0.0 0

1748468614
0.0 0.0 0.0 0

1748468615
0.0 0.0 0.0 0

1748468616
0.0 0.0 0.0 931

1748468617
0.0 0.0 0.0 0

1748468618
0.0 0.0 0.0 0

1748468619
0.0 0.0 0.0 0

1748468620
0.0 0.0 0.0 0

1748468621
0.0 0.0 0.0 1460

1748468622
0.0 0.0 0.0 271

1748468623
0.0 0.0 0.0 0

1748468624
0.0 0.0 0.0 0

1748468625
0.0 0.0 0.0 0

1748468626
0.0 0.0 0.0 8406

1748468627
0.0 0.0 0.0 0

1748468628
0.0 0.0 0.0 24613

1748468629
0.0 0.0 0.0 0

1748468630
0.18 0.03 0.0 0

1748468631
0.18 0.03 0.0 0

1748468632
0.14 0.03 0.0 5775

1748468633
0.14 0.03 0.0 10330

1748468634
0.12 0.02 0.0 1317

1748468635
0.12 0.02 0.0 0

1748468636
0.09 0.02 0.0 0

1748468637
0.09 0.02 0.0 0

1748468638
0.08 0.02 0.0 527

1748468639
0.08 0.02 0.0 0

1748468640
0.06 0.02 0.0 0

1748468641
0.06 0.02 0.0 0

1748468642
0.05 0.02 0.0 0

1748468643
0.05 0.02 0.0 7143

1748468644
0.04 0.02 0.0 13446

1748468645
0.04 0.02 0.0 0

1748468646
0.03 0.02 0.0 0

1748468647
0.03 0.02 0.0 0

1748468648
0.02 0.02 0.0 0

1748468649
0.02 0.02 0.0 6001

1748468650
0.02 0.02 0.0 0

1748468651
0.02 0.02 0.0 310

1748468652
0.01 0.02 0.0 6662

1748468653
0.01 0.02 0.0 0

1748468654
0.01 0.02 0.0 667

1748468655
0.01 0.02 0.0 0

1748468656
0.01 0.01 0.0 289

1748468657
0.01 0.01 0.0 0

1748468658
0.0 0.01 0.0 0

1748468659
0.0 0.01 0.0 0

1748468660
0.0 0.01 0.0 0

1748468661
0.0 0.01 0.0 4247

1748468662
0.0 0.01 0.0 3476

1748468663
0.0 0.01 0.0 0

1748468664
0.0 0.01 0.0 0

1748468665
0.0 0.01 0.0 0

1748468666
0.0 0.01 0.0 8617

1748468667
0.0 0.01 0.0 0

1748468668
0.0 0.01 0.0 2723

1748468669
0.0 0.01 0.0 0

1748468670
0.0 0.01 0.0 0

1748468671
0.0 0.01 0.0 7731

1748468672
0.0 0.01 0.0 0

1748468673
0.0 0.01 0.0 7556

1748468674
0.0 0.01 0.0 0

1748468675
0.0 0.01 0.0 0

1748468676
0.0 0.01 0.0 6590

1748468677
0.0 0.01 0.0 0

1748468678
0.0 0.01 0.0 0

1748468679
0.0 0.01 0.0 1455

1748468680
0.0 0.01 0.0 0

1748468681
0.0 0.01 0.0 7453

1748468682
0.0 0.01 0.0 0

1748468683
0.0 0.01 0.0 0

1748468684
0.0 0.0 0.0 0

1748468685
0.0 0.0 0.0 0

1748468686
0.0 0.0 0.0 9135

1748468687
0.0 0.0 0.0 0

1748468688
0.0 0.0 0.0 0

1748468689
0.0 0.0 0.0 0

1748468690
0.0 0.0 0.0 3825

1748468691
0.0 0.0 0.0 5450

1748468692
0.0 0.0 0.0 0

1748468693
0.0 0.0 0.0 0

1748468694
0.0 0.0 0.0 0

1748468695
0.0 0.0 0.0 0

1748468696
0.0 0.0 0.0 7929

1748468697
0.0 0.0 0.0 0

1748468698
0.0 0.0 0.0 17678

1748468699
0.0 0.0 0.0 0

1748468700
0.0 0.0 0.0 0

1748468701
0.0 0.0 0.0 9268

1748468702
0.0 0.0 0.0 0

1748468703
0.0 0.0 0.0 0

1748468704
0.0 0.0 0.0 16548

1748468705
0.0 0.0 0.0 0

1748468706
0.0 0.0 0.0 3523

1748468707
0.0 0.0 0.0 0

1748468708
0.0 0.0 0.0 0

1748468709
0.0 0.0 0.0 8522

1748468710
0.0 0.0 0.0 0

1748468711
0.0 0.0 0.0 793

1748468712
0.0 0.0 0.0 3691

1748468713
0.0 0.0 0.0 0

1748468714
0.0 0.0 0.0 0

1748468715
0.0 0.0 0.0 0

1748468716
0.0 0.0 0.0 1270

1748468717
0.0 0.0 0.0 317

1748468718
0.0 0.0 0.0 0

1748468719
0.0 0.0 0.0 0

1748468720
0.0 0.0 0.0 0

1748468721
0.0 0.0 0.0 7360

1748468722
0.0 0.0 0.0 0

1748468723
0.0 0.0 0.0 1956

1748468724
0.0 0.0 0.0 0

1748468725
0.0 0.0 0.0 0

1748468726
0.0 0.0 0.0 8128

1748468727
0.0 0.0 0.0 0

1748468728
0.0 0.0 0.0 0

1748468729
0.0 0.0 0.0 6319

1748468730
0.0 0.0 0.0 0

1748468731
0.0 0.0 0.0 7813

1748468732
0.0 0.0 0.0 0

1748468733
0.0 0.0 0.0 0

1748468734
0.0 0.0 0.0 952

1748468735
0.0 0.0 0.0 0

1748468736
0.0 0.0 0.0 8226

1748468737
0.0 0.0 0.0 426

1748468738
0.0 0.0 0.0 0

1748468739
0.0 0.0 0.0 0

1748468740
0.0 0.0 0.0 0

1748468741
0.0 0.0 0.0 7063

1748468742
0.0 0.0 0.0 0

1748468743
0.0 0.0 0.0 0

1748468744
0.0 0.0 0.0 6883

1748468745
0.0 0.0 0.0 0

1748468746
0.0 0.0 0.0 4151

1748468747
0.0 0.0 0.0 0

1748468748
0.0 0.0 0.0 0

1748468749
0.0 0.0 0.0 0

1748468750
0.0 0.0 0.0 0

1748468751
0.0 0.0 0.0 8183

1748468752
0.0 0.0 0.0 0

1748468753
0.0 0.0 0.0 0

1748468754
0.0 0.0 0.0 0

1748468755
0.0 0.0 0.0 0

1748468756
0.0 0.0 0.0 8256

1748468757
0.0 0.0 0.0 0

1748468758
0.0 0.0 0.0 5560

1748468759
0.0 0.0 0.0 0

1748468760
0.0 0.0 0.0 0

1748468761
0.0 0.0 0.0 7209

1748468762
0.0 0.0 0.0 0

1748468763
0.0 0.0 0.0 0

1748468764
0.0 0.0 0.0 13337

1748468765
0.0 0.0 0.0 0

1748468766
0.0 0.0 0.0 4659

1748468767
0.0 0.0 0.0 0

1748468768
0.0 0.0 0.0 0

1748468769
0.0 0.0 0.0 6583

1748468770
0.0 0.0 0.0 0

1748468771
0.0 0.0 0.0 326

1748468772
0.0 0.0 0.0 742

1748468773
0.0 0.0 0.0 0

1748468774
0.0 0.0 0.0 9553

1748468775
0.0 0.0 0.0 1793

1748468776
0.0 0.0 0.0 875

1748468777
0.0 0.0 0.0 0

1748468778
0.0 0.0 0.0 604

1748468779
0.0 0.0 0.0 0

1748468780
0.0 0.0 0.0 0

1748468781
0.0 0.0 0.0 8894

1748468782
0.0 0.0 0.0 0

1748468783
0.0 0.0 0.0 3686

1748468784
0.0 0.0 0.0 0

1748468785
0.0 0.0 0.0 0

1748468786
0.0 0.0 0.0 8799

1748468787
0.0 0.0 0.0 0

1748468788
0.0 0.0 0.0 0

1748468789
0.0 0.0 0.0 0

1748468790
0.0 0.0 0.0 0

1748468791
0.0 0.0 0.0 4485

1748468792
0.0 0.0 0.0 5486

1748468793
0.0 0.0 0.0 0

1748468794
0.0 0.0 0.0 0

1748468795
0.0 0.0 0.0 0

1748468796
0.0 0.0 0.0 8320

1748468797
0.0 0.0 0.0 0

1748468798
0.0 0.0 0.0 3243

1748468799
0.0 0.0 0.0 0

1748468800
0.0 0.0 0.0 0

1748468801
0.0 0.0 0.0 4837

1748468802
0.0 0.0 0.0 0

1748468803
0.0 0.0 0.0 0

1748468804
0.0 0.0 0.0 1675

1748468805
0.0 0.0 0.0 0

1748468806
0.0 0.0 0.0 23904

1748468807
0.0 0.0 0.0 0

1748468808
0.0 0.0 0.0 0

1748468809
0.0 0.0 0.0 0

1748468810
0.0 0.0 0.0 77

1748468811
0.0 0.0 0.0 63

1748468812
0.0 0.0 0.0 263

1748468813
0.0 0.0 0.0 0

1748468814
0.0 0.0 0.0 0

1748468815
0.0 0.0 0.0 0

1748468816
0.0 0.0 0.0 160

1748468817
0.0 0.0 0.0 0

1748468818
0.0 0.0 0.0 262

1748468819
0.0 0.0 0.0 0

1748468820
0.0 0.0 0.0 0

1748468821
0.0 0.0 0.0 56

1748468822
0.0 0.0 0.0 0

1748468823
0.0 0.0 0.0 0

1748468824
0.0 0.0 0.0 2949

1748468825
0.0 0.0 0.0 0

1748468826
0.0 0.0 0.0 0

1748468827
0.0 0.0 0.0 0

1748468828
0.0 0.0 0.0 0

1748468829
0.0 0.0 0.0 77

1748468830
0.0 0.0 0.0 0

1748468831
0.0 0.0 0.0 755

1748468832
0.0 0.0 0.0 0

1748468833
0.0 0.0 0.0 19241

1748468834
0.18 0.03 0.0 4284

1748468835
0.18 0.03 0.0 0

1748468836
0.14 0.03 0.0 7438

1748468837
0.14 0.03 0.0 110

1748468838
0.12 0.02 0.0 0

1748468839
0.12 0.02 0.0 0

1748468840
0.09 0.02 0.0 0

1748468841
0.09 0.02 0.0 12569

1748468842
0.08 0.02 0.0 17077

1748468843
0.08 0.02 0.0 0

1748468844
0.06 0.02 0.0 0

1748468845
0.06 0.02 0.0 0

1748468846
0.05 0.02 0.0 9775

1748468847
0.05 0.02 0.0 3535

1748468849
0.22 0.05 0.01 18141

1748468850
0.18 0.05 0.01 0

1748468851
0.18 0.05 0.01 9389

1748468852
0.15 0.05 0.0 8889

1748468853
0.15 0.05 0.0 6954

1748468854
0.12 0.05 0.0 0

1748468855
0.12 0.05 0.0 0

1748468856
0.1 0.05 0.0 9528

1748468857
0.1 0.05 0.0 4782

1748468859
0.08 0.04 0.0 0

1748468860
0.06 0.04 0.0 0

1748468861
0.06 0.04 0.0 14666

1748468862
0.05 0.04 0.0 11781

1748468863
0.05 0.04 0.0 0

1748468864
0.04 0.04 0.0 0

1748468865
0.04 0.04 0.0 0

1748468866
0.03 0.04 0.0 0

1748468867
0.03 0.04 0.0 6315

1748468868
0.02 0.04 0.0 14446

1748468869
0.02 0.04 0.0 0

1748468870
0.02 0.03 0.0 0

1748468871
0.02 0.03 0.0 0

1748468872
0.01 0.03 0.0 7752

1748468873
0.01 0.03 0.0 0

1748468874
0.19 0.06 0.01 17925

1748468875
0.19 0.06 0.01 0

1748468876
0.16 0.06 0.01 0

1748468877
0.16 0.06 0.01 6738

1748468878
0.13 0.06 0.01 0

1748468879
0.13 0.06 0.01 0

1748468880
0.1 0.06 0.01 0

1748468881
0.1 0.06 0.01 0

1748468882
0.08 0.05 0.0 32578

1748468883
0.08 0.05 0.0 0

1748468884
0.25 0.09 0.01 17292

1748468885
0.25 0.09 0.01 0

1748468886
0.2 0.08 0.01 0

1748468887
0.2 0.08 0.01 0

1748468888
0.16 0.08 0.01 7131

1748468889
0.16 0.08 0.01 17184

1748468890
0.13 0.08 0.01 438

1748468891
0.13 0.08 0.01 423

1748468892
0.11 0.07 0.01 0

1748468893
0.11 0.07 0.01 5805

1748468894
0.09 0.07 0.01 9804

1748468895
0.09 0.07 0.01 1078

1748468897
0.07 0.07 0.01 564

1748468898
0.06 0.06 0.01 0

1748468899
0.06 0.06 0.01 0

1748468900
0.05 0.06 0.01 0

1748468901
0.05 0.06 0.01 7088

1748468902
0.04 0.06 0.01 0

1748468903
0.04 0.06 0.01 0

1748468904
0.03 0.06 0.01 0

1748468905
0.03 0.06 0.01 0

1748468906
0.02 0.06 0.01 8967

1748468907
0.02 0.06 0.01 3540

1748468908
0.02 0.05 0.01 0

1748468909
0.02 0.05 0.01 0

1748468910
0.01 0.05 0.01 0

1748468911
0.01 0.05 0.01 9597

1748468912
0.01 0.05 0.0 7651

1748468913
0.01 0.05 0.0 8199

1748468914
0.01 0.05 0.0 0

1748468915
0.01 0.05 0.0 0

1748468916
0.0 0.04 0.0 10084

1748468917
0.0 0.04 0.0 6782

1748468919
0.0 0.04 0.0 4133

1748468920
0.0 0.04 0.0 0

1748468921
0.0 0.04 0.0 10127

1748468922
0.0 0.04 0.0 8715

1748468923
0.0 0.04 0.0 6561

1748468924
0.0 0.04 0.0 0

1748468925
0.0 0.04 0.0 0

1748468926
0.0 0.04 0.0 9383

1748468927
0.0 0.04 0.0 5843

1748468928
0.0 0.03 0.0 0

1748468929
0.0 0.03 0.0 13851

1748468930
0.0 0.03 0.0 0

1748468931
0.0 0.03 0.0 0

1748468932
0.0 0.03 0.0 8593

1748468933
0.0 0.03 0.0 0

1748468934
0.0 0.03 0.0 9717

1748468935
0.0 0.03 0.0 5581

1748468937
0.0 0.03 0.0 0

1748468938
0.0 0.03 0.0 0

1748468939
0.0 0.03 0.0 9749

1748468940
0.0 0.03 0.0 9384

1748468942
0.0 0.02 0.0 14795

1748468943
0.0 0.02 0.0 0

1748468944
0.0 0.02 0.0 9464

1748468945
0.0 0.02 0.0 5489

1748468947
0.0 0.02 0.0 0

1748468948
0.0 0.02 0.0 0

1748468949
0.0 0.02 0.0 9568

1748468950
0.0 0.02 0.0 408

1748468951
0.0 0.02 0.0 508

1748468952
0.0 0.02 0.0 0

1748468953
0.0 0.02 0.0 0

1748468954
0.0 0.02 0.0 6763

1748468955
0.0 0.02 0.0 14731

1748468956
0.18 0.05 0.0 717

1748468957
0.18 0.05 0.0 0

1748468958
0.14 0.05 0.0 0

1748468959
0.14 0.05 0.0 0

1748468960
0.12 0.05 0.0 0

1748468961
0.12 0.05 0.0 7699

1748468962
0.09 0.04 0.0 8545

1748468963
0.09 0.04 0.0 0

1748468964
0.08 0.04 0.0 0

1748468965
0.08 0.04 0.0 0

1748468966
0.06 0.04 0.0 398

1748468967
0.06 0.04 0.0 0

1748468968
0.05 0.04 0.0 4555

1748468969
0.05 0.04 0.0 0

1748468970
0.04 0.04 0.0 0

1748468971
0.04 0.04 0.0 9384

1748468972
0.03 0.04 0.0 7842

1748468974
0.02 0.03 0.0 0

1748468975
0.02 0.03 0.0 0

1748468976
0.02 0.03 0.0 9732

1748468977
0.02 0.03 0.0 6361

1748468978
0.01 0.03 0.0 0

1748468979
0.01 0.03 0.0 0

1748468980
0.01 0.03 0.0 15415

1748468981
0.01 0.03 0.0 0

1748468982
0.01 0.03 0.0 18916

1748468983
0.01 0.03 0.0 0

1748468984
0.0 0.03 0.0 0

1748468985
0.0 0.03 0.0 0

1748468986
0.0 0.03 0.0 0

1748468987
0.0 0.03 0.0 15285

1748468988
0.0 0.02 0.0 0

1748468989
0.0 0.02 0.0 0

1748468990
0.0 0.02 0.0 0

1748468991
0.0 0.02 0.0 17070

1748468992
0.0 0.02 0.0 9476

1748468993
0.0 0.02 0.0 7507

1748468995
0.0 0.02 0.0 0

1748468996
0.0 0.02 0.0 0

1748468997
0.0 0.02 0.0 10195

1748468998
0.0 0.02 0.0 8099

1748468999
0.0 0.02 0.0 13533

1748469000
0.0 0.02 0.0 0

1748469001
0.0 0.02 0.0 0

1748469002
0.0 0.02 0.0 9427

1748469003
0.0 0.02 0.0 6380

1748469004
0.18 0.05 0.0 16033

1748469005
0.18 0.05 0.0 0

1748469006
0.14 0.05 0.0 0

1748469007
0.14 0.05 0.0 0

1748469008
0.12 0.05 0.0 8623

1748469009
0.12 0.05 0.0 9823

1748469010
0.09 0.04 0.0 352

1748469012
0.08 0.04 0.0 795

1748469013
0.08 0.04 0.0 0

1748469014
0.06 0.04 0.0 0

1748469015
0.06 0.04 0.0 0

1748469016
0.05 0.04 0.0 551

1748469017
0.05 0.04 0.0 0

1748469018
0.04 0.04 0.0 0

1748469019
0.04 0.04 0.0 11955

1748469020
0.03 0.04 0.0 0

1748469021
0.03 0.04 0.0 11307

1748469022
0.02 0.03 0.0 0

1748469023
0.02 0.03 0.0 0

1748469024
0.02 0.03 0.0 0

1748469025
0.02 0.03 0.0 15525

1748469026
0.01 0.03 0.0 9470

1748469027
0.01 0.03 0.0 7779

1748469029
0.01 0.03 0.0 0

1748469030
0.01 0.03 0.0 0

1748469031
0.01 0.03 0.0 9890

1748469032
0.19 0.06 0.0 10049

1748469033
0.19 0.06 0.0 0

1748469034
0.15 0.06 0.0 0

1748469035
0.15 0.06 0.0 0

1748469036
0.12 0.05 0.0 18157

1748469037
0.12 0.05 0.0 16465

1748469038
0.1 0.05 0.0 0

1748469039
0.1 0.05 0.0 0

1748469040
0.08 0.05 0.0 0

1748469041
0.08 0.05 0.0 0

1748469042
0.06 0.05 0.0 9763

1748469043
0.06 0.05 0.0 5039

1748469044
0.05 0.05 0.0 0

1748469045
0.05 0.05 0.0 0

1748469046
0.04 0.04 0.0 15367

1748469047
0.04 0.04 0.0 0

1748469048
0.21 0.08 0.01 19370

1748469049
0.21 0.08 0.01 14795

1748469050
0.17 0.07 0.01 0

1748469051
0.17 0.07 0.01 15485

1748469052
0.14 0.07 0.0 0

1748469053
0.14 0.07 0.0 0

1748469054
0.11 0.07 0.0 9765

1748469055
0.11 0.07 0.0 3985

1748469056
0.09 0.06 0.0 0

1748469057
0.09 0.06 0.0 0

1748469058
0.07 0.06 0.0 18253

1748469059
0.07 0.06 0.0 9437

1748469060
0.06 0.06 0.0 7587

1748469061
0.06 0.06 0.0 0

1748469062
0.05 0.06 0.0 0

1748469063
0.05 0.06 0.0 0

1748469064
0.04 0.06 0.0 0

1748469065
0.04 0.06 0.0 13637

1748469066
0.03 0.05 0.0 0

1748469067
0.03 0.05 0.0 0

1748469068
0.2 0.08 0.01 18821

1748469069
0.2 0.08 0.01 0

1748469070
0.17 0.08 0.01 6117

1748469071
0.17 0.08 0.01 184

1748469073
0.14 0.08 0.01 3852

1748469074
0.11 0.08 0.01 0

1748469075
0.11 0.08 0.01 0

1748469076
0.09 0.07 0.01 1628

1748469077
0.09 0.07 0.01 0

1748469078
0.07 0.07 0.01 0

1748469079
0.07 0.07 0.01 0

1748469080
0.06 0.07 0.01 8577

1748469081
0.06 0.07 0.01 15439

1748469082
0.05 0.06 0.0 0

1748469083
0.05 0.06 0.0 0

1748469084
0.04 0.06 0.0 0

1748469085
0.04 0.06 0.0 0

1748469086
0.03 0.06 0.0 15554

1748469087
0.03 0.06 0.0 0

1748469088
0.02 0.06 0.0 0

1748469089
0.02 0.06 0.0 0

1748469090
0.02 0.05 0.0 14577

1748469091
0.02 0.05 0.0 9618

1748469092
0.01 0.05 0.0 8176

1748469093
0.01 0.05 0.0 0

1748469094
0.01 0.05 0.0 0

1748469095
0.01 0.05 0.0 7484

1748469096
0.01 0.05 0.0 0

1748469097
0.01 0.05 0.0 16390

1748469098
0.0 0.05 0.0 0

1748469099
0.0 0.05 0.0 0

1748469100
0.0 0.04 0.0 0

1748469101
0.0 0.04 0.0 16852

1748469102
0.0 0.04 0.0 9464

1748469103
0.0 0.04 0.0 6665

1748469104
0.0 0.04 0.0 0

1748469105
0.0 0.04 0.0 0

1748469106
0.0 0.04 0.0 0

1748469107
0.0 0.04 0.0 13082

1748469108
0.0 0.04 0.0 5454

1748469109
0.0 0.04 0.0 0

1748469110
0.0 0.04 0.0 0

1748469111
0.0 0.04 0.0 0

1748469112
0.0 0.03 0.0 9751

1748469113
0.0 0.03 0.0 13326

1748469115
0.18 0.07 0.0 0

1748469116
0.14 0.06 0.0 0

1748469117
0.14 0.06 0.0 9143

1748469118
0.12 0.06 0.0 9058

1748469120
0.09 0.06 0.0 0

1748469121
0.09 0.06 0.0 0

1748469122
0.08 0.06 0.0 9526

1748469123
0.08 0.06 0.0 9640

1748469124
0.24 0.09 0.01 10434

1748469125
0.24 0.09 0.01 0

1748469126
0.2 0.08 0.01 0

1748469127
0.2 0.08 0.01 0

1748469128
0.16 0.08 0.01 8662

1748469129
0.16 0.08 0.01 12036

1748469130
0.13 0.08 0.01 0

1748469131
0.13 0.08 0.01 3

1748469132
0.11 0.08 0.01 0

1748469133
0.11 0.08 0.01 0

1748469134
0.09 0.07 0.01 7480

1748469135
0.09 0.07 0.01 13636

1748469136
0.25 0.1 0.01 923

1748469137
0.25 0.1 0.01 0

1748469138
0.2 0.1 0.01 0

1748469139
0.2 0.1 0.01 0

1748469140
0.17 0.1 0.01 8318

1748469141
0.17 0.1 0.01 7838

1748469142
0.32 0.12 0.02 9050

1748469143
0.32 0.12 0.02 0

1748469144
0.26 0.12 0.02 0

1748469145
0.26 0.12 0.02 0

1748469146
0.21 0.12 0.02 9812

1748469147
0.21 0.12 0.02 6222

1748469149
0.35 0.14 0.03 18062

1748469150
0.29 0.14 0.02 0

1748469151
0.29 0.14 0.02 9714

1748469152
0.23 0.13 0.02 8636

1748469154
0.19 0.13 0.02 0

1748469155
0.19 0.13 0.02 16246

1748469156
0.16 0.12 0.02 0

1748469157
0.16 0.12 0.02 13161

1748469158
0.13 0.12 0.02 0

1748469159
0.13 0.12 0.02 0

1748469160
0.1 0.12 0.02 0

1748469161
0.1 0.12 0.02 0

1748469162
0.08 0.11 0.02 14412

1748469163
0.08 0.11 0.02 0

1748469164
0.07 0.11 0.02 0

1748469165
0.07 0.11 0.02 0

1748469166
0.05 0.1 0.02 0

1748469167
0.05 0.1 0.02 10108

1748469168
0.04 0.1 0.02 7726

1748469170
0.03 0.1 0.02 14146

1748469171
0.03 0.1 0.02 0

1748469172
0.03 0.09 0.02 0

1748469173
0.03 0.09 0.02 5583

1748469174
0.02 0.09 0.02 18971

1748469175
0.02 0.09 0.02 7062

1748469177
0.02 0.09 0.02 0

1748469178
0.01 0.08 0.02 0

1748469179
0.01 0.08 0.02 8814

1748469180
0.01 0.08 0.02 5768

1748469182
0.01 0.08 0.02 0

1748469183
0.01 0.08 0.02 0

1748469184
0.0 0.07 0.02 8705

1748469185
0.0 0.07 0.02 4365

1748469186
0.0 0.07 0.02 0

1748469187
0.0 0.07 0.02 0

1748469188
0.0 0.07 0.02 18178

1748469189
0.0 0.07 0.02 0

1748469190
0.0 0.07 0.02 1085

1748469191
0.0 0.07 0.02 253

1748469192
0.0 0.06 0.01 0

1748469193
0.0 0.06 0.01 14721

1748469194
0.0 0.06 0.01 0

1748469195
0.0 0.06 0.01 534

1748469196
0.0 0.06 0.01 319

1748469197
0.0 0.06 0.01 0

1748469198
0.0 0.06 0.01 0

1748469199
0.0 0.06 0.01 0

1748469200
0.0 0.05 0.01 13880

1748469201
0.0 0.05 0.01 16038

1748469202
0.0 0.05 0.01 0

1748469203
0.0 0.05 0.01 0

1748469204
0.0 0.05 0.01 0

1748469205
0.0 0.05 0.01 0

1748469206
0.0 0.05 0.01 4137

1748469207
0.0 0.05 0.01 0

1748469208
0.0 0.05 0.01 12515

1748469209
0.0 0.05 0.01 0

1748469210
0.0 0.04 0.01 0

1748469211
0.0 0.04 0.01 0

1748469212
0.0 0.04 0.01 19119

1748469213
0.0 0.04 0.01 0

1748469214
0.0 0.04 0.01 0

1748469215
0.0 0.04 0.01 0

1748469216
0.0 0.04 0.01 6279

1748469217
0.0 0.04 0.01 11645

1748469218
0.0 0.04 0.01 0

1748469219
0.0 0.04 0.01 0

1748469220
0.0 0.04 0.01 0

1748469221
0.0 0.04 0.01 0

1748469222
0.0 0.03 0.01 14165

1748469223
0.0 0.03 0.01 0

1748469224
0.0 0.03 0.01 0

1748469225
0.0 0.03 0.01 0

1748469226
0.0 0.03 0.01 0

1748469227
0.0 0.03 0.01 10026

1748469228
0.0 0.03 0.01 9651

1748469229
0.0 0.03 0.01 10258

1748469230
0.0 0.03 0.01 0

1748469231
0.0 0.03 0.01 0

1748469232
0.0 0.03 0.0 0

1748469233
0.0 0.03 0.0 5722

1748469234
0.0 0.02 0.0 13862

1748469235
0.0 0.02 0.0 0

1748469236
0.0 0.02 0.0 0

1748469237
0.0 0.02 0.0 0

1748469238
0.0 0.02 0.0 0

1748469239
0.0 0.02 0.0 25091

1748469240
0.18 0.06 0.01 9241

1748469241
0.18 0.06 0.01 0

1748469242
0.14 0.05 0.01 0

1748469243
0.14 0.05 0.01 0

1748469244
0.12 0.05 0.01 8363

1748469245
0.12 0.05 0.01 11073

1748469246
0.09 0.05 0.01 0

1748469247
0.09 0.05 0.01 0

1748469248
0.08 0.05 0.01 0

1748469249
0.08 0.05 0.01 0

1748469250
0.06 0.04 0.01 6127

1748469251
0.06 0.04 0.01 403

1748469253
0.05 0.04 0.01 0

1748469254
0.04 0.04 0.01 0

1748469255
0.04 0.04 0.01 0

1748469256
0.03 0.04 0.01 1263

1748469257
0.03 0.04 0.01 0

1748469258
0.02 0.04 0.01 0

1748469259
0.02 0.04 0.01 0

1748469260
0.02 0.04 0.01 0

1748469261
0.02 0.04 0.01 14576

1748469262
0.01 0.03 0.0 0

1748469263
0.01 0.03 0.0 0

1748469264
0.01 0.03 0.0 0

1748469265
0.01 0.03 0.0 0

1748469266
0.01 0.03 0.0 14541

1748469267
0.01 0.03 0.0 5677

1748469268
0.19 0.06 0.01 0

1748469269
0.19 0.06 0.01 0

1748469270
0.15 0.06 0.01 0

