1745357078
0.0 0.09 0.2 1853

1745357079
0.0 0.09 0.2 2353

1745357080
0.0 0.08 0.2 2854

1745357081
0.0 0.08 0.2 2170

1745357082
0.0 0.08 0.19 2120

1745357083
0.0 0.08 0.19 5123

1745357084
0.0 0.08 0.19 1639

1745357085
0.0 0.08 0.19 2441

1745357086
0.0 0.07 0.19 1518

1745357087
0.0 0.07 0.19 5329

1745357088
0.0 0.07 0.19 1771

1745357090
0.0 0.07 0.19 1639

1745357091
0.0 0.07 0.19 2624

1745357092
0.0 0.07 0.19 1958

1745357093
0.0 0.07 0.19 2542

1745357094
0.0 0.07 0.19 1269

1745357095
0.0 0.06 0.18 1771

1745357096
0.0 0.06 0.18 933

1745357097
0.0 0.06 0.18 1199

1745357098
0.0 0.06 0.18 1926

1745357099
0.0 0.06 0.18 1144

1745357100
0.0 0.06 0.18 982

1745357101
0.0 0.06 0.18 1399

1745357102
0.0 0.05 0.18 1735

1745357103
0.0 0.05 0.18 780

1745357105
0.0 0.05 0.18 1907

1745357106
0.0 0.05 0.18 1915

1745357107
0.0 0.05 0.18 1802

1745357108
0.0 0.05 0.18 1677

1745357109
0.0 0.05 0.17 1874

1745357110
0.0 0.05 0.17 2153

1745357111
0.0 0.05 0.17 3516

1745357112
0.0 0.05 0.17 1329

1745357113
0.0 0.04 0.17 2209

1745357114
0.0 0.04 0.17 1938

1745357115
0.0 0.04 0.17 2361

1745357116
0.0 0.04 0.17 2721

1745357117
0.0 0.04 0.17 1706

1745357118
0.0 0.04 0.17 1404

1745357119
0.0 0.04 0.17 1224

1745357120
0.0 0.04 0.17 1649

1745357121
0.0 0.04 0.17 1702

1745357122
0.0 0.04 0.16 2167

1745357124
0.0 0.04 0.16 1184

1745357125
0.0 0.03 0.16 1237

1745357126
0.0 0.03 0.16 854

1745357127
0.0 0.03 0.16 685

1745357128
0.0 0.03 0.16 1751

1745357129
0.0 0.03 0.16 2395

1745357131
0.0 0.03 0.16 2773

1745357132
0.0 0.03 0.16 2603

1745357133
0.0 0.03 0.16 2821

1745357134
0.0 0.03 0.16 2893

1745357135
0.0 0.03 0.16 2129

1745357136
0.0 0.03 0.16 1605

1745357137
0.0 0.03 0.15 2054

1745357138
0.0 0.03 0.15 3676

1745357139
0.0 0.02 0.15 1712

1745357140
0.0 0.02 0.15 2148

1745357141
0.0 0.02 0.15 1859

1745357142
0.0 0.02 0.15 7368

1745357143
0.0 0.02 0.15 4482

1745357144
0.0 0.02 0.15 3469

1745357145
0.0 0.02 0.15 3138

1745357147
0.0 0.02 0.15 4399

1745357148
0.0 0.02 0.15 5770

1745357149
0.0 0.02 0.15 5322

1745357150
0.0 0.02 0.15 5410

1745357151
0.0 0.02 0.14 5289

1745357152
0.0 0.02 0.14 5331

1745357153
0.0 0.02 0.14 5301

1745357154
0.0 0.02 0.14 3209

1745357156
0.0 0.02 0.14 5352

1745357157
0.0 0.02 0.14 3376

1745357158
0.0 0.02 0.14 4174

1745357159
0.0 0.01 0.14 6149

1745357160
0.0 0.01 0.14 3983

1745357161
0.0 0.01 0.14 6913

1745357162
0.0 0.01 0.14 3412

1745357163
0.0 0.01 0.14 4919

1745357164
0.0 0.01 0.13 4543

1745357165
0.0 0.01 0.13 4544

1745357166
0.0 0.01 0.13 5128

1745357167
0.0 0.01 0.13 4867

1745357168
0.0 0.01 0.13 4368

1745357169
0.0 0.01 0.13 4883

1745357170
0.0 0.01 0.13 4645

1745357171
0.0 0.01 0.13 4109

1745357172
0.0 0.01 0.13 4175

1745357173
0.0 0.01 0.13 8892

1745357174
0.0 0.01 0.13 6450

1745357175
0.0 0.01 0.13 3825

1745357176
0.0 0.01 0.13 3706

1745357177
0.0 0.01 0.13 4244

1745357178
0.0 0.01 0.13 3918

1745357179
0.0 0.01 0.13 5103

1745357180
0.0 0.01 0.13 5655

1745357181
0.0 0.01 0.13 4130

1745357182
0.0 0.01 0.13 5616

1745357183
0.0 0.01 0.13 4199

1745357184
0.0 0.01 0.12 3756

1745357185
0.0 0.01 0.12 4179

1745357186
0.0 0.0 0.12 4690

1745357187
0.0 0.0 0.12 9945

1745357188
0.0 0.0 0.12 2720

1745357189
0.0 0.0 0.12 1616

1745357190
0.0 0.0 0.12 2135

1745357191
0.0 0.0 0.12 732

1745357192
0.0 0.0 0.12 292

1745357193
0.0 0.0 0.12 550

1745357194
0.0 0.0 0.12 171

1745357195
0.0 0.0 0.12 699

1745357196
0.0 0.0 0.12 9494

1745357197
0.0 0.0 0.12 632

1745357198
0.0 0.0 0.12 221

1745357199
0.0 0.0 0.12 1456

1745357200
0.0 0.0 0.12 1380

1745357201
0.0 0.0 0.12 670

1745357202
0.0 0.0 0.12 1205

1745357203
0.0 0.0 0.12 2365

1745357204
0.0 0.0 0.12 1974

1745357205
0.0 0.0 0.12 921

1745357206
0.0 0.0 0.11 2420

1745357207
0.0 0.0 0.11 13748

1745357208
0.18 0.03 0.12 18804

1745357209
0.18 0.03 0.12 1074

1745357210
0.14 0.03 0.12 1078

1745357211
0.14 0.03 0.12 150

1745357212
0.12 0.03 0.12 275

1745357213
0.12 0.03 0.12 340

1745357214
0.09 0.03 0.12 651

1745357215
0.09 0.03 0.12 223

1745357216
0.08 0.03 0.12 701

1745357217
0.08 0.03 0.12 556

1745357218
0.06 0.03 0.12 1278

1745357219
0.06 0.03 0.12 1903

1745357220
0.05 0.02 0.11 934

1745357221
0.05 0.02 0.11 621

1745357222
0.04 0.02 0.11 918

1745357223
0.04 0.02 0.11 949

1745357224
0.03 0.02 0.11 899

1745357225
0.03 0.02 0.11 634

1745357226
0.02 0.02 0.11 1709

1745357227
0.02 0.02 0.11 2126

1745357228
0.02 0.02 0.11 9421

1745357229
0.02 0.02 0.11 627

1745357230
0.01 0.02 0.11 2056

1745357231
0.01 0.02 0.11 2400

1745357232
0.01 0.02 0.11 2491

1745357233
0.01 0.02 0.11 3717

1745357234
0.01 0.02 0.11 1947

1745357235
0.01 0.02 0.11 1924

1745357236
0.0 0.02 0.11 2069

1745357237
0.0 0.02 0.11 818

1745357238
0.0 0.02 0.11 1551

1745357239
0.0 0.02 0.11 278

1745357240
0.0 0.01 0.1 1534

1745357241
0.0 0.01 0.1 2015

1745357242
0.0 0.01 0.1 2647

1745357243
0.0 0.01 0.1 2641

1745357244
0.0 0.01 0.1 3072

1745357245
0.0 0.01 0.1 640

1745357246
0.0 0.01 0.1 1074

1745357247
0.0 0.01 0.1 1588

1745357248
0.0 0.01 0.1 1584

1745357249
0.0 0.01 0.1 1946

1745357250
0.0 0.01 0.1 624

1745357251
0.0 0.01 0.1 789

1745357252
0.0 0.01 0.1 2642

1745357253
0.0 0.01 0.1 2468

1745357254
0.0 0.01 0.1 2505

1745357255
0.0 0.01 0.1 1287

1745357256
0.0 0.01 0.1 2857

1745357257
0.0 0.01 0.1 2533

1745357258
0.0 0.01 0.1 898

1745357259
0.0 0.01 0.1 1777

1745357260
0.0 0.01 0.1 272

1745357261
0.0 0.01 0.1 507

1745357262
0.0 0.01 0.09 738

1745357263
0.0 0.01 0.09 525

1745357264
0.0 0.01 0.09 682

1745357265
0.0 0.01 0.09 555

1745357266
0.0 0.01 0.09 897

1745357267
0.0 0.01 0.09 842

1745357268
0.0 0.0 0.09 2951

1745357269
0.0 0.0 0.09 2676

1745357270
0.0 0.0 0.09 2795

1745357271
0.0 0.0 0.09 490

1745357272
0.0 0.0 0.09 1516

1745357273
0.0 0.0 0.09 2940

1745357274
0.0 0.0 0.09 2486

1745357275
0.0 0.0 0.09 2579

1745357276
0.0 0.0 0.09 2916

1745357277
0.0 0.0 0.09 2963

1745357278
0.0 0.0 0.09 2168

1745357279
0.0 0.0 0.09 1347

1745357280
0.0 0.0 0.09 2926

1745357281
0.0 0.0 0.09 2090

1745357282
0.0 0.0 0.08 1441

1745357283
0.0 0.0 0.08 1199

1745357284
0.0 0.0 0.08 1543

1745357285
0.0 0.0 0.08 2609

1745357286
0.0 0.0 0.08 2758

1745357287
0.0 0.0 0.08 2609

1745357288
0.0 0.0 0.08 2734

1745357289
0.0 0.0 0.08 1709

1745357290
0.0 0.0 0.08 1699

1745357291
0.0 0.0 0.08 2706

1745357292
0.0 0.0 0.08 1594

1745357293
0.0 0.0 0.08 1063

1745357294
0.0 0.0 0.08 1333

1745357295
0.0 0.0 0.08 1694

1745357296
0.0 0.0 0.08 1172

1745357297
0.0 0.0 0.08 1747

1745357298
0.0 0.0 0.08 1097

1745357299
0.0 0.0 0.08 374

1745357300
0.0 0.0 0.08 1896

1745357301
0.0 0.0 0.08 1576

1745357302
0.0 0.0 0.07 2583

1745357303
0.0 0.0 0.07 3223

1745357304
0.0 0.0 0.07 2480

1745357305
0.0 0.0 0.07 758

1745357306
0.0 0.0 0.07 1424

1745357307
0.0 0.0 0.07 2736

1745357308
0.0 0.0 0.07 2045

1745357309
0.0 0.0 0.07 2232

1745357310
0.0 0.0 0.07 2013

1745357311
0.0 0.0 0.07 1466

1745357312
0.0 0.0 0.07 2015

1745357313
0.0 0.0 0.07 1670

1745357314
0.0 0.0 0.07 2728

1745357315
0.0 0.0 0.07 2756

1745357316
0.0 0.0 0.07 2633

1745357317
0.0 0.0 0.07 1219

1745357318
0.0 0.0 0.07 2254

1745357319
0.0 0.0 0.07 1233

1745357320
0.0 0.0 0.07 1620

1745357321
0.0 0.0 0.07 990

1745357322
0.0 0.0 0.07 2474

1745357323
0.0 0.0 0.07 2582

1745357324
0.0 0.0 0.06 2021

1745357325
0.0 0.0 0.06 2343

1745357326
0.0 0.0 0.06 1339

1745357327
0.0 0.0 0.06 2279

1745357328
0.0 0.0 0.06 2865

1745357329
0.0 0.0 0.06 2216

1745357330
0.0 0.0 0.06 2006

1745357331
0.0 0.0 0.06 2062

1745357332
0.0 0.0 0.06 2183

1745357333
0.0 0.0 0.06 511

1745357334
0.0 0.0 0.06 315

1745357335
0.0 0.0 0.06 1628

1745357336
0.0 0.0 0.06 874

1745357337
0.0 0.0 0.06 679

1745357338
0.0 0.0 0.06 2756

1745357339
0.0 0.0 0.06 1925

1745357340
0.0 0.0 0.06 1134

1745357341
0.0 0.0 0.06 500

1745357342
0.0 0.0 0.06 4648

1745357343
0.0 0.0 0.06 2620

1745357344
0.0 0.0 0.06 2946

1745357345
0.0 0.0 0.06 712

1745357346
0.0 0.0 0.06 1407

1745357347
0.0 0.0 0.06 1072

1745357348
0.0 0.0 0.06 2591

1745357349
0.0 0.0 0.06 1906

1745357350
0.0 0.0 0.06 1361

1745357351
0.0 0.0 0.06 1797

1745357352
0.0 0.0 0.06 243

1745357353
0.0 0.0 0.06 290

1745357354
0.0 0.0 0.06 866

1745357355
0.0 0.0 0.06 538

1745357356
0.0 0.0 0.06 2841

1745357357
0.0 0.0 0.06 721

1745357358
0.0 0.0 0.06 2403

1745357359
0.0 0.0 0.06 1328

1745357360
0.0 0.0 0.06 1568

1745357361
0.0 0.0 0.06 1691

1745357362
0.0 0.0 0.06 2320

1745357363
0.0 0.0 0.06 2084

1745357364
0.0 0.0 0.06 2105

1745357365
0.0 0.0 0.06 378

1745357366
0.0 0.0 0.05 2714

1745357367
0.0 0.0 0.05 830

1745357368
0.0 0.0 0.05 2368

1745357369
0.0 0.0 0.05 2214

1745357370
0.0 0.0 0.05 2546

1745357371
0.0 0.0 0.05 1606

1745357372
0.0 0.0 0.05 2751

1745357373
0.0 0.0 0.05 7645

1745357374
0.0 0.0 0.05 11385

1745357375
0.0 0.0 0.05 9694

1745357376
0.0 0.0 0.05 4951

1745357377
0.0 0.0 0.05 12522

1745357378
0.0 0.0 0.05 5108

1745357379
0.0 0.0 0.05 11452

1745357380
0.18 0.03 0.06 12044

1745357381
0.18 0.03 0.06 8144

1745357382
0.32 0.06 0.07 13878

1745357383
0.32 0.06 0.07 9269

1745357384
0.26 0.06 0.06 4889

1745357385
0.26 0.06 0.06 226

1745357386
0.22 0.05 0.06 170

1745357387
0.22 0.05 0.06 194

1745357388
0.18 0.05 0.06 285

1745357389
0.18 0.05 0.06 210

1745357390
0.14 0.05 0.06 127

1745357391
0.14 0.05 0.06 213

1745357392
0.12 0.05 0.06 1092

1745357393
0.12 0.05 0.06 224

1745357394
0.09 0.05 0.06 143

1745357395
0.09 0.05 0.06 212

1745357396
0.08 0.04 0.06 152

1745357397
0.08 0.04 0.06 210

1745357398
0.06 0.04 0.06 513

1745357399
0.06 0.04 0.06 195

1745357400
0.05 0.04 0.06 170

1745357401
0.05 0.04 0.06 2497

1745357402
0.04 0.04 0.06 166

1745357403
0.04 0.04 0.06 235

1745357404
0.03 0.04 0.06 146

1745357405
0.03 0.04 0.06 167

1745357406
0.02 0.04 0.06 124

1745357407
0.02 0.04 0.06 188

1745357408
0.02 0.03 0.06 139

1745357409
0.02 0.03 0.06 202

1745357410
0.01 0.03 0.06 116

1745357411
0.01 0.03 0.06 255

1745357412
0.01 0.03 0.06 93

1745357413
0.01 0.03 0.06 198

1745357414
0.01 0.03 0.06 125

1745357415
0.01 0.03 0.06 188

1745357416
0.0 0.03 0.06 148

1745357417
0.0 0.03 0.06 223

1745357418
0.0 0.03 0.06 124

1745357419
0.0 0.03 0.06 205

1745357420
0.0 0.03 0.06 100

1745357421
0.0 0.03 0.06 667

1745357422
0.0 0.02 0.06 557

1745357423
0.0 0.02 0.06 238

1745357425
0.0 0.02 0.06 1062

