1745357078
0.36 0.73 1.23 1053

1745357079
0.36 0.73 1.23 1619

1745357080
0.29 0.7 1.22 1707

1745357081
0.29 0.7 1.22 1345

1745357082
0.24 0.68 1.22 959

1745357083
0.24 0.68 1.22 1514

1745357084
0.2 0.66 1.21 1697

1745357085
0.2 0.66 1.21 4344

1745357086
0.16 0.64 1.2 1398

1745357087
0.16 0.64 1.2 2787

1745357088
0.13 0.61 1.19 6197

1745357090
0.13 0.61 1.19 1026

1745357091
0.1 0.59 1.18 969

1745357092
0.1 0.59 1.18 676

1745357093
0.08 0.57 1.17 6812

1745357094
0.08 0.57 1.17 1439

1745357095
0.07 0.55 1.17 3116

1745357096
0.07 0.55 1.17 2957

1745357097
0.05 0.54 1.16 5172

1745357098
0.04 0.52 1.15 4555

1745357099
0.04 0.52 1.15 3637

1745357100
0.03 0.5 1.14 7702

1745357101
0.03 0.5 1.14 4921

1745357102
0.03 0.48 1.13 3578

1745357103
0.03 0.48 1.13 15895

1745357105
0.2 0.5 1.13 4884

1745357106
0.2 0.5 1.13 1677

1745357107
0.16 0.48 1.12 975

1745357108
0.16 0.48 1.12 1845

1745357109
0.13 0.47 1.12 1325

1745357110
0.13 0.47 1.12 13034

1745357111
0.11 0.45 1.11 10108

1745357112
0.11 0.45 1.11 2276

1745357113
0.09 0.44 1.1 5881

1745357114
0.07 0.42 1.09 2858

1745357115
0.07 0.42 1.09 3664

1745357116
0.06 0.41 1.08 2375

1745357117
0.06 0.41 1.08 17733

1745357118
0.23 0.43 1.08 3361

1745357119
0.23 0.43 1.08 1736

1745357120
0.18 0.41 1.08 1118

1745357121
0.18 0.41 1.08 5322

1745357122
0.15 0.4 1.07 2004

1745357124
0.15 0.4 1.07 1750

1745357125
0.12 0.39 1.06 4310

1745357126
0.1 0.37 1.05 9246

1745357127
0.1 0.37 1.05 4647

1745357128
0.08 0.36 1.05 5184

1745357129
0.08 0.36 1.05 4375

1745357131
0.06 0.35 1.04 560

1745357132
0.06 0.35 1.04 899

1745357133
0.05 0.34 1.03 1359

1745357134
0.05 0.34 1.03 9451

1745357135
0.04 0.32 1.02 1339

1745357136
0.04 0.32 1.02 2210

1745357137
0.03 0.31 1.02 1257

1745357138
0.03 0.31 1.02 6979

1745357139
0.03 0.3 1.01 6444

1745357140
0.02 0.29 1.0 2705

1745357141
0.02 0.29 1.0 9815

1745357142
0.2 0.32 1.0 31825

1745357143
0.2 0.32 1.0 82815

1745357144
1.25 0.5 1.04 71226

1745357145
1.25 0.5 1.04 81719

1745357147
2.47 0.75 1.08 94820

1745357148
2.47 0.75 1.08 161127

1745357149
4.01 1.08 1.15 81656

1745357150
4.01 1.08 1.15 129480

1745357151
4.92 1.34 1.2 115036

1745357152
5.84 1.63 1.27 117259

1745357153
5.84 1.63 1.27 118398

1745357154
6.41 1.87 1.32 133199

1745357156
6.41 1.87 1.32 94690

1745357157
7.06 2.13 1.38 67726

1745357158
7.06 2.13 1.38 114394

1745357159
7.41 2.36 1.43 146802

1745357160
7.41 2.36 1.43 138071

1745357161
8.24 2.67 1.5 82265

1745357162
8.2 2.85 1.55 104052

1745357163
8.2 2.85 1.55 150169

1745357164
9.07 3.18 1.63 139293

1745357165
9.07 3.18 1.63 154449

1745357166
9.96 3.53 1.71 201693

1745357167
9.96 3.53 1.71 229550

1745357168
11.96 4.1 1.84 203047

1745357169
11.96 4.1 1.84 201730

1745357170
13.23 4.59 1.96 187852

1745357171
13.23 4.59 1.96 139425

1745357172
13.73 4.97 2.06 162095

1745357173
13.73 4.97 2.06 109390

1745357174
13.42 5.2 2.12 142439

1745357175
13.42 5.2 2.12 303025

1745357176
16.6 6.04 2.32 436450

1745357177
16.6 6.04 2.32 343436

1745357178
19.93 6.99 2.55 381178

1745357179
19.93 6.99 2.55 348515

1745357180
22.12 7.81 2.75 221845

1745357181
22.12 7.81 2.75 201857

1745357182
22.1 8.27 2.88 252285

1745357183
22.1 8.27 2.88 208188

1745357184
21.9 8.69 3.0 214469

1745357185
21.9 8.69 3.0 184704

1745357186
21.01 8.96 3.1 66980

1745357187
21.01 8.96 3.1 17838

1745357188
17.38 8.7 3.08 873

1745357189
17.38 8.7 3.08 318

1745357190
14.23 8.41 3.06 18726

1745357191
14.23 8.41 3.06 4

1745357192
11.65 8.14 3.04 8

1745357193
11.65 8.14 3.04 4

1745357194
9.54 7.87 3.02 0

1745357195
9.54 7.87 3.02 0

1745357196
7.81 7.61 3.0 17059

1745357197
7.81 7.61 3.0 86117

1745357198
7.3 7.53 3.01 0

1745357199
7.3 7.53 3.01 0

1745357200
5.98 7.28 2.99 0

1745357201
5.98 7.28 2.99 822

1745357202
6.34 7.3 3.03 227289

1745357203
6.34 7.3 3.03 204720

1745357204
8.64 7.69 3.14 182360

1745357205
8.64 7.69 3.14 340258

1745357206
10.33 8.02 3.24 0

1745357207
10.33 8.02 3.24 0

1745357208
8.46 7.76 3.22 0

1745357209
8.46 7.76 3.22 14464

1745357210
6.93 7.51 3.19 509

1745357211
6.93 7.51 3.19 3

1745357212
5.67 7.26 3.17 3

1745357213
5.67 7.26 3.17 0

1745357214
4.64 7.02 3.15 380

1745357215
4.64 7.02 3.15 0

1745357216
3.8 6.79 3.13 0

1745357217
3.8 6.79 3.13 0

1745357218
3.11 6.57 3.11 0

1745357219
3.11 6.57 3.11 0

1745357220
2.55 6.35 3.09 0

1745357221
2.55 6.35 3.09 24462

1745357222
2.26 6.18 3.07 0

1745357223
2.26 6.18 3.07 0

1745357224
1.85 5.98 3.05 0

1745357225
1.85 5.98 3.05 0

1745357226
1.52 5.78 3.03 0

1745357227
1.52 5.78 3.03 0

1745357228
1.24 5.59 3.01 11997

1745357229
1.24 5.59 3.01 0

1745357230
1.01 5.41 2.99 0

1745357231
1.01 5.41 2.99 0

1745357232
0.83 5.23 2.97 0

1745357233
0.83 5.23 2.97 0

1745357234
0.68 5.06 2.95 0

1745357235
0.68 5.06 2.95 0

1745357236
0.55 4.89 2.92 0

1745357237
0.55 4.89 2.92 3712

1745357238
0.45 4.73 2.9 133

1745357239
0.45 4.73 2.9 3

1745357240
0.37 4.58 2.88 0

1745357241
0.37 4.58 2.88 0

1745357242
0.3 4.43 2.86 0

1745357243
0.3 4.43 2.86 0

1745357244
0.25 4.28 2.84 0

1745357245
0.25 4.28 2.84 6717

1745357246
0.2 4.14 2.82 0

1745357247
0.2 4.14 2.82 0

1745357248
0.16 4.01 2.81 0

1745357249
0.16 4.01 2.81 1771

1745357250
0.13 3.87 2.79 1200

1745357251
0.13 3.87 2.79 475

1745357252
0.11 3.75 2.77 0

1745357253
0.11 3.75 2.77 0

1745357254
0.09 3.62 2.75 0

1745357255
0.09 3.62 2.75 0

1745357256
0.07 3.51 2.73 0

1745357257
0.07 3.51 2.73 1807

1745357258
0.06 3.39 2.71 0

1745357259
0.06 3.39 2.71 0

1745357260
0.04 3.28 2.69 0

1745357261
0.04 3.28 2.69 0

1745357262
0.04 3.17 2.67 0

1745357263
0.04 3.17 2.67 0

1745357264
0.03 3.07 2.65 0

1745357265
0.03 3.07 2.65 0

1745357266
0.02 2.97 2.63 0

1745357267
0.02 2.97 2.63 0

1745357268
0.02 2.87 2.62 0

1745357269
0.02 2.87 2.62 0

1745357270
0.01 2.77 2.6 0

1745357271
0.01 2.77 2.6 0

1745357272
0.01 2.68 2.58 0

1745357273
0.01 2.68 2.58 0

1745357274
0.01 2.59 2.56 0

1745357275
0.01 2.59 2.56 0

1745357276
0.0 2.51 2.54 0

1745357277
0.0 2.51 2.54 0

1745357278
0.0 2.43 2.53 15

1745357279
0.0 2.43 2.53 0

1745357280
0.0 2.35 2.51 0

1745357281
0.0 2.35 2.51 0

1745357282
0.0 2.27 2.49 0

1745357283
0.0 2.27 2.49 0

1745357284
0.0 2.2 2.47 0

1745357285
0.0 2.2 2.47 0

1745357286
0.0 2.12 2.46 0

1745357287
0.0 2.12 2.46 0

1745357288
0.0 2.05 2.44 0

1745357289
0.0 2.05 2.44 0

1745357290
0.0 1.99 2.42 0

1745357291
0.0 1.99 2.42 0

1745357292
0.0 1.92 2.41 0

1745357293
0.0 1.92 2.41 0

1745357294
0.0 1.86 2.39 0

1745357295
0.0 1.86 2.39 14

1745357296
0.0 1.8 2.37 0

1745357297
0.0 1.8 2.37 0

1745357298
0.0 1.74 2.36 0

1745357299
0.0 1.74 2.36 0

1745357300
0.0 1.68 2.34 0

1745357301
0.0 1.68 2.34 0

1745357302
0.0 1.62 2.32 0

1745357303
0.0 1.62 2.32 0

1745357304
0.0 1.57 2.31 0

1745357305
0.0 1.57 2.31 0

1745357306
0.0 1.52 2.29 0

1745357307
0.0 1.52 2.29 0

1745357308
0.0 1.47 2.28 0

1745357309
0.0 1.47 2.28 0

1745357310
0.0 1.42 2.26 0

1745357311
0.0 1.42 2.26 0

1745357312
0.0 1.37 2.24 0

1745357313
0.0 1.37 2.24 0

1745357314
0.0 1.33 2.23 0

1745357315
0.0 1.33 2.23 0

1745357316
0.0 1.28 2.21 0

1745357317
0.0 1.28 2.21 0

1745357318
0.0 1.24 2.2 0

1745357319
0.0 1.24 2.2 0

1745357320
0.0 1.2 2.18 0

1745357321
0.0 1.2 2.18 0

1745357322
0.0 1.16 2.17 0

1745357323
0.0 1.16 2.17 0

1745357324
0.0 1.12 2.15 0

1745357325
0.0 1.12 2.15 0

1745357326
0.0 1.09 2.14 0

1745357327
0.0 1.09 2.14 0

1745357328
0.0 1.05 2.12 0

1745357329
0.0 1.05 2.12 0

1745357330
0.0 1.02 2.11 0

1745357331
0.0 1.02 2.11 0

1745357332
0.0 0.98 2.09 0

1745357333
0.0 0.98 2.09 0

1745357334
0.0 0.95 2.08 0

1745357335
0.0 0.95 2.08 0

1745357336
0.0 0.92 2.06 0

1745357337
0.0 0.92 2.06 0

1745357338
0.0 0.89 2.05 0

1745357339
0.0 0.89 2.05 0

1745357340
0.0 0.86 2.04 0

1745357341
0.0 0.86 2.04 0

1745357342
0.0 0.83 2.02 0

1745357343
0.0 0.83 2.02 0

1745357344
0.0 0.8 2.01 0

1745357345
0.0 0.8 2.01 0

1745357346
0.0 0.78 1.99 0

1745357347
0.0 0.78 1.99 0

1745357348
0.0 0.75 1.98 0

1745357349
0.0 0.75 1.98 0

1745357350
0.0 0.72 1.97 0

1745357351
0.0 0.72 1.97 0

1745357352
0.0 0.7 1.95 0

1745357353
0.0 0.7 1.95 0

1745357354
0.0 0.68 1.94 0

1745357355
0.0 0.68 1.94 0

1745357356
0.0 0.65 1.92 0

1745357357
0.0 0.65 1.92 0

1745357358
0.0 0.63 1.91 0

1745357359
0.0 0.63 1.91 0

1745357360
0.0 0.61 1.9 0

1745357361
0.0 0.61 1.9 0

1745357362
0.0 0.59 1.88 0

1745357363
0.0 0.59 1.88 0

1745357364
0.0 0.57 1.87 0

1745357365
0.0 0.57 1.87 0

1745357366
0.0 0.55 1.86 0

1745357367
0.0 0.55 1.86 0

1745357368
0.0 0.53 1.85 0

1745357369
0.0 0.53 1.85 0

1745357370
0.0 0.52 1.83 0

1745357371
0.0 0.52 1.83 0

1745357372
0.0 0.5 1.82 0

1745357373
0.0 0.5 1.82 0

1745357374
0.0 0.48 1.81 0

1745357375
0.0 0.48 1.81 0

1745357376
0.0 0.47 1.79 0

1745357377
0.0 0.47 1.79 0

1745357378
0.0 0.45 1.78 0

1745357379
0.0 0.45 1.78 0

1745357380
0.0 0.44 1.77 0

1745357381
0.0 0.44 1.77 0

1745357382
0.0 0.42 1.76 0

1745357383
0.0 0.42 1.76 0

1745357384
0.0 0.41 1.74 0

1745357385
0.0 0.41 1.74 0

1745357386
0.0 0.39 1.73 0

1745357387
0.0 0.39 1.73 0

1745357388
0.0 0.38 1.72 0

1745357389
0.0 0.38 1.72 0

1745357390
0.0 0.37 1.71 0

1745357391
0.0 0.37 1.71 0

1745357392
0.0 0.35 1.7 0

1745357393
0.0 0.35 1.7 0

1745357394
0.0 0.34 1.68 0

1745357395
0.0 0.34 1.68 0

1745357396
0.0 0.33 1.67 0

1745357397
0.0 0.33 1.67 0

1745357398
0.0 0.32 1.66 0

1745357399
0.0 0.32 1.66 0

1745357400
0.0 0.31 1.65 0

1745357401
0.0 0.31 1.65 0

1745357402
0.0 0.3 1.64 0

1745357403
0.0 0.3 1.64 0

1745357404
0.0 0.29 1.63 0

1745357405
0.0 0.29 1.63 0

1745357406
0.0 0.28 1.62 0

1745357407
0.0 0.28 1.62 0

1745357408
0.0 0.27 1.6 0

1745357409
0.0 0.27 1.6 0

1745357410
0.0 0.26 1.59 0

1745357411
0.0 0.26 1.59 0

1745357412
0.0 0.25 1.58 0

1745357413
0.0 0.25 1.58 0

1745357414
0.0 0.24 1.57 0

1745357415
0.0 0.24 1.57 0

1745357416
0.0 0.23 1.56 0

1745357417
0.0 0.23 1.56 0

1745357418
0.0 0.23 1.55 0

1745357419
0.0 0.23 1.55 0

1745357420
0.0 0.22 1.54 0

1745357421
0.0 0.22 1.54 7698

1745357422
0.0 0.21 1.53 9714

1745357423
0.0 0.21 1.53 0

1745357425
0.0 0.2 1.52 0

