1745357078
/dev/nvme3n1p1: 1401635897344
none: 4096

1745357079
/dev/nvme3n1p1: 1401661833216
none: 4096

1745357081
/dev/nvme3n1p1: 1401664356352
none: 4096

1745357082
/dev/nvme3n1p1: 1401676980224
none: 4096

1745357083
/dev/nvme3n1p1: 1401694248960
none: 4096

1745357084
/dev/nvme3n1p1: 1401696567296
none: 4096

1745357086
/dev/nvme3n1p1: 1401756901376
none: 4096

1745357088
/dev/nvme3n1p1: 1401778360320
none: 4096

1745357090
/dev/nvme3n1p1: 1401782534144
none: 4096

1745357092
/dev/nvme3n1p1: 1401794641920
none: 4096

1745357093
/dev/nvme3n1p1: 1401921867776
none: 4096

1745357094
/dev/nvme3n1p1: 1401922781184
none: 4096

1745357096
/dev/nvme3n1p1: 1401924898816
none: 4096

1745357097
/dev/nvme3n1p1: 1401926533120
none: 4096

1745357099
/dev/nvme3n1p1: 1401929707520
none: 4096

1745357100
/dev/nvme3n1p1: 1401930682368
none: 4096

1745357102
/dev/nvme3n1p1: 1401938989056
none: 4096

1745357103
/dev/nvme3n1p1: 1401940439040
none: 4096

1745357105
/dev/nvme3n1p1: 1401943326720
none: 4096

1745357106
/dev/nvme3n1p1: 1401990193152
none: 4096

1745357109
/dev/nvme3n1p1: 1401999425536
none: 4096

1745357110
/dev/nvme3n1p1: 1402005016576
none: 4096

1745357111
/dev/nvme3n1p1: 1402172145664
none: 4096

1745357112
/dev/nvme3n1p1: 1402173927424
none: 4096

1745357114
/dev/nvme3n1p1: 1402247327744
none: 4096

1745357115
/dev/nvme3n1p1: 1402253451264
none: 4096

1745357117
/dev/nvme3n1p1: 1402595360768
none: 4096

1745357119
/dev/nvme3n1p1: 1402598838272
none: 4096

1745357120
/dev/nvme3n1p1: 1402602291200
none: 4096

1745357122
/dev/nvme3n1p1: 1402606043136
none: 4096

1745357124
/dev/nvme3n1p1: 1402642432000
none: 4096

1745357126
/dev/nvme3n1p1: 1402643816448
none: 4096

1745357127
/dev/nvme3n1p1: 1402644537344
none: 4096

1745357128
/dev/nvme3n1p1: 1402648461312
none: 4096

1745357129
/dev/nvme3n1p1: 1402651701248
none: 4096

1745357131
/dev/nvme3n1p1: 1402685812736
none: 4096

1745357132
/dev/nvme3n1p1: 1402693320704
none: 4096

1745357133
/dev/nvme3n1p1: 1402864652288
none: 4096

1745357135
/dev/nvme3n1p1: 1402870591488
none: 4096

1745357137
/dev/nvme3n1p1: 1402931802112
none: 4096

1745357138
/dev/nvme3n1p1: 1403065401344
none: 4096

1745357139
/dev/nvme3n1p1: 1403085922304
none: 4096

1745357141
/dev/nvme3n1p1: 1403092951040
none: 4096

1745357143
/dev/nvme3n1p1: 1403351789568
none: 4096

1745357144
/dev/nvme3n1p1: 1403768029184
none: 4096

1745357145
/dev/nvme3n1p1: 1404059467776
none: 4096

1745357147
/dev/nvme3n1p1: 1404342906880
none: 4096

1745357148
/dev/nvme3n1p1: 1404863074304
none: 4096

1745357150
/dev/nvme3n1p1: 1405153456128
none: 4096

1745357152
/dev/nvme3n1p1: 1405770137600
none: 4096

1745357153
/dev/nvme3n1p1: 1406081507328
none: 4096

1745357154
/dev/nvme3n1p1: 1406536228864
none: 4096

1745357156
/dev/nvme3n1p1: 1406776139776
none: 4096

1745357157
/dev/nvme3n1p1: 1407013367808
none: 4096

1745357159
/dev/nvme3n1p1: 1407587606528
none: 4096

1745357160
/dev/nvme3n1p1: 1407903358976
none: 4096

1745357161
/dev/nvme3n1p1: 1408175616000
none: 4096

1745357162
/dev/nvme3n1p1: 1408659857408
none: 4096

1745357164
/dev/nvme3n1p1: 1408976457728
none: 4096

1745357166
/dev/nvme3n1p1: 1409556176896
none: 4096

1745357167
/dev/nvme3n1p1: 1410221379584
none: 4096

1745357168
/dev/nvme3n1p1: 1410563706880
none: 4096

1745357169
/dev/nvme3n1p1: 1410904580096
none: 4096

1745357170
/dev/nvme3n1p1: 1411267117056
none: 4096

1745357171
/dev/nvme3n1p1: 1411593756672
none: 4096

1745357172
/dev/nvme3n1p1: 1411883339776
none: 4096

1745357173
/dev/nvme3n1p1: 1412170199040
none: 4096

1745357174
/dev/nvme3n1p1: 1412455350272
none: 4096

1745357175
/dev/nvme3n1p1: 1412689805312
none: 4096

1745357176
/dev/nvme3n1p1: 1412929081344
none: 4096

1745357177
/dev/nvme3n1p1: 1413168451584
none: 4096

1745357178
/dev/nvme3n1p1: 1413415104512
none: 4096

1745357179
/dev/nvme3n1p1: 1413658619904
none: 4096

1745357180
/dev/nvme3n1p1: 1413947801600
none: 4096

1745357181
/dev/nvme3n1p1: 1414238261248
none: 4096

1745357182
/dev/nvme3n1p1: 1414528724992
none: 4096

1745357183
/dev/nvme3n1p1: 1414820184064
none: 4096

1745357184
/dev/nvme3n1p1: 1415102840832
none: 4096

1745357185
/dev/nvme3n1p1: 1415378792448
none: 4096

1745357186
/dev/nvme3n1p1: 1415870316544
none: 4096

1745357187
/dev/nvme3n1p1: 1416289857536
none: 4096

1745357188
/dev/nvme3n1p1: 1416657829888
none: 4096

1745357189
/dev/nvme3n1p1: 1416962932736
none: 4096

1745357190
/dev/nvme3n1p1: 1416999661568
none: 4096

1745357191
/dev/nvme3n1p1: 1417000316928
none: 4096

1745357192
/dev/nvme3n1p1: 1417001218048
none: 4096

1745357193
/dev/nvme3n1p1: 1417002061824
none: 4096

1745357194
/dev/nvme3n1p1: 1417005047808
none: 4096

1745357195
/dev/nvme3n1p1: 1417017888768
none: 4096

1745357196
/dev/nvme3n1p1: 1417023266816
none: 4096

1745357197
/dev/nvme3n1p1: 1417023774720
none: 4096

1745357198
/dev/nvme3n1p1: 1417023795200
none: 4096

1745357199
/dev/nvme3n1p1: 1417035272192
none: 4096

1745357200
/dev/nvme3n1p1: 1417047142400
none: 4096

1745357201
/dev/nvme3n1p1: 1417059061760
none: 4096

1745357202
/dev/nvme3n1p1: 1417070952448
none: 4096

1745357203
/dev/nvme3n1p1: 1417082839040
none: 4096

1745357204
/dev/nvme3n1p1: 1417094725632
none: 4096

1745357205
/dev/nvme3n1p1: 1417106616320
none: 4096

1745357206
/dev/nvme3n1p1: 1417118507008
none: 4096

1745357207
/dev/nvme3n1p1: 1417118863360
none: 4096

1745357208
/dev/nvme3n1p1: 1417123065856
none: 4096

1745357209
/dev/nvme3n1p1: 1417124642816
none: 4096

1745357210
/dev/nvme3n1p1: 1417134657536
none: 4096

1745357211
/dev/nvme3n1p1: 1417134841856
none: 4096

1745357212
/dev/nvme3n1p1: 1417135439872
none: 4096

1745357213
/dev/nvme3n1p1: 1417143164928
none: 4096

1745357214
/dev/nvme3n1p1: 1417144958976
none: 4096

1745357215
/dev/nvme3n1p1: 1417144971264
none: 4096

1745357216
/dev/nvme3n1p1: 1417154228224
none: 4096

1745357217
/dev/nvme3n1p1: 1417166155776
none: 4096

1745357218
/dev/nvme3n1p1: 1417177980928
none: 4096

1745357219
/dev/nvme3n1p1: 1417189883904
none: 4096

1745357220
/dev/nvme3n1p1: 1417201766400
none: 4096

1745357221
/dev/nvme3n1p1: 1417213624320
none: 4096

1745357222
/dev/nvme3n1p1: 1417225342976
none: 4096

1745357223
/dev/nvme3n1p1: 1417237245952
none: 4096

1745357224
/dev/nvme3n1p1: 1417249169408
none: 4096

1745357225
/dev/nvme3n1p1: 1417261088768
none: 4096

1745357226
/dev/nvme3n1p1: 1417273057280
none: 4096

1745357227
/dev/nvme3n1p1: 1417284161536
none: 4096

1745357228
/dev/nvme3n1p1: 1417293750272
none: 4096

1745357229
/dev/nvme3n1p1: 1417301008384
none: 4096

1745357230
/dev/nvme3n1p1: 1417313759232
none: 4096

1745357231
/dev/nvme3n1p1: 1417325580288
none: 4096

1745357232
/dev/nvme3n1p1: 1417337577472
none: 4096

1745357233
/dev/nvme3n1p1: 1417349439488
none: 4096

1745357234
/dev/nvme3n1p1: 1417361215488
none: 4096

1745357235
/dev/nvme3n1p1: 1417373143040
none: 4096

1745357236
/dev/nvme3n1p1: 1417385082880
none: 4096

1745357237
/dev/nvme3n1p1: 1417391636480
none: 4096

1745357238
/dev/nvme3n1p1: 1417400180736
none: 4096

1745357239
/dev/nvme3n1p1: 1417405841408
none: 4096

1745357240
/dev/nvme3n1p1: 1417417895936
none: 4096

1745357241
/dev/nvme3n1p1: 1417429737472
none: 4096

1745357242
/dev/nvme3n1p1: 1417441554432
none: 4096

1745357243
/dev/nvme3n1p1: 1417453465600
none: 4096

1745357244
/dev/nvme3n1p1: 1417463222272
none: 4096

1745357245
/dev/nvme3n1p1: 1417468141568
none: 4096

1745357246
/dev/nvme3n1p1: 1417480671232
none: 4096

1745357247
/dev/nvme3n1p1: 1417492566016
none: 4096

1745357248
/dev/nvme3n1p1: 1417504415744
none: 4096

1745357249
/dev/nvme3n1p1: 1417509744640
none: 4096

1745357250
/dev/nvme3n1p1: 1417513742336
none: 4096

1745357251
/dev/nvme3n1p1: 1417523064832
none: 4096

1745357252
/dev/nvme3n1p1: 1417534984192
none: 4096

1745357253
/dev/nvme3n1p1: 1417546883072
none: 4096

1745357254
/dev/nvme3n1p1: 1417558794240
none: 4096

1745357255
/dev/nvme3n1p1: 1417570652160
none: 4096

1745357256
/dev/nvme3n1p1: 1417580199936
none: 4096

1745357257
/dev/nvme3n1p1: 1417584279552
none: 4096

1745357258
/dev/nvme3n1p1: 1417588097024
none: 4096

1745357259
/dev/nvme3n1p1: 1417592594432
none: 4096

1745357260
/dev/nvme3n1p1: 1417597964288
none: 4096

1745357261
/dev/nvme3n1p1: 1417604046848
none: 4096

1745357262
/dev/nvme3n1p1: 1417610924032
none: 4096

1745357263
/dev/nvme3n1p1: 1417618542592
none: 4096

1745357264
/dev/nvme3n1p1: 1417626853376
none: 4096

1745357265
/dev/nvme3n1p1: 1417636573184
none: 4096

1745357266
/dev/nvme3n1p1: 1417649516544
none: 4096

1745357267
/dev/nvme3n1p1: 1417661734912
none: 4096

1745357268
/dev/nvme3n1p1: 1417673879552
none: 4096

1745357269
/dev/nvme3n1p1: 1417685921792
none: 4096

1745357270
/dev/nvme3n1p1: 1417698054144
none: 4096

1745357271
/dev/nvme3n1p1: 1417709932544
none: 4096

1745357272
/dev/nvme3n1p1: 1417722232832
none: 4096

1745357273
/dev/nvme3n1p1: 1417734275072
none: 4096

1745357274
/dev/nvme3n1p1: 1417746415616
none: 4096

1745357275
/dev/nvme3n1p1: 1417758457856
none: 4096

1745357276
/dev/nvme3n1p1: 1417770541056
none: 4096

1745357277
/dev/nvme3n1p1: 1417782681600
none: 4096

1745357278
/dev/nvme3n1p1: 1417794736128
none: 4096

1745357279
/dev/nvme3n1p1: 1417806868480
none: 4096

1745357280
/dev/nvme3n1p1: 1417818910720
none: 4096

1745357281
/dev/nvme3n1p1: 1417830862848
none: 4096

1745357282
/dev/nvme3n1p1: 1417842450432
none: 4096

1745357283
/dev/nvme3n1p1: 1417854885888
none: 4096

1745357284
/dev/nvme3n1p1: 1417867296768
none: 4096

1745357285
/dev/nvme3n1p1: 1417879343104
none: 4096

1745357286
/dev/nvme3n1p1: 1417891430400
none: 4096

1745357287
/dev/nvme3n1p1: 1417903575040
none: 4096

1745357288
/dev/nvme3n1p1: 1417915559936
none: 4096

1745357289
/dev/nvme3n1p1: 1417927430144
none: 4096

1745357290
/dev/nvme3n1p1: 1417939636224
none: 4096

1745357291
/dev/nvme3n1p1: 1417951731712
none: 4096

1745357292
/dev/nvme3n1p1: 1417963585536
none: 4096

1745357293
/dev/nvme3n1p1: 1417975230464
none: 4096

1745357294
/dev/nvme3n1p1: 1417987608576
none: 4096

1745357295
/dev/nvme3n1p1: 1418000007168
none: 4096

1745357296
/dev/nvme3n1p1: 1418012098560
none: 4096

1745357297
/dev/nvme3n1p1: 1418023071744
none: 4096

1745357298
/dev/nvme3n1p1: 1418034810880
none: 4096

1745357299
/dev/nvme3n1p1: 1418047705088
none: 4096

1745357300
/dev/nvme3n1p1: 1418060115968
none: 4096

1745357301
/dev/nvme3n1p1: 1418072211456
none: 4096

1745357302
/dev/nvme3n1p1: 1418084274176
none: 4096

1745357303
/dev/nvme3n1p1: 1418096386048
none: 4096

1745357304
/dev/nvme3n1p1: 1418108018688
none: 4096

1745357305
/dev/nvme3n1p1: 1418118062080
none: 4096

1745357306
/dev/nvme3n1p1: 1418131234816
none: 4096

1745357307
/dev/nvme3n1p1: 1418143342592
none: 4096

1745357308
/dev/nvme3n1p1: 1418155438080
none: 4096

1745357309
/dev/nvme3n1p1: 1418167513088
none: 4096

1745357310
/dev/nvme3n1p1: 1418179653632
none: 4096

1745357311
/dev/nvme3n1p1: 1418191695872
none: 4096

1745357312
/dev/nvme3n1p1: 1418203652096
none: 4096

1745357313
/dev/nvme3n1p1: 1418215817216
none: 4096

1745357314
/dev/nvme3n1p1: 1418227912704
none: 4096

1745357315
/dev/nvme3n1p1: 1418239995904
none: 4096

1745357316
/dev/nvme3n1p1: 1418252132352
none: 4096

1745357317
/dev/nvme3n1p1: 1418264186880
none: 4096

1745357318
/dev/nvme3n1p1: 1418276319232
none: 4096

1745357319
/dev/nvme3n1p1: 1418288361472
none: 4096

1745357320
/dev/nvme3n1p1: 1418300456960
none: 4096

1745357321
/dev/nvme3n1p1: 1418312474624
none: 4096

1745357322
/dev/nvme3n1p1: 1418324647936
none: 4096

1745357323
/dev/nvme3n1p1: 1418336686080
none: 4096

1745357324
/dev/nvme3n1p1: 1418348777472
none: 4096

1745357325
/dev/nvme3n1p1: 1418360856576
none: 4096

1745357326
/dev/nvme3n1p1: 1418372841472
none: 4096

1745357327
/dev/nvme3n1p1: 1418385031168
none: 4096

1745357328
/dev/nvme3n1p1: 1418397118464
none: 4096

1745357329
/dev/nvme3n1p1: 1418409250816
none: 4096

1745357330
/dev/nvme3n1p1: 1418421305344
none: 4096

1745357331
/dev/nvme3n1p1: 1418433437696
none: 4096

1745357332
/dev/nvme3n1p1: 1418445475840
none: 4096

1745357333
/dev/nvme3n1p1: 1418457309184
none: 4096

1745357334
/dev/nvme3n1p1: 1418469097472
none: 4096

1745357335
/dev/nvme3n1p1: 1418481467392
none: 4096

1745357336
/dev/nvme3n1p1: 1418491043840
none: 4096

1745357337
/dev/nvme3n1p1: 1418503729152
none: 4096

1745357338
/dev/nvme3n1p1: 1418515820544
none: 4096

1745357339
/dev/nvme3n1p1: 1418527911936
none: 4096

1745357340
/dev/nvme3n1p1: 1418539872256
none: 4096

1745357341
/dev/nvme3n1p1: 1418551767040
none: 4096

1745357342
/dev/nvme3n1p1: 1418564038656
none: 4096

1745357343
/dev/nvme3n1p1: 1418576080896
none: 4096

1745357344
/dev/nvme3n1p1: 1418588172288
none: 4096

1745357345
/dev/nvme3n1p1: 1418600148992
none: 4096

1745357346
/dev/nvme3n1p1: 1418612350976
none: 4096

1745357347
/dev/nvme3n1p1: 1418624430080
none: 4096

1745357348
/dev/nvme3n1p1: 1418636570624
none: 4096

1745357349
/dev/nvme3n1p1: 1418648412160
none: 4096

1745357350
/dev/nvme3n1p1: 1418660757504
none: 4096

1745357351
/dev/nvme3n1p1: 1418670772224
none: 4096

1745357352
/dev/nvme3n1p1: 1418676072448
none: 4096

1745357353
/dev/nvme3n1p1: 1418679218176
none: 4096

1745357354
/dev/nvme3n1p1: 1418690260992
none: 4096

1745357355
/dev/nvme3n1p1: 1418701889536
none: 4096

1745357356
/dev/nvme3n1p1: 1418714189824
none: 4096

1745357357
/dev/nvme3n1p1: 1418726330368
none: 4096

1745357358
/dev/nvme3n1p1: 1418738384896
none: 4096

1745357359
/dev/nvme3n1p1: 1418750349312
none: 4096

1745357360
/dev/nvme3n1p1: 1418762563584
none: 4096

1745357361
/dev/nvme3n1p1: 1418774646784
none: 4096

1745357362
/dev/nvme3n1p1: 1418786742272
none: 4096

1745357363
/dev/nvme3n1p1: 1418798829568
none: 4096

1745357364
/dev/nvme3n1p1: 1418809511936
none: 4096

1745357365
/dev/nvme3n1p1: 1418815746048
none: 4096

1745357366
/dev/nvme3n1p1: 1418828451840
none: 4096

1745357367
/dev/nvme3n1p1: 1418840412160
none: 4096

1745357368
/dev/nvme3n1p1: 1418852610048
none: 4096

1745357369
/dev/nvme3n1p1: 1418864754688
none: 4096

1745357370
/dev/nvme3n1p1: 1418876801024
none: 4096

1745357371
/dev/nvme3n1p1: 1418888888320
none: 4096

1745357372
/dev/nvme3n1p1: 1418901028864
none: 4096

1745357373
/dev/nvme3n1p1: 1418908258304
none: 4096

1745357374
/dev/nvme3n1p1: 1418908262400
none: 4096

1745357375
/dev/nvme3n1p1: 1418908262400
none: 4096

1745357376
/dev/nvme3n1p1: 1418908266496
none: 4096

1745357377
/dev/nvme3n1p1: 1418908266496
none: 4096

1745357378
/dev/nvme3n1p1: 1418908266496
none: 4096

1745357379
/dev/nvme3n1p1: 1418908270592
none: 4096

1745357380
/dev/nvme3n1p1: 1418908270592
none: 4096

1745357381
/dev/nvme3n1p1: 1418908270592
none: 4096

1745357382
/dev/nvme3n1p1: 1418908270592
none: 4096

1745357383
/dev/nvme3n1p1: 1418908270592
none: 4096

1745357384
/dev/nvme3n1p1: 1418913333248
none: 4096

1745357385
/dev/nvme3n1p1: 1418920710144
none: 4096

1745357386
/dev/nvme3n1p1: 1418927824896
none: 4096

1745357387
/dev/nvme3n1p1: 1418935300096
none: 4096

1745357388
/dev/nvme3n1p1: 1418941980672
none: 4096

1745357389
/dev/nvme3n1p1: 1418949226496
none: 4096

1745357390
/dev/nvme3n1p1: 1418956201984
none: 4096

1745357391
/dev/nvme3n1p1: 1418962907136
none: 4096

1745357392
/dev/nvme3n1p1: 1418970464256
none: 4096

1745357393
/dev/nvme3n1p1: 1418978222080
none: 4096

1745357394
/dev/nvme3n1p1: 1418986315776
none: 4096

1745357395
/dev/nvme3n1p1: 1418997309440
none: 4096

1745357396
/dev/nvme3n1p1: 1418999087104
none: 4096

1745357397
/dev/nvme3n1p1: 1419008540672
none: 4096

1745357398
/dev/nvme3n1p1: 1419016593408
none: 4096

1745357399
/dev/nvme3n1p1: 1419024691200
none: 4096

1745357400
/dev/nvme3n1p1: 1419031199744
none: 4096

1745357401
/dev/nvme3n1p1: 1419037618176
none: 4096

1745357402
/dev/nvme3n1p1: 1419044118528
none: 4096

1745357403
/dev/nvme3n1p1: 1419051905024
none: 4096

1745357404
/dev/nvme3n1p1: 1419053137920
none: 4096

1745357405
/dev/nvme3n1p1: 1419053137920
none: 4096

1745357406
/dev/nvme3n1p1: 1419053137920
none: 4096

1745357407
/dev/nvme3n1p1: 1419053137920
none: 4096

1745357408
/dev/nvme3n1p1: 1419053137920
none: 4096

1745357409
/dev/nvme3n1p1: 1419053137920
none: 4096

1745357410
/dev/nvme3n1p1: 1419053142016
none: 4096

1745357411
/dev/nvme3n1p1: 1419053142016
none: 4096

1745357412
/dev/nvme3n1p1: 1419053142016
none: 4096

1745357413
/dev/nvme3n1p1: 1419053142016
none: 4096

1745357414
/dev/nvme3n1p1: 1419053142016
none: 4096

1745357415
/dev/nvme3n1p1: 1419053142016
none: 4096

1745357416
/dev/nvme3n1p1: 1419053142016
none: 4096

1745357417
/dev/nvme3n1p1: 1419053146112
none: 4096

1745357418
/dev/nvme3n1p1: 1419053150208
none: 4096

1745357419
/dev/nvme3n1p1: 1419053150208
none: 4096

1745357420
/dev/nvme3n1p1: 1419053150208
none: 4096

1745357421
/dev/nvme3n1p1: 1419068878848
none: 4096

1745357422
/dev/nvme3n1p1: 1419073490944
none: 4096

1745357423
/dev/nvme3n1p1: 1419073490944
none: 4096

