1745357077
131788824 125984304 1874880 1825304 50331644 50331644

1745357078
131788824 125853824 1875020 1827780 50331644 50331644

1745357079
131788824 125734780 1875604 1866108 50331644 50331644

1745357080
131788824 125790748 1876000 1878584 50331644 50331644

1745357081
131788824 125884940 1876708 1888644 50331644 50331644

1745357082
131788824 125879820 1877100 1902504 50331644 50331644

1745357083
131788824 125857676 1877344 1936252 50331644 50331644

1745357084
131788824 125818444 1877684 1947236 50331644 50331644

1745357085
131788824 125668772 1877960 2062856 50331644 50331644

1745357086
131788824 125527092 1878392 2089600 50331644 50331644

1745357087
131788824 125646268 1878656 2188772 50331644 50331644

1745357088
131788824 125593940 1878972 2280636 50331644 50331644

1745357090
131788824 125682976 1879148 2293340 50331644 50331644

1745357091
131788824 125472080 1879444 2311988 50331644 50331644

1745357092
131788824 125587212 1879452 2326408 50331644 50331644

1745357093
131788824 125270608 1879596 2574476 50331644 50331644

1745357094
131788824 125268660 1879612 2580004 50331644 50331644

1745357095
131788824 125206564 1879628 2586820 50331644 50331644

1745357096
131788824 125178116 1879644 2591892 50331644 50331644

1745357097
131788824 125144704 1879752 2598996 50331644 50331644

1745357098
131788824 125166108 1879820 2606372 50331644 50331644

1745357099
131788824 125164904 1879852 2610536 50331644 50331644

1745357100
131788824 125162628 1879872 2628000 50331644 50331644

1745357101
131788824 125126432 1880020 2643364 50331644 50331644

1745357102
131788824 125154508 1880036 2652712 50331644 50331644

1745357103
131788824 125149792 1880292 2674852 50331644 50331644

1745357105
131788824 125108676 1880428 2687404 50331644 50331644

1745357106
131788824 125098440 1880836 2748992 50331644 50331644

1745357107
131788824 125049104 1882232 2781268 50331644 50331644

1745357108
131788824 125068200 1882776 2801976 50331644 50331644

1745357109
131788824 124997956 1883208 2842956 50331644 50331644

1745357110
131788824 124749080 1883604 3116788 50331644 50331644

1745357111
131788824 124154708 1884068 3516476 50331644 50331644

1745357112
131788824 124052028 1884096 3581556 50331644 50331644

1745357113
131788824 124150944 1884116 3723688 50331644 50331644

1745357114
131788824 123902532 1884416 3866824 50331644 50331644

1745357115
131788824 123461124 1884756 4157272 50331644 50331644

1745357116
131788824 122999196 1885140 4449156 50331644 50331644

1745357117
131788824 122840092 1885628 4601972 50331644 50331644

1745357118
131788824 122867652 1885964 4629272 50331644 50331644

1745357119
131788824 122908416 1886348 4641496 50331644 50331644

1745357120
131788824 122947364 1886748 4647232 50331644 50331644

1745357121
131788824 122889664 1887108 4750244 50331644 50331644

1745357122
131788824 122867452 1887436 4762796 50331644 50331644

1745357124
131788824 122774668 1887892 4840308 50331644 50331644

1745357125
131788824 122816668 1888000 4847356 50331644 50331644

1745357126
131788824 122767292 1888068 4859260 50331644 50331644

1745357127
131788824 122750220 1888192 4864712 50331644 50331644

1745357128
131788824 122838924 1888328 4870928 50331644 50331644

1745357129
131788824 122690884 1888332 5018068 50331644 50331644

1745357131
131788824 122599864 1888348 5079180 50331644 50331644

1745357132
131788824 122644408 1888368 5093364 50331644 50331644

1745357133
131788824 122548128 1888444 5148544 50331644 50331644

1745357134
131788824 122095788 1888500 5473580 50331644 50331644

1745357135
131788824 122326432 1888884 5485296 50331644 50331644

1745357136
131788824 122304756 1889364 5493344 50331644 50331644

1745357137
131788824 122097604 1889928 5601536 50331644 50331644

1745357138
131788824 121698272 1890160 5858900 50331644 50331644

1745357139
131788824 121718592 1890168 5956808 50331644 50331644

1745357140
131788824 121603156 1890396 6005420 50331644 50331644

1745357141
131788824 121502228 1890560 6117968 50331644 50331644

1745357142
131788824 120999292 1890876 6698440 50331644 50331644

1745357143
131788824 120106812 1891012 7388340 50331644 50331644

1745357144
131788824 119458416 1891180 8040364 50331644 50331644

1745357145
131788824 118551908 1895152 8779448 50331644 50331644

1745357147
131788824 117912088 1898980 9569116 50331644 50331644

1745357148
131788824 116879380 1899236 10417488 50331644 50331644

1745357149
131788824 116207456 1899252 11094864 50331644 50331644

1745357150
131788824 115418460 1899256 11900076 50331644 50331644

1745357151
131788824 114597340 1899280 12791152 50331644 50331644

1745357152
131788824 113562368 1899284 13631296 50331644 50331644

1745357153
131788824 112934100 1899288 14447492 50331644 50331644

1745357154
131788824 112115040 1899324 15089384 50331644 50331644

1745357156
131788824 111351004 1899360 15861744 50331644 50331644

1745357157
131788824 110747188 1899380 16552456 50331644 50331644

1745357158
131788824 109877364 1899388 17259052 50331644 50331644

1745357159
131788824 109132604 1899400 18110732 50331644 50331644

1745357160
131788824 108281956 1899408 18873316 50331644 50331644

1745357161
131788824 107318776 1899408 19737024 50331644 50331644

1745357162
131788824 106466664 1899476 20478228 50331644 50331644

1745357163
131788824 105717044 1899476 21315400 50331644 50331644

1745357164
131788824 104946544 1899524 22050144 50331644 50331644

1745357165
131788824 104191616 1899604 22776032 50331644 50331644

1745357166
131788824 103274812 1899736 23681864 50331644 50331644

1745357167
131788824 102455592 1899748 24461300 50331644 50331644

1745357168
131788824 101646132 1899768 25245500 50331644 50331644

1745357169
131788824 100879300 1899792 26027140 50331644 50331644

1745357170
131788824 100001040 1899804 26828548 50331644 50331644

1745357171
131788824 99168140 1899804 27584196 50331644 50331644

1745357172
131788824 98451472 1899804 28295856 50331644 50331644

1745357173
131788824 97709188 1899808 29006224 50331644 50331644

1745357174
131788824 97018112 1899832 29708480 50331644 50331644

1745357175
131788824 96297688 1899832 30403068 50331644 50331644

1745357176
131788824 95488792 1899832 31107384 50331644 50331644

1745357177
131788824 94651972 1899832 31804984 50331644 50331644

1745357178
131788824 93881368 1899832 32511348 50331644 50331644

1745357179
131788824 93238004 1899856 33212380 50331644 50331644

1745357180
131788824 92430036 1899856 33920472 50331644 50331644

1745357181
131788824 91717792 1899856 34633020 50331644 50331644

1745357182
131788824 90882120 1899856 35349896 50331644 50331644

1745357183
131788824 90060288 1899856 36061460 50331644 50331644

1745357184
131788824 89352964 1899856 36753484 50331644 50331644

1745357185
131788824 88776980 1899864 37427532 50331644 50331644

1745357186
131788824 87645328 1899864 38372264 50331644 50331644

1745357187
131788824 86877920 1899864 39129348 50331644 50331644

1745357188
131788824 86248852 1899864 39781180 50331644 50331644

1745357189
131788824 85700868 1899864 40285156 50331644 50331644

1745357190
131788824 85710116 1899868 40352468 50331644 50331644

1745357191
131788824 85714300 1899868 40353308 50331644 50331644

1745357192
131788824 85746068 1899892 40354120 50331644 50331644

1745357193
131788824 85769664 1899904 40354912 50331644 50331644

1745357194
131788824 85781132 1899912 40357820 50331644 50331644

1745357195
131788824 85798184 1899912 40370352 50331644 50331644

1745357196
131788824 85939904 1899916 40375580 50331644 50331644

1745357197
131788824 85971084 1899944 40376052 50331644 50331644

1745357198
131788824 85985236 1899952 40376064 50331644 50331644

1745357199
131788824 85987616 1899952 40387272 50331644 50331644

1745357200
131788824 85994732 1899952 40398856 50331644 50331644

1745357201
131788824 85995136 1899968 40410464 50331644 50331644

1745357202
131788824 86008056 1899968 40422044 50331644 50331644

1745357203
131788824 86023604 1899968 40433672 50331644 50331644

1745357204
131788824 86034736 1899968 40444872 50331644 50331644

1745357205
131788824 86032524 1899972 40456576 50331644 50331644

1745357206
131788824 86057496 1899972 40468192 50331644 50331644

1745357207
131788824 86061596 1899972 40468996 50331644 50331644

1745357208
131788824 86083080 1899972 40473036 50331644 50331644

1745357209
131788824 86208424 1900012 40474600 50331644 50331644

1745357210
131788824 86222544 1900012 40484352 50331644 50331644

1745357211
131788824 86235976 1900048 40484516 50331644 50331644

1745357212
131788824 86286220 1900100 40485044 50331644 50331644

1745357213
131788824 86263168 1900108 40492168 50331644 50331644

1745357214
131788824 86225684 1900132 40494304 50331644 50331644

1745357215
131788824 86231140 1900140 40494308 50331644 50331644

1745357216
131788824 86308956 1900140 40503332 50331644 50331644

1745357217
131788824 86329284 1900140 40514976 50331644 50331644

1745357218
131788824 86320732 1900140 40526528 50331644 50331644

1745357219
131788824 86326280 1900140 40538152 50331644 50331644

1745357220
131788824 86331592 1900140 40549748 50331644 50331644

1745357221
131788824 86338264 1900140 40561328 50331644 50331644

1745357222
131788824 86340416 1900140 40572772 50331644 50331644

1745357223
131788824 86334556 1900140 40584396 50331644 50331644

1745357224
131788824 86323808 1900140 40596036 50331644 50331644

1745357225
131788824 86328700 1900140 40607676 50331644 50331644

1745357226
131788824 86389236 1900148 40619352 50331644 50331644

1745357227
131788824 86395132 1900148 40630188 50331644 50331644

1745357228
131788824 86442852 1900148 40639268 50331644 50331644

1745357229
131788824 86462708 1900184 40646472 50331644 50331644

1745357230
131788824 86442696 1900184 40658952 50331644 50331644

1745357231
131788824 86424932 1900184 40670464 50331644 50331644

1745357232
131788824 86413476 1900184 40682220 50331644 50331644

1745357233
131788824 86394132 1900184 40693812 50331644 50331644

1745357234
131788824 86379780 1900184 40705300 50331644 50331644

1745357235
131788824 86358516 1900184 40716956 50331644 50331644

1745357236
131788824 86346188 1900184 40728612 50331644 50331644

1745357237
131788824 86436884 1900188 40735080 50331644 50331644

1745357238
131788824 86449820 1900216 40743396 50331644 50331644

1745357239
131788824 86444840 1900248 40748816 50331644 50331644

1745357240
131788824 86425268 1900248 40760652 50331644 50331644

1745357241
131788824 86415472 1900248 40772216 50331644 50331644

1745357242
131788824 86412028 1900248 40783732 50331644 50331644

1745357243
131788824 86404984 1900248 40795380 50331644 50331644

1745357244
131788824 86343936 1900248 40804880 50331644 50331644

1745357245
131788824 86428268 1900272 40809644 50331644 50331644

1745357246
131788824 86397416 1900272 40821460 50331644 50331644

1745357247
131788824 86384936 1900276 40833176 50331644 50331644

1745357248
131788824 86393180 1900276 40844284 50331644 50331644

1745357249
131788824 86379904 1900276 40850292 50331644 50331644

1745357250
131788824 86384588 1900320 40853852 50331644 50331644

1745357251
131788824 86377312 1900320 40862816 50331644 50331644

1745357252
131788824 86377700 1900320 40874856 50331644 50331644

1745357253
131788824 86368836 1900320 40886428 50331644 50331644

1745357254
131788824 86357812 1900320 40897844 50331644 50331644

1745357255
131788824 86344104 1900320 40908728 50331644 50331644

1745357256
131788824 86343312 1900320 40917988 50331644 50331644

1745357257
131788824 86385296 1900320 40923004 50331644 50331644

1745357258
131788824 86381468 1900320 40926732 50331644 50331644

1745357259
131788824 86375508 1900320 40930912 50331644 50331644

1745357260
131788824 86367052 1900320 40935852 50331644 50331644

1745357261
131788824 86362160 1900320 40942256 50331644 50331644

1745357262
131788824 86355860 1900320 40948712 50331644 50331644

1745357263
131788824 86349236 1900320 40956056 50331644 50331644

1745357264
131788824 86340020 1900320 40964232 50331644 50331644

1745357265
131788824 86331392 1900320 40973776 50331644 50331644

1745357266
131788824 86317604 1900320 40986252 50331644 50331644

1745357267
131788824 86301568 1900320 40998484 50331644 50331644

1745357268
131788824 86291620 1900320 41010300 50331644 50331644

1745357269
131788824 86276224 1900320 41021836 50331644 50331644

1745357270
131788824 86264596 1900320 41033532 50331644 50331644

1745357271
131788824 86241204 1900320 41045172 50331644 50331644

1745357272
131788824 86237700 1900320 41057716 50331644 50331644

1745357273
131788824 86220256 1900320 41069476 50331644 50331644

1745357274
131788824 86201768 1900320 41081296 50331644 50331644

1745357275
131788824 86194412 1900320 41093028 50331644 50331644

1745357276
131788824 86180824 1900320 41104772 50331644 50331644

1745357277
131788824 86166548 1900320 41116580 50331644 50331644

1745357278
131788824 86161688 1900320 41128228 50331644 50331644

1745357279
131788824 86155336 1900320 41139992 50331644 50331644

1745357280
131788824 86139300 1900320 41151672 50331644 50331644

1745357281
131788824 86131476 1900320 41163108 50331644 50331644

1745357282
131788824 86124668 1900320 41174428 50331644 50331644

1745357283
131788824 86113112 1900320 41186492 50331644 50331644

1745357284
131788824 86089008 1900320 41198724 50331644 50331644

1745357285
131788824 86076792 1900320 41210404 50331644 50331644

1745357286
131788824 86057496 1900320 41221988 50331644 50331644

1745357287
131788824 86040896 1900320 41233536 50331644 50331644

1745357288
131788824 86036856 1900320 41245508 50331644 50331644

1745357289
131788824 86024736 1900320 41257072 50331644 50331644

1745357290
131788824 86020532 1900320 41268292 50331644 50331644

1745357291
131788824 86010592 1900320 41280232 50331644 50331644

1745357292
131788824 85991164 1900320 41291568 50331644 50331644

1745357293
131788824 85984604 1900320 41302760 50331644 50331644

1745357294
131788824 85969524 1900320 41314660 50331644 50331644

1745357295
131788824 85960892 1900328 41326708 50331644 50331644

1745357296
131788824 85946520 1900328 41338104 50331644 50331644

1745357297
131788824 85937068 1900328 41349028 50331644 50331644

1745357298
131788824 85926280 1900328 41360556 50331644 50331644

1745357299
131788824 85906660 1900328 41372856 50331644 50331644

1745357300
131788824 85892040 1900328 41385056 50331644 50331644

1745357301
131788824 85872392 1900328 41396292 50331644 50331644

1745357302
131788824 85863944 1900328 41408056 50331644 50331644

1745357303
131788824 85845900 1900328 41419988 50331644 50331644

1745357304
131788824 85834624 1900328 41434460 50331644 50331644

1745357305
131788824 85818920 1900328 41444164 50331644 50331644

1745357306
131788824 85810796 1900328 41457016 50331644 50331644

1745357307
131788824 85796656 1900328 41468856 50331644 50331644

1745357308
131788824 85789616 1900328 41480656 50331644 50331644

1745357309
131788824 85772624 1900328 41492456 50331644 50331644

1745357310
131788824 85762208 1900328 41504264 50331644 50331644

1745357311
131788824 85751704 1900328 41516052 50331644 50331644

1745357312
131788824 85734108 1900328 41527716 50331644 50331644

1745357313
131788824 85722416 1900328 41539576 50331644 50331644

1745357314
131788824 85709632 1900328 41551416 50331644 50331644

1745357315
131788824 85695148 1900328 41563204 50331644 50331644

1745357316
131788824 85679724 1900328 41575068 50331644 50331644

1745357317
131788824 85671580 1900328 41586796 50331644 50331644

1745357318
131788824 85658068 1900328 41598572 50331644 50331644

1745357319
131788824 85649636 1900328 41610240 50331644 50331644

1745357320
131788824 85644272 1900328 41621604 50331644 50331644

1745357321
131788824 85629592 1900328 41633232 50331644 50331644

1745357322
131788824 85624924 1900328 41645012 50331644 50331644

1745357323
131788824 85615488 1900328 41656700 50331644 50331644

1745357324
131788824 85608300 1900328 41668360 50331644 50331644

1745357325
131788824 85587960 1900328 41680012 50331644 50331644

1745357326
131788824 85578964 1900328 41692104 50331644 50331644

1745357327
131788824 85570056 1900328 41703768 50331644 50331644

1745357328
131788824 85559744 1900328 41715464 50331644 50331644

1745357329
131788824 85552100 1900328 41727064 50331644 50331644

1745357330
131788824 85547564 1900328 41738680 50331644 50331644

1745357331
131788824 85541648 1900328 41751316 50331644 50331644

1745357332
131788824 85532740 1900328 41762940 50331644 50331644

1745357333
131788824 85519196 1900328 41774392 50331644 50331644

1745357334
131788824 85507676 1900328 41785504 50331644 50331644

1745357335
131788824 85490488 1900328 41797724 50331644 50331644

1745357336
131788824 85480080 1900328 41808316 50331644 50331644

1745357337
131788824 85464708 1900328 41820892 50331644 50331644

1745357338
131788824 85447920 1900328 41832668 50331644 50331644

1745357339
131788824 85431140 1900328 41844076 50331644 50331644

1745357340
131788824 85415372 1900328 41855752 50331644 50331644

1745357341
131788824 85405228 1900328 41867376 50331644 50331644

1745357342
131788824 85390432 1900328 41879224 50331644 50331644

1745357343
131788824 85365956 1900328 41891024 50331644 50331644

1745357344
131788824 85355768 1900328 41902724 50331644 50331644

1745357345
131788824 85340316 1900328 41913920 50331644 50331644

1745357346
131788824 85334584 1900328 41925916 50331644 50331644

1745357347
131788824 85325264 1900328 41937600 50331644 50331644

1745357348
131788824 85311604 1900328 41949672 50331644 50331644

1745357349
131788824 85298816 1900328 41961288 50331644 50331644

1745357350
131788824 85289192 1900328 41973016 50331644 50331644

1745357351
131788824 85278620 1900328 41982384 50331644 50331644

1745357352
131788824 85278260 1900328 41987132 50331644 50331644

1745357353
131788824 85278328 1900328 41990200 50331644 50331644

1745357354
131788824 85268408 1900328 42000964 50331644 50331644

1745357355
131788824 85252356 1900328 42012704 50331644 50331644

1745357356
131788824 85235312 1900328 42024960 50331644 50331644

1745357357
131788824 85212560 1900328 42036504 50331644 50331644

1745357358
131788824 85203840 1900328 42048120 50331644 50331644

1745357359
131788824 85198096 1900328 42059656 50331644 50331644

1745357360
131788824 85189496 1900328 42071604 50331644 50331644

1745357361
131788824 85175788 1900328 42083668 50331644 50331644

1745357362
131788824 85160204 1900328 42095848 50331644 50331644

1745357363
131788824 85154452 1900328 42107516 50331644 50331644

1745357364
131788824 85137808 1900328 42117612 50331644 50331644

1745357365
131788824 85132612 1900328 42123676 50331644 50331644

1745357366
131788824 85113972 1900328 42135992 50331644 50331644

1745357367
131788824 85100728 1900328 42147540 50331644 50331644

1745357368
131788824 85087648 1900328 42161596 50331644 50331644

1745357369
131788824 85073952 1900328 42173452 50331644 50331644

1745357370
131788824 85061216 1900328 42185196 50331644 50331644

1745357371
131788824 85038764 1900328 42196948 50331644 50331644

1745357372
131788824 85028464 1900328 42208844 50331644 50331644

1745357373
131788824 84994172 1900328 42215944 50331644 50331644

1745357374
131788824 84884468 1900328 42215948 50331644 50331644

1745357375
131788824 84830980 1900328 42215948 50331644 50331644

1745357376
131788824 84688152 1900328 42215952 50331644 50331644

1745357377
131788824 84645648 1900328 42215952 50331644 50331644

1745357378
131788824 84632116 1900328 42215952 50331644 50331644

1745357379
131788824 84635916 1900328 42215952 50331644 50331644

1745357380
131788824 84643012 1900328 42215956 50331644 50331644

1745357381
131788824 84665784 1900328 42215956 50331644 50331644

1745357382
131788824 84673504 1900328 42215956 50331644 50331644

1745357383
131788824 84677000 1900328 42215956 50331644 50331644

1745357384
131788824 84665700 1900328 42220664 50331644 50331644

1745357385
131788824 84657744 1900328 42227728 50331644 50331644

1745357386
131788824 84634608 1900328 42234972 50331644 50331644

1745357387
131788824 84622864 1900328 42242224 50331644 50331644

1745357388
131788824 84607880 1900328 42248868 50331644 50331644

1745357389
131788824 84595772 1900328 42255496 50331644 50331644

1745357390
131788824 84581864 1900328 42262684 50331644 50331644

1745357391
131788824 84576632 1900328 42269128 50331644 50331644

1745357392
131788824 84554856 1900328 42276372 50331644 50331644

1745357393
131788824 84549172 1900328 42283996 50331644 50331644

1745357394
131788824 84525892 1900328 42292056 50331644 50331644

1745357395
131788824 84516064 1900328 42302444 50331644 50331644

1745357396
131788824 84478744 1900328 42304420 50331644 50331644

1745357397
131788824 84479924 1900328 42313728 50331644 50331644

1745357398
131788824 84473280 1900328 42321232 50331644 50331644

1745357399
131788824 84466472 1900328 42329256 50331644 50331644

1745357400
131788824 84451056 1900328 42336004 50331644 50331644

1745357401
131788824 84444340 1900328 42341176 50331644 50331644

1745357402
131788824 84436844 1900328 42347828 50331644 50331644

1745357403
131788824 84429740 1900328 42355504 50331644 50331644

1745357404
131788824 84422496 1900328 42356496 50331644 50331644

1745357405
131788824 84423336 1900328 42356812 50331644 50331644

1745357406
131788824 84424136 1900328 42356812 50331644 50331644

1745357407
131788824 84424872 1900328 42356812 50331644 50331644

1745357408
131788824 84427696 1900328 42356812 50331644 50331644

1745357409
131788824 84436784 1900328 42356812 50331644 50331644

1745357410
131788824 84437348 1900328 42356816 50331644 50331644

1745357411
131788824 84438048 1900328 42356816 50331644 50331644

1745357412
131788824 84444872 1900328 42356816 50331644 50331644

1745357413
131788824 84445900 1900328 42356816 50331644 50331644

1745357414
131788824 84451932 1900328 42356816 50331644 50331644

1745357415
131788824 84453072 1900328 42356816 50331644 50331644

1745357416
131788824 84459168 1900328 42356816 50331644 50331644

1745357417
131788824 84463260 1900328 42356820 50331644 50331644

1745357418
131788824 84464280 1900328 42356824 50331644 50331644

1745357419
131788824 84468308 1900328 42356824 50331644 50331644

1745357420
131788824 84476796 1900328 42357440 50331644 50331644

1745357421
131788824 84449200 1900328 42372560 50331644 50331644

1745357422
131788824 84902836 1900328 42377304 50331644 50331644

1745357423
131788824 84804312 1900328 42377304 50331644 50331644

1745357425
131788824 84906768 1900328 42377360 50331644 50331644

