1745357077
0.0 0.0 0.0

1745357078
0.0 0.0 0.0

1745357079
0.0 0.0 0.0

1745357080
0.0 0.0 0.0

1745357081
0.0 0.0 0.0

1745357082
0.0 0.0 0.0

1745357083
0.0 0.0 0.0

1745357084
0.0 0.0 0.0

1745357085
0.0 0.0 0.0

1745357086
0.0 0.0 0.0

1745357087
0.0 0.0 0.0

1745357088
0.0 0.0 0.0

1745357090
0.0 0.0 0.0

1745357091
0.0 0.0 0.0

1745357092
0.0 0.0 0.0

1745357093
0.0 0.0 0.0

1745357094
0.0 0.0 0.0

1745357095
0.0 0.0 0.0

1745357096
0.0 0.0 0.0

1745357097
0.0 0.0 0.0

1745357098
0.0 0.0 0.0

1745357099
0.0 0.0 0.0

1745357100
0.0 0.0 0.0

1745357101
0.0 0.0 0.0

1745357102
0.0 0.0 0.0

1745357103
0.0 0.0 0.0

1745357105
0.0 0.0 0.0

1745357106
0.0 0.0 0.0

1745357107
0.0 0.0 0.0

1745357108
0.0 0.0 0.0

1745357109
0.0 0.0 0.0

1745357110
0.0 0.0 0.0

1745357111
0.0 0.0 0.0

1745357112
0.0 0.0 0.0

1745357113
0.0 0.0 0.0

1745357114
0.0 0.0 0.0

1745357115
0.0 0.0 0.0

1745357116
0.0 0.0 0.0

1745357117
0.0 0.0 0.0

1745357118
0.0 0.0 0.0

1745357119
0.0 0.0 0.0

1745357120
0.0 0.0 0.0

1745357121
0.0 0.0 0.0

1745357122
0.0 0.0 0.0

1745357124
0.0 0.0 0.0

1745357125
0.0 0.0 0.0

1745357126
0.0 0.0 0.0

1745357127
0.0 0.0 0.0

1745357128
0.0 0.0 0.0

1745357129
0.0 0.0 0.0

1745357131
0.0 0.0 0.0

1745357132
0.0 0.0 0.0

1745357133
0.0 0.0 0.0

1745357134
0.0 0.0 0.0

1745357135
0.0 0.0 0.0

1745357136
0.0 0.0 0.0

1745357137
0.0 0.0 0.0

1745357138
0.0 0.0 0.0

1745357139
0.0 0.0 0.0

1745357140
0.0 0.0 0.0

1745357141
0.0 0.0 0.0

1745357142
0.0 0.0 0.0

1745357143
0.0 0.0 0.0

1745357144
0.0 0.0 0.0

1745357145
0.0 0.0 0.0

1745357147
0.0 0.0 0.0

1745357148
0.0 0.0 0.0

1745357149
0.0 0.0 0.0

1745357150
0.0 0.0 0.0

1745357151
0.0 0.0 0.0

1745357152
0.0 0.0 0.0

1745357153
0.0 0.0 0.0

1745357154
0.0 0.0 0.0

1745357156
0.0 0.0 0.0

1745357157
0.0 0.0 0.0

1745357158
0.0 0.0 0.0

1745357159
0.0 0.0 0.0

1745357160
0.0 0.0 0.0

1745357161
0.0 0.0 0.0

1745357162
0.0 0.0 0.0

1745357163
0.0 0.0 0.0

1745357164
0.0 0.0 0.0

1745357165
0.0 0.0 0.0

1745357166
0.0 0.0 0.0

1745357167
0.0 0.0 0.0

1745357168
0.0 0.0 0.0

1745357169
0.0 0.0 0.0

1745357170
0.0 0.0 0.0

1745357171
0.0 0.0 0.0

1745357172
0.0 0.0 0.0

1745357173
0.0 0.0 0.0

1745357174
0.0 0.0 0.0

1745357175
0.0 0.0 0.0

1745357176
0.0 0.0 0.0

1745357177
0.0 0.0 0.0

1745357178
0.0 0.0 0.0

1745357179
0.0 0.0 0.0

1745357180
0.0 0.0 0.0

1745357181
0.0 0.0 0.0

1745357182
0.0 0.0 0.0

1745357183
0.0 0.0 0.0

1745357184
0.0 0.0 0.0

1745357185
0.0 0.0 0.0

1745357186
0.0 0.0 0.0

1745357187
0.0 0.0 0.0

1745357188
0.0 0.0 0.0

1745357189
0.0 0.0 0.0

1745357190
0.0 0.0 0.0

1745357191
0.0 0.0 0.0

1745357192
0.0 0.0 0.0

1745357193
0.0 0.0 0.0

1745357194
0.0 0.0 0.0

1745357195
0.0 0.0 0.0

1745357196
0.0 0.0 0.0

1745357197
0.0 0.0 0.0

1745357198
0.0 0.0 0.0

1745357199
0.0 0.0 0.0

1745357200
0.0 0.0 0.0

1745357201
0.0 0.0 0.0

1745357202
0.0 0.0 0.0

1745357203
0.0 0.0 0.0

1745357204
0.0 0.0 0.0

1745357205
0.0 0.0 0.0

1745357206
0.0 0.0 0.0

1745357207
0.0 0.0 0.0

1745357208
0.0 0.0 0.0

1745357209
0.0 0.0 0.0

1745357210
0.0 0.0 0.0

1745357211
0.0 0.0 0.0

1745357212
0.0 0.0 0.0

1745357213
0.0 0.0 0.0

1745357214
0.0 0.0 0.0

1745357215
0.0 0.0 0.0

1745357216
0.0 0.0 0.0

1745357217
0.0 0.0 0.0

1745357218
0.0 0.0 0.0

1745357219
0.0 0.0 0.0

1745357220
0.0 0.0 0.0

1745357221
0.0 0.0 0.0

1745357222
0.0 0.0 0.0

1745357223
0.0 0.0 0.0

1745357224
0.0 0.0 0.0

1745357225
0.0 0.0 0.0

1745357226
0.0 0.0 0.0

1745357227
0.0 0.0 0.0

1745357228
0.0 0.0 0.0

1745357229
0.0 0.0 0.0

1745357230
0.0 0.0 0.0

1745357231
0.0 0.0 0.0

1745357232
0.0 0.0 0.0

1745357233
0.0 0.0 0.0

1745357234
0.0 0.0 0.0

1745357235
0.0 0.0 0.0

1745357236
0.0 0.0 0.0

1745357237
0.0 0.0 0.0

1745357238
0.0 0.0 0.0

1745357239
0.0 0.0 0.0

1745357240
0.0 0.0 0.0

1745357241
0.0 0.0 0.0

1745357242
0.0 0.0 0.0

1745357243
0.0 0.0 0.0

1745357244
0.0 0.0 0.0

1745357245
0.0 0.0 0.0

1745357246
0.0 0.0 0.0

1745357247
0.0 0.0 0.0

1745357248
0.0 0.0 0.0

1745357249
0.0 0.0 0.0

1745357250
0.0 0.0 0.0

1745357251
0.0 0.0 0.0

1745357252
0.0 0.0 0.0

1745357253
0.0 0.0 0.0

1745357254
0.0 0.0 0.0

1745357255
0.0 0.0 0.0

1745357256
0.0 0.0 0.0

1745357257
0.0 0.0 0.0

1745357258
0.0 0.0 0.0

1745357259
0.0 0.0 0.0

1745357260
0.0 0.0 0.0

1745357261
0.0 0.0 0.0

1745357262
0.0 0.0 0.0

1745357263
0.0 0.0 0.0

1745357264
0.0 0.0 0.0

1745357265
0.0 0.0 0.0

1745357266
0.0 0.0 0.0

1745357267
0.0 0.0 0.0

1745357268
0.0 0.0 0.0

1745357269
0.0 0.0 0.0

1745357270
0.0 0.0 0.0

1745357271
0.0 0.0 0.0

1745357272
0.0 0.0 0.0

1745357273
0.0 0.0 0.0

1745357274
0.0 0.0 0.0

1745357275
0.0 0.0 0.0

1745357276
0.0 0.0 0.0

1745357277
0.0 0.0 0.0

1745357278
0.0 0.0 0.0

1745357279
0.0 0.0 0.0

1745357280
0.0 0.0 0.0

1745357281
0.0 0.0 0.0

1745357282
0.0 0.0 0.0

1745357283
0.0 0.0 0.0

1745357284
0.0 0.0 0.0

1745357285
0.0 0.0 0.0

1745357286
0.0 0.0 0.0

1745357287
0.0 0.0 0.0

1745357288
0.0 0.0 0.0

1745357289
0.0 0.0 0.0

1745357290
0.0 0.0 0.0

1745357291
0.0 0.0 0.0

1745357292
0.0 0.0 0.0

1745357293
0.0 0.0 0.0

1745357294
0.0 0.0 0.0

1745357295
0.0 0.0 0.0

1745357296
0.0 0.0 0.0

1745357297
0.0 0.0 0.0

1745357298
0.0 0.0 0.0

1745357299
0.0 0.0 0.0

1745357300
0.0 0.0 0.0

1745357301
0.0 0.0 0.0

1745357302
0.0 0.0 0.0

1745357303
0.0 0.0 0.0

1745357304
0.0 0.0 0.0

1745357305
0.0 0.0 0.0

1745357306
0.0 0.0 0.0

1745357307
0.0 0.0 0.0

1745357308
0.0 0.0 0.0

1745357309
0.0 0.0 0.0

1745357310
0.0 0.0 0.0

1745357311
0.0 0.0 0.0

1745357312
0.0 0.0 0.0

1745357313
0.0 0.0 0.0

1745357314
0.0 0.0 0.0

1745357315
0.0 0.0 0.0

1745357316
0.0 0.0 0.0

1745357317
0.0 0.0 0.0

1745357318
0.0 0.0 0.0

1745357319
0.0 0.0 0.0

1745357320
0.0 0.0 0.0

1745357321
0.0 0.0 0.0

1745357322
0.0 0.0 0.0

1745357323
0.0 0.0 0.0

1745357324
0.0 0.0 0.0

1745357325
0.0 0.0 0.0

1745357326
0.0 0.0 0.0

1745357327
0.0 0.0 0.0

1745357328
0.0 0.0 0.0

1745357329
0.0 0.0 0.0

1745357330
0.0 0.0 0.0

1745357331
0.0 0.0 0.0

1745357332
0.0 0.0 0.0

1745357333
0.0 0.0 0.0

1745357334
0.0 0.0 0.0

1745357335
0.0 0.0 0.0

1745357336
0.0 0.0 0.0

1745357337
0.0 0.0 0.0

1745357338
0.0 0.0 0.0

1745357339
0.0 0.0 0.0

1745357340
0.0 0.0 0.0

1745357341
0.0 0.0 0.0

1745357342
0.0 0.0 0.0

1745357343
0.0 0.0 0.0

1745357344
0.0 0.0 0.0

1745357345
0.0 0.0 0.0

1745357346
0.0 0.0 0.0

1745357347
0.0 0.0 0.0

1745357348
0.0 0.0 0.0

1745357349
0.0 0.0 0.0

1745357350
0.0 0.0 0.0

1745357351
0.0 0.0 0.0

1745357352
0.0 0.0 0.0

1745357353
0.0 0.0 0.0

1745357354
0.0 0.0 0.0

1745357355
0.0 0.0 0.0

1745357356
0.0 0.0 0.0

1745357357
0.0 0.0 0.0

1745357358
0.0 0.0 0.0

1745357359
0.0 0.0 0.0

1745357360
0.0 0.0 0.0

1745357361
0.0 0.0 0.0

1745357362
0.0 0.0 0.0

1745357363
0.0 0.0 0.0

1745357364
0.0 0.0 0.0

1745357365
0.0 0.0 0.0

1745357366
0.0 0.0 0.0

1745357367
0.0 0.0 0.0

1745357368
0.0 0.0 0.0

1745357369
0.0 0.0 0.0

1745357370
0.0 0.0 0.0

1745357371
0.0 0.0 0.0

1745357372
0.0 0.0 0.0

1745357373
0.0 0.0 0.0

1745357374
0.0 0.0 0.0

1745357375
0.0 0.0 0.0

1745357376
0.0 0.0 0.0

1745357377
0.0 0.0 0.0

1745357378
0.0 0.0 0.0

1745357379
0.0 0.0 0.0

1745357380
0.0 0.0 0.0

1745357381
0.0 0.0 0.0

1745357382
0.0 0.0 0.0

1745357383
0.0 0.0 0.0

1745357384
0.0 0.0 0.0

1745357385
0.0 0.0 0.0

1745357386
0.0 0.0 0.0

1745357387
0.0 0.0 0.0

1745357388
0.0 0.0 0.0

1745357389
0.0 0.0 0.0

1745357390
0.0 0.0 0.0

1745357391
0.0 0.0 0.0

1745357392
0.0 0.0 0.0

1745357393
0.0 0.0 0.0

1745357394
0.0 0.0 0.0

1745357395
0.0 0.0 0.0

1745357396
0.0 0.0 0.0

1745357397
0.0 0.0 0.0

1745357398
0.0 0.0 0.0

1745357399
0.0 0.0 0.0

1745357400
0.0 0.0 0.0

1745357401
0.0 0.0 0.0

1745357402
0.0 0.0 0.0

1745357403
0.0 0.0 0.0

1745357404
0.0 0.0 0.0

1745357405
0.0 0.0 0.0

1745357406
0.0 0.0 0.0

1745357407
0.0 0.0 0.0

1745357408
0.0 0.0 0.0

1745357409
0.0 0.0 0.0

1745357410
0.0 0.0 0.0

1745357411
0.0 0.0 0.0

1745357412
0.0 0.0 0.0

1745357413
0.0 0.0 0.0

1745357414
0.0 0.0 0.0

1745357415
0.0 0.0 0.0

1745357416
0.0 0.0 0.0

1745357417
0.0 0.0 0.0

1745357418
0.0 0.0 0.0

1745357419
0.0 0.0 0.0

1745357420
0.0 0.0 0.0

1745357421
0.0 0.0 0.0

1745357422
0.0 0.0 0.0

1745357423
0.0 0.0 0.0

