1745357078
0.11501647575710026 0.011140750039227994 0.0

1745357079
0.1290909090909091 0.013787878787878788 0.0006060606060606061

1745357080
0.11336797354747284 0.015115729806329713 0.000314911037631869

1745357081
0.12444444444444444 0.017777777777777778 0.0004166666666666667

1745357082
0.1049453709028177 0.011788384128809662 0.0002875215641173088

1745357083
0.1300723497955332 0.017458320226486315 0.00031456432840515884

1745357084
0.1055851898336994 0.010511452776906181 0.0004706620646375902

1745357085
0.1281166692802258 0.013485965187392191 0.0014113219382154618

1745357086
0.13396282089111833 0.011655355562112718 0.00029507229271171436

1745357087
0.15192010128006753 0.016458010972007314 0.0012660008440005626

1745357088
0.1290133411523237 0.014660606949127694 0.0019058789033866003

1745357090
0.09270741068792442 0.009890758783584292 0.0002952465308532625

1745357091
0.1447632711621234 0.019081779053084648 0.000430416068866571

1745357092
0.1107678047273289 0.01498532365209331 0.0003089757454039858

1745357093
0.11240490607048595 0.016612327278372925 0.003881384878124515

1745357094
0.09413533834586466 0.008571428571428572 0.0003007518796992481

1745357095
0.08564437194127243 0.0076128330614464385 0.0004078303425774878

1745357096
0.06585441085749537 0.003701418877236274 0.00030845157310302283

1745357097
0.06954861584617483 0.007227601254602482 0.000409109504977499

1745357098
0.06540258312723275 0.006732618851332784 0.00041220115416323167

1745357099
0.05433357611070648 0.0037873270211216314 0.00043699927166788056

1745357100
0.06292749658002736 0.005623955008359933 0.0006079951360389116

1745357101
0.07278241091736164 0.007278241091736163 0.0006065200909780137

1745357102
0.08347902097902098 0.006847319347319347 0.0002913752913752914

1745357103
0.0463871543264942 0.002824858757062147 0.0010407374368123698

1745357105
0.09893497757847533 0.011350896860986547 0.0004204035874439462

1745357106
0.11375452969907043 0.017173467780053568 0.0009453285016543249

1745357107
0.12383656728190566 0.017510648367250355 0.0003155071777882947

1745357108
0.11094452773613193 0.01117623006678479 0.0005451819544773068

1745357109
0.10861588140319976 0.011008366358432409 0.0005871128724497284

1745357110
0.11917744196915407 0.013397725502414706 0.003271537622682661

1745357111
0.15039370078740158 0.021417322834645668 0.004724409448818898

1745357112
0.1467139771675409 0.011879049676025918 0.0010799136069114472

1745357113
0.12448802283728434 0.013652724339084026 0.0026064291920069507

1745357114
0.10147798262989487 0.012341916806338565 0.0009142160597287826

1745357115
0.12180498579993689 0.014357841590407068 0.0012622278321236984

1745357116
0.13251323575210214 0.01775147928994083 0.0012457178449081284

1745357117
0.13448017950635752 0.012116679132385939 0.00493642483171279

1745357118
0.10504003768252473 0.010676715339927775 0.0010990736379337415

1745357119
0.12813245823389022 0.010143198090692125 0.0002983293556085919

1745357120
0.11540105428123665 0.010685282803818207 0.00014247043738424277

1745357121
0.11803797468354431 0.012025316455696202 0.0014240506329113924

1745357122
0.09129940649071852 0.007829271372648062 0.0002525571410531633

1745357124
0.07788847198861432 0.00672790787941519 0.0005175313753396299

1745357125
0.0553395838097416 0.0037731534415732905 0.000457351932311914

1745357126
0.04334121355397951 0.0021013921723141583 0.0003940110323089047

1745357127
0.06028625126499928 0.004770854416654619 0.00043371403787769266

1745357128
0.06266176270262908 0.006947282386595832 0.0004086636697997548

1745357129
0.11339258351210542 0.016089488201041988 0.001685565430585351

1745357131
0.16311186128586774 0.024858063526162346 0.0006137793463249962

1745357132
0.12072604474461798 0.01716617419445617 0.0002814126917123962

1745357133
0.12775261596126816 0.01858503826331407 0.0006247071685147587

1745357134
0.13684054972661444 0.020836411999408895 0.0036943992906753364

1745357135
0.1103388357949609 0.01737619461337967 0.0002896032435563278

1745357136
0.09985358711566618 0.014055636896046853 0.00014641288433382137

1745357137
0.11923562855337966 0.015950726468730258 0.0006317119393556538

1745357138
0.1497606223818073 0.022292040694195093 0.0062836624775583485

1745357139
0.12183220525735873 0.016212812844325516 0.0015740594994490791

1745357140
0.13829201101928373 0.016391184573002756 0.0006887052341597796

1745357141
0.11070056163168786 0.013745196571090747 0.00162577593851611

1745357142
0.12476591760299625 0.020131086142322098 0.010299625468164793

1745357143
0.10462962962962963 0.0183641975308642 0.020987654320987655

1745357144
0.1229559748427673 0.019025157232704402 0.021069182389937106

1745357145
0.1366300916879603 0.024349917330527583 0.027506388095595972

1745357147
0.12166987091458391 0.03048613018401538 0.029524855808843724

1745357148
0.1365303627224562 0.025268305936693384 0.04646107865779106

1745357149
0.14916600476568706 0.03733121525019857 0.03161239078633837

1745357150
0.13836298932384342 0.027188612099644127 0.04

1745357151
0.12231045081967214 0.0272797131147541 0.035860655737704916

1745357152
0.1523169536609268 0.026179476410471792 0.039339213215735684

1745357153
0.12409672040022235 0.02556976097832129 0.03404669260700389

1745357154
0.12819736642954443 0.019070682609353715 0.032995308006659604

1745357156
0.13912929451875164 0.022685549436139523 0.024652504589562026

1745357157
0.12283169245194561 0.020940771995624316 0.02031567432411314

1745357158
0.077875274208712 0.012848636790974616 0.020839862112190535

1745357159
0.10025099660416359 0.019932083271814557 0.04119297209508342

1745357160
0.08813458389161828 0.017418490397498883 0.03558136072651481

1745357161
0.0999755859375 0.015869140625 0.020263671875

1745357162
0.07839388145315487 0.014413884394763935 0.02941609060155905

1745357163
0.07846320346320346 0.015557359307359308 0.034361471861471864

1745357164
0.07753568745304283 0.014725770097670924 0.03335837716003005

1745357165
0.0795784328700168 0.014052237666106613 0.035283335879028564

1745357166
0.06356696738376127 0.01818181818181818 0.04510756419153366

1745357167
0.03642384105960265 0.009933774834437087 0.04667297382529171

1745357168
0.04201285467941684 0.010659978052986362 0.044677849192663426

1745357169
0.04060434372049103 0.0113314447592068 0.04485363550519358

1745357170
0.04500393391030685 0.01007081038552321 0.04358772619984264

1745357171
0.04979579013509268 0.011153000314169022 0.03817153628652215

1745357172
0.04773830020347472 0.010643293160118954 0.03365158866802317

1745357173
0.07128213215581139 0.014193344898281028 0.03185617410503075

1745357174
0.05313781141595711 0.013875748975086723 0.033743298643960896

1745357175
0.018483709273182956 0.008302005012531328 0.04119674185463659

1745357176
0.011704119850187267 0.006710362047440699 0.04400749063670412

1745357177
0.011456371625863151 0.005806654111738857 0.04080351537978657

1745357178
0.01191596111633741 0.007212292254625274 0.04358733145186579

1745357179
0.012057626056999686 0.011431255872220483 0.04227998747259631

1745357180
0.026241357636706476 0.016184789440603396 0.033783783783783786

1745357181
0.025616847399025616 0.00832940436900833 0.03221750746503222

1745357182
0.026823529411764704 0.008 0.02854901960784314

1745357183
0.026332387259539576 0.00946073793755913 0.032954903815830966

1745357184
0.021500313873195228 0.009259259259259259 0.03295668549905838

1745357185
0.016468005018820578 0.011135508155583437 0.03309284818067754

1745357186
0.03239943653153858 0.015964939740178433 0.019408358115511035

1745357187
0.07239030571835894 0.01900839537462379 0.006177728496752732

1745357188
0.04247648902821317 0.010344827586206896 0.00031347962382445143

1745357189
0.037484316185696365 0.008155583437892095 0.00015683814303638644

1745357190
0.055660081530260266 0.008623392913138916 0.0028222013170272815

1745357191
0.028616106333072714 0.0026583268178264267 0.0

1745357192
0.025183794775535742 0.0018770530267480056 0.0

1745357193
0.025637017351883694 0.002657495701109895 0.0

1745357194
0.01876172607879925 0.0007817385866166354 0.0

1745357195
0.025512599780873377 0.0014086711535451558 0.0

1745357196
0.1041699449252557 0.016365066876475216 0.0025177025963808025

1745357197
0.020944045014066895 0.0029696780243826195 0.005626758361988122

1745357198
0.016408813877168308 0.0014064697609001407 0.0

1745357199
0.021586109807602064 0.0017206319411856717 0.0

1745357200
0.021136683889149837 0.0018788163457022077 0.0

1745357201
0.017689417658108955 0.008140262993112084 0.00015654351909830932

1745357202
0.02048795746011886 0.006412261495151705 0.012355333124804505

1745357203
0.019890368050117464 0.007361002349256069 0.011902897415818325

1745357204
0.02112676056338028 0.006259780907668232 0.012989045383411581

1745357205
0.021603005635566688 0.003757044458359424 0.014245460237946149

1745357206
0.018779342723004695 0.005633802816901409 0.0

1745357207
0.24592476489028214 0.007680250783699059 0.0

1745357208
0.15224638831560566 0.012224162565486585 0.0

1745357209
0.022041581991558545 0.002501172424574019 0.0018758793184305144

1745357210
0.03869047619047619 0.002976190476190476 0.00015664160401002505

1745357211
0.023761138033453182 0.002501172424574019 0.0

1745357212
0.02471066624960901 0.002658742571160463 0.0

1745357213
0.028151391929934315 0.0015639662183296842 0.0

1745357214
0.03734375 0.0034375 0.00015625

1745357215
0.016877637130801686 0.0009376465072667605 0.0

1745357216
0.018472135253600502 0.007201001878522229 0.0

1745357217
0.021213539229449383 0.0018717828731867104 0.0

1745357218
0.021360138212659023 0.001570598397989634 0.0

1745357219
0.020657276995305163 0.002190923317683881 0.0

1745357220
0.022684605757196497 0.0018773466833541927 0.0

1745357221
0.02190923317683881 0.002347417840375587 0.003129890453834116

1745357222
0.02252463632097607 0.0020334741123103394 0.0

1745357223
0.02252463632097607 0.0014077897700610043 0.0

1745357224
0.022385723231058235 0.002035065748278021 0.0

1745357225
0.023477852559085927 0.0017217091876663014 0.0

1745357226
0.01425438596491228 0.0045426065162907266 0.0

1745357227
0.032748354747727984 0.002977123158884362 0.0

1745357228
0.10551255725793714 0.012478281472121308 0.00157952930026852

1745357229
0.010382767704943436 0.001394700139470014 0.0

1745357230
0.006309148264984227 0.0011041009463722397 0.0

1745357231
0.0048543689320388345 0.001096147823363608 0.0

1745357232
0.004380475594493116 0.0012515644555694619 0.0

1745357233
0.004849053652432348 0.0017206319411856717 0.0

1745357234
0.005007824726134585 0.0010954616588419405 0.0

1745357235
0.00516270337922403 0.0012515644555694619 0.0

1745357236
0.004852849092047589 0.0010958046336881652 0.0

1745357237
0.012972804001250391 0.0025007814942169426 0.0007814942169427947

1745357238
0.022884012539184952 0.003134796238244514 0.0

1745357239
0.009845288326300985 0.0020315674324113144 0.0

1745357240
0.006256843422493352 0.0012513686844986705 0.0

1745357241
0.007044458359423919 0.0010958046336881652 0.0

1745357242
0.007206642644524518 0.0012533291555694814 0.0

1745357243
0.006417279699483487 0.0012521521364845828 0.0

1745357244
0.036828083372512144 0.0028208744710860366 0.0

1745357245
0.009065332916536417 0.001875586120662707 0.00046889653016567677

1745357246
0.008601814200813263 0.0015639662183296842 0.0

1745357247
0.008452026921270934 0.0015651901706057287 0.0

1745357248
0.008763693270735524 0.0014084507042253522 0.0

1745357249
0.03763525168574565 0.003449898071193351 0.00031362709738121374

1745357250
0.0131311552290136 0.002657495701109895 0.0001563232765358762

1745357251
0.007508212106992022 0.000782105427811669 0.00015642108556233381

1745357252
0.009230287859824781 0.001095118898623279 0.0

1745357253
0.008927173061863743 0.001096319498825372 0.0

1745357254
0.008766437069505322 0.001408891671884784 0.0

1745357255
0.00985298717547701 0.0012511729746637473 0.0

1745357256
0.04047058823529412 0.002196078431372549 0.0

1745357257
0.06105197244834064 0.0034439574201628053 0.00031308703819661864

1745357258
0.002178988326848249 0.0004669260700389105 0.0

1745357259
0.0034509803921568627 0.00015686274509803922 0.0

1745357260
0.0043586550435865505 0.0006226650062266501 0.0

1745357261
0.004705882352941176 0.000784313725490196 0.0

1745357262
0.0026471504204297726 0.00015571473061351605 0.0

1745357263
0.004866562009419153 0.0007849293563579278 0.0

1745357264
0.0059440012513686845 0.00015642108556233381 0.0

1745357265
0.007003891050583658 0.0007782101167315176 0.0

1745357266
0.008789828912258673 0.0006278449223041908 0.0

1745357267
0.008287724784988272 0.0006254886630179827 0.0

1745357268
0.004202334630350194 0.0010894941634241246 0.0

1745357269
0.006906294145346099 0.0007848061528802386 0.0

1745357270
0.008572319201995013 0.0006234413965087282 0.0

1745357271
0.008471917163476624 0.0006275494195167869 0.0

1745357272
0.004363409693002961 0.0006233442418575658 0.0

1745357273
0.0043969849246231155 0.000785175879396985 0.0

1745357274
0.003581996573742408 0.000778694907335306 0.0

1745357275
0.004396294551734966 0.0007850525985241011 0.0

1745357276
0.004536921151439299 0.0006257822277847309 0.0

1745357277
0.00389347453667653 0.0010901728702694285 0.0

1745357278
0.0031397174254317113 0.001726844583987441 0.0

1745357279
0.003116721209287829 0.0004675081813931744 0.0

1745357280
0.0042352941176470585 0.0010980392156862745 0.0

1745357281
0.004050475151892818 0.0007789375292101573 0.0

1745357282
0.004867326110849427 0.0004710315591144607 0.0

1745357283
0.007977475363679024 0.000782105427811669 0.0

1745357284
0.007001711529484985 0.0009335615372646647 0.0

1745357285
0.00675251256281407 0.000628140703517588 0.0

1745357286
0.007040050062578223 0.0009386733416770963 0.0

1745357287
0.0071628776082217375 0.0010900031142946122 0.0

1745357288
0.007698350353495679 0.0006284367635506677 0.0

1745357289
0.006099468251485768 0.0007819831091648421 0.0

1745357290
0.007829627309740057 0.0004697776385844034 0.0

1745357291
0.006694690954382687 0.0006227619492449011 0.0

1745357292
0.008792589103469932 0.0009420631182289214 0.0

1745357293
0.009035675338837826 0.0006231500233681258 0.0

1745357294
0.009251999372745805 0.0004704406460718206 0.0

1745357295
0.008758210822646231 0.0009383797309978105 0.00015639662183296842

1745357296
0.00875 0.0009375 0.0

1745357297
0.007476635514018692 0.00031152647975077883 0.0

1745357298
0.008942579228114214 0.0007844367743959837 0.0

1745357299
0.00907242296261536 0.0006256843422493353 0.0

1745357300
0.0068846815834767644 0.0007823501799405414 0.0

1745357301
0.003908081913396905 0.000781616382679381 0.0

1745357302
0.0035971223021582736 0.0007819831091648421 0.0

1745357303
0.0031162355874104083 0.0006232471174820816 0.0

1745357304
0.003762345195171657 0.0007838219156607619 0.0

1745357305
0.005948653725735754 0.0007827175954915466 0.0

1745357306
0.008867454884878655 0.0004667081518357187 0.0

1745357307
0.0075353218210361065 0.0007849293563579278 0.0

1745357308
0.008133896449241357 0.0020334741123103394 0.0

1745357309
0.007830853563038372 0.00046985121378230227 0.0

1745357310
0.008254166017754245 0.000778694907335306 0.0

1745357311
0.007377177837074243 0.0009417673834562863 0.0

1745357312
0.008137715179968702 0.0006259780907668231 0.0

1745357313
0.007319732128951877 0.0006229559258682448 0.0

1745357314
0.008948194662480377 0.0007849293563579278 0.0

1745357315
0.008924377642085486 0.0004697040864255519 0.0

1745357316
0.006231500233681258 0.0009347250350521888 0.0

1745357317
0.008318945220530529 0.00047088369172814315 0.0

1745357318
0.008104738154613466 0.0009351620947630922 0.0

1745357319
0.009420631182289214 0.0004710315591144607 0.0

1745357320
0.008605851979345954 0.0006258801439524331 0.0

1745357321
0.008290317534803691 0.000782105427811669 0.0

1745357322
0.007011530071673418 0.0007790588968526021 0.0

1745357323
0.007377177837074243 0.0006278449223041908 0.0

1745357324
0.008603159705928358 0.0006256843422493353 0.0

1745357325
0.005008608545938331 0.0007825950853028644 0.0

1745357326
0.006228589224540642 0.0006228589224540642 0.0

1745357327
0.0032951514200533502 0.0007845598619174643 0.0

1745357328
0.0029720006256843423 0.000782105427811669 0.0

1745357329
0.0029618082618862044 0.0004676539360872954 0.0

1745357330
0.003138731952291274 0.0006277463904582549 0.0

1745357331
0.003116721209287829 0.0006233442418575658 0.0

1745357332
0.003924646781789639 0.00047095761381475666 0.0

1745357333
0.00875684128225176 0.0007818608287724785 0.0

1745357334
0.007783312577833126 0.00046699875466998757 0.0

1745357335
0.008320251177394034 0.0006279434850863422 0.0

1745357336
0.004519245753467353 0.0006233442418575658 0.0

1745357337
0.006750392464678179 0.0006279434850863422 0.0

1745357338
0.008921583972452653 0.0006260760682422914 0.0

1745357339
0.008762322015334063 0.002034110467845408 0.0

1745357340
0.006381322957198444 0.000622568093385214 0.0

1745357341
0.006440464970153943 0.0006283380458686773 0.0

1745357342
0.008566978193146417 0.0009345794392523365 0.0

1745357343
0.0051821608040201 0.000628140703517588 0.0

1745357344
0.007508212106992022 0.0006256843422493353 0.0

1745357345
0.00981920199501247 0.0007793017456359103 0.0

1745357346
0.012076537013801757 0.0009410288582183187 0.0

1745357347
0.00971025841816758 0.0006264682850430697 0.0

1745357348
0.007627646326276463 0.0009339975093399751 0.0

1745357349
0.008798114689709348 0.0004713275726630008 0.0

1745357350
0.009335615372646646 0.00046678076863233234 0.0

1745357351
0.005655042412818096 0.0006283380458686773 0.0

1745357352
0.002490272373540856 0.0004669260700389105 0.0

1745357353
0.0014111006585136407 0.00015678896205707118 0.0

1745357354
0.0059440012513686845 0.0004692632566870014 0.0

1745357355
0.007317452903627588 0.0007784524365561264 0.0

1745357356
0.007697141061891298 0.0007854225573358467 0.0

1745357357
0.007481296758104738 0.0007793017456359103 0.0

1745357358
0.0069019607843137255 0.000784313725490196 0.0

1745357359
0.0068846815834767644 0.00046941010796432484 0.0

1745357360
0.007352941176470588 0.0006257822277847309 0.0

1745357361
0.0065717415115005475 0.0007823501799405414 0.0

1745357362
0.006254886630179828 0.0003127443315089914 0.0

1745357363
0.004224030037546934 0.0006257822277847309 0.0

1745357364
0.00547302580140735 0.0006254886630179827 0.0

1745357365
0.0021776326022709598 0.00031109037175299425 0.0

1745357366
0.00423861852433281 0.0009419152276295133 0.0

1745357367
0.005008608545938331 0.0006260760682422914 0.0

1745357368
0.004693366708385482 0.0006257822277847309 0.0

1745357369
0.0037365716954694066 0.0007784524365561264 0.0

1745357370
0.005808477237048666 0.0018838304552590266 0.0

1745357371
0.007194244604316547 0.0009383797309978105 0.0

1745357372
0.005765035836709256 0.0006232471174820816 0.0

1745357373
0.040903348073278584 0.007264687302590019 0.0

1745357374
0.15177171527124492 0.0028222013170272815 0.0

1745357375
0.1236060939217842 0.004868855033767865 0.0

1745357376
0.11860684028867273 0.0036084091622215248 0.0

1745357377
0.1318767683118516 0.0044011317195850365 0.0

1745357378
0.15307559868524026 0.00328689935827203 0.0

1745357379
0.11945928953159383 0.005658597925180761 0.0

1745357380
0.10509754562617998 0.005821271239773443 0.0

1745357381
0.10671688637790333 0.005021971123666039 0.0

1745357382
0.13804501810168424 0.005666614198016685 0.0

1745357383
0.12900188323917136 0.003923414940364093 0.0

1745357384
0.0480814408770556 0.003915426781519186 0.0

1745357385
0.01578125 0.0003125 0.0

1745357386
0.015939990623534926 0.0006250976715111736 0.0

1745357387
0.01579605880512981 0.00046918986549890525 0.0

1745357388
0.015717398070339245 0.0003112356053532524 0.0

1745357389
0.01584065244667503 0.00047051442910915934 0.0

1745357390
0.015949960906958563 0.0003127443315089914 0.0

1745357391
0.01594248202563301 0.00015629884338855892 0.0

1745357392
0.01585820895522388 0.0004664179104477612 0.0

1745357393
0.01585806249018684 0.0003140210394096404 0.0

1745357394
0.01592505854800937 0.000312256049960968 0.0

1745357395
0.0157051780438501 0.0004664904369460426 0.0

1745357396
0.015703517587939697 0.000785175879396985 0.0

1745357397
0.01594248202563301 0.00031259768677711783 0.0

1745357398
0.015935010154663334 0.0003124511795032026 0.0

1745357399
0.015700295352090783 0.000621793875330328 0.0

1745357400
0.015863043819695305 0.000785299198994817 0.0

1745357401
0.01594248202563301 0.0006251953735542357 0.0

1745357402
0.015552099533437015 0.0006220839813374805 0.0

1745357403
0.01584065244667503 0.0003136762860727729 0.0

1745357404
0.01594746716697936 0.00031269543464665416 0.0

1745357405
0.015712507778469196 0.0004667081518357187 0.0

1745357406
0.01563232765358762 0.0003126465530717524 0.0

1745357407
0.015939990623534926 0.0003125488357555868 0.0

1745357408
0.015622558975160131 0.00046867676925480396 0.0

1745357409
0.015788650930123497 0.0003126465530717524 0.0

1745357410
0.01577631990003124 0.00046860356138706655 0.0

1745357411
0.01578125 0.0003125 0.0

1745357412
0.01578618318224445 0.00015629884338855892 0.0

1745357413
0.01578125 0.00046875 0.0

1745357414
0.015935010154663334 0.0003124511795032026 0.0

1745357415
0.01562988433885589 0.00031259768677711783 0.0

1745357416
0.015935010154663334 0.0003124511795032026 0.0

1745357417
0.015625 0.00046875 0.0

1745357418
0.01562988433885589 0.00046889653016567677 0.0

1745357419
0.015783716205657133 0.0003125488357555868 0.0

1745357420
0.015783716205657133 0.00046882325363338024 0.0

1745357421
0.015622558975160131 0.0003124511795032026 0.0

1745357422
0.01421652866739572 0.002030932666770817 0.0001562255897516013

1745357423
0.015314892952023753 0.0006250976715111736 0.0

1745357425
0.015539876752701616 0.0023220505492542644 0.0

