1748467843
/dev/mapper/vg_root-lv--root: 1824872140800

1748467844
/dev/mapper/vg_root-lv--root: 1824918740992

1748467845
/dev/mapper/vg_root-lv--root: 1824980418560

1748467846
/dev/mapper/vg_root-lv--root: 1825034067968

1748467847
/dev/mapper/vg_root-lv--root: 1825097793536

1748467848
/dev/mapper/vg_root-lv--root: 1825159667712

1748467849
/dev/mapper/vg_root-lv--root: 1825220780032

1748467850
/dev/mapper/vg_root-lv--root: 1825289060352

1748467851
/dev/mapper/vg_root-lv--root: 1825346682880

1748467852
/dev/mapper/vg_root-lv--root: 1825401495552

1748467853
/dev/mapper/vg_root-lv--root: 1825454563328

1748467854
/dev/mapper/vg_root-lv--root: 1825504256000

1748467855
/dev/mapper/vg_root-lv--root: 1825560563712

1748467856
/dev/mapper/vg_root-lv--root: 1825609490432

1748467857
/dev/mapper/vg_root-lv--root: 1825670750208

1748467858
/dev/mapper/vg_root-lv--root: 1825732710400

1748467859
/dev/mapper/vg_root-lv--root: 1825791479808

1748467860
/dev/mapper/vg_root-lv--root: 1825850093568

1748467861
/dev/mapper/vg_root-lv--root: 1825913417728

1748467862
/dev/mapper/vg_root-lv--root: 1825983107072

1748467863
/dev/mapper/vg_root-lv--root: 1826034225152

1748467864
/dev/mapper/vg_root-lv--root: 1826100830208

1748467865
/dev/mapper/vg_root-lv--root: 1826167721984

1748467866
/dev/mapper/vg_root-lv--root: 1826229612544

1748467867
/dev/mapper/vg_root-lv--root: 1826297073664

1748467868
/dev/mapper/vg_root-lv--root: 1826355601408

1748467869
/dev/mapper/vg_root-lv--root: 1826406694912

1748467870
/dev/mapper/vg_root-lv--root: 1826468892672

1748467871
/dev/mapper/vg_root-lv--root: 1826538852352

1748467872
/dev/mapper/vg_root-lv--root: 1826612174848

1748467873
/dev/mapper/vg_root-lv--root: 1826671484928

1748467874
/dev/mapper/vg_root-lv--root: 1826739023872

1748467875
/dev/mapper/vg_root-lv--root: 1826811523072

1748467876
/dev/mapper/vg_root-lv--root: 1826886107136

1748467877
/dev/mapper/vg_root-lv--root: 1826957733888

1748467878
/dev/mapper/vg_root-lv--root: 1827031269376

1748467879
/dev/mapper/vg_root-lv--root: 1827108241408

1748467880
/dev/mapper/vg_root-lv--root: 1827183550464

1748467881
/dev/mapper/vg_root-lv--root: 1827261284352

1748467882
/dev/mapper/vg_root-lv--root: 1827335315456

1748467883
/dev/mapper/vg_root-lv--root: 1827403120640

1748467884
/dev/mapper/vg_root-lv--root: 1827471769600

1748467885
/dev/mapper/vg_root-lv--root: 1827535708160

1748467886
/dev/mapper/vg_root-lv--root: 1827604086784

1748467887
/dev/mapper/vg_root-lv--root: 1827669950464

1748467888
/dev/mapper/vg_root-lv--root: 1827736211456

1748467889
/dev/mapper/vg_root-lv--root: 1827805982720

1748467890
/dev/mapper/vg_root-lv--root: 1827877322752

1748467891
/dev/mapper/vg_root-lv--root: 1827937411072

1748467892
/dev/mapper/vg_root-lv--root: 1827993743360

1748467893
/dev/mapper/vg_root-lv--root: 1828044615680

1748467894
/dev/mapper/vg_root-lv--root: 1828092588032

1748467895
/dev/mapper/vg_root-lv--root: 1828136448000

1748467896
/dev/mapper/vg_root-lv--root: 1828202524672

1748467897
/dev/mapper/vg_root-lv--root: 1828264763392

1748467898
/dev/mapper/vg_root-lv--root: 1828336058368

1748467899
/dev/mapper/vg_root-lv--root: 1828398473216

1748467900
/dev/mapper/vg_root-lv--root: 1828465426432

1748467901
/dev/mapper/vg_root-lv--root: 1828530769920

1748467902
/dev/mapper/vg_root-lv--root: 1828600606720

1748467903
/dev/mapper/vg_root-lv--root: 1828669210624

1748467904
/dev/mapper/vg_root-lv--root: 1828733976576

1748467905
/dev/mapper/vg_root-lv--root: 1828797939712

1748467906
/dev/mapper/vg_root-lv--root: 1828857126912

1748467907
/dev/mapper/vg_root-lv--root: 1828916989952

1748467908
/dev/mapper/vg_root-lv--root: 1828979220480

1748467909
/dev/mapper/vg_root-lv--root: 1829035278336

1748467910
/dev/mapper/vg_root-lv--root: 1829099044864

1748467911
/dev/mapper/vg_root-lv--root: 1829157425152

1748467912
/dev/mapper/vg_root-lv--root: 1829217054720

1748467913
/dev/mapper/vg_root-lv--root: 1829275783168

1748467914
/dev/mapper/vg_root-lv--root: 1829336887296

1748467915
/dev/mapper/vg_root-lv--root: 1829397237760

1748467916
/dev/mapper/vg_root-lv--root: 1829458190336

1748467917
/dev/mapper/vg_root-lv--root: 1829514993664

1748467918
/dev/mapper/vg_root-lv--root: 1829569794048

1748467919
/dev/mapper/vg_root-lv--root: 1829628379136

1748467920
/dev/mapper/vg_root-lv--root: 1829685456896

1748467921
/dev/mapper/vg_root-lv--root: 1829739597824

1748467922
/dev/mapper/vg_root-lv--root: 1829791911936

1748467923
/dev/mapper/vg_root-lv--root: 1829850505216

1748467924
/dev/mapper/vg_root-lv--root: 1829901676544

1748467925
/dev/mapper/vg_root-lv--root: 1829955780608

1748467926
/dev/mapper/vg_root-lv--root: 1830006288384

1748467927
/dev/mapper/vg_root-lv--root: 1830064193536

1748467928
/dev/mapper/vg_root-lv--root: 1830123159552

1748467929
/dev/mapper/vg_root-lv--root: 1830182653952

1748467930
/dev/mapper/vg_root-lv--root: 1830239891456

1748467931
/dev/mapper/vg_root-lv--root: 1830295392256

1748467932
/dev/mapper/vg_root-lv--root: 1830348972032

1748467933
/dev/mapper/vg_root-lv--root: 1830405869568

1748467934
/dev/mapper/vg_root-lv--root: 1830456246272

1748467935
/dev/mapper/vg_root-lv--root: 1830503272448

1748467936
/dev/mapper/vg_root-lv--root: 1830553800704

1748467937
/dev/mapper/vg_root-lv--root: 1830606635008

1748467938
/dev/mapper/vg_root-lv--root: 1830663237632

1748467939
/dev/mapper/vg_root-lv--root: 1830719012864

1748467940
/dev/mapper/vg_root-lv--root: 1830775410688

1748467941
/dev/mapper/vg_root-lv--root: 1830833258496

1748467942
/dev/mapper/vg_root-lv--root: 1830888493056

1748467943
/dev/mapper/vg_root-lv--root: 1830948569088

1748467944
/dev/mapper/vg_root-lv--root: 1831003734016

1748467945
/dev/mapper/vg_root-lv--root: 1831059742720

1748467946
/dev/mapper/vg_root-lv--root: 1831111847936

1748467947
/dev/mapper/vg_root-lv--root: 1831162769408

1748467948
/dev/mapper/vg_root-lv--root: 1831209271296

1748467949
/dev/mapper/vg_root-lv--root: 1831266177024

1748467950
/dev/mapper/vg_root-lv--root: 1831323574272

1748467951
/dev/mapper/vg_root-lv--root: 1831379173376

1748467952
/dev/mapper/vg_root-lv--root: 1831432802304

1748467953
/dev/mapper/vg_root-lv--root: 1831487799296

1748467954
/dev/mapper/vg_root-lv--root: 1831544168448

1748467955
/dev/mapper/vg_root-lv--root: 1831600525312

1748467956
/dev/mapper/vg_root-lv--root: 1831659794432

1748467957
/dev/mapper/vg_root-lv--root: 1831722184704

1748467958
/dev/mapper/vg_root-lv--root: 1831778414592

1748467959
/dev/mapper/vg_root-lv--root: 1831832002560

1748467960
/dev/mapper/vg_root-lv--root: 1831884177408

1748467961
/dev/mapper/vg_root-lv--root: 1831942262784

1748467962
/dev/mapper/vg_root-lv--root: 1831995367424

1748467963
/dev/mapper/vg_root-lv--root: 1832051810304

1748467964
/dev/mapper/vg_root-lv--root: 1832106168320

1748467965
/dev/mapper/vg_root-lv--root: 1832166502400

1748467966
/dev/mapper/vg_root-lv--root: 1832220786688

1748467967
/dev/mapper/vg_root-lv--root: 1832274190336

1748467968
/dev/mapper/vg_root-lv--root: 1832328318976

1748467969
/dev/mapper/vg_root-lv--root: 1832377384960

1748467970
/dev/mapper/vg_root-lv--root: 1832427888640

1748467971
/dev/mapper/vg_root-lv--root: 1832478212096

1748467972
/dev/mapper/vg_root-lv--root: 1832530116608

1748467973
/dev/mapper/vg_root-lv--root: 1832582152192

1748467974
/dev/mapper/vg_root-lv--root: 1832634437632

1748467975
/dev/mapper/vg_root-lv--root: 1832682328064

1748467976
/dev/mapper/vg_root-lv--root: 1832732979200

1748467977
/dev/mapper/vg_root-lv--root: 1832778391552

1748467978
/dev/mapper/vg_root-lv--root: 1832825516032

1748467979
/dev/mapper/vg_root-lv--root: 1832876900352

1748467980
/dev/mapper/vg_root-lv--root: 1832921571328

1748467981
/dev/mapper/vg_root-lv--root: 1832973701120

1748467982
/dev/mapper/vg_root-lv--root: 1833026514944

1748467983
/dev/mapper/vg_root-lv--root: 1833080868864

1748467984
/dev/mapper/vg_root-lv--root: 1833135984640

1748467985
/dev/mapper/vg_root-lv--root: 1833191641088

1748467986
/dev/mapper/vg_root-lv--root: 1833242009600

1748467987
/dev/mapper/vg_root-lv--root: 1833297506304

1748467988
/dev/mapper/vg_root-lv--root: 1833352032256

1748467989
/dev/mapper/vg_root-lv--root: 1833407049728

1748467990
/dev/mapper/vg_root-lv--root: 1833459789824

1748467991
/dev/mapper/vg_root-lv--root: 1833514930176

1748467992
/dev/mapper/vg_root-lv--root: 1833562894336

1748467993
/dev/mapper/vg_root-lv--root: 1833616932864

1748467994
/dev/mapper/vg_root-lv--root: 1833669111808

1748467995
/dev/mapper/vg_root-lv--root: 1833719840768

1748467996
/dev/mapper/vg_root-lv--root: 1833773285376

1748467997
/dev/mapper/vg_root-lv--root: 1833826119680

1748467998
/dev/mapper/vg_root-lv--root: 1833874640896

1748467999
/dev/mapper/vg_root-lv--root: 1833926414336

1748468000
/dev/mapper/vg_root-lv--root: 1833980276736

1748468001
/dev/mapper/vg_root-lv--root: 1834030497792

1748468002
/dev/mapper/vg_root-lv--root: 1834084294656

1748468003
/dev/mapper/vg_root-lv--root: 1834142187520

1748468004
/dev/mapper/vg_root-lv--root: 1834196819968

1748468005
/dev/mapper/vg_root-lv--root: 1834244272128

1748468006
/dev/mapper/vg_root-lv--root: 1834295287808

1748468007
/dev/mapper/vg_root-lv--root: 1834350104576

1748468008
/dev/mapper/vg_root-lv--root: 1834403778560

1748468009
/dev/mapper/vg_root-lv--root: 1834456375296

1748468010
/dev/mapper/vg_root-lv--root: 1834509029376

1748468011
/dev/mapper/vg_root-lv--root: 1834557837312

1748468012
/dev/mapper/vg_root-lv--root: 1834608799744

1748468013
/dev/mapper/vg_root-lv--root: 1834655514624

1748468014
/dev/mapper/vg_root-lv--root: 1834708402176

1748468015
/dev/mapper/vg_root-lv--root: 1834760007680

1748468016
/dev/mapper/vg_root-lv--root: 1834809962496

1748468017
/dev/mapper/vg_root-lv--root: 1834863915008

1748468018
/dev/mapper/vg_root-lv--root: 1834918191104

1748468019
/dev/mapper/vg_root-lv--root: 1834971152384

1748468020
/dev/mapper/vg_root-lv--root: 1835021291520

1748468021
/dev/mapper/vg_root-lv--root: 1835069362176

1748468022
/dev/mapper/vg_root-lv--root: 1835123703808

1748468023
/dev/mapper/vg_root-lv--root: 1835176050688

1748468024
/dev/mapper/vg_root-lv--root: 1835223379968

1748468025
/dev/mapper/vg_root-lv--root: 1835273240576

1748468026
/dev/mapper/vg_root-lv--root: 1835327275008

1748468027
/dev/mapper/vg_root-lv--root: 1835380752384

1748468028
/dev/mapper/vg_root-lv--root: 1835437690880

1748468029
/dev/mapper/vg_root-lv--root: 1835495702528

1748468030
/dev/mapper/vg_root-lv--root: 1835555569664

1748468031
/dev/mapper/vg_root-lv--root: 1835608182784

1748468032
/dev/mapper/vg_root-lv--root: 1835662667776

1748468033
/dev/mapper/vg_root-lv--root: 1835717107712

1748468034
/dev/mapper/vg_root-lv--root: 1835777544192

1748468035
/dev/mapper/vg_root-lv--root: 1835835674624

1748468036
/dev/mapper/vg_root-lv--root: 1835891195904

1748468037
/dev/mapper/vg_root-lv--root: 1835941195776

1748468038
/dev/mapper/vg_root-lv--root: 1835996143616

1748468039
/dev/mapper/vg_root-lv--root: 1836049158144

1748468040
/dev/mapper/vg_root-lv--root: 1836106452992

1748468041
/dev/mapper/vg_root-lv--root: 1836165967872

1748468042
/dev/mapper/vg_root-lv--root: 1836223463424

1748468043
/dev/mapper/vg_root-lv--root: 1836281143296

1748468044
/dev/mapper/vg_root-lv--root: 1836339417088

1748468045
/dev/mapper/vg_root-lv--root: 1836408078336

1748468046
/dev/mapper/vg_root-lv--root: 1836464979968

1748468047
/dev/mapper/vg_root-lv--root: 1836518219776

1748468048
/dev/mapper/vg_root-lv--root: 1836573581312

1748468049
/dev/mapper/vg_root-lv--root: 1836629786624

1748468050
/dev/mapper/vg_root-lv--root: 1836682903552

1748468051
/dev/mapper/vg_root-lv--root: 1836739629056

1748468052
/dev/mapper/vg_root-lv--root: 1836788502528

1748468053
/dev/mapper/vg_root-lv--root: 1836841091072

1748468054
/dev/mapper/vg_root-lv--root: 1836892340224

1748468055
/dev/mapper/vg_root-lv--root: 1836945256448

1748468056
/dev/mapper/vg_root-lv--root: 1836997132288

1748468057
/dev/mapper/vg_root-lv--root: 1837049921536

1748468058
/dev/mapper/vg_root-lv--root: 1837100908544

1748468059
/dev/mapper/vg_root-lv--root: 1837151903744

1748468060
/dev/mapper/vg_root-lv--root: 1837205360640

1748468061
/dev/mapper/vg_root-lv--root: 1837258125312

1748468062
/dev/mapper/vg_root-lv--root: 1837309337600

1748468063
/dev/mapper/vg_root-lv--root: 1837360058368

1748468064
/dev/mapper/vg_root-lv--root: 1837411627008

1748468065
/dev/mapper/vg_root-lv--root: 1837464203264

1748468066
/dev/mapper/vg_root-lv--root: 1837498769408

1748468067
/dev/mapper/vg_root-lv--root: 1837532495872

1748468068
/dev/mapper/vg_root-lv--root: 1837560868864

1748468069
/dev/mapper/vg_root-lv--root: 1837590626304

1748468070
/dev/mapper/vg_root-lv--root: 1837623693312

1748468071
/dev/mapper/vg_root-lv--root: 1837658181632

1748468072
/dev/mapper/vg_root-lv--root: 1837689180160

1748468073
/dev/mapper/vg_root-lv--root: 1837722390528

1748468074
/dev/mapper/vg_root-lv--root: 1837757349888

1748468075
/dev/mapper/vg_root-lv--root: 1837791338496

1748468076
/dev/mapper/vg_root-lv--root: 1837823778816

1748468077
/dev/mapper/vg_root-lv--root: 1837858066432

1748468078
/dev/mapper/vg_root-lv--root: 1837893017600

1748468079
/dev/mapper/vg_root-lv--root: 1837925167104

1748468080
/dev/mapper/vg_root-lv--root: 1837958385664

1748468081
/dev/mapper/vg_root-lv--root: 1837990633472

1748468082
/dev/mapper/vg_root-lv--root: 1838024966144

1748468083
/dev/mapper/vg_root-lv--root: 1838059294720

1748468084
/dev/mapper/vg_root-lv--root: 1838095630336

1748468085
/dev/mapper/vg_root-lv--root: 1838128553984

1748468086
/dev/mapper/vg_root-lv--root: 1838155280384

1748468087
/dev/mapper/vg_root-lv--root: 1838182006784

1748468088
/dev/mapper/vg_root-lv--root: 1838212952064

1748468089
/dev/mapper/vg_root-lv--root: 1838243475456

1748468090
/dev/mapper/vg_root-lv--root: 1838277722112

1748468091
/dev/mapper/vg_root-lv--root: 1838310064128

1748468092
/dev/mapper/vg_root-lv--root: 1838344044544

1748468093
/dev/mapper/vg_root-lv--root: 1838376181760

1748468094
/dev/mapper/vg_root-lv--root: 1838413164544

1748468095
/dev/mapper/vg_root-lv--root: 1838443573248

1748468096
/dev/mapper/vg_root-lv--root: 1838472065024

1748468097
/dev/mapper/vg_root-lv--root: 1838503333888

1748468098
/dev/mapper/vg_root-lv--root: 1838533464064

1748468099
/dev/mapper/vg_root-lv--root: 1838561689600

1748468100
/dev/mapper/vg_root-lv--root: 1838590464000

1748468101
/dev/mapper/vg_root-lv--root: 1838609997824

1748468102
/dev/mapper/vg_root-lv--root: 1838633791488

1748468103
/dev/mapper/vg_root-lv--root: 1838655049728

1748468104
/dev/mapper/vg_root-lv--root: 1838675853312

1748468105
/dev/mapper/vg_root-lv--root: 1838699094016

1748468106
/dev/mapper/vg_root-lv--root: 1838716862464

1748468107
/dev/mapper/vg_root-lv--root: 1838735958016

1748468108
/dev/mapper/vg_root-lv--root: 1838759436288

1748468109
/dev/mapper/vg_root-lv--root: 1838785548288

1748468110
/dev/mapper/vg_root-lv--root: 1838812033024

1748468111
/dev/mapper/vg_root-lv--root: 1838833786880

1748468112
/dev/mapper/vg_root-lv--root: 1838855802880

1748468113
/dev/mapper/vg_root-lv--root: 1838878248960

1748468114
/dev/mapper/vg_root-lv--root: 1838900207616

1748468115
/dev/mapper/vg_root-lv--root: 1838919802880

1748468116
/dev/mapper/vg_root-lv--root: 1838945914880

1748468117
/dev/mapper/vg_root-lv--root: 1838974550016

1748468118
/dev/mapper/vg_root-lv--root: 1839002288128

1748468119
/dev/mapper/vg_root-lv--root: 1839023046656

1748468120
/dev/mapper/vg_root-lv--root: 1839044923392

1748468121
/dev/mapper/vg_root-lv--root: 1839068368896

1748468122
/dev/mapper/vg_root-lv--root: 1839095320576

1748468123
/dev/mapper/vg_root-lv--root: 1839120883712

1748468124
/dev/mapper/vg_root-lv--root: 1839143587840

1748468125
/dev/mapper/vg_root-lv--root: 1839164375040

1748468126
/dev/mapper/vg_root-lv--root: 1839187304448

1748468127
/dev/mapper/vg_root-lv--root: 1839209394176

1748468128
/dev/mapper/vg_root-lv--root: 1839266705408

1748468129
/dev/mapper/vg_root-lv--root: 1839295827968

1748468130
/dev/mapper/vg_root-lv--root: 1839322636288

1748468131
/dev/mapper/vg_root-lv--root: 1839344652288

1748468132
/dev/mapper/vg_root-lv--root: 1839371907072

1748468133
/dev/mapper/vg_root-lv--root: 1839397367808

1748468134
/dev/mapper/vg_root-lv--root: 1839419191296

1748468135
/dev/mapper/vg_root-lv--root: 1839440904192

1748468136
/dev/mapper/vg_root-lv--root: 1839466938368

1748468137
/dev/mapper/vg_root-lv--root: 1839486304256

1748468138
/dev/mapper/vg_root-lv--root: 1839503630336

1748468139
/dev/mapper/vg_root-lv--root: 1839521964032

1748468140
/dev/mapper/vg_root-lv--root: 1839544328192

1748468141
/dev/mapper/vg_root-lv--root: 1839560683520

1748468142
/dev/mapper/vg_root-lv--root: 1839575293952

1748468143
/dev/mapper/vg_root-lv--root: 1839594504192

1748468144
/dev/mapper/vg_root-lv--root: 1839615852544

1748468145
/dev/mapper/vg_root-lv--root: 1839639855104

1748468146
/dev/mapper/vg_root-lv--root: 1839665958912

1748468147
/dev/mapper/vg_root-lv--root: 1839691190272

1748468148
/dev/mapper/vg_root-lv--root: 1839717093376

1748468149
/dev/mapper/vg_root-lv--root: 1839743901696

1748468150
/dev/mapper/vg_root-lv--root: 1839769931776

1748468151
/dev/mapper/vg_root-lv--root: 1839794704384

1748468152
/dev/mapper/vg_root-lv--root: 1839820406784

1748468153
/dev/mapper/vg_root-lv--root: 1839846002688

1748468154
/dev/mapper/vg_root-lv--root: 1839871320064

1748468155
/dev/mapper/vg_root-lv--root: 1839893196800

1748468156
/dev/mapper/vg_root-lv--root: 1839913656320

1748468157
/dev/mapper/vg_root-lv--root: 1839935922176

1748468158
/dev/mapper/vg_root-lv--root: 1839956467712

1748468159
/dev/mapper/vg_root-lv--root: 1839977656320

1748468160
/dev/mapper/vg_root-lv--root: 1839999287296

1748468161
/dev/mapper/vg_root-lv--root: 1840021516288

1748468162
/dev/mapper/vg_root-lv--root: 1840044335104

1748468163
/dev/mapper/vg_root-lv--root: 1840066342912

1748468164
/dev/mapper/vg_root-lv--root: 1840089051136

1748468165
/dev/mapper/vg_root-lv--root: 1840111980544

1748468166
/dev/mapper/vg_root-lv--root: 1840138625024

1748468167
/dev/mapper/vg_root-lv--root: 1840162611200

1748468168
/dev/mapper/vg_root-lv--root: 1840184119296

1748468169
/dev/mapper/vg_root-lv--root: 1840204279808

1748468170
/dev/mapper/vg_root-lv--root: 1840223297536

1748468171
/dev/mapper/vg_root-lv--root: 1840248336384

1748468172
/dev/mapper/vg_root-lv--root: 1840271605760

1748468173
/dev/mapper/vg_root-lv--root: 1840294125568

1748468174
/dev/mapper/vg_root-lv--root: 1840315994112

1748468175
/dev/mapper/vg_root-lv--root: 1840340893696

1748468176
/dev/mapper/vg_root-lv--root: 1840361988096

1748468177
/dev/mapper/vg_root-lv--root: 1840384200704

1748468178
/dev/mapper/vg_root-lv--root: 1840408952832

1748468179
/dev/mapper/vg_root-lv--root: 1840428953600

1748468180
/dev/mapper/vg_root-lv--root: 1840450138112

1748468181
/dev/mapper/vg_root-lv--root: 1840471584768

1748468182
/dev/mapper/vg_root-lv--root: 1840491786240

1748468183
/dev/mapper/vg_root-lv--root: 1840513941504

1748468184
/dev/mapper/vg_root-lv--root: 1840539234304

1748468185
/dev/mapper/vg_root-lv--root: 1840559480832

1748468186
/dev/mapper/vg_root-lv--root: 1840580599808

1748468187
/dev/mapper/vg_root-lv--root: 1840605528064

1748468188
/dev/mapper/vg_root-lv--root: 1840631451648

1748468189
/dev/mapper/vg_root-lv--root: 1840657326080

1748468190
/dev/mapper/vg_root-lv--root: 1840678678528

1748468191
/dev/mapper/vg_root-lv--root: 1840699351040

1748468192
/dev/mapper/vg_root-lv--root: 1840718667776

1748468193
/dev/mapper/vg_root-lv--root: 1840738689024

1748468194
/dev/mapper/vg_root-lv--root: 1840757440512

1748468195
/dev/mapper/vg_root-lv--root: 1840775311360

1748468196
/dev/mapper/vg_root-lv--root: 1840792748032

1748468197
/dev/mapper/vg_root-lv--root: 1840811474944

1748468198
/dev/mapper/vg_root-lv--root: 1840830382080

1748468199
/dev/mapper/vg_root-lv--root: 1840849997824

1748468200
/dev/mapper/vg_root-lv--root: 1840871870464

1748468201
/dev/mapper/vg_root-lv--root: 1840893743104

1748468202
/dev/mapper/vg_root-lv--root: 1840916713472

1748468203
/dev/mapper/vg_root-lv--root: 1840940400640

1748468204
/dev/mapper/vg_root-lv--root: 1840960733184

1748468205
/dev/mapper/vg_root-lv--root: 1840981409792

1748468206
/dev/mapper/vg_root-lv--root: 1841001771008

1748468207
/dev/mapper/vg_root-lv--root: 1841020784640

1748468208
/dev/mapper/vg_root-lv--root: 1841039241216

1748468209
/dev/mapper/vg_root-lv--root: 1841060610048

1748468210
/dev/mapper/vg_root-lv--root: 1841076629504

1748468211
/dev/mapper/vg_root-lv--root: 1841095618560

1748468212
/dev/mapper/vg_root-lv--root: 1841118547968

1748468213
/dev/mapper/vg_root-lv--root: 1841139687424

1748468214
/dev/mapper/vg_root-lv--root: 1841159360512

1748468215
/dev/mapper/vg_root-lv--root: 1841181577216

1748468216
/dev/mapper/vg_root-lv--root: 1841204195328

1748468217
/dev/mapper/vg_root-lv--root: 1841224286208

1748468218
/dev/mapper/vg_root-lv--root: 1841244348416

1748468219
/dev/mapper/vg_root-lv--root: 1841265569792

1748468220
/dev/mapper/vg_root-lv--root: 1841287864320

1748468221
/dev/mapper/vg_root-lv--root: 1841304784896

1748468222
/dev/mapper/vg_root-lv--root: 1841323933696

1748468223
/dev/mapper/vg_root-lv--root: 1841343717376

1748468224
/dev/mapper/vg_root-lv--root: 1841360322560

1748468225
/dev/mapper/vg_root-lv--root: 1841376378880

1748468226
/dev/mapper/vg_root-lv--root: 1841395175424

1748468227
/dev/mapper/vg_root-lv--root: 1841416425472

1748468228
/dev/mapper/vg_root-lv--root: 1841435344896

1748468229
/dev/mapper/vg_root-lv--root: 1841453035520

1748468230
/dev/mapper/vg_root-lv--root: 1841472188416

1748468231
/dev/mapper/vg_root-lv--root: 1841493467136

1748468232
/dev/mapper/vg_root-lv--root: 1841515282432

1748468233
/dev/mapper/vg_root-lv--root: 1841539092480

1748468234
/dev/mapper/vg_root-lv--root: 1841560993792

1748468235
/dev/mapper/vg_root-lv--root: 1841581576192

1748468236
/dev/mapper/vg_root-lv--root: 1841599635456

1748468237
/dev/mapper/vg_root-lv--root: 1841619402752

1748468238
/dev/mapper/vg_root-lv--root: 1841638014976

1748468239
/dev/mapper/vg_root-lv--root: 1841658793984

1748468240
/dev/mapper/vg_root-lv--root: 1841677393920

1748468241
/dev/mapper/vg_root-lv--root: 1841696317440

1748468242
/dev/mapper/vg_root-lv--root: 1841718161408

1748468243
/dev/mapper/vg_root-lv--root: 1841739091968

1748468244
/dev/mapper/vg_root-lv--root: 1841756139520

1748468245
/dev/mapper/vg_root-lv--root: 1841773817856

1748468246
/dev/mapper/vg_root-lv--root: 1841792458752

1748468247
/dev/mapper/vg_root-lv--root: 1841814192128

1748468248
/dev/mapper/vg_root-lv--root: 1841837883392

1748468249
/dev/mapper/vg_root-lv--root: 1841860874240

1748468250
/dev/mapper/vg_root-lv--root: 1841883459584

1748468251
/dev/mapper/vg_root-lv--root: 1841905217536

1748468252
/dev/mapper/vg_root-lv--root: 1841929576448

1748468253
/dev/mapper/vg_root-lv--root: 1841952325632

1748468254
/dev/mapper/vg_root-lv--root: 1841976373248

1748468255
/dev/mapper/vg_root-lv--root: 1841995190272

1748468256
/dev/mapper/vg_root-lv--root: 1842011209728

1748468257
/dev/mapper/vg_root-lv--root: 1842032152576

1748468258
/dev/mapper/vg_root-lv--root: 1842051190784

1748468259
/dev/mapper/vg_root-lv--root: 1842071666688

1748468260
/dev/mapper/vg_root-lv--root: 1842089451520

1748468261
/dev/mapper/vg_root-lv--root: 1842107650048

1748468262
/dev/mapper/vg_root-lv--root: 1842126548992

1748468263
/dev/mapper/vg_root-lv--root: 1842144669696

1748468264
/dev/mapper/vg_root-lv--root: 1842161364992

1748468265
/dev/mapper/vg_root-lv--root: 1842178830336

1748468266
/dev/mapper/vg_root-lv--root: 1842197786624

1748468267
/dev/mapper/vg_root-lv--root: 1842217316352

1748468268
/dev/mapper/vg_root-lv--root: 1842240237568

1748468269
/dev/mapper/vg_root-lv--root: 1842258903040

1748468270
/dev/mapper/vg_root-lv--root: 1842279743488

1748468271
/dev/mapper/vg_root-lv--root: 1842300088320

1748468272
/dev/mapper/vg_root-lv--root: 1842321670144

1748468273
/dev/mapper/vg_root-lv--root: 1842343936000

1748468274
/dev/mapper/vg_root-lv--root: 1842363031552

1748468275
/dev/mapper/vg_root-lv--root: 1842385920000

1748468276
/dev/mapper/vg_root-lv--root: 1842408476672

1748468277
/dev/mapper/vg_root-lv--root: 1842428751872

1748468278
/dev/mapper/vg_root-lv--root: 1842447613952

1748468279
/dev/mapper/vg_root-lv--root: 1842461511680

1748468280
/dev/mapper/vg_root-lv--root: 1842481238016

1748468281
/dev/mapper/vg_root-lv--root: 1842500816896

1748468282
/dev/mapper/vg_root-lv--root: 1842520072192

1748468283
/dev/mapper/vg_root-lv--root: 1842539044864

1748468284
/dev/mapper/vg_root-lv--root: 1842556129280

1748468285
/dev/mapper/vg_root-lv--root: 1842572099584

1748468286
/dev/mapper/vg_root-lv--root: 1842593107968

1748468287
/dev/mapper/vg_root-lv--root: 1842613760000

1748468288
/dev/mapper/vg_root-lv--root: 1842631528448

1748468289
/dev/mapper/vg_root-lv--root: 1842649141248

1748468290
/dev/mapper/vg_root-lv--root: 1842667323392

1748468291
/dev/mapper/vg_root-lv--root: 1842689531904

1748468292
/dev/mapper/vg_root-lv--root: 1842709786624

1748468293
/dev/mapper/vg_root-lv--root: 1842732589056

1748468294
/dev/mapper/vg_root-lv--root: 1842754592768

1748468295
/dev/mapper/vg_root-lv--root: 1842771763200

1748468296
/dev/mapper/vg_root-lv--root: 1842787647488

1748468297
/dev/mapper/vg_root-lv--root: 1842807836672

1748468298
/dev/mapper/vg_root-lv--root: 1842830508032

1748468299
/dev/mapper/vg_root-lv--root: 1842851987456

1748468300
/dev/mapper/vg_root-lv--root: 1842874310656

1748468301
/dev/mapper/vg_root-lv--root: 1842896965632

1748468302
/dev/mapper/vg_root-lv--root: 1842917171200

1748468303
/dev/mapper/vg_root-lv--root: 1842938920960

1748468304
/dev/mapper/vg_root-lv--root: 1842957684736

1748468305
/dev/mapper/vg_root-lv--root: 1842976088064

1748468306
/dev/mapper/vg_root-lv--root: 1842997530624

1748468307
/dev/mapper/vg_root-lv--root: 1843016232960

1748468308
/dev/mapper/vg_root-lv--root: 1843034091520

1748468309
/dev/mapper/vg_root-lv--root: 1843053883392

1748468310
/dev/mapper/vg_root-lv--root: 1843069825024

1748468311
/dev/mapper/vg_root-lv--root: 1843088060416

1748468312
/dev/mapper/vg_root-lv--root: 1843110281216

1748468313
/dev/mapper/vg_root-lv--root: 1843132510208

1748468314
/dev/mapper/vg_root-lv--root: 1843151056896

1748468315
/dev/mapper/vg_root-lv--root: 1843170000896

1748468316
/dev/mapper/vg_root-lv--root: 1843188768768

1748468317
/dev/mapper/vg_root-lv--root: 1843207770112

1748468318
/dev/mapper/vg_root-lv--root: 1843227811840

1748468319
/dev/mapper/vg_root-lv--root: 1843248914432

1748468320
/dev/mapper/vg_root-lv--root: 1843270250496

1748468321
/dev/mapper/vg_root-lv--root: 1843291574272

1748468322
/dev/mapper/vg_root-lv--root: 1843314073600

1748468323
/dev/mapper/vg_root-lv--root: 1843333697536

1748468324
/dev/mapper/vg_root-lv--root: 1843353624576

1748468325
/dev/mapper/vg_root-lv--root: 1843374489600

1748468326
/dev/mapper/vg_root-lv--root: 1843396440064

1748468327
/dev/mapper/vg_root-lv--root: 1843414355968

1748468328
/dev/mapper/vg_root-lv--root: 1843433320448

1748468329
/dev/mapper/vg_root-lv--root: 1843454107648

1748468330
/dev/mapper/vg_root-lv--root: 1843472924672

1748468331
/dev/mapper/vg_root-lv--root: 1843495055360

1748468332
/dev/mapper/vg_root-lv--root: 1843518869504

1748468333
/dev/mapper/vg_root-lv--root: 1843545198592

1748468334
/dev/mapper/vg_root-lv--root: 1843569934336

1748468335
/dev/mapper/vg_root-lv--root: 1843591127040

1748468336
/dev/mapper/vg_root-lv--root: 1843610415104

1748468337
/dev/mapper/vg_root-lv--root: 1843629981696

1748468338
/dev/mapper/vg_root-lv--root: 1843655168000

1748468339
/dev/mapper/vg_root-lv--root: 1843676266496

1748468340
/dev/mapper/vg_root-lv--root: 1843694604288

1748468341
/dev/mapper/vg_root-lv--root: 1843713564672

1748468342
/dev/mapper/vg_root-lv--root: 1843733114880

1748468343
/dev/mapper/vg_root-lv--root: 1843752706048

1748468344
/dev/mapper/vg_root-lv--root: 1843773485056

1748468345
/dev/mapper/vg_root-lv--root: 1843795296256

1748468346
/dev/mapper/vg_root-lv--root: 1843817934848

1748468347
/dev/mapper/vg_root-lv--root: 1843838091264

1748468348
/dev/mapper/vg_root-lv--root: 1843861897216

1748468349
/dev/mapper/vg_root-lv--root: 1843884199936

1748468350
/dev/mapper/vg_root-lv--root: 1843911880704

1748468351
/dev/mapper/vg_root-lv--root: 1843939028992

1748468352
/dev/mapper/vg_root-lv--root: 1843966894080

1748468353
/dev/mapper/vg_root-lv--root: 1843994341376

1748468354
/dev/mapper/vg_root-lv--root: 1844019847168

1748468355
/dev/mapper/vg_root-lv--root: 1844046921728

1748468356
/dev/mapper/vg_root-lv--root: 1844071931904

1748468357
/dev/mapper/vg_root-lv--root: 1844096548864

1748468358
/dev/mapper/vg_root-lv--root: 1844124512256

1748468359
/dev/mapper/vg_root-lv--root: 1844151095296

1748468360
/dev/mapper/vg_root-lv--root: 1844174852096

1748468361
/dev/mapper/vg_root-lv--root: 1844198014976

1748468362
/dev/mapper/vg_root-lv--root: 1844221820928

1748468363
/dev/mapper/vg_root-lv--root: 1844245745664

1748468364
/dev/mapper/vg_root-lv--root: 1844272701440

1748468365
/dev/mapper/vg_root-lv--root: 1844296429568

1748468366
/dev/mapper/vg_root-lv--root: 1844318392320

1748468367
/dev/mapper/vg_root-lv--root: 1844348178432

1748468368
/dev/mapper/vg_root-lv--root: 1844374855680

1748468369
/dev/mapper/vg_root-lv--root: 1844397883392

1748468370
/dev/mapper/vg_root-lv--root: 1844421394432

1748468371
/dev/mapper/vg_root-lv--root: 1844448874496

1748468372
/dev/mapper/vg_root-lv--root: 1844474429440

1748468373
/dev/mapper/vg_root-lv--root: 1844500443136

1748468374
/dev/mapper/vg_root-lv--root: 1844524822528

1748468375
/dev/mapper/vg_root-lv--root: 1844547133440

1748468376
/dev/mapper/vg_root-lv--root: 1844565311488

1748468377
/dev/mapper/vg_root-lv--root: 1844583751680

1748468378
/dev/mapper/vg_root-lv--root: 1844600741888

1748468379
/dev/mapper/vg_root-lv--root: 1844616491008

1748468380
/dev/mapper/vg_root-lv--root: 1844633690112

1748468381
/dev/mapper/vg_root-lv--root: 1844651966464

1748468382
/dev/mapper/vg_root-lv--root: 1844667912192

1748468383
/dev/mapper/vg_root-lv--root: 1844683083776

1748468384
/dev/mapper/vg_root-lv--root: 1844702248960

1748468385
/dev/mapper/vg_root-lv--root: 1844718837760

1748468386
/dev/mapper/vg_root-lv--root: 1844739952640

1748468387
/dev/mapper/vg_root-lv--root: 1844764594176

1748468388
/dev/mapper/vg_root-lv--root: 1844788609024

1748468389
/dev/mapper/vg_root-lv--root: 1844810850304

1748468390
/dev/mapper/vg_root-lv--root: 1844832915456

1748468391
/dev/mapper/vg_root-lv--root: 1844856811520

1748468392
/dev/mapper/vg_root-lv--root: 1844879192064

1748468393
/dev/mapper/vg_root-lv--root: 1844901888000

1748468394
/dev/mapper/vg_root-lv--root: 1844923011072

1748468395
/dev/mapper/vg_root-lv--root: 1844946567168

1748468396
/dev/mapper/vg_root-lv--root: 1844970471424

1748468397
/dev/mapper/vg_root-lv--root: 1844996472832

1748468398
/dev/mapper/vg_root-lv--root: 1845022896128

1748468399
/dev/mapper/vg_root-lv--root: 1845048373248

1748468400
/dev/mapper/vg_root-lv--root: 1845073551360

1748468401
/dev/mapper/vg_root-lv--root: 1845100244992

1748468402
/dev/mapper/vg_root-lv--root: 1845125902336

1748468403
/dev/mapper/vg_root-lv--root: 1845147328512

1748468404
/dev/mapper/vg_root-lv--root: 1845169557504

1748468405
/dev/mapper/vg_root-lv--root: 1845191217152

1748468406
/dev/mapper/vg_root-lv--root: 1845218893824

1748468407
/dev/mapper/vg_root-lv--root: 1845244706816

1748468408
/dev/mapper/vg_root-lv--root: 1845264441344

1748468409
/dev/mapper/vg_root-lv--root: 1845289476096

1748468410
/dev/mapper/vg_root-lv--root: 1845316231168

1748468411
/dev/mapper/vg_root-lv--root: 1845343252480

1748468412
/dev/mapper/vg_root-lv--root: 1845365157888

1748468413
/dev/mapper/vg_root-lv--root: 1845387149312

1748468414
/dev/mapper/vg_root-lv--root: 1845411569664

1748468415
/dev/mapper/vg_root-lv--root: 1845430960128

1748468416
/dev/mapper/vg_root-lv--root: 1845449076736

1748468417
/dev/mapper/vg_root-lv--root: 1845466423296

1748468418
/dev/mapper/vg_root-lv--root: 1845488091136

1748468419
/dev/mapper/vg_root-lv--root: 1845505921024

1748468420
/dev/mapper/vg_root-lv--root: 1845528064000

1748468421
/dev/mapper/vg_root-lv--root: 1845548765184

1748468422
/dev/mapper/vg_root-lv--root: 1845569269760

1748468423
/dev/mapper/vg_root-lv--root: 1845589942272

1748468424
/dev/mapper/vg_root-lv--root: 1845612580864

1748468425
/dev/mapper/vg_root-lv--root: 1845632016384

1748468426
/dev/mapper/vg_root-lv--root: 1845650706432

1748468427
/dev/mapper/vg_root-lv--root: 1845669122048

1748468428
/dev/mapper/vg_root-lv--root: 1845689487360

1748468429
/dev/mapper/vg_root-lv--root: 1845705162752

1748468430
/dev/mapper/vg_root-lv--root: 1845724631040

1748468431
/dev/mapper/vg_root-lv--root: 1845743341568

1748468432
/dev/mapper/vg_root-lv--root: 1845762965504

1748468433
/dev/mapper/vg_root-lv--root: 1845780090880

1748468434
/dev/mapper/vg_root-lv--root: 1845797040128

1748468435
/dev/mapper/vg_root-lv--root: 1845817536512

1748468436
/dev/mapper/vg_root-lv--root: 1845835460608

1748468437
/dev/mapper/vg_root-lv--root: 1845852807168

1748468438
/dev/mapper/vg_root-lv--root: 1845871951872

1748468439
/dev/mapper/vg_root-lv--root: 1845889372160

1748468440
/dev/mapper/vg_root-lv--root: 1845906571264

1748468441
/dev/mapper/vg_root-lv--root: 1845927600128

1748468442
/dev/mapper/vg_root-lv--root: 1845944688640

1748468443
/dev/mapper/vg_root-lv--root: 1845961691136

1748468444
/dev/mapper/vg_root-lv--root: 1845977796608

1748468445
/dev/mapper/vg_root-lv--root: 1845995802624

1748468446
/dev/mapper/vg_root-lv--root: 1846011449344

1748468447
/dev/mapper/vg_root-lv--root: 1846019993600

1748468448
/dev/mapper/vg_root-lv--root: 1846030815232

1748468449
/dev/mapper/vg_root-lv--root: 1846044573696

1748468450
/dev/mapper/vg_root-lv--root: 1846058000384

1748468451
/dev/mapper/vg_root-lv--root: 1846069968896

1748468452
/dev/mapper/vg_root-lv--root: 1846083584000

1748468453
/dev/mapper/vg_root-lv--root: 1846098444288

1748468454
/dev/mapper/vg_root-lv--root: 1846111600640

1748468455
/dev/mapper/vg_root-lv--root: 1846124793856

1748468456
/dev/mapper/vg_root-lv--root: 1846138060800

1748468457
/dev/mapper/vg_root-lv--root: 1846149529600

1748468458
/dev/mapper/vg_root-lv--root: 1846161846272

1748468459
/dev/mapper/vg_root-lv--root: 1846176923648

1748468460
/dev/mapper/vg_root-lv--root: 1846191550464

1748468461
/dev/mapper/vg_root-lv--root: 1846206304256

1748468462
/dev/mapper/vg_root-lv--root: 1846218420224

1748468463
/dev/mapper/vg_root-lv--root: 1846231076864

1748468464
/dev/mapper/vg_root-lv--root: 1846246445056

1748468465
/dev/mapper/vg_root-lv--root: 1846263029760

1748468466
/dev/mapper/vg_root-lv--root: 1846274146304

1748468467
/dev/mapper/vg_root-lv--root: 1846286712832

1748468468
/dev/mapper/vg_root-lv--root: 1846299828224

1748468469
/dev/mapper/vg_root-lv--root: 1846315008000

1748468470
/dev/mapper/vg_root-lv--root: 1846327898112

1748468471
/dev/mapper/vg_root-lv--root: 1846341062656

1748468472
/dev/mapper/vg_root-lv--root: 1846355947520

1748468473
/dev/mapper/vg_root-lv--root: 1846369464320

1748468474
/dev/mapper/vg_root-lv--root: 1846384115712

1748468475
/dev/mapper/vg_root-lv--root: 1846399819776

1748468476
/dev/mapper/vg_root-lv--root: 1846416834560

1748468477
/dev/mapper/vg_root-lv--root: 1846430769152

1748468478
/dev/mapper/vg_root-lv--root: 1846444703744

1748468479
/dev/mapper/vg_root-lv--root: 1846458765312

1748468480
/dev/mapper/vg_root-lv--root: 1846475153408

1748468481
/dev/mapper/vg_root-lv--root: 1846490701824

1748468482
/dev/mapper/vg_root-lv--root: 1846503940096

1748468483
/dev/mapper/vg_root-lv--root: 1846517112832

1748468484
/dev/mapper/vg_root-lv--root: 1846531989504

1748468485
/dev/mapper/vg_root-lv--root: 1846544224256

1748468486
/dev/mapper/vg_root-lv--root: 1846557478912

1748468487
/dev/mapper/vg_root-lv--root: 1846570147840

1748468488
/dev/mapper/vg_root-lv--root: 1846583218176

1748468489
/dev/mapper/vg_root-lv--root: 1846594994176

1748468490
/dev/mapper/vg_root-lv--root: 1846608166912

1748468491
/dev/mapper/vg_root-lv--root: 1846623453184

1748468492
/dev/mapper/vg_root-lv--root: 1846634921984

1748468493
/dev/mapper/vg_root-lv--root: 1846648512512

1748468494
/dev/mapper/vg_root-lv--root: 1846663335936

1748468495
/dev/mapper/vg_root-lv--root: 1846679572480

1748468496
/dev/mapper/vg_root-lv--root: 1846698504192

1748468497
/dev/mapper/vg_root-lv--root: 1846710284288

1748468498
/dev/mapper/vg_root-lv--root: 1846723088384

1748468499
/dev/mapper/vg_root-lv--root: 1846735626240

1748468500
/dev/mapper/vg_root-lv--root: 1846748901376

1748468501
/dev/mapper/vg_root-lv--root: 1846759002112

1748468502
/dev/mapper/vg_root-lv--root: 1846771093504

1748468503
/dev/mapper/vg_root-lv--root: 1846785966080

1748468504
/dev/mapper/vg_root-lv--root: 1846798979072

1748468505
/dev/mapper/vg_root-lv--root: 1846811717632

1748468506
/dev/mapper/vg_root-lv--root: 1846822936576

1748468507
/dev/mapper/vg_root-lv--root: 1846836166656

1748468508
/dev/mapper/vg_root-lv--root: 1846849871872

1748468509
/dev/mapper/vg_root-lv--root: 1846860808192

1748468510
/dev/mapper/vg_root-lv--root: 1846873468928

1748468511
/dev/mapper/vg_root-lv--root: 1846888976384

1748468512
/dev/mapper/vg_root-lv--root: 1846900989952

1748468513
/dev/mapper/vg_root-lv--root: 1846912815104

1748468514
/dev/mapper/vg_root-lv--root: 1846927466496

1748468515
/dev/mapper/vg_root-lv--root: 1846940532736

1748468516
/dev/mapper/vg_root-lv--root: 1846954360832

1748468517
/dev/mapper/vg_root-lv--root: 1846968369152

1748468518
/dev/mapper/vg_root-lv--root: 1846980280320

1748468519
/dev/mapper/vg_root-lv--root: 1846990950400

1748468520
/dev/mapper/vg_root-lv--root: 1847002853376

1748468521
/dev/mapper/vg_root-lv--root: 1847175249920

1748468522
/dev/mapper/vg_root-lv--root: 1847323500544

1748468523
/dev/mapper/vg_root-lv--root: 1847364182016

1748468524
/dev/mapper/vg_root-lv--root: 1847379439616

1748468525
/dev/mapper/vg_root-lv--root: 1847396020224

1748468526
/dev/mapper/vg_root-lv--root: 1847451533312

1748468527
/dev/mapper/vg_root-lv--root: 1847472640000

1748468528
/dev/mapper/vg_root-lv--root: 1847489372160

1748468529
/dev/mapper/vg_root-lv--root: 1847506571264

1748468530
/dev/mapper/vg_root-lv--root: 1847524192256

1748468531
/dev/mapper/vg_root-lv--root: 1847540449280

1748468532
/dev/mapper/vg_root-lv--root: 1847556153344

1748468533
/dev/mapper/vg_root-lv--root: 1847573504000

1748468534
/dev/mapper/vg_root-lv--root: 1847586557952

1748468535
/dev/mapper/vg_root-lv--root: 1847595409408

1748468536
/dev/mapper/vg_root-lv--root: 1847604830208

1748468537
/dev/mapper/vg_root-lv--root: 1847613177856

1748468538
/dev/mapper/vg_root-lv--root: 1847621689344

1748468539
/dev/mapper/vg_root-lv--root: 1847630987264

1748468540
/dev/mapper/vg_root-lv--root: 1847640797184

1748468541
/dev/mapper/vg_root-lv--root: 1847649906688

1748468542
/dev/mapper/vg_root-lv--root: 1847655305216

1748468543
/dev/mapper/vg_root-lv--root: 1847661277184

1748468544
/dev/mapper/vg_root-lv--root: 1847667904512

1748468545
/dev/mapper/vg_root-lv--root: 1847675191296

1748468546
/dev/mapper/vg_root-lv--root: 1847683137536

1748468547
/dev/mapper/vg_root-lv--root: 1847689723904

1748468548
/dev/mapper/vg_root-lv--root: 1847697031168

1748468549
/dev/mapper/vg_root-lv--root: 1847704952832

1748468550
/dev/mapper/vg_root-lv--root: 1847711895552

1748468551
/dev/mapper/vg_root-lv--root: 1847718367232

1748468552
/dev/mapper/vg_root-lv--root: 1847725412352

1748468553
/dev/mapper/vg_root-lv--root: 1847733178368

1748468554
/dev/mapper/vg_root-lv--root: 1847740764160

1748468555
/dev/mapper/vg_root-lv--root: 1847747674112

1748468556
/dev/mapper/vg_root-lv--root: 1847755382784

1748468557
/dev/mapper/vg_root-lv--root: 1847763558400

1748468558
/dev/mapper/vg_root-lv--root: 1847772028928

1748468559
/dev/mapper/vg_root-lv--root: 1847781097472

1748468560
/dev/mapper/vg_root-lv--root: 1847789703168

1748468561
/dev/mapper/vg_root-lv--root: 1847797002240

1748468562
/dev/mapper/vg_root-lv--root: 1847803228160

1748468563
/dev/mapper/vg_root-lv--root: 1847810109440

1748468564
/dev/mapper/vg_root-lv--root: 1847817650176

1748468565
/dev/mapper/vg_root-lv--root: 1847824748544

1748468566
/dev/mapper/vg_root-lv--root: 1847831572480

1748468567
/dev/mapper/vg_root-lv--root: 1847838089216

1748468568
/dev/mapper/vg_root-lv--root: 1847844036608

1748468569
/dev/mapper/vg_root-lv--root: 1847850614784

1748468570
/dev/mapper/vg_root-lv--root: 1847857836032

1748468571
/dev/mapper/vg_root-lv--root: 1847865724928

1748468572
/dev/mapper/vg_root-lv--root: 1847874269184

1748468573
/dev/mapper/vg_root-lv--root: 1847881879552

1748468574
/dev/mapper/vg_root-lv--root: 1847889645568

1748468575
/dev/mapper/vg_root-lv--root: 1847894642688

1748468576
/dev/mapper/vg_root-lv--root: 1847899512832

1748468577
/dev/mapper/vg_root-lv--root: 1847905042432

1748468578
/dev/mapper/vg_root-lv--root: 1847911235584

1748468579
/dev/mapper/vg_root-lv--root: 1847918018560

1748468580
/dev/mapper/vg_root-lv--root: 1847924744192

1748468581
/dev/mapper/vg_root-lv--root: 1847930941440

1748468582
/dev/mapper/vg_root-lv--root: 1847937880064

1748468583
/dev/mapper/vg_root-lv--root: 1847945252864

1748468584
/dev/mapper/vg_root-lv--root: 1847951720448

1748468585
/dev/mapper/vg_root-lv--root: 1847958265856

1748468586
/dev/mapper/vg_root-lv--root: 1847965491200

1748468587
/dev/mapper/vg_root-lv--root: 1847973048320

1748468588
/dev/mapper/vg_root-lv--root: 1847980146688

1748468589
/dev/mapper/vg_root-lv--root: 1847986790400

1748468590
/dev/mapper/vg_root-lv--root: 1847994224640

1748468591
/dev/mapper/vg_root-lv--root: 1848002195456

1748468592
/dev/mapper/vg_root-lv--root: 1848010334208

1748468593
/dev/mapper/vg_root-lv--root: 1848019079168

1748468594
/dev/mapper/vg_root-lv--root: 1848024248320

1748468595
/dev/mapper/vg_root-lv--root: 1848029687808

1748468596
/dev/mapper/vg_root-lv--root: 1848035733504

1748468597
/dev/mapper/vg_root-lv--root: 1848041041920

1748468598
/dev/mapper/vg_root-lv--root: 1848046845952

1748468599
/dev/mapper/vg_root-lv--root: 1848053108736

1748468600
/dev/mapper/vg_root-lv--root: 1848059801600

1748468601
/dev/mapper/vg_root-lv--root: 1848067129344

1748468602
/dev/mapper/vg_root-lv--root: 1848074764288

1748468603
/dev/mapper/vg_root-lv--root: 1848081285120

1748468604
/dev/mapper/vg_root-lv--root: 1848088698880

1748468605
/dev/mapper/vg_root-lv--root: 1848096587776

1748468606
/dev/mapper/vg_root-lv--root: 1848101040128

1748468607
/dev/mapper/vg_root-lv--root: 1848105897984

1748468608
/dev/mapper/vg_root-lv--root: 1848111390720

1748468609
/dev/mapper/vg_root-lv--root: 1848117542912

1748468610
/dev/mapper/vg_root-lv--root: 1848124350464

1748468611
/dev/mapper/vg_root-lv--root: 1848131817472

1748468612
/dev/mapper/vg_root-lv--root: 1848139894784

1748468613
/dev/mapper/vg_root-lv--root: 1848147718144

1748468614
/dev/mapper/vg_root-lv--root: 1848155021312

1748468615
/dev/mapper/vg_root-lv--root: 1848163094528

1748468616
/dev/mapper/vg_root-lv--root: 1848171638784

1748468617
/dev/mapper/vg_root-lv--root: 1848178696192

1748468618
/dev/mapper/vg_root-lv--root: 1848185683968

1748468619
/dev/mapper/vg_root-lv--root: 1848193265664

1748468620
/dev/mapper/vg_root-lv--root: 1848200753152

1748468621
/dev/mapper/vg_root-lv--root: 1848207560704

1748468622
/dev/mapper/vg_root-lv--root: 1848215199744

1748468623
/dev/mapper/vg_root-lv--root: 1848223256576

1748468624
/dev/mapper/vg_root-lv--root: 1848231616512

1748468625
/dev/mapper/vg_root-lv--root: 1848240594944

1748468626
/dev/mapper/vg_root-lv--root: 1848487370752

1748468627
/dev/mapper/vg_root-lv--root: 1848621727744

1748468628
/dev/mapper/vg_root-lv--root: 1848705699840

1748468629
/dev/mapper/vg_root-lv--root: 1848714985472

1748468630
/dev/mapper/vg_root-lv--root: 1848724504576

1748468631
/dev/mapper/vg_root-lv--root: 1848732274688

1748468632
/dev/mapper/vg_root-lv--root: 1848740667392

1748468633
/dev/mapper/vg_root-lv--root: 1848804966400

1748468634
/dev/mapper/vg_root-lv--root: 1848817541120

1748468635
/dev/mapper/vg_root-lv--root: 1848832765952

1748468636
/dev/mapper/vg_root-lv--root: 1848847220736

1748468637
/dev/mapper/vg_root-lv--root: 1848862019584

1748468638
/dev/mapper/vg_root-lv--root: 1848870703104

1748468639
/dev/mapper/vg_root-lv--root: 1848878567424

1748468640
/dev/mapper/vg_root-lv--root: 1848885956608

1748468641
/dev/mapper/vg_root-lv--root: 1848893005824

1748468642
/dev/mapper/vg_root-lv--root: 1848900829184

1748468643
/dev/mapper/vg_root-lv--root: 1848909090816

1748468644
/dev/mapper/vg_root-lv--root: 1848916148224

1748468645
/dev/mapper/vg_root-lv--root: 1848922890240

1748468646
/dev/mapper/vg_root-lv--root: 1848930148352

1748468647
/dev/mapper/vg_root-lv--root: 1848937037824

1748468648
/dev/mapper/vg_root-lv--root: 1848942817280

1748468649
/dev/mapper/vg_root-lv--root: 1848948137984

1748468650
/dev/mapper/vg_root-lv--root: 1848954056704

1748468651
/dev/mapper/vg_root-lv--root: 1848960774144

1748468652
/dev/mapper/vg_root-lv--root: 1848966455296

1748468653
/dev/mapper/vg_root-lv--root: 1848972660736

1748468654
/dev/mapper/vg_root-lv--root: 1848979312640

1748468655
/dev/mapper/vg_root-lv--root: 1848986361856

1748468656
/dev/mapper/vg_root-lv--root: 1848994050048

1748468657
/dev/mapper/vg_root-lv--root: 1849002381312

1748468658
/dev/mapper/vg_root-lv--root: 1849009799168

1748468659
/dev/mapper/vg_root-lv--root: 1849017368576

1748468660
/dev/mapper/vg_root-lv--root: 1849025634304

1748468661
/dev/mapper/vg_root-lv--root: 1849034379264

1748468662
/dev/mapper/vg_root-lv--root: 1849043345408

1748468663
/dev/mapper/vg_root-lv--root: 1849050677248

1748468664
/dev/mapper/vg_root-lv--root: 1849058803712

1748468665
/dev/mapper/vg_root-lv--root: 1849064316928

1748468666
/dev/mapper/vg_root-lv--root: 1849067970560

1748468667
/dev/mapper/vg_root-lv--root: 1849072275456

1748468668
/dev/mapper/vg_root-lv--root: 1849077215232

1748468669
/dev/mapper/vg_root-lv--root: 1849082859520

1748468670
/dev/mapper/vg_root-lv--root: 1849089159168

1748468671
/dev/mapper/vg_root-lv--root: 1849096081408

1748468672
/dev/mapper/vg_root-lv--root: 1849103671296

1748468673
/dev/mapper/vg_root-lv--root: 1849111896064

1748468674
/dev/mapper/vg_root-lv--root: 1849118687232

1748468675
/dev/mapper/vg_root-lv--root: 1849126264832

1748468676
/dev/mapper/vg_root-lv--root: 1849134469120

1748468677
/dev/mapper/vg_root-lv--root: 1849142947840

1748468678
/dev/mapper/vg_root-lv--root: 1849151860736

1748468679
/dev/mapper/vg_root-lv--root: 1849159741440

1748468680
/dev/mapper/vg_root-lv--root: 1849164963840

1748468681
/dev/mapper/vg_root-lv--root: 1849170763776

1748468682
/dev/mapper/vg_root-lv--root: 1849177071616

1748468683
/dev/mapper/vg_root-lv--root: 1849182584832

1748468684
/dev/mapper/vg_root-lv--root: 1849188704256

1748468685
/dev/mapper/vg_root-lv--root: 1849195307008

1748468686
/dev/mapper/vg_root-lv--root: 1849202372608

1748468687
/dev/mapper/vg_root-lv--root: 1849210056704

1748468688
/dev/mapper/vg_root-lv--root: 1849218396160

1748468689
/dev/mapper/vg_root-lv--root: 1849227382784

1748468690
/dev/mapper/vg_root-lv--root: 1849236672512

1748468691
/dev/mapper/vg_root-lv--root: 1849244626944

1748468692
/dev/mapper/vg_root-lv--root: 1849253187584

1748468693
/dev/mapper/vg_root-lv--root: 1849258450944

1748468694
/dev/mapper/vg_root-lv--root: 1849263849472

1748468695
/dev/mapper/vg_root-lv--root: 1849269936128

1748468696
/dev/mapper/vg_root-lv--root: 1849276702720

1748468697
/dev/mapper/vg_root-lv--root: 1849283801088

1748468698
/dev/mapper/vg_root-lv--root: 1849285988352

1748468699
/dev/mapper/vg_root-lv--root: 1849288548352

1748468700
/dev/mapper/vg_root-lv--root: 1849291046912

1748468701
/dev/mapper/vg_root-lv--root: 1849293897728

1748468702
/dev/mapper/vg_root-lv--root: 1849296961536

1748468703
/dev/mapper/vg_root-lv--root: 1849299456000

1748468704
/dev/mapper/vg_root-lv--root: 1849302220800

1748468705
/dev/mapper/vg_root-lv--root: 1849305690112

1748468706
/dev/mapper/vg_root-lv--root: 1849309818880

1748468707
/dev/mapper/vg_root-lv--root: 1849313439744

1748468708
/dev/mapper/vg_root-lv--root: 1849315512320

1748468709
/dev/mapper/vg_root-lv--root: 1849318150144

1748468710
/dev/mapper/vg_root-lv--root: 1849321480192

1748468711
/dev/mapper/vg_root-lv--root: 1849325555712

1748468712
/dev/mapper/vg_root-lv--root: 1849330180096

1748468713
/dev/mapper/vg_root-lv--root: 1849335443456

1748468714
/dev/mapper/vg_root-lv--root: 1849341370368

1748468715
/dev/mapper/vg_root-lv--root: 1849347981312

1748468716
/dev/mapper/vg_root-lv--root: 1849353621504

1748468717
/dev/mapper/vg_root-lv--root: 1849356832768

1748468718
/dev/mapper/vg_root-lv--root: 1849360248832

1748468719
/dev/mapper/vg_root-lv--root: 1849363673088

1748468720
/dev/mapper/vg_root-lv--root: 1849366867968

1748468721
/dev/mapper/vg_root-lv--root: 1849369874432

1748468722
/dev/mapper/vg_root-lv--root: 1849373544448

1748468723
/dev/mapper/vg_root-lv--root: 1849377857536

1748468724
/dev/mapper/vg_root-lv--root: 1849382830080

1748468725
/dev/mapper/vg_root-lv--root: 1849388503040

1748468726
/dev/mapper/vg_root-lv--root: 1849394810880

1748468727
/dev/mapper/vg_root-lv--root: 1849401733120

1748468728
/dev/mapper/vg_root-lv--root: 1849409318912

1748468729
/dev/mapper/vg_root-lv--root: 1849416585216

1748468730
/dev/mapper/vg_root-lv--root: 1849418502144

1748468731
/dev/mapper/vg_root-lv--root: 1849420595200

1748468732
/dev/mapper/vg_root-lv--root: 1849423265792

1748468733
/dev/mapper/vg_root-lv--root: 1849425649664

1748468734
/dev/mapper/vg_root-lv--root: 1849427787776

1748468735
/dev/mapper/vg_root-lv--root: 1849430646784

1748468736
/dev/mapper/vg_root-lv--root: 1849434152960

1748468737
/dev/mapper/vg_root-lv--root: 1849438322688

1748468738
/dev/mapper/vg_root-lv--root: 1849443201024

1748468739
/dev/mapper/vg_root-lv--root: 1849448689664

1748468740
/dev/mapper/vg_root-lv--root: 1849454768128

1748468741
/dev/mapper/vg_root-lv--root: 1849461600256

1748468742
/dev/mapper/vg_root-lv--root: 1849469071360

1748468743
/dev/mapper/vg_root-lv--root: 1849477148672

1748468744
/dev/mapper/vg_root-lv--root: 1849486524416

1748468745
/dev/mapper/vg_root-lv--root: 1849496051712

1748468746
/dev/mapper/vg_root-lv--root: 1849499656192

1748468747
/dev/mapper/vg_root-lv--root: 1849503760384

1748468748
/dev/mapper/vg_root-lv--root: 1849506979840

1748468749
/dev/mapper/vg_root-lv--root: 1849509728256

1748468750
/dev/mapper/vg_root-lv--root: 1849512398848

1748468751
/dev/mapper/vg_root-lv--root: 1849514520576

1748468752
/dev/mapper/vg_root-lv--root: 1849517248512

1748468753
/dev/mapper/vg_root-lv--root: 1849519730688

1748468754
/dev/mapper/vg_root-lv--root: 1849522835456

1748468755
/dev/mapper/vg_root-lv--root: 1849525821440

1748468756
/dev/mapper/vg_root-lv--root: 1849527607296

1748468757
/dev/mapper/vg_root-lv--root: 1849529966592

1748468758
/dev/mapper/vg_root-lv--root: 1849532325888

1748468759
/dev/mapper/vg_root-lv--root: 1849535111168

1748468760
/dev/mapper/vg_root-lv--root: 1849537609728

1748468761
/dev/mapper/vg_root-lv--root: 1849540632576

1748468762
/dev/mapper/vg_root-lv--root: 1849544331264

1748468763
/dev/mapper/vg_root-lv--root: 1849547444224

1748468764
/dev/mapper/vg_root-lv--root: 1849549414400

1748468765
/dev/mapper/vg_root-lv--root: 1849552039936

1748468766
/dev/mapper/vg_root-lv--root: 1849555349504

1748468767
/dev/mapper/vg_root-lv--root: 1849559298048

1748468768
/dev/mapper/vg_root-lv--root: 1849563914240

1748468769
/dev/mapper/vg_root-lv--root: 1849569214464

1748468770
/dev/mapper/vg_root-lv--root: 1849575157760

1748468771
/dev/mapper/vg_root-lv--root: 1849579798528

1748468772
/dev/mapper/vg_root-lv--root: 1849585225728

1748468773
/dev/mapper/vg_root-lv--root: 1849590243328

1748468774
/dev/mapper/vg_root-lv--root: 1849595158528

1748468775
/dev/mapper/vg_root-lv--root: 1849600729088

1748468776
/dev/mapper/vg_root-lv--root: 1849606946816

1748468777
/dev/mapper/vg_root-lv--root: 1849613836288

1748468778
/dev/mapper/vg_root-lv--root: 1849621352448

1748468779
/dev/mapper/vg_root-lv--root: 1849629081600

1748468780
/dev/mapper/vg_root-lv--root: 1849633570816

1748468781
/dev/mapper/vg_root-lv--root: 1849638707200

1748468782
/dev/mapper/vg_root-lv--root: 1849642008576

1748468783
/dev/mapper/vg_root-lv--root: 1849644777472

1748468784
/dev/mapper/vg_root-lv--root: 1849647677440

1748468785
/dev/mapper/vg_root-lv--root: 1849650823168

1748468786
/dev/mapper/vg_root-lv--root: 1849653940224

1748468787
/dev/mapper/vg_root-lv--root: 1849656864768

1748468788
/dev/mapper/vg_root-lv--root: 1849659154432

1748468789
/dev/mapper/vg_root-lv--root: 1849662132224

1748468790
/dev/mapper/vg_root-lv--root: 1849665261568

1748468791
/dev/mapper/vg_root-lv--root: 1849666969600

1748468792
/dev/mapper/vg_root-lv--root: 1849669234688

1748468793
/dev/mapper/vg_root-lv--root: 1849672171520

1748468794
/dev/mapper/vg_root-lv--root: 1849675784192

1748468795
/dev/mapper/vg_root-lv--root: 1849680064512

1748468796
/dev/mapper/vg_root-lv--root: 1849684996096

1748468797
/dev/mapper/vg_root-lv--root: 1849690607616

1748468798
/dev/mapper/vg_root-lv--root: 1849696862208

1748468799
/dev/mapper/vg_root-lv--root: 1849703755776

1748468800
/dev/mapper/vg_root-lv--root: 1849711296512

1748468801
/dev/mapper/vg_root-lv--root: 1849720176640

1748468802
/dev/mapper/vg_root-lv--root: 1849728204800

1748468803
/dev/mapper/vg_root-lv--root: 1849730613248

1748468804
/dev/mapper/vg_root-lv--root: 1849733623808

1748468805
/dev/mapper/vg_root-lv--root: 1849736925184

1748468806
/dev/mapper/vg_root-lv--root: 1849740120064

1748468807
/dev/mapper/vg_root-lv--root: 1849740120064

1748468808
/dev/mapper/vg_root-lv--root: 1849740152832

1748468809
/dev/mapper/vg_root-lv--root: 1849740169216

1748468810
/dev/mapper/vg_root-lv--root: 1849740206080

1748468811
/dev/mapper/vg_root-lv--root: 1849740206080

1748468812
/dev/mapper/vg_root-lv--root: 1849740222464

1748468813
/dev/mapper/vg_root-lv--root: 1849740238848

1748468814
/dev/mapper/vg_root-lv--root: 1849740255232

1748468815
/dev/mapper/vg_root-lv--root: 1849740275712

1748468816
/dev/mapper/vg_root-lv--root: 1849740292096

1748468817
/dev/mapper/vg_root-lv--root: 1849740292096

1748468818
/dev/mapper/vg_root-lv--root: 1849740308480

1748468819
/dev/mapper/vg_root-lv--root: 1849740324864

1748468820
/dev/mapper/vg_root-lv--root: 1849740341248

1748468821
/dev/mapper/vg_root-lv--root: 1849740365824

1748468822
/dev/mapper/vg_root-lv--root: 1849740382208

1748468823
/dev/mapper/vg_root-lv--root: 1849740402688

1748468824
/dev/mapper/vg_root-lv--root: 1849740382208

1748468825
/dev/mapper/vg_root-lv--root: 1849740398592

1748468826
/dev/mapper/vg_root-lv--root: 1849740423168

1748468827
/dev/mapper/vg_root-lv--root: 1849740439552

1748468828
/dev/mapper/vg_root-lv--root: 1849740455936

1748468829
/dev/mapper/vg_root-lv--root: 1849740472320

1748468830
/dev/mapper/vg_root-lv--root: 1849740492800

1748468831
/dev/mapper/vg_root-lv--root: 1849740599296

1748468832
/dev/mapper/vg_root-lv--root: 1849740603392

1748468833
/dev/mapper/vg_root-lv--root: 1849825144832

1748468834
/dev/mapper/vg_root-lv--root: 1849836310528

1748468835
/dev/mapper/vg_root-lv--root: 1849836310528

1748468836
/dev/mapper/vg_root-lv--root: 1849836326912

1748468837
/dev/mapper/vg_root-lv--root: 1849836351488

1748468838
/dev/mapper/vg_root-lv--root: 1849836384256

1748468839
/dev/mapper/vg_root-lv--root: 1849836437504

1748468840
/dev/mapper/vg_root-lv--root: 1849836453888

1748468841
/dev/mapper/vg_root-lv--root: 1849836453888

1748468842
/dev/mapper/vg_root-lv--root: 1849836470272

1748468843
/dev/mapper/vg_root-lv--root: 1849836470272

1748468844
/dev/mapper/vg_root-lv--root: 1849836490752

1748468845
/dev/mapper/vg_root-lv--root: 1849836507136

1748468846
/dev/mapper/vg_root-lv--root: 1849836539904

1748468847
/dev/mapper/vg_root-lv--root: 1849836539904

1748468849
/dev/mapper/vg_root-lv--root: 1849836556288

1748468850
/dev/mapper/vg_root-lv--root: 1849836572672

1748468851
/dev/mapper/vg_root-lv--root: 1849836572672

1748468853
/dev/mapper/vg_root-lv--root: 1849836613632

1748468854
/dev/mapper/vg_root-lv--root: 1849836630016

1748468855
/dev/mapper/vg_root-lv--root: 1849836646400

1748468856
/dev/mapper/vg_root-lv--root: 1849836662784

1748468857
/dev/mapper/vg_root-lv--root: 1849836679168

1748468859
/dev/mapper/vg_root-lv--root: 1849836711936

1748468860
/dev/mapper/vg_root-lv--root: 1849836732416

1748468861
/dev/mapper/vg_root-lv--root: 1849836748800

1748468862
/dev/mapper/vg_root-lv--root: 1849836748800

1748468863
/dev/mapper/vg_root-lv--root: 1849836765184

1748468864
/dev/mapper/vg_root-lv--root: 1849836781568

1748468865
/dev/mapper/vg_root-lv--root: 1849836797952

1748468866
/dev/mapper/vg_root-lv--root: 1849836814336

1748468867
/dev/mapper/vg_root-lv--root: 1849836834816

1748468868
/dev/mapper/vg_root-lv--root: 1849836851200

1748468869
/dev/mapper/vg_root-lv--root: 1849836851200

1748468870
/dev/mapper/vg_root-lv--root: 1849836871680

1748468871
/dev/mapper/vg_root-lv--root: 1849836875776

1748468872
/dev/mapper/vg_root-lv--root: 1849836892160

1748468873
/dev/mapper/vg_root-lv--root: 1849836924928

1748468874
/dev/mapper/vg_root-lv--root: 1849836941312

1748468875
/dev/mapper/vg_root-lv--root: 1849836961792

1748468876
/dev/mapper/vg_root-lv--root: 1849836978176

1748468877
/dev/mapper/vg_root-lv--root: 1849836994560

1748468878
/dev/mapper/vg_root-lv--root: 1849836994560

1748468879
/dev/mapper/vg_root-lv--root: 1849837010944

1748468880
/dev/mapper/vg_root-lv--root: 1849837043712

1748468881
/dev/mapper/vg_root-lv--root: 1849837060096

1748468882
/dev/mapper/vg_root-lv--root: 1849837080576

1748468883
/dev/mapper/vg_root-lv--root: 1849837096960

1748468884
/dev/mapper/vg_root-lv--root: 1849837076480

1748468885
/dev/mapper/vg_root-lv--root: 1849837092864

1748468886
/dev/mapper/vg_root-lv--root: 1849837129728

1748468887
/dev/mapper/vg_root-lv--root: 1849837146112

1748468888
/dev/mapper/vg_root-lv--root: 1849837162496

1748468889
/dev/mapper/vg_root-lv--root: 1849837178880

1748468891
/dev/mapper/vg_root-lv--root: 1849837326336

1748468892
/dev/mapper/vg_root-lv--root: 1849837342720

1748468893
/dev/mapper/vg_root-lv--root: 1849837375488

1748468894
/dev/mapper/vg_root-lv--root: 1849837375488

1748468895
/dev/mapper/vg_root-lv--root: 1849837375488

1748468897
/dev/mapper/vg_root-lv--root: 1849837395968

1748468898
/dev/mapper/vg_root-lv--root: 1849837457408

1748468899
/dev/mapper/vg_root-lv--root: 1849837490176

1748468900
/dev/mapper/vg_root-lv--root: 1849837490176

1748468901
/dev/mapper/vg_root-lv--root: 1849837510656

1748468902
/dev/mapper/vg_root-lv--root: 1849837527040

1748468903
/dev/mapper/vg_root-lv--root: 1849837543424

1748468904
/dev/mapper/vg_root-lv--root: 1849837559808

1748468905
/dev/mapper/vg_root-lv--root: 1849837580288

1748468906
/dev/mapper/vg_root-lv--root: 1849837596672

1748468907
/dev/mapper/vg_root-lv--root: 1849837613056

1748468908
/dev/mapper/vg_root-lv--root: 1849837629440

1748468909
/dev/mapper/vg_root-lv--root: 1849837645824

1748468910
/dev/mapper/vg_root-lv--root: 1849837662208

1748468911
/dev/mapper/vg_root-lv--root: 1849837694976

1748468913
/dev/mapper/vg_root-lv--root: 1849837731840

1748468914
/dev/mapper/vg_root-lv--root: 1849837748224

1748468915
/dev/mapper/vg_root-lv--root: 1849837780992

1748468916
/dev/mapper/vg_root-lv--root: 1849837797376

1748468917
/dev/mapper/vg_root-lv--root: 1849837817856

1748468919
/dev/mapper/vg_root-lv--root: 1849837817856

1748468920
/dev/mapper/vg_root-lv--root: 1849837854720

1748468921
/dev/mapper/vg_root-lv--root: 1849837871104

1748468923
/dev/mapper/vg_root-lv--root: 1849837887488

1748468924
/dev/mapper/vg_root-lv--root: 1849837907968

1748468925
/dev/mapper/vg_root-lv--root: 1849837907968

1748468926
/dev/mapper/vg_root-lv--root: 1849837924352

1748468928
/dev/mapper/vg_root-lv--root: 1849837932544

1748468929
/dev/mapper/vg_root-lv--root: 1849837944832

1748468930
/dev/mapper/vg_root-lv--root: 1849837961216

1748468931
/dev/mapper/vg_root-lv--root: 1849837977600

1748468932
/dev/mapper/vg_root-lv--root: 1849837993984

1748468933
/dev/mapper/vg_root-lv--root: 1849838010368

1748468934
/dev/mapper/vg_root-lv--root: 1849838010368

1748468935
/dev/mapper/vg_root-lv--root: 1849838030848

1748468937
/dev/mapper/vg_root-lv--root: 1849838047232

1748468938
/dev/mapper/vg_root-lv--root: 1849838080000

1748468939
/dev/mapper/vg_root-lv--root: 1849838096384

1748468940
/dev/mapper/vg_root-lv--root: 1849838096384

1748468942
/dev/mapper/vg_root-lv--root: 1849838129152

1748468943
/dev/mapper/vg_root-lv--root: 1849838149632

1748468944
/dev/mapper/vg_root-lv--root: 1849838149632

1748468945
/dev/mapper/vg_root-lv--root: 1849838166016

1748468947
/dev/mapper/vg_root-lv--root: 1849838182400

1748468948
/dev/mapper/vg_root-lv--root: 1849838198784

1748468949
/dev/mapper/vg_root-lv--root: 1849838215168

1748468951
/dev/mapper/vg_root-lv--root: 1849838358528

1748468952
/dev/mapper/vg_root-lv--root: 1849838374912

1748468953
/dev/mapper/vg_root-lv--root: 1849838395392

1748468954
/dev/mapper/vg_root-lv--root: 1849838432256

1748468955
/dev/mapper/vg_root-lv--root: 1849838448640

1748468956
/dev/mapper/vg_root-lv--root: 1849838452736

1748468957
/dev/mapper/vg_root-lv--root: 1849838485504

1748468958
/dev/mapper/vg_root-lv--root: 1849838526464

1748468959
/dev/mapper/vg_root-lv--root: 1849838559232

1748468960
/dev/mapper/vg_root-lv--root: 1849838575616

1748468961
/dev/mapper/vg_root-lv--root: 1849838592000

1748468962
/dev/mapper/vg_root-lv--root: 1849838608384

1748468963
/dev/mapper/vg_root-lv--root: 1849838641152

1748468964
/dev/mapper/vg_root-lv--root: 1849838641152

1748468965
/dev/mapper/vg_root-lv--root: 1849838657536

1748468966
/dev/mapper/vg_root-lv--root: 1849838678016

1748468967
/dev/mapper/vg_root-lv--root: 1849838694400

1748468968
/dev/mapper/vg_root-lv--root: 1849838727168

1748468969
/dev/mapper/vg_root-lv--root: 1849838727168

1748468970
/dev/mapper/vg_root-lv--root: 1849838743552

1748468971
/dev/mapper/vg_root-lv--root: 1849838759936

1748468972
/dev/mapper/vg_root-lv--root: 1849838759936

1748468974
/dev/mapper/vg_root-lv--root: 1849838796800

1748468975
/dev/mapper/vg_root-lv--root: 1849838813184

1748468976
/dev/mapper/vg_root-lv--root: 1849838829568

1748468978
/dev/mapper/vg_root-lv--root: 1849838845952

1748468979
/dev/mapper/vg_root-lv--root: 1849838845952

1748468980
/dev/mapper/vg_root-lv--root: 1849838878720

1748468981
/dev/mapper/vg_root-lv--root: 1849838899200

1748468982
/dev/mapper/vg_root-lv--root: 1849838919680

1748468983
/dev/mapper/vg_root-lv--root: 1849838936064

1748468984
/dev/mapper/vg_root-lv--root: 1849838952448

1748468985
/dev/mapper/vg_root-lv--root: 1849838972928

1748468986
/dev/mapper/vg_root-lv--root: 1849838989312

1748468987
/dev/mapper/vg_root-lv--root: 1849839022080

1748468988
/dev/mapper/vg_root-lv--root: 1849839022080

1748468989
/dev/mapper/vg_root-lv--root: 1849839058944

1748468990
/dev/mapper/vg_root-lv--root: 1849839075328

1748468991
/dev/mapper/vg_root-lv--root: 1849839075328

1748468992
/dev/mapper/vg_root-lv--root: 1849839075328

1748468993
/dev/mapper/vg_root-lv--root: 1849839091712

1748468995
/dev/mapper/vg_root-lv--root: 1849839124480

1748468996
/dev/mapper/vg_root-lv--root: 1849839144960

1748468997
/dev/mapper/vg_root-lv--root: 1849839161344

1748468999
/dev/mapper/vg_root-lv--root: 1849839194112

1748469000
/dev/mapper/vg_root-lv--root: 1849839194112

1748469001
/dev/mapper/vg_root-lv--root: 1849839194112

1748469002
/dev/mapper/vg_root-lv--root: 1849839210496

1748469004
/dev/mapper/vg_root-lv--root: 1849839243264

1748469005
/dev/mapper/vg_root-lv--root: 1849839243264

1748469006
/dev/mapper/vg_root-lv--root: 1849839259648

1748469007
/dev/mapper/vg_root-lv--root: 1849839259648

1748469008
/dev/mapper/vg_root-lv--root: 1849839276032

1748469009
/dev/mapper/vg_root-lv--root: 1849839276032

1748469010
/dev/mapper/vg_root-lv--root: 1849839296512

1748469012
/dev/mapper/vg_root-lv--root: 1849839456256

1748469013
/dev/mapper/vg_root-lv--root: 1849839472640

1748469014
/dev/mapper/vg_root-lv--root: 1849839472640

1748469015
/dev/mapper/vg_root-lv--root: 1849839472640

1748469016
/dev/mapper/vg_root-lv--root: 1849839493120

1748469017
/dev/mapper/vg_root-lv--root: 1849839497216

1748469018
/dev/mapper/vg_root-lv--root: 1849839550464

1748469019
/dev/mapper/vg_root-lv--root: 1849839550464

1748469020
/dev/mapper/vg_root-lv--root: 1849839587328

1748469021
/dev/mapper/vg_root-lv--root: 1849839603712

1748469022
/dev/mapper/vg_root-lv--root: 1849839620096

1748469023
/dev/mapper/vg_root-lv--root: 1849839656960

1748469024
/dev/mapper/vg_root-lv--root: 1849839689728

1748469025
/dev/mapper/vg_root-lv--root: 1849839706112

1748469026
/dev/mapper/vg_root-lv--root: 1849839722496

1748469027
/dev/mapper/vg_root-lv--root: 1849839742976

1748469029
/dev/mapper/vg_root-lv--root: 1849839759360

1748469030
/dev/mapper/vg_root-lv--root: 1849839775744

1748469031
/dev/mapper/vg_root-lv--root: 1849839775744

1748469033
/dev/mapper/vg_root-lv--root: 1849839824896

1748469034
/dev/mapper/vg_root-lv--root: 1849839861760

1748469035
/dev/mapper/vg_root-lv--root: 1849839886336

1748469036
/dev/mapper/vg_root-lv--root: 1849839919104

1748469037
/dev/mapper/vg_root-lv--root: 1849839935488

1748469038
/dev/mapper/vg_root-lv--root: 1849839951872

1748469039
/dev/mapper/vg_root-lv--root: 1849839951872

1748469040
/dev/mapper/vg_root-lv--root: 1849839968256

1748469041
/dev/mapper/vg_root-lv--root: 1849839984640

1748469042
/dev/mapper/vg_root-lv--root: 1849840005120

1748469044
/dev/mapper/vg_root-lv--root: 1849840037888

1748469045
/dev/mapper/vg_root-lv--root: 1849840054272

1748469046
/dev/mapper/vg_root-lv--root: 1849840054272

1748469047
/dev/mapper/vg_root-lv--root: 1849840070656

1748469048
/dev/mapper/vg_root-lv--root: 1849840070656

1748469049
/dev/mapper/vg_root-lv--root: 1849840054272

1748469050
/dev/mapper/vg_root-lv--root: 1849840074752

1748469051
/dev/mapper/vg_root-lv--root: 1849840095232

1748469052
/dev/mapper/vg_root-lv--root: 1849840111616

1748469053
/dev/mapper/vg_root-lv--root: 1849840144384

1748469054
/dev/mapper/vg_root-lv--root: 1849840144384

1748469056
/dev/mapper/vg_root-lv--root: 1849840193536

1748469057
/dev/mapper/vg_root-lv--root: 1849840214016

1748469058
/dev/mapper/vg_root-lv--root: 1849840230400

1748469059
/dev/mapper/vg_root-lv--root: 1849840246784

1748469061
/dev/mapper/vg_root-lv--root: 1849840263168

1748469062
/dev/mapper/vg_root-lv--root: 1849840283648

1748469063
/dev/mapper/vg_root-lv--root: 1849840300032

1748469064
/dev/mapper/vg_root-lv--root: 1849840316416

1748469065
/dev/mapper/vg_root-lv--root: 1849840336896

1748469066
/dev/mapper/vg_root-lv--root: 1849840353280

1748469067
/dev/mapper/vg_root-lv--root: 1849840369664

1748469068
/dev/mapper/vg_root-lv--root: 1849840386048

1748469069
/dev/mapper/vg_root-lv--root: 1849840402432

1748469070
/dev/mapper/vg_root-lv--root: 1849840406528

1748469071
/dev/mapper/vg_root-lv--root: 1849840492544

1748469073
/dev/mapper/vg_root-lv--root: 1849840513024

1748469074
/dev/mapper/vg_root-lv--root: 1849840529408

1748469075
/dev/mapper/vg_root-lv--root: 1849840545792

1748469076
/dev/mapper/vg_root-lv--root: 1849840570368

1748469077
/dev/mapper/vg_root-lv--root: 1849840586752

1748469078
/dev/mapper/vg_root-lv--root: 1849840640000

1748469079
/dev/mapper/vg_root-lv--root: 1849840656384

1748469080
/dev/mapper/vg_root-lv--root: 1849840676864

1748469081
/dev/mapper/vg_root-lv--root: 1849840693248

1748469082
/dev/mapper/vg_root-lv--root: 1849840709632

1748469083
/dev/mapper/vg_root-lv--root: 1849840726016

1748469084
/dev/mapper/vg_root-lv--root: 1849840742400

1748469085
/dev/mapper/vg_root-lv--root: 1849840775168

1748469086
/dev/mapper/vg_root-lv--root: 1849840775168

1748469087
/dev/mapper/vg_root-lv--root: 1849840791552

1748469088
/dev/mapper/vg_root-lv--root: 1849840795648

1748469089
/dev/mapper/vg_root-lv--root: 1849840795648

1748469090
/dev/mapper/vg_root-lv--root: 1849840795648

1748469091
/dev/mapper/vg_root-lv--root: 1849840812032

1748469093
/dev/mapper/vg_root-lv--root: 1849840844800

1748469094
/dev/mapper/vg_root-lv--root: 1849840861184

1748469095
/dev/mapper/vg_root-lv--root: 1849840861184

1748469096
/dev/mapper/vg_root-lv--root: 1849840881664

1748469097
/dev/mapper/vg_root-lv--root: 1849840898048

1748469098
/dev/mapper/vg_root-lv--root: 1849840914432

1748469099
/dev/mapper/vg_root-lv--root: 1849840914432

1748469100
/dev/mapper/vg_root-lv--root: 1849840930816

1748469101
/dev/mapper/vg_root-lv--root: 1849840947200

1748469102
/dev/mapper/vg_root-lv--root: 1849840963584

1748469104
/dev/mapper/vg_root-lv--root: 1849840984064

1748469105
/dev/mapper/vg_root-lv--root: 1849841000448

1748469106
/dev/mapper/vg_root-lv--root: 1849841016832

1748469107
/dev/mapper/vg_root-lv--root: 1849841016832

1748469109
/dev/mapper/vg_root-lv--root: 1849841049600

1748469110
/dev/mapper/vg_root-lv--root: 1849841082368

1748469111
/dev/mapper/vg_root-lv--root: 1849841102848

1748469112
/dev/mapper/vg_root-lv--root: 1849841102848

1748469113
/dev/mapper/vg_root-lv--root: 1849841119232

1748469115
/dev/mapper/vg_root-lv--root: 1849841152000

1748469116
/dev/mapper/vg_root-lv--root: 1849841176576

1748469117
/dev/mapper/vg_root-lv--root: 1849841197056

1748469118
/dev/mapper/vg_root-lv--root: 1849841197056

1748469120
/dev/mapper/vg_root-lv--root: 1849841233920

1748469121
/dev/mapper/vg_root-lv--root: 1849841250304

1748469122
/dev/mapper/vg_root-lv--root: 1849841250304

1748469124
/dev/mapper/vg_root-lv--root: 1849841246208

1748469125
/dev/mapper/vg_root-lv--root: 1849841246208

1748469126
/dev/mapper/vg_root-lv--root: 1849841262592

1748469127
/dev/mapper/vg_root-lv--root: 1849841283072

1748469128
/dev/mapper/vg_root-lv--root: 1849841283072

1748469129
/dev/mapper/vg_root-lv--root: 1849841303552

1748469130
/dev/mapper/vg_root-lv--root: 1849841324032

1748469131
/dev/mapper/vg_root-lv--root: 1849841430528

1748469132
/dev/mapper/vg_root-lv--root: 1849841430528

1748469133
/dev/mapper/vg_root-lv--root: 1849841446912

1748469134
/dev/mapper/vg_root-lv--root: 1849841483776

1748469135
/dev/mapper/vg_root-lv--root: 1849841500160

1748469136
/dev/mapper/vg_root-lv--root: 1849841516544

1748469137
/dev/mapper/vg_root-lv--root: 1849841541120

1748469138
/dev/mapper/vg_root-lv--root: 1849841565696

1748469139
/dev/mapper/vg_root-lv--root: 1849841610752

1748469140
/dev/mapper/vg_root-lv--root: 1849841631232

1748469141
/dev/mapper/vg_root-lv--root: 1849841647616

1748469142
/dev/mapper/vg_root-lv--root: 1849841668096

1748469143
/dev/mapper/vg_root-lv--root: 1849841684480

1748469144
/dev/mapper/vg_root-lv--root: 1849841717248

1748469145
/dev/mapper/vg_root-lv--root: 1849841733632

1748469146
/dev/mapper/vg_root-lv--root: 1849841750016

1748469147
/dev/mapper/vg_root-lv--root: 1849841766400

1748469149
/dev/mapper/vg_root-lv--root: 1849841803264

1748469150
/dev/mapper/vg_root-lv--root: 1849841819648

1748469151
/dev/mapper/vg_root-lv--root: 1849841836032

1748469152
/dev/mapper/vg_root-lv--root: 1849841836032

1748469154
/dev/mapper/vg_root-lv--root: 1849841868800

1748469155
/dev/mapper/vg_root-lv--root: 1849841885184

1748469156
/dev/mapper/vg_root-lv--root: 1849841901568

1748469157
/dev/mapper/vg_root-lv--root: 1849841938432

1748469158
/dev/mapper/vg_root-lv--root: 1849841954816

1748469159
/dev/mapper/vg_root-lv--root: 1849841971200

1748469160
/dev/mapper/vg_root-lv--root: 1849841987584

1748469161
/dev/mapper/vg_root-lv--root: 1849842003968

1748469162
/dev/mapper/vg_root-lv--root: 1849842020352

1748469163
/dev/mapper/vg_root-lv--root: 1849842036736

1748469164
/dev/mapper/vg_root-lv--root: 1849842040832

1748469165
/dev/mapper/vg_root-lv--root: 1849842057216

1748469166
/dev/mapper/vg_root-lv--root: 1849842073600

1748469167
/dev/mapper/vg_root-lv--root: 1849842089984

1748469168
/dev/mapper/vg_root-lv--root: 1849842106368

1748469170
/dev/mapper/vg_root-lv--root: 1849842118656

1748469171
/dev/mapper/vg_root-lv--root: 1849842118656

1748469172
/dev/mapper/vg_root-lv--root: 1849842139136

1748469173
/dev/mapper/vg_root-lv--root: 1849842139136

1748469174
/dev/mapper/vg_root-lv--root: 1849842139136

1748469175
/dev/mapper/vg_root-lv--root: 1849842155520

1748469177
/dev/mapper/vg_root-lv--root: 1849842171904

1748469178
/dev/mapper/vg_root-lv--root: 1849842188288

1748469179
/dev/mapper/vg_root-lv--root: 1849842204672

1748469180
/dev/mapper/vg_root-lv--root: 1849842212864

1748469182
/dev/mapper/vg_root-lv--root: 1849842245632

1748469183
/dev/mapper/vg_root-lv--root: 1849842278400

1748469184
/dev/mapper/vg_root-lv--root: 1849842278400

1748469186
/dev/mapper/vg_root-lv--root: 1849842298880

1748469187
/dev/mapper/vg_root-lv--root: 1849842319360

1748469188
/dev/mapper/vg_root-lv--root: 1849842335744

1748469189
/dev/mapper/vg_root-lv--root: 1849842352128

1748469190
/dev/mapper/vg_root-lv--root: 1849842356224

1748469191
/dev/mapper/vg_root-lv--root: 1849842462720

1748469192
/dev/mapper/vg_root-lv--root: 1849842479104

1748469193
/dev/mapper/vg_root-lv--root: 1849842495488

1748469194
/dev/mapper/vg_root-lv--root: 1849842511872

1748469195
/dev/mapper/vg_root-lv--root: 1849842532352

1748469196
/dev/mapper/vg_root-lv--root: 1849842552832

1748469197
/dev/mapper/vg_root-lv--root: 1849842573312

1748469198
/dev/mapper/vg_root-lv--root: 1849842642944

1748469199
/dev/mapper/vg_root-lv--root: 1849842659328

1748469200
/dev/mapper/vg_root-lv--root: 1849842675712

1748469201
/dev/mapper/vg_root-lv--root: 1849842692096

1748469202
/dev/mapper/vg_root-lv--root: 1849842708480

1748469203
/dev/mapper/vg_root-lv--root: 1849842712576

1748469204
/dev/mapper/vg_root-lv--root: 1849842728960

1748469205
/dev/mapper/vg_root-lv--root: 1849842761728

1748469206
/dev/mapper/vg_root-lv--root: 1849842778112

1748469207
/dev/mapper/vg_root-lv--root: 1849842810880

1748469208
/dev/mapper/vg_root-lv--root: 1849842827264

1748469209
/dev/mapper/vg_root-lv--root: 1849842843648

1748469210
/dev/mapper/vg_root-lv--root: 1849842847744

1748469211
/dev/mapper/vg_root-lv--root: 1849842864128

1748469212
/dev/mapper/vg_root-lv--root: 1849842880512

1748469213
/dev/mapper/vg_root-lv--root: 1849842896896

1748469214
/dev/mapper/vg_root-lv--root: 1849842929664

1748469215
/dev/mapper/vg_root-lv--root: 1849842929664

1748469216
/dev/mapper/vg_root-lv--root: 1849842946048

1748469217
/dev/mapper/vg_root-lv--root: 1849842946048

1748469218
/dev/mapper/vg_root-lv--root: 1849842970624

1748469219
/dev/mapper/vg_root-lv--root: 1849842987008

1748469220
/dev/mapper/vg_root-lv--root: 1849843003392

1748469221
/dev/mapper/vg_root-lv--root: 1849843019776

1748469222
/dev/mapper/vg_root-lv--root: 1849843036160

1748469223
/dev/mapper/vg_root-lv--root: 1849843036160

1748469224
/dev/mapper/vg_root-lv--root: 1849843052544

1748469225
/dev/mapper/vg_root-lv--root: 1849843056640

1748469226
/dev/mapper/vg_root-lv--root: 1849843077120

1748469227
/dev/mapper/vg_root-lv--root: 1849843077120

1748469229
/dev/mapper/vg_root-lv--root: 1849843064832

1748469230
/dev/mapper/vg_root-lv--root: 1849843081216

1748469231
/dev/mapper/vg_root-lv--root: 1849843113984

1748469232
/dev/mapper/vg_root-lv--root: 1849843130368

1748469233
/dev/mapper/vg_root-lv--root: 1849843167232

1748469234
/dev/mapper/vg_root-lv--root: 1849843167232

1748469235
/dev/mapper/vg_root-lv--root: 1849843200000

1748469236
/dev/mapper/vg_root-lv--root: 1849843216384

1748469237
/dev/mapper/vg_root-lv--root: 1849843216384

1748469238
/dev/mapper/vg_root-lv--root: 1849843232768

1748469239
/dev/mapper/vg_root-lv--root: 1849843265536

1748469241
/dev/mapper/vg_root-lv--root: 1849843302400

1748469242
/dev/mapper/vg_root-lv--root: 1849843318784

1748469243
/dev/mapper/vg_root-lv--root: 1849843335168

1748469244
/dev/mapper/vg_root-lv--root: 1849843367936

1748469245
/dev/mapper/vg_root-lv--root: 1849843384320

1748469246
/dev/mapper/vg_root-lv--root: 1849843384320

1748469247
/dev/mapper/vg_root-lv--root: 1849843400704

1748469248
/dev/mapper/vg_root-lv--root: 1849843408896

1748469249
/dev/mapper/vg_root-lv--root: 1849843425280

1748469250
/dev/mapper/vg_root-lv--root: 1849843445760

1748469251
/dev/mapper/vg_root-lv--root: 1849843523584

1748469253
/dev/mapper/vg_root-lv--root: 1849843601408

1748469254
/dev/mapper/vg_root-lv--root: 1849843617792

1748469255
/dev/mapper/vg_root-lv--root: 1849843634176

1748469256
/dev/mapper/vg_root-lv--root: 1849843646464

1748469257
/dev/mapper/vg_root-lv--root: 1849843662848

1748469258
/dev/mapper/vg_root-lv--root: 1849843716096

1748469259
/dev/mapper/vg_root-lv--root: 1849843732480

1748469260
/dev/mapper/vg_root-lv--root: 1849843732480

1748469261
/dev/mapper/vg_root-lv--root: 1849843748864

1748469262
/dev/mapper/vg_root-lv--root: 1849843781632

1748469263
/dev/mapper/vg_root-lv--root: 1849843802112

1748469264
/dev/mapper/vg_root-lv--root: 1849843818496

1748469265
/dev/mapper/vg_root-lv--root: 1849843818496

1748469266
/dev/mapper/vg_root-lv--root: 1849843834880

1748469267
/dev/mapper/vg_root-lv--root: 1849843851264

1748469268
/dev/mapper/vg_root-lv--root: 1849843867648

1748469269
/dev/mapper/vg_root-lv--root: 1849843884032

