1748467843
0.08595651150011775 0.04270350890964754 0.000313996389041526

1748467844
0.04077287066246057 0.018454258675078865 0.0003943217665615142

1748467845
0.05309525682372375 0.02666561787147015 7.865963973885e-05

1748467846
0.05489315577578197 0.02647878600185816 0.0003096934035305048

1748467847
0.07887125771906511 0.03298678965059017 0.000156335495974361

1748467848
0.05232239367118352 0.024516331166288086 0.00015665387326701654

1748467849
0.03124522536287242 0.013368983957219251 7.639419404125286e-05

1748467850
0.03997875891367016 0.01934456076467911 0.0005310271582460932

1748467851
0.02128599837961258 0.010974442071149738 0.00014730794726375488

1748467852
0.02384914032168608 0.010062594089216385 0.00015846604864907694

1748467853
0.025025025025025027 0.009086009086009086 0.000693000693000693

1748467854
0.03172005299664874 0.013327098433481413 0.0007793624814901411

1748467855
0.04554094725170284 0.02209725962300016 0.0

1748467856
0.02088235294117647 0.009485294117647059 0.00014705882352941175

1748467857
0.021761332390604134 0.01233404038023411 0.00039280383376541755

1748467858
0.029874213836477988 0.018081761006289308 0.0002358490566037736

1748467859
0.0146306929914261 0.0075513254149296 0.0

1748467860
0.015650682484099194 0.007861073393839776 7.14643035803616e-05

1748467861
0.05571052223771889 0.01844103517743685 0.00023245002324500232

1748467862
0.03268476505421826 0.014842728601092056 0.0

1748467864
0.018711620901401924 0.009384775808133473 0.0003475842891901286

1748467865
0.03873129675810474 0.01371571072319202 0.00038965087281795513

1748467866
0.014105594956658786 0.006461780929866036 0.00015760441292356187

1748467867
0.06499768809036265 0.012880639408151134 0.00013210912213488342

1748467868
0.018016687587683673 0.00834379384183711 0.0009599054862290482

1748467869
0.01932139491046183 0.010131950989632422 7.854225573358467e-05

1748467870
0.034415023179068124 0.020507582305335115 0.000864304235090752

1748467871
0.021515508441303493 0.012249705535924617 0.0

1748467872
0.022467512134022233 0.009472365742915297 0.0

1748467873
0.01714554137634072 0.008690205903076802 0.0

1748467874
0.014096640300728326 0.006813376145352024 0.00015662933667475918

1748467875
0.041784480050267046 0.011702796104304115 0.00015708451146716933

1748467876
0.08840125391849529 0.012225705329153605 0.00015673981191222572

1748467877
0.027945205479452055 0.012211350293542074 7.827788649706458e-05

1748467878
0.05434015525758645 0.01278130635928801 0.0001568258448992394

1748467879
0.011896376301166158 0.008687485325193707 0.00015653126712060735

1748467880
0.006022682831443097 0.005240516229956981 7.821666014861165e-05

1748467881
0.010190483656031982 0.0070549502234067574 0.00015677667163126126

1748467882
0.016292002819769717 0.0094775593326545 0.0

1748467883
0.0075146771037182 0.003992172211350294 0.0

1748467884
0.05740798993394149 0.012739855300408933 0.00023592324630386914

1748467885
0.034726587052168446 0.010685103708359522 0.0007856693903205531

1748467886
0.04894720301697046 0.01257071024512885 0.00023570081709616594

1748467887
0.02021309934189909 0.0074428078972109055 0.00015669069257286117

1748467888
0.03019371029723159 0.009489451807701357 7.842522155125088e-05

1748467889
0.02305159165751921 0.012074643249176729 0.00031362709738121374

1748467890
0.011343190174450441 0.006571227411405773 0.0

1748467891
0.020294624666980097 0.011675286005328318 0.00039178812098417175

1748467892
0.0071998747847863516 0.003834715917984035 7.825950853028643e-05

1748467893
0.0028149190710767065 0.002345765892563922 0.0

1748467894
0.010256008768496047 0.006498081891489861 0.0005480310028967353

1748467895
0.01658193195150567 0.004380132968322252 7.821666014861165e-05

1748467896
0.015899122807017545 0.007675438596491228 0.0007832080200501253

1748467897
0.01126143739735669 0.0050832877140846175 0.00015640885274106515

1748467898
0.010415850888871486 0.006030229461978229 0.0

1748467899
0.015803473634798938 0.00680644656548271 0.0

1748467900
0.014705882352941176 0.005553817271589487 7.822277847309137e-05

1748467901
0.0061061531235321745 0.006497573195553468 0.0005479881008298106

1748467902
0.012288666249217282 0.007201001878522229 0.0007827175954915466

1748467903
0.018099192979706965 0.009872287079840163 7.835148476063621e-05

1748467904
0.011970894296220953 0.006650496831233863 0.00015648227838197323

1748467905
0.013365640143817414 0.0044552133812724715 0.0

1748467906
0.014312529328953542 0.004301579852964179 7.821054278116691e-05

1748467907
0.010004689698296076 0.0044552133812724715 7.81616382679381e-05

1748467908
0.005864414731409805 0.0034404566424270856 0.0

1748467909
0.009397760200485552 0.0058736001253034695 0.0005482026783616571

1748467910
0.011898238747553816 0.005870841487279843 7.827788649706458e-05

1748467911
0.011958730654994528 0.0037517586368610288 7.81616382679381e-05

1748467912
0.007430001564210855 0.005083685280775849 7.821054278116691e-05

1748467913
0.006488937534203737 0.0036744586037057306 0.0

1748467914
0.0064884302689180735 0.0036741713570981865 0.0

1748467915
0.007037847982483579 0.0029715358148264 0.0006255864873318737

1748467916
0.03322573025746004 0.015904259507125422 0.00023620187386819936

1748467917
0.020704258489530232 0.00799937259822759 7.842522155125088e-05

1748467918
0.00398686679174484 0.0026579111944965606 0.0

1748467919
0.005628077855076995 0.0028140389275384974 0.0

1748467920
0.0029689819517149775 0.0025783264317524807 0.0

1748467921
0.003910221318526629 0.0028153593493391725 0.0

1748467922
0.005311670051554445 0.0037494141540384317 0.00046867676925480396

1748467923
0.003440725680325305 0.002580544260243979 0.0

1748467924
0.005705353653771004 0.0035169988276670576 0.00015631105900742478

1748467925
0.0035200250312891115 0.002346683354192741 0.00015644555694618273

1748467926
0.003125 0.00203125 0.0

1748467927
0.02335423197492163 0.006269592476489028 7.836990595611286e-05

1748467928
0.03179463024022609 0.008714083843617522 7.85052598524101e-05

1748467929
0.0035189239912417894 0.0024241476384110104 7.819831091648421e-05

1748467930
0.00547259792041279 0.004690798217496677 0.0

1748467931
0.007742238210682725 0.006960193946977399 0.00015640885274106515

1748467932
0.009856070087609511 0.008760951188986232 7.822277847309137e-05

1748467933
0.0030492572322126663 0.00218921032056294 0.00039093041438623924

1748467934
0.002501172424574019 0.0022666875097702046 0.0

1748467935
0.0028149190710767065 0.0016420361247947454 0.0

1748467936
0.00906958561376075 0.004143862392494136 0.0001563721657544957

1748467937
0.005632921295571898 0.005711156313565952 0.0

1748467938
0.005784865540963102 0.0075046904315197 0.0

1748467939
0.003206883066093078 0.0018771998435666798 0.0

1748467940
0.003595997498436523 0.0025015634771732333 0.0

1748467941
0.004223039024008759 0.0022679283647454446 7.820442637053257e-05

1748467942
0.003752638573997342 0.0025799390196231727 7.817997029161128e-05

1748467943
0.004383561643835616 0.0037573385518591 0.00023483365949119374

1748467944
0.008206330597889801 0.0026572880031262213 0.0

1748467945
0.02728845548914753 0.012818496382510224 0.000550487574709028

1748467946
0.010940919037199124 0.003204126289465458 0.0

1748467947
0.009390406135065341 0.0028171218405196024 0.0

1748467948
0.0028944692169287334 0.0022686380348900886 0.00015645779550966127

1748467949
0.0031259768677711786 0.002188183807439825 0.0

1748467950
0.0030528375733855184 0.0021135029354207436 0.0003913894324853229

1748467951
0.004065358455163787 0.0028926589007896176 7.817997029161128e-05

1748467952
0.00297339593114241 0.0019561815336463224 0.0

1748467953
0.003675033231683478 0.0021893814997263274 0.0

1748467954
0.003443418375332603 0.0023477852559085927 0.0

1748467955
0.0035951543571707697 0.0023446658851113715 0.0004689331770222743

1748467956
0.00508567404741413 0.0025819575933025583 7.824113919098662e-05

1748467957
0.003911444887741531 0.002346866932644919 0.0

1748467958
0.003907471084713973 0.002188183807439825 0.00015629884338855892

1748467959
0.003753225428102275 0.0022675736961451248 0.0

1748467960
0.003992484734617191 0.002270236417723501 0.0004697040864255519

1748467961
0.003910833007430583 0.002190066484161126 7.821666014861165e-05

1748467962
0.003521402300649503 0.0021910947648485796 0.0

1748467963
0.003910527139058345 0.003128421711246676 0.00031284217112466763

1748467964
0.00328689935827203 0.0035999373923931758 0.0003130380341211457

1748467965
0.003363842603457717 0.0020339513416255963 7.822889775483064e-05

1748467966
0.003913894324853229 0.0023483365949119373 0.0

1748467967
0.007195932733672273 0.0021118498240125148 0.0

1748467968
0.006260760682422915 0.0025825637814994524 0.0

1748467969
0.003992172211350294 0.0020352250489236792 0.0

1748467970
0.00375 0.001953125 0.000390625

1748467971
0.003991859737006888 0.0021916092673763305 7.827175954915466e-05

1748467972
0.0057156279361102414 0.0024271844660194173 0.0

1748467973
0.0033622644460082883 0.0021893814997263274 0.0

1748467974
0.0022684605757196494 0.002816020025031289 0.0003911138923654568

1748467975
0.001641779376123837 0.001329059494957392 0.00031271988116644513

1748467976
0.0025033247281545804 0.0020339513416255963 7.822889775483064e-05

1748467977
0.0016428068528514432 0.0013298912618321208 0.0

1748467978
0.0026585346782391117 0.0018766127140511376 0.0

1748467979
0.0025799390196231727 0.00242357907903995 0.00015635994058322257

1748467980
0.0021861336664584633 0.0017957526545908807 0.00023422860712054967

1748467981
0.0025078369905956114 0.0018025078369905956 0.0

1748467982
0.0026601987324935453 0.0021907518973476254 0.0

1748467983
0.0022679283647454446 0.0017204973801517166 0.0

1748467984
0.005869003834415839 0.0032866421472728695 0.0008607872290476563

1748467985
0.0038356164383561643 0.0020352250489236792 0.0

1748467986
0.003753518923991242 0.002267751016578042 7.819831091648421e-05

1748467987
0.003675608039415031 0.0021115195120043795 0.0

1748467988
0.0036753206130747578 0.001954957772912105 0.0

1748467989
0.003520851263594398 0.002268993036538612 0.00046944683514591975

1748467990
0.0057871275514194105 0.004535856729490889 0.00015640885274106515

1748467991
0.008298105526851417 0.006184437137936433 7.828401440425865e-05

1748467992
0.008216605368182174 0.0036779090695672587 7.825338445887784e-05

1748467993
0.0032086398497417437 0.0017999686961965879 0.0

1748467994
0.0031291559101932253 0.0017992646483611047 7.822889775483064e-05

1748467995
0.003052598622417032 0.0058703819661865995 0.0003913587977457733

1748467996
0.007825338445887784 0.0021910947648485796 0.00046952030675326707

1748467997
0.009161381254404511 0.005872680291284942 0.0

1748467998
0.006417279699483487 0.006965096259195492 0.0

1748467999
0.004773082942097027 0.003677621283255086 0.0

1748468000
0.003439112083789276 0.002344849148038143 0.0

1748468001
0.002738225629791895 0.0016429353778751369 0.00031294007197621654

1748468002
0.015017598748533438 0.003910833007430583 0.0

1748468003
0.03796673988076561 0.006981487292124255 0.00015688735487919673

1748468004
0.0032815063676849754 0.002109539807797484 0.0

1748468005
0.002662073285311619 0.002505480739116818 0.0

1748468006
0.002968286205280425 0.0021871582565224186 0.0

1748468007
0.0030509270124383947 0.0018774935461159353 0.0

1748468008
0.0026591584545596746 0.0018770530267480056 0.0004692632566870014

1748468009
0.002971071149335418 0.002111024237685692 7.818608287724784e-05

1748468010
0.003128177054821303 0.0017987018065222491 7.820442637053257e-05

1748468011
0.0031269543464665416 0.0020325203252032522 0.0

1748468012
0.0026583268178264267 0.002111024237685692 0.0

1748468013
0.0028933375039099157 0.0017203628401626526 0.00031279324366593683

1748468014
0.0031291559101932253 0.0019557224438707657 0.0

1748468015
0.0026606150716018467 0.0017215744580953126 0.0

1748468016
0.0032827888072534 0.001719556041894638 7.81616382679381e-05

1748468017
0.00328484279680901 0.0021898951978726734 0.0

1748468018
0.002890173410404624 0.0021871582565224186 0.0003905639743790033

1748468019
0.002736726874657909 0.0018766127140511376 7.81921964187974e-05

1748468020
0.003207133917396746 0.002112015018773467 0.0

1748468021
0.0035943116111892483 0.001875293014533521 0.0

1748468022
0.003752638573997342 0.002110859197873505 0.0

1748468023
0.0035945924826131124 0.002031726185824803 0.00039071657419707746

1748468024
0.004146455953684869 0.002034110467845408 7.823501799405414e-05

1748468025
0.0035957164074103026 0.0020323614476666927 0.0

1748468026
0.0034383058529342814 0.005938891927795577 0.00015628662967883097

1748468027
0.0028155795401220087 0.001642421398404505 0.0

1748468028
0.0028155795401220087 0.001642421398404505 0.0003910527139058345

1748468029
0.0024241476384110104 0.0017203628401626526 0.0

1748468030
0.002578729389700711 0.0017191529264671407 0.00015628662967883097

1748468031
0.0025023459493274947 0.0017985611510791368 0.00015639662183296842

1748468032
0.0022673964034401876 0.0016419077404222048 0.0

1748468033
0.0023442994451824645 0.0015628662967883099 0.00039071657419707746

1748468034
0.0030499726284507703 0.001642292953781184 0.0

1748468035
0.0029675907848496683 0.001952362358453729 0.0

1748468036
0.0028153593493391725 0.0017204973801517166 7.820442637053257e-05

1748468037
0.0026568727045401266 0.002578729389700711 0.00039071657419707746

1748468038
0.0024247164646069613 0.0016425498631208446 7.821666014861165e-05

1748468039
0.002578729389700711 0.0017972962413065562 0.0

1748468040
0.0024250958303997498 0.0017992646483611047 0.0

1748468041
0.002578729389700711 0.0019535828709853873 0.00015628662967883097

1748468042
0.006192193133720019 0.009092334221664838 7.838219156607619e-05

1748468043
0.01791633780584057 0.020126282557221785 0.00047355958958168905

1748468044
0.06852652259332023 0.01005893909626719 0.0007072691552062868

1748468045
0.02824858757062147 0.006591337099811676 0.0010200878844946642

1748468046
0.00242074027799469 0.002030298297672966 0.0

1748468047
0.0021893814997263274 0.0020329971068887326 0.0

1748468048
0.0024226320725226633 0.0017192872772741482 0.0

1748468049
0.0023450324396154148 0.001954193699679512 7.81677479871805e-05

1748468050
0.004849812265331665 0.003989361702127659 0.0003911138923654568

1748468051
0.007266760431317393 0.006094702297233943 7.81372089388967e-05

1748468052
0.007425936058782147 0.003986555147346205 0.0

1748468053
0.002733307301835221 0.0018742678641155799 0.0

1748468054
0.0026589504965981075 0.0017204973801517166 0.0

1748468055
0.0029696780243826195 0.0019537355423569864 0.00046889653016567677

1748468056
0.009380129758461659 0.0037520519033846637 0.00023450324396154148

1748468057
0.007422454879287444 0.010782092350964919 7.813110399249941e-05

1748468058
0.005707137831287624 0.007114377296536628 0.0

1748468059
0.0017199593464154483 0.001876319286998671 0.0

1748468060
0.0021106941838649157 0.0016416510318949344 0.0

1748468061
0.002737583105201408 0.0018771998435666798 0.0005475166210402815

1748468062
0.002812280290602297 0.001796734630107023 0.0

1748468063
0.0031271988116644517 0.001876319286998671 0.0

1748468064
0.003045685279187817 0.0018742678641155799 0.0

1748468065
0.00226810574065384 0.0018770530267480056 0.0

1748468066
0.008130081300813009 0.0023452157598499064 0.0003908692933083177

1748468067
0.010394685423993747 0.002422821414615084 7.815552950371239e-05

1748468068
0.010235174623017424 0.003359637471677475 0.00015626220798499883

1748468069
0.010084427767354597 0.002892432770481551 0.0

1748468070
0.00937573247909993 0.003906555199624971 0.0

1748468071
0.011181484087888029 0.0017984205176323402 0.0005473453749315818

1748468072
0.010783777447839338 0.0021098695006642183 0.0

1748468073
0.010942629357511334 0.0022666875097702046 0.0002344849148038143

1748468074
0.011012183692596064 0.0020306154326772885 0.0

1748468075
0.011099820214179629 0.0023450324396154148 0.0

1748468076
0.010775357226516749 0.0025767158585148745 0.00046849379245724994

1748468077
0.008369837296620776 0.0038329161451814767 0.0

1748468078
0.010082851336564015 0.002501172424574019 7.81616382679381e-05

1748468079
0.009777082518576457 0.002190066484161126 0.0

1748468080
0.010086004691164973 0.00218921032056294 0.0

1748468081
0.008210822646230841 0.0043009071004066314 0.0005473881764153895

1748468082
0.010007818608287724 0.0023455824863174357 0.0

1748468083
0.010322984280910299 0.0023461327911159773 0.0

1748468084
0.009376465072667605 0.0028129395218002813 0.0

1748468085
0.008913910391742904 0.00390960982093987 7.81921964187974e-05

1748468086
0.010153870186674997 0.0018745606498476919 0.0005467468562055768

1748468087
0.010316529894490035 0.0019538882375928096 0.0

1748468088
0.010794743429286609 0.003363579474342929 0.0007040050062578222

1748468089
0.010551821166171644 0.002188525871502267 7.81616382679381e-05

1748468090
0.010936645574564486 0.0020310913209905476 0.0

1748468091
0.00899491591709034 0.004067266327727806 0.00039108330074305825

1748468092
0.010007036197326244 0.0022672191384567274 0.0

1748468093
0.01537496077816128 0.013335425164731723 0.0

1748468094
0.038712210443659203 0.009108755398508049 0.00023557126030624264

1748468095
0.009851446442533229 0.0017200938232994527 7.818608287724784e-05

1748468096
0.00969355847404628 0.0020325203252032522 0.0

1748468097
0.01001016657542817 0.0020333150856338468 0.0

1748468098
0.007591766455349456 0.0037567504108945763 0.0

1748468099
0.009388936702918394 0.003677333541976371 0.0003912056959549331

1748468100
0.0099366246772553 0.0021125107581566388 0.0

1748468101
0.016031907405959177 0.0026589504965981075 0.0

1748468102
0.015480844409695074 0.005003909304143862 0.0

1748468103
0.018072289156626505 0.002190580503833516 0.0

1748468104
0.020575809732436237 0.0033641057737443278 0.0007823501799405414

1748468105
0.017287234042553192 0.002581351689612015 7.822277847309137e-05

1748468106
0.014299109235818097 0.0021878418502891076 0.0001562744178777934

1748468107
0.011031137537161633 0.0025035205758097323 0.0003911750899702707

1748468108
0.01125615571015399 0.002892206675525678 0.00046900648792308296

1748468109
0.010644126164201299 0.0017218439383266807 0.0

1748468110
0.01581089542892924 0.010331872260488416 0.000234815278647464

1748468111
0.015805946791862285 0.006964006259780908 0.0005477308294209702

1748468112
0.01596618924630195 0.004539406746497613 0.000704390702042733

1748468113
0.013928012519561815 0.003208137715179969 0.00031298904538341156

1748468114
0.009942069829340849 0.005166744950681071 0.0006262721152340692

1748468115
0.010640794929974181 0.0025037164541115717 0.0003912056959549331

1748468116
0.015189476980895709 0.0029752583777012216 0.00015659254619480113

1748468117
0.015591945467366607 0.005876361357047716 0.0

1748468118
0.02494704636385032 0.013258021495253786 0.00015689966266572527

1748468119
0.010797277208356154 0.0035990924027853844 0.00023472341757295988

1748468120
0.009940513462742643 0.001878522229179712 0.0

1748468121
0.010553470919324577 0.0015634771732332708 0.0

1748468122
0.01659848961611076 0.013530522341095029 0.0

1748468123
0.025857978807528072 0.017634034477305077 0.00047445832674363435

1748468124
0.024673784104389085 0.01708185053380783 0.0

1748468125
0.0744522107908584 0.009974083091180398 7.853608733212911e-05

1748468126
0.08655964746616304 0.0062165564998426185 0.0

1748468127
0.07204089657884388 0.008100668501769564 0.0

1748468128
0.028414442700156986 0.00565149136577708 0.0003924646781789639

1748468129
0.012368874275872866 0.0029747925473618286 0.0006262721152340692

1748468130
0.010646625958979177 0.0032096445905746046 0.0001565680288085173

1748468131
0.010957188698442514 0.001408781404085466 0.0

1748468132
0.005086071987480438 0.0033646322378716744 0.0

1748468133
0.0033648955317317473 0.0009390406135065341 0.0

1748468134
0.0033654222430930577 0.0010174532362839477 0.0003130625342412147

1748468135
0.03929719978037493 0.005569064240332575 0.0

1748468136
0.015618868220704811 0.010752688172043012 0.0007848677497841614

1748468137
0.0026618648712127143 0.0010177718625225085 7.829014327096219e-05

1748468138
0.005557294927989981 0.002504696305572949 0.0006261740763932373

1748468139
0.0044566067240031275 0.002032838154808444 0.000547302580140735

1748468140
0.0038323165962771783 0.0011731581417175035 7.821054278116691e-05

1748468141
0.005402442843720639 0.002192295646727216 0.000548073911681804

1748468142
0.0021886969436410537 0.0008598452278589854 7.81677479871805e-05

1748468143
0.002505480739116818 0.0008612590040714062 0.0

1748468144
0.0025037164541115717 0.0007041702527188796 0.0

1748468145
0.0035999373923931758 0.0011738926279542964 0.0

1748468146
0.004690798217496677 0.001329059494957392 0.00023453991087483386

1748468147
0.003992797306819071 0.0010177718625225085 0.0

1748468148
0.0034404566424270856 0.0010946907498631637 0.0

1748468149
0.007434071523593396 0.002504108302684091 0.0007825338445887784

1748468150
0.0036758955107148443 0.0009385265133740028 0.0

1748468151
0.0028953752249784802 0.0010955473824242898 0.00023476015337663353

1748468152
0.005554686277577844 0.0014864653418870286 0.0

1748468153
0.004300570803033857 0.001172882946281961 0.0

1748468154
0.0040625 0.001328125 0.0003125

1748468155
0.003987802017358668 0.0012510751427007585 0.0

1748468156
0.0038302196513718438 0.0008598452278589854 7.81677479871805e-05

1748468157
0.0035194744251525107 0.0010949475989363367 0.0

1748468158
0.007900500625782228 0.002581351689612015 0.0

1748468159
0.017665070267723952 0.008400722305095391 0.00047106854047263875

1748468160
0.003285356695869837 0.0014080100125156445 7.822277847309137e-05

1748468161
0.002658118989914784 0.0011726995543741693 0.0

1748468162
0.0031289111389236545 0.002346683354192741 0.00046933667083854817

1748468163
0.0028926589007896176 0.001329059494957392 0.0

1748468164
0.0032076357377562197 0.001095290251916758 0.0003911750899702707

1748468165
0.0032822757111597373 0.0013285401688027509 0.0

1748468166
0.003518648838845883 0.0013292673391195559 0.0

1748468167
0.0034420715012125477 0.0015645779550966126 0.0002346866932644919

1748468168
0.005007041151619465 0.0024252855578156783 0.00046941010796432484

1748468169
0.006090894893018897 0.003435889426831173 0.0003904419803217242

1748468170
0.006954755020707979 0.004141595686489021 0.00031257325935766194

1748468171
0.008983673150535115 0.005624560581204594 7.81188969611749e-05

1748468172
0.009535719868688447 0.0035172737220572144 7.81616382679381e-05

1748468173
0.004142566828200719 0.0013287478505549476 7.81616382679381e-05

1748468174
0.004299226139294927 0.0014851872117564292 0.0

1748468175
0.004840724547158027 0.001717676452217364 0.00039038101186758274

1748468176
0.01368791552600704 0.0034415330465389126 0.00046929996089166995

1748468177
0.010076550538978284 0.00476488048742384 7.811279487580065e-05

1748468178
0.007737397420867527 0.007190308714341539 0.0

1748468179
0.004609375 0.003203125 0.0

1748468180
0.003982508199281587 0.0017179447134155865 0.0

1748468181
0.0047749510763209395 0.0019569471624266144 0.0004696673189823875

1748468182
0.00844343679149402 0.0030490188413728404 0.0008599796732077241

1748468183
0.004061865333541634 0.0014841431026402126 7.811279487580065e-05

1748468184
0.004690798217496677 0.001329059494957392 0.0

1748468185
0.0041399781284174346 0.0011716919231370099 0.0

1748468186
0.003673309886674482 0.0013286440015631107 0.0

1748468187
0.004607215367796345 0.0016398563173512415 0.0003904419803217242

1748468188
0.005002344849148038 0.001563232765358762 7.81616382679381e-05

1748468189
0.004685669660288949 0.0015618898867629833 0.0

1748468190
0.017843167944905307 0.0035999373923931758 0.0003130380341211457

1748468191
0.0037508791122919435 0.001094006407751817 0.0

1748468192
0.003362527369408821 0.0012511729746637473 0.0

1748468193
0.0035150757694110296 0.0026558350257772224 0.0003124511795032026

1748468194
0.003205378781956063 0.0011726995543741693 0.0

1748468195
0.003437231466291696 0.0012499023513787985 0.0005468322787282243

1748468196
0.0032825322391559202 0.0010941774130519735 0.0

1748468197
0.0032046271689854617 0.0013287478505549476 0.0

1748468198
0.003360162538094866 0.0014065796671094788 0.00023442994451824647

1748468199
0.003669295026934187 0.001171051604340698 0.0

1748468200
0.00390625 0.001484375 0.0003125

1748468201
0.0036753206130747578 0.0015639662183296842 0.0

1748468202
0.004374658229825795 0.0012499023513787985 0.0

1748468203
0.004294526430858124 0.0016397282736003748 0.0

1748468204
0.003595997498436523 0.0015634771732332708 0.0

1748468205
0.003829022427131359 0.0011721497225912322 0.00023442994451824647

1748468206
0.0035920662189598625 0.0011713259409651725 0.00015617679212868969

1748468207
0.003124023742580444 0.0011715089034676663 0.0

1748468208
0.0035957164074103026 0.0011725162198077074 0.0

1748468209
0.003908692933083177 0.0014853033145716074 0.00015634771732332708

1748468210
0.0025775208935405764 0.001327813793642115 0.00031242677497461533

1748468211
0.0032028747754081714 0.0013280212483399733 0.0

1748468212
0.0034401876465989054 0.001563721657544957 0.0

1748468213
0.00359375 0.001328125 0.0

1748468214
0.0035976849679336775 0.0011731581417175035 0.0

1748468215
0.003669581511555278 0.0014834478450968145 0.0003123048094940662

1748468216
0.003206883066093078 0.001329683222526398 0.0

1748468217
0.0034396497811131957 0.0012507817385866166 0.0

1748468218
0.0032825322391559202 0.001406799531066823 0.00015631105900742478

1748468219
0.003596559812353401 0.0013291634089132134 7.818608287724784e-05

1748468220
0.0035169988276670576 0.0012504884720593982 0.00039077764751856197

1748468221
0.0028140389275384974 0.0013288517157820684 0.0

1748468222
0.003125488357555868 0.0014064697609001407 0.0

1748468223
0.0031237797735259665 0.0012495119094103866 0.0

1748468224
0.005005474737994682 0.003988737681839512 0.0004692632566870014

1748468225
0.0030504497457958545 0.0014078998826750097 7.821666014861165e-05

1748468226
0.002501759049331561 0.0012508795246657805 0.0

1748468227
0.0029717682020802376 0.0013294752482990537 0.0

1748468228
0.0023441162681669013 0.0012501953430223472 0.0001562744178777934

1748468229
0.0021916092673763305 0.0008609893550407013 0.0

1748468230
0.005084878354063991 0.003911444887741531 0.00039114448877415316

1748468231
0.007348917207411461 0.005238058009537957 7.817997029161128e-05

1748468232
0.0073523660539694955 0.0030504497457958545 0.0

1748468233
0.0031271988116644517 0.0012508795246657805 0.0

1748468234
0.002504108302684091 0.001017293997965412 7.825338445887784e-05

1748468235
0.002659366445052796 0.0014078998826750097 0.00039108330074305825

1748468236
0.00835806905171067 0.0035150757694110296 7.811279487580065e-05

1748468237
0.0062602707567102275 0.005477736912121449 0.0

1748468238
0.005319148936170213 0.005632040050062578 0.0

1748468239
0.0022695257473783065 0.0010956331194240101 7.825950853028643e-05

1748468240
0.00172090112640801 0.000860450563204005 0.0

1748468241
0.0022673964034401876 0.0013291634089132134 0.0003127443315089914

1748468242
0.0030504497457958545 0.0012514665623777864 0.0

1748468243
0.0029685180845246467 0.0011717834544176236 0.0

1748468244
0.002424526826216174 0.0011731581417175035 0.0

1748468245
0.0021878418502891076 0.0014064697609001407 7.81372089388967e-05

1748468246
0.002189552705661558 0.0011729746637472631 0.00031279324366593683

1748468247
0.0022673964034401876 0.0011727912431587178 0.0

1748468248
0.00218921032056294 0.00109460516028147 0.0

1748468249
0.002112676056338028 0.0009389671361502347 0.0

1748468250
0.00234815278647464 0.00117407639323732 7.827175954915466e-05

1748468251
0.002580544260243979 0.0011729746637472631 0.00031279324366593683

1748468252
0.0029703744235128585 0.0010943484718205269 0.000156335495974361

1748468253
0.002974559686888454 0.0011741682974559687 0.0

1748468254
0.0029722330856472427 0.0012514665623777864 0.0

1748468255
0.00242357907903995 0.00242357907903995 0.0006254397623328903

1748468256
0.0025825637814994524 0.0008608545938331507 7.825950853028643e-05

1748468257
0.0031279324366593683 0.0012511729746637473 0.0

1748468258
0.003207133917396746 0.0009386733416770963 0.0

1748468259
0.0032061307475758525 0.0011729746637472631 0.0

1748468260
0.002581553625909411 0.001095204568567629 0.0

1748468261
0.0025799390196231727 0.0014072394652490032 0.00039089985145805646

1748468262
0.002583170254403131 0.0011741682974559687 7.827788649706458e-05

1748468263
0.002893111267495504 0.0009383063570255688 0.0

1748468264
0.002425475314920585 0.0009388936702918395 0.0

1748468265
0.002502150285401517 0.0010946907498631637 0.0

1748468266
0.003128177054821303 0.0010166575428169234 0.0003128177054821303

1748468267
0.0029717682020802376 0.0010166575428169234 0.0

1748468268
0.003677333541976371 0.0012518582270557859 0.00015648227838197323

1748468269
0.005247493734335839 0.001958020050125313 0.0003132832080200501

1748468270
0.003048542171500039 0.0010161807238333463 0.0

1748468271
0.002581351689612015 0.0007822277847309136 0.0

1748468272
0.0025817555938037868 0.0008605851979345956 0.0

1748468273
0.0018769062328927817 0.0008602486900758583 0.0

1748468274
0.0019543464665415884 0.0008599124452782989 0.0003908692933083177

1748468275
0.003287156609532754 0.000704390702042733 0.0

1748468276
0.0031318509238960224 0.0009395552771688068 7.829627309740057e-05

1748468277
0.002113833868315979 0.0009394817192515463 0.0

1748468278
0.0014857679074132 0.0007819831091648421 0.0

1748468279
0.0013295792272798373 0.000782105427811669 0.0004692632566870014

1748468280
0.00187866927592955 0.0007045009784735812 0.0

1748468281
0.0017995462013926922 0.0014083405054377593 0.00046944683514591975

1748468282
0.0019560284797746656 0.0008606525311008528 0.0

1748468283
0.0021136683889149835 0.0010176921872553624 0.0

1748468284
0.0017988424839668388 0.0006256843422493353 0.0005474737994681684

1748468285
0.0016426783479349186 0.0007040050062578222 0.0

1748468286
0.0022695257473783065 0.0012521521364845828 0.00015651901706057285

1748468287
0.0026608232900297386 0.0013304116450148693 0.0002347785255908593

1748468288
0.0022673964034401876 0.0006254886630179827 0.0

1748468289
0.0021910947648485796 0.0008607872290476563 0.0003130135378355114

1748468290
0.004923413566739606 0.00289152860268834 0.0

1748468291
0.007126634818701543 0.004933824105254914 0.00015662933667475918

1748468292
0.007737397420867527 0.0027354435326299334 0.0

1748468293
0.0028962818003913896 0.0007045009784735812 0.0

1748468294
0.002424526826216174 0.0009385265133740028 0.0003910527139058345

1748468295
0.00226881552182757 0.0007041151619464872 0.0

1748468296
0.007347768310794966 0.0015633549597436098 0.00023450324396154148

1748468297
0.007048320150364163 0.004463936095230637 7.831466833737959e-05

1748468298
0.005553817271589487 0.006179599499374217 0.0

1748468299
0.0028131593342189576 0.0017191529264671407 0.0

1748468300
0.0028953752249784802 0.001017293997965412 0.0

1748468301
0.0027397260273972603 0.0010176125244618396 0.0003913894324853229

1748468302
0.003435889426831173 0.0010932375449008277 0.00015617679212868969

1748468303
0.0030511657017681113 0.0009388202159286497 0.0

1748468304
0.00273715492296864 0.0008602486900758583 0.0

1748468305
0.0029675907848496683 0.0008590394377196407 0.0

1748468306
0.0035197497066875244 0.001095033242080563 0.0003128666405944466

1748468307
0.0028146989835809225 0.0011727912431587178 0.0003127443315089914

1748468308
0.003125488357555868 0.0014846069698390373 0.0

1748468309
0.002892206675525678 0.0009380129758461659 0.0

1748468310
0.002735229759299781 0.0008596436386370741 0.0

1748468311
0.0028942428035043806 0.001095118898623279 0.0003911138923654568

1748468312
0.003596559812353401 0.0012509773260359655 0.0

1748468313
0.003204126289465458 0.0016411378555798686 0.00031259768677711783

1748468314
0.002422064223767482 0.0010938354558949917 0.0

1748468315
0.002736512900703675 0.0011727912431587178 0.0

1748468316
0.0025783264317524807 0.0010157043519024925 0.00031252441596999766

1748468317
0.0031262211801484957 0.0010941774130519735 0.0

1748468318
0.0035943116111892483 0.0010939209251445538 0.0001562744178777934

1748468319
0.004144834597638226 0.0009384531164463908 0.0

1748468320
0.004456955195871452 0.0010946907498631637 0.0

1748468321
0.003359637471677475 0.0012500976638799906 0.00039065551996249706

1748468322
0.003127687856751896 0.001172882946281961 0.0

1748468323
0.00359375 0.001640625 0.0

1748468324
0.0038293216630196935 0.001172241325414192 7.814942169427946e-05

1748468325
0.004298218193185371 0.0009377930603313535 0.0

1748468326
0.003902591320636903 0.001404932875429285 0.0003902591320636903

1748468327
0.0036744586037057306 0.0012508795246657805 0.0

1748468328
0.0033622644460082883 0.00211118930330753 0.000390960982093987

1748468329
0.0070268582136164895 0.0028888194878201124 0.00023422860712054967

1748468330
0.003673022819631135 0.0013285401688027509 0.0

1748468331
0.0037491212996953838 0.0014059204873857689 0.00015621338748730767

1748468332
0.00398686679174484 0.0014853033145716074 0.0

1748468333
0.004061230865354577 0.0016401124648547328 0.00015620118712902218

1748468334
0.003825733916302311 0.0017957526545908807 0.0003123048094940662

1748468335
0.0036758955107148443 0.0012513686844986705 0.0

1748468336
0.003360162538094866 0.0012502930374306478 0.0

1748468337
0.0032018742678641154 0.0014837953924248342 0.0

1748468338
0.003518648838845883 0.0013292673391195559 0.0

1748468339
0.002890399187563472 0.0012499023513787985 0.00046871338176704945

1748468340
0.002733947820653023 0.0010935791282612093 0.0

1748468341
0.002578729389700711 0.0014065796671094788 0.0

1748468342
0.0029689819517149775 0.00132822876787249 0.00015626220798499883

1748468343
0.0025797373358348967 0.0015634771732332708 0.0

1748468344
0.0030433086227077645 0.0015606710885680843 0.00031213421771361687

1748468345
0.003128421711246676 0.0013295792272798373 0.0

1748468346
0.003043071161048689 0.0016385767790262173 0.00015605493133583021

1748468347
0.0030506883604505632 0.0014080100125156445 0.0

1748468348
0.0027345886397374796 0.0014063598718649895 0.0

1748468349
0.0023470505398216243 0.0013299953058989204 0.00031294007197621654

1748468350
0.005469177279474959 0.0035158996796624737 0.0

1748468351
0.007191994996873046 0.005550343964978111 0.00015634771732332708

1748468352
0.007822889775483063 0.0032856137057028865 7.822889775483064e-05

1748468353
0.0031271988116644517 0.001329059494957392 0.0

1748468354
0.0032036255664947646 0.0019534302234724176 0.0006250976715111736

1748468355
0.004224360478760855 0.0014081201595869514 0.0

1748468356
0.0096146330024232 0.003361213163448761 7.81677479871805e-05

1748468357
0.0069542115955618065 0.005625879043600563 7.81372089388967e-05

1748468358
0.005635566687539136 0.006026925485284909 0.0

1748468359
0.0033620015637216573 0.0024237685691946833 0.0001563721657544957

1748468360
0.00328125 0.00109375 0.0

1748468361
0.0035191991866739655 0.0013294752482990537 0.0003128177054821303

1748468362
0.003360425132854017 0.0013285401688027509 7.814942169427946e-05

1748468363
0.0028151391929934315 0.001094776352830779 0.0

1748468364
0.0033606877686596327 0.001406799531066823 0.0

1748468365
0.003128421711246676 0.0011731581417175035 0.0

1748468366
0.0026583268178264267 0.0011727912431587178 0.0003127443315089914

1748468367
0.003675033231683478 0.0013292673391195559 0.0

1748468368
0.0031257325935766197 0.0011721497225912322 7.814331483941548e-05

1748468369
0.0027373689973408414 0.0013295792272798373 0.0

1748468370
0.0028138189776457712 0.0011724245740190715 0.0

1748468371
0.0032830454154615806 0.001250683967794888 0.00023450324396154148

1748468372
0.003048542171500039 0.001250683967794888 0.0

1748468373
0.0032843290584923367 0.0012511729746637473 0.0

1748468374
0.003128421711246676 0.0012513686844986705 0.00015642108556233381

1748468375
0.0031247558784469965 0.0014061401453011485 0.0

1748468376
0.0024243372174865096 0.0013294752482990537 0.0003128177054821303

1748468377
0.0026572880031262213 0.0009378663540445487 0.0

1748468378
0.0021866458414681765 0.0011714174150722373 0.0

1748468379
0.0018776404318572994 0.001017055233922704 0.00015647003598810827

1748468380
0.0021103642332343285 0.0010942629357511334 0.0

1748468381
0.0022679283647454446 0.0011730663955579887 0.0003128177054821303

1748468382
0.0020325203252032522 0.0010944340212632896 0.0

1748468383
0.002188525871502267 0.000859778020947319 0.0

1748468384
0.0022668646916282342 0.001250683967794888 0.000156335495974361

1748468385
0.0028935637757097053 0.0009384531164463908 0.00015640885274106515

1748468386
0.0028933375039099157 0.001094776352830779 0.00031279324366593683

1748468387
0.003125 0.00125 0.0

1748468388
0.0030506883604505632 0.001095118898623279 0.0

1748468389
0.003046875 0.00234375 0.000390625

1748468390
0.003206883066093078 0.002033633163863903 7.821666014861165e-05

1748468391
0.002892206675525678 0.0013288517157820684 0.000312670991948722

1748468392
0.002733947820653023 0.0009373535385096079 0.0

1748468393
0.002580140734949179 0.0011727912431587178 0.0

1748468394
0.0025005860748612955 0.001094006407751817 0.0

1748468395
0.002972698114683564 0.001095204568567629 0.0

1748468396
0.003047589278737204 0.0014847229819488943 0.00031257325935766194

1748468397
0.0030506883604505632 0.001095118898623279 0.0

1748468398
0.003285356695869837 0.0011733416770963706 0.0

1748468399
0.0032802249297094657 0.0010934083099031554 0.00015620118712902218

1748468400
0.0035197497066875244 0.001095033242080563 0.0

1748468401
0.004066948224620679 0.0012513686844986705 0.0003910527139058345

1748468402
0.0034385745545482964 0.001172241325414192 0.00015629884338855892

1748468403
0.002344849148038143 0.0009379396592152572 0.0

1748468404
0.005632040050062578 0.002112015018773467 0.00031289111389236547

1748468405
0.003596559812353401 0.0011727912431587178 0.0

1748468406
0.003361213163448761 0.0010161807238333463 0.0

1748468407
0.0027348023128613845 0.0012501953430223472 0.0

1748468408
0.002582765907490021 0.0008609219691633404 7.826563356030368e-05

1748468409
0.0028107432854465957 0.0011711430356027483 0.0003123048094940662

1748468410
0.005163107251818822 0.0035203003989673787 0.0

1748468411
0.007268464243845252 0.005627198124267292 0.00015631105900742478

1748468412
0.007583457118286295 0.0028144789304980064 0.00031271988116644513

1748468413
0.002581351689612015 0.001095118898623279 0.0

1748468414
0.002031726185824803 0.0013284363522700633 7.814331483941548e-05

1748468415
0.0010168961201501877 0.0009386733416770963 7.822277847309137e-05

1748468416
0.008062622309197652 0.0038356164383561643 0.0003913894324853229

1748468417
0.005325814536340852 0.0045426065162907266 0.0

1748468418
0.004460791986226327 0.005869463139771482 0.0

1748468419
0.0017998278425541904 0.0006260270756710228 0.0

1748468420
0.003284585907562368 0.0007820442637053258 0.0

1748468421
0.00226881552182757 0.0014082303238929744 0.000547645125958379

1748468422
0.0025043042729691657 0.0007043355767725779 0.0

1748468423
0.0021125107581566388 0.0007041702527188796 0.0

1748468424
0.002973628609437358 0.0007825338445887784 0.0

1748468425
0.0024266144814090018 0.0007045009784735812 0.0

1748468426
0.0023459493274945262 0.0007819831091648421 0.00039099155458242104

1748468427
0.0018764659890539485 0.0007818608287724785 0.0

1748468428
0.0023485204321277596 0.0006262721152340692 0.0

1748468429
0.0021907518973476254 0.0006259291135278929 7.824113919098662e-05

1748468430
0.002580947911778508 0.0006256843422493353 0.0

1748468431
0.0025037164541115717 0.0007041702527188796 0.00031296455676394646

1748468432
0.0021893814997263274 0.000781921964187974 0.0

1748468433
0.0021135029354207436 0.0008610567514677103 0.0

1748468434
0.0022673964034401876 0.0007036747458952306 0.0

1748468435
0.0025048923679060666 0.0008610567514677103 0.0

1748468436
0.0021115195120043795 0.0006256354109642606 0.0003128177054821303

1748468437
0.002112676056338028 0.0007042253521126761 0.0

1748468438
0.0026610315410503247 0.000704390702042733 7.826563356030368e-05

1748468439
0.0025803424818203143 0.0012510751427007585 0.0

1748468440
0.002112676056338028 0.0005477308294209702 0.0

1748468441
0.002892206675525678 0.0007816774798718049 0.00039083873993590244

1748468442
0.002189039168165116 0.0007036197326245016 0.0

1748468443
0.0020349064725678954 0.000704390702042733 0.0

1748468444
0.0026606150716018467 0.0005477736912121449 0.0

1748468445
0.0033620015637216573 0.0007818608287724785 0.0

1748468446
0.0030504497457958545 0.0008603832616347281 0.00023464998044583498

1748468447
0.011057956238726374 0.031762214728256605 0.0003921261077562544

1748468448
0.06765261170547514 0.030994336060415354 7.866582756450598e-05

1748468449
0.10675961463147177 0.0031330774653403307 0.0

1748468450
0.11276429130775255 0.0025058731401722788 0.0

1748468451
0.11181434599156118 0.0014846069698390373 0.0003125488357555868

1748468452
0.08644878125244926 0.0047025628967787446 0.00031350419311858296

1748468453
0.0630149886212038 0.0061210076120222865 0.0

1748468454
0.052652259332023575 0.00888015717092338 0.0

1748468455
0.05278477029578351 0.010462555066079295 0.0

1748468456
0.08563579277864992 0.006357927786499215 0.00023547880690737833

1748468457
0.09913016221299271 0.0038398244651673065 7.836376459525116e-05

1748468458
0.08974860991463701 0.0047771947685801555 0.0

1748468459
0.06282804543674109 0.003995299647473561 0.0

1748468460
0.05262333594361786 0.004620203602192639 0.00015661707126076742

1748468461
0.05665256229431124 0.004936530324400564 0.00023507287259050304

1748468462
0.04852386934673367 0.007380653266331658 0.0

1748468463
0.06042272334407166 0.007543018778973835 0.0

1748468464
0.06691216798558333 0.004622737600877537 0.0007051633628457259

1748468465
0.05530279259491685 0.005098839033573894 0.0

1748468466
0.058874187739763564 0.003992797306819071 0.0

1748468467
0.04248288883644088 0.010699394225473998 0.0003146880654551176

1748468468
0.031267099194872194 0.0018760259516923318 0.0

1748468469
0.0343826046000471 0.00730041604521548 0.0003924954863019075

1748468470
0.06310412573673871 0.009744597249508841 0.0

1748468471
0.06854585427135679 0.011699120603015076 0.0

1748468472
0.09985108550826867 0.006661964103769888 0.0

1748468473
0.05684045472363779 0.00431203449627597 0.0

1748468474
0.09673623097442335 0.0040797112819708145 0.00023536795857523928

1748468475
0.034671675667214526 0.0023479690068091102 0.0

1748468476
0.09415177171527124 0.0070555032925682035 7.839448102853559e-05

1748468477
0.12719573400250941 0.007136135508155584 0.0

1748468478
0.0866030952008754 0.008128810379865563 0.0

1748468479
0.05401174168297456 0.006966731898238748 0.0

1748468480
0.07848837209302326 0.004478315524827153 0.0

1748468481
0.04164374950891805 0.008878761687750451 0.00023571933684293236

1748468482
0.038894975739552355 0.0029738613241508845 0.00015651901706057285

1748468483
0.03329938102327039 0.004387683146595628 0.0

1748468484
0.031968503937007876 0.011496062992125983 0.0

1748468485
0.026189539913488005 0.008257963035784506 0.0

1748468486
0.03388761919773032 0.011978879344313973 0.00015761683347781543

1748468487
0.04587948778380077 0.007777515908555267 0.0

1748468488
0.020007877116975187 0.01157936195352501 0.0

1748468489
0.02507861635220126 0.010062893081761006 0.0

1748468490
0.03139717425431711 0.00565149136577708 0.0

1748468491
0.02373654012418455 0.0074667924231706356 0.0002357934449422306

1748468492
0.07422518634758729 0.006276971361318164 0.0

1748468493
0.034724409448818896 0.013070866141732284 0.0006299212598425197

1748468494
0.031448513842051606 0.006352442945651322 0.0

1748468495
0.0466959660963742 0.006906294145346099 0.0

1748468496
0.05414963847846589 0.00817353033637221 0.00023577491354919838

1748468497
0.04390435123480988 0.0037632301058408467 0.0

1748468498
0.02519425476807158 0.008162624597755278 0.00015697354995683227

1748468499
0.03041735439754775 0.007309596793209149 0.0

1748468500
0.02011787819253438 0.007308447937131631 0.0

1748468501
0.017615602390688895 0.008886442277445738 0.00023592324630386914

1748468502
0.022532778519274554 0.00800816518803486 0.0

1748468503
0.02092511013215859 0.008731906859660164 0.0

1748468504
0.016598166297818528 0.014226999683844452 0.00015807777426493836

1748468505
0.0216979643364368 0.01301877860186208 0.0

1748468506
0.025240574223063576 0.014986590944943997 0.000236630383341221

1748468507
0.029553536151718688 0.017305412880284473 0.0

1748468508
0.023054983362383142 0.027729361432419584 0.0

1748468509
0.020801905518062724 0.07542675664946408 0.00031758634378721714

1748468510
0.04884359074872599 0.00901607212857703 0.0

1748468511
0.031623662680931405 0.008338577721837635 0.0

1748468512
0.026943984873552353 0.012053887969747105 0.0

1748468513
0.03189729857446641 0.009923604000945106 0.0

1748468514
0.02072171446580523 0.011030570438071227 0.0001575795776867318

1748468515
0.02090235052847452 0.012147026344849345 0.0003155071777882947

1748468516
0.02186266771902131 0.013970007892659826 0.0

1748468517
0.02630128356563509 0.011969446413103393 0.0

1748468518
0.00914419695193435 0.0009378663540445487 0.0

1748468519
0.009143482338230697 0.0007033447952485152 0.0

1748468520
0.009383797309978105 0.0007819831091648421 0.00015639662183296842

1748468521
0.009221631759924976 0.0013285401688027509 0.0

1748468522
0.00930559899906162 0.0014857679074132 0.0

1748468523
0.008671197562690415 0.0018748535270681978 0.0001562377939223498

1748468524
0.009304143862392493 0.001485535574667709 0.0003127443315089914

1748468525
0.00937207122774133 0.000859106529209622 0.0

1748468526
0.006960193946977399 0.0029717682020802376 0.0002346132791115977

1748468527
0.003986243551664843 0.005080506487415976 7.81616382679381e-05

1748468528
0.0030504497457958545 0.0011732499022291747 7.821666014861165e-05

1748468529
0.0065655776145068 0.004142566828200719 0.0001563232765358762

1748468530
0.004694468351459197 0.003286127846021438 7.824113919098662e-05

1748468531
0.008051278042679591 0.006644258578910342 0.00039083873993590244

1748468532
0.006646336695597779 0.002736726874657909 0.0

1748468533
0.0021050990176204585 0.0008576329331046312 0.0

1748468534
0.0046252743806836 0.00047036688617121356 7.839448102853559e-05

1748468535
0.012312759783546389 0.014665516430083915 0.0

1748468536
0.022608281770585437 0.09781056639695383 0.00039663652229097253

1748468537
0.03348638378720709 0.06420202659911337 0.0

1748468538
0.07715249980378307 0.011459069146848756 0.0

1748468539
0.051770259638080254 0.00991345397324941 0.0003147128245476003

1748468540
0.04516434145187988 0.00977378418853945 0.0

1748468541
0.05993244835441049 0.007697745660199513 0.00015709685020815333

1748468542
0.06463252019766257 0.006588752058985018 7.84375245117264e-05

1748468543
0.06297724946862945 0.0065338896323703065 0.0

1748468544
0.07750903094078844 0.0060468038322600915 0.0

1748468545
0.07830188679245283 0.006210691823899371 0.0

1748468546
0.0718779490405788 0.006369927650204467 0.00023592324630386914

1748468547
0.07904455095466331 0.006678714543883083 0.0

1748468548
0.07325892155321491 0.006838547398207829 0.0

1748468549
0.07541241162608013 0.007148468185388846 7.855459544383346e-05

1748468550
0.07390553899262514 0.006276478895339714 0.0

1748468551
0.0929047432379459 0.006428851430811447 0.00023520188161505292

1748468552
0.10644983895042816 0.0065991044072590144 0.0

1748468553
0.06454652532391049 0.004397330192383196 0.0

1748468554
0.02664465927847206 0.006916607718305431 0.0

1748468555
0.03916325888644228 0.00817867253853413 0.00023592324630386914

1748468556
0.060579869568633614 0.006128702757916241 0.00023571933684293236

1748468557
0.02215413622436955 0.005420692905962762 7.85607667530835e-05

1748468558
0.0358211305306251 0.00803023145961266 0.0

1748468559
0.023657942309203803 0.006287825198459483 0.0

1748468560
0.02720605630470783 0.007412664616355177 0.0

1748468561
0.04434310873496344 0.007705008255365988 0.00023586759965406085

1748468562
0.029012781306359287 0.006194620873519956 0.0

1748468563
0.03262835128547842 0.006918782923185785 0.0

1748468564
0.01689720213769255 0.00534423137378183 0.0

1748468565
0.027712356727900768 0.004082273512325325 0.0

1748468566
0.06320665829145729 0.005653266331658292 0.00023555276381909547

1748468567
0.05195315570227148 0.008488564017920301 0.0

1748468568
0.016919807979853624 0.007240103879751318 0.0

1748468569
0.023998741049649854 0.0077897552915256905 7.868439688409789e-05

1748468570
0.018168947616800376 0.006134969325153374 0.00023596035865974517

1748468571
0.014463134727244144 0.007310171356704921 0.00023581197924854583

1748468572
0.015428211586901764 0.006297229219143577 0.0

1748468573
0.016595878559068744 0.006213622778039956 0.0

1748468574
0.014549744396382226 0.006527723161620134 0.0

1748468575
0.015407593742630296 0.0065246442889709926 0.0

1748468576
0.01447792902667401 0.007475017703989299 0.00023605319065229366

1748468577
0.02500393143576034 0.008098757666299732 0.0

1748468578
0.06639918181102981 0.007552513570922822 0.0

1748468579
0.024777786517737748 0.0075513254149296 0.0

1748468580
0.014947683109118086 0.006923137440012587 7.86720163637794e-05

1748468581
0.015183699158209425 0.007316497521831484 0.0002360160490913382

1748468582
0.014544025157232705 0.00699685534591195 0.0

1748468583
0.06131593428189608 0.006367423944658439 0.0

1748468584
0.02014320560232906 0.009284758832323551 0.00031473758753639155

1748468585
0.07258317639673571 0.007140615191462649 7.846829880728186e-05

1748468586
0.09491232208854289 0.005425807973578675 0.0

1748468587
0.03692356037394925 0.006756225940765182 0.0

1748468588
0.029330817016591963 0.0069198710387670045 0.0

1748468589
0.02290977798771847 0.006062037474413478 0.000314911037631869

1748468590
0.018148962916404776 0.009663733500942804 0.0

1748468591
0.019985836808560864 0.010386340388700921 7.868439688409789e-05

1748468592
0.022738001573564124 0.008418568056648309 0.0

1748468593
0.03293248447693154 0.006995205533286175 0.0

1748468594
0.03199685534591195 0.007625786163522013 0.0002358490566037736

1748468595
0.03421694328639975 0.006922048297018799 0.0001573192794777

1748468596
0.05306668766238879 0.009684276828596173 7.873395795606645e-05

1748468597
0.028854469691013445 0.0112430222501769 0.0

1748468598
0.029023124115148655 0.010460909233915369 0.0

1748468599
0.018077497445571012 0.006602216458382457 0.0

1748468600
0.02060720465628441 0.005348434796287557 0.0

1748468601
0.017366022316517366 0.006286342920006287 0.0003928964325003929

1748468602
0.0356609849972508 0.006676616133846516 0.0

1748468603
0.08296016969125619 0.006127739806740514 0.0

1748468604
0.03012473523181925 0.005805287518631835 0.0

1748468605
0.014811313322303631 0.006617820846135665 0.0

1748468606
0.014614598884261806 0.006442995207040151 0.0001571462245619549

1748468607
0.015580736543909348 0.006688700031476235 0.0

1748468608
0.0303506840698223 0.0066834407925774495 0.0

1748468609
0.03735157662970826 0.00629079185342455 0.0

1748468610
0.01651462724127084 0.006448568732305757 0.0

1748468611
0.01878783114535021 0.0060529832560333304 0.00023583051646883108

1748468612
0.018081761006289308 0.007075471698113208 0.00015723270440251572

1748468613
0.026744277511209 0.0070793675764964994 0.0

1748468614
0.028212180746561885 0.0052652259332023575 0.0

1748468615
0.02137860567476224 0.006287825198459483 0.0

1748468616
0.014481347394931529 0.00716197072249331 0.00015740594994490792

1748468617
0.014789175582127124 0.006922592825676526 0.0

1748468618
0.015639735932096825 0.006523105941527821 0.0

1748468619
0.01447565101093541 0.006687121390921249 0.0

1748468620
0.01464451617982836 0.008267065585386977 0.0

1748468621
0.010646625958979177 0.002739940504149053 0.00023485204321277596

1748468622
0.009277305683324239 0.0003898027598035394 0.00015592110392141577

1748468623
0.008917396745932416 0.0003911138923654568 0.0

1748468624
0.00930559899906162 0.00039099155458242104 0.0

1748468625
0.008596436386370742 0.0006251953735542357 0.0

1748468626
0.008274785323965653 0.00117096018735363 0.000234192037470726

1748468627
0.008896519431871391 0.0007023567972530045 0.0

1748468628
0.007668831676970029 0.002112841380389702 0.0003912669222943892

1748468629
0.009679937548790008 0.000312256049960968 0.0

1748468630
0.008761636548541032 0.00031291559101932255 0.0

1748468631
0.008817103620474408 0.0006242197253433209 0.0

1748468632
0.009355266235284945 0.0010914477274499104 0.00023388165588212364

1748468633
0.006496556042579837 0.002582968065122104 0.000234815278647464

1748468634
0.0036761830269847477 0.002033633163863903 0.0001564333202972233

1748468635
0.0031271988116644517 0.0007036197326245016 0.0

1748468636
0.003203125 0.00078125 0.0

1748468637
0.0030490188413728404 0.0010163396137909467 0.0

1748468638
0.00758701603441533 0.0034415330465389126 0.00023464998044583498

1748468639
0.001402524544179523 0.0003116721209287829 0.0

1748468640
0.0014098848594031488 0.0003133077465340331 0.0

1748468641
0.0014070194637692487 0.00023450324396154148 0.0

1748468642
0.0014848390121913098 0.00039074710847139733 0.0

1748468643
0.001560914696011863 0.000546320143604152 0.0001560914696011863

1748468644
0.003832616347281971 0.001564333202972233 0.00039108330074305825

1748468645
0.001091362644215778 0.0004677268475210477 0.0

1748468646
0.001486349057341782 0.00039114448877415316 0.0

1748468647
0.0014058106841611997 0.00031240237425804435 0.0

1748468648
0.0012504884720593982 0.00039077764751856197 0.0

1748468649
0.0013295792272798373 0.0003910527139058345 0.0002346316283435007

1748468650
0.003904724716907458 0.0028114017961733697 0.0

1748468651
0.005864873318736316 0.004379105411323116 0.0

1748468652
0.005702679478165769 0.002421685805796422 0.0003124755878446996

1748468653
0.0013252260679763018 0.000545681322107889 0.0

1748468654
0.0014860003128421711 0.0004692632566870014 7.821054278116691e-05

1748468655
0.0017207665232694563 0.0003128666405944466 0.0

1748468656
0.007734979295257442 0.002265802015782483 0.00015626220798499883

1748468657
0.00547645125958379 0.004224690971678924 0.0

1748468658
0.004058694973462379 0.005073368716827974 0.0

1748468659
0.0015639662183296842 0.00046918986549890525 0.0

1748468660
0.001719556041894638 0.0004689698296076286 0.0

1748468661
0.0015635994058322258 0.00039089985145805646 0.00023453991087483386

1748468662
0.001561158379517602 0.0002341737569276403 0.00015611583795176022

1748468663
0.001563721657544957 0.00039093041438623924 0.0

1748468664
0.001639472246076977 0.00039035053478023266 0.0

1748468665
0.001015942482025633 0.00031259768677711783 0.0

1748468666
0.0005471314678755667 0.0004689698296076286 0.0001563232765358762

1748468667
0.0009383797309978105 0.00031279324366593683 0.0

1748468668
0.0010944340212632896 0.00023452157598499062 0.00015634771732332708

1748468669
0.001171875 0.0003125 0.0

1748468670
0.0012503907471084713 0.00023444826508283839 0.0

1748468671
0.00117096018735363 0.00039032006245121 0.000234192037470726

1748468672
0.0012518582270557859 0.0003912056959549331 0.0

1748468673
0.0016416510318949344 0.0007035647279549719 0.00023452157598499062

1748468674
0.0012476606363069245 0.00031191515907673113 0.0

1748468675
0.001488211796036657 0.0004699616198010496 0.0

1748468676
0.001485535574667709 0.00039093041438623924 0.00023455824863174356

1748468677
0.0014817125477657334 0.000389924354675193 0.0

1748468678
0.0011750881316098707 0.00023501762632197415 0.0

1748468679
0.0014848390121913098 0.00023444826508283839 0.00015629884338855892

1748468680
0.001091958505576788 0.0003119881444505109 0.0

1748468681
0.0012529365700861394 0.00031323414252153485 0.00015661707126076742

1748468682
0.0010139614694641603 0.0003899851805631386 0.0

1748468683
0.0006262721152340692 0.0004697040864255519 0.0

1748468684
0.0007037297677691766 0.0003127687856751896 0.0

1748468685
0.0012497070998984613 0.00046864016246192297 0.0

1748468686
0.0007810669374365383 0.00023432008123096148 0.00023432008123096148

1748468687
0.00046929996089166995 0.00023464998044583498 0.0

1748468688
0.00039093041438623924 0.0003127443315089914 0.0

1748468689
0.00046875 0.0003125 0.0

1748468690
0.00046864016246192297 0.00015621338748730767 0.00015621338748730767

1748468691
0.0003902895948794005 0.00031223167590352044 0.0002341737569276403

1748468692
0.0004691531785127844 0.000390960982093987 0.0

1748468693
0.00039132816780151837 0.00039132816780151837 0.0

1748468694
0.0003905639743790033 0.00023433838462740198 0.0

1748468695
0.0007046112894386596 0.00031316057308384876 0.0

1748468696
0.0011716004061548076 0.00015621338748730767 0.00015621338748730767

1748468697
0.0013257428058956562 0.0001559697418700772 0.0

1748468698
0.00039160401002506263 0.0006265664160401002 0.0003132832080200501

1748468699
0.0006251465187153239 0.00015628662967883097 0.0

1748468700
0.0005461922596754058 7.802746566791511e-05 0.0

1748468701
0.0007043355767725779 0.00015651901706057285 0.0003130380341211457

1748468702
0.0007803355442840422 0.00015606710885680844 0.0

1748468703
0.0007825950853028644 0.0003130380341211457 0.0

1748468704
0.0034385745545482964 0.0013285401688027509 0.00039074710847139733

1748468705
0.0008599796732077241 0.00015635994058322257 0.0

1748468706
0.000780579189758801 0.0002341737569276403 0.00015611583795176022

1748468707
0.0004695570511817186 0.00015651901706057285 0.0

1748468708
0.00039004602543100085 0.0002340276152586005 0.0

1748468709
0.00039151201941899614 0.0002349072116513977 0.0002349072116513977

1748468710
0.0030428337364437857 0.0023406413357259888 0.0

1748468711
0.0053253974469418125 0.004228992090218498 0.00015662933667475918

1748468712
0.005303798455658685 0.0020279229389283207 0.00046798221667576634

1748468713
0.001095204568567629 0.00015645779550966127 0.0

1748468714
0.0013304116450148693 0.0002347785255908593 0.0

1748468715
0.001095033242080563 0.0003128666405944466 0.0

1748468716
0.007409140539697395 0.0021057557323350493 0.00015598190609889253

1748468717
0.004387339392040113 0.0042306486994672515 0.00015669069257286117

1748468718
0.003283302063789869 0.00508130081300813 0.0

1748468719
0.00038977237293420645 7.795447458684128e-05 0.0

1748468720
0.00031323414252153485 0.00015661707126076742 0.0

1748468721
0.00046929996089166995 0.0003128666405944466 0.0001564333202972233

1748468722
0.0007034547444114428 0.0001563232765358762 0.0

1748468723
0.0008574323797645958 0.00015589679632083562 0.00015589679632083562

1748468724
0.0008628804518355821 0.0002353310323187951 0.0

1748468725
0.0012472715933894605 0.0003118178983473651 0.0

1748468726
0.0010955473824242898 0.0003130135378355114 0.00023476015337663353

1748468727
0.0006256354109642606 0.0003128177054821303 0.0

1748468728
0.0014058106841611997 0.0003905029678225555 0.0

1748468729
0.0012484394506866417 0.00046816479400749064 0.00023408239700374532

1748468730
0.0003913894324853229 0.00015655577299412916 0.0

1748468731
0.0006254397623328903 7.817997029161128e-05 0.00023453991087483386

1748468732
0.0005476022842838145 0.00031291559101932255 0.0

1748468733
0.0007015355834437602 7.794839816041781e-05 0.0

1748468734
0.0009389671361502347 0.00015649452269170578 7.824726134585289e-05

1748468735
0.000781921964187974 0.0002345765892563922 0.0

1748468736
0.0010162601626016261 0.00023452157598499062 0.00023452157598499062

1748468737
0.0011729746637472631 7.819831091648421e-05 7.819831091648421e-05

1748468738
0.0008579004835439089 0.00015598190609889253 0.0

1748468739
0.0014091122592766556 0.0003131360576170346 0.0

1748468740
0.0014075695964967157 0.00015639662183296842 0.0

1748468741
0.001248829222603809 0.0002341554792382142 0.00015610365282547612

1748468742
0.001485535574667709 0.00023455824863174356 0.0

1748468743
0.001486697965571205 0.00023474178403755868 0.0

1748468744
0.0019534302234724176 0.0003906860446944835 0.0003906860446944835

1748468745
0.0017148647595291917 0.00023384519448125342 0.0

1748468746
0.0006259780907668231 0.00015649452269170578 0.00015649452269170578

1748468747
0.0007038398373347931 0.0002346132791115977 0.0

1748468748
0.0006248047485160887 7.810059356451109e-05 0.0

1748468749
0.000546021840873635 0.000234009360374415 0.0

1748468750
0.0005478594349221257 0.00015653126712060735 0.0

1748468751
0.000625 0.00015625 0.000390625

1748468752
0.000547945205479452 7.827788649706458e-05 0.0

1748468753
0.0007027406886858749 0.00023424689622862497 0.0

1748468754
0.0006242684354272337 0.00031213421771361687 0.0

1748468755
0.00046948356807511736 0.00015649452269170578 0.0

1748468756
0.000782105427811669 0.00031284217112466763 0.00015642108556233381

1748468757
0.0005457664119756744 7.79666302822392e-05 0.0

1748468758
0.00046999843333855553 0.00015666614444618518 0.00015666614444618518

1748468759
0.0007027406886858749 0.00023424689622862497 0.0

1748468760
0.0005470459518599562 0.00023444826508283839 0.0

1748468761
0.0007813110399249941 0.00023439331197749826 0.00023439331197749826

1748468762
0.0007019185774450163 7.799095304944626e-05 0.0

1748468763
0.0007049976500078333 0.00015666614444618518 0.0

1748468764
0.0034404566424270856 0.0014856517319571506 0.0003127687856751896

1748468765
0.0008579004835439089 0.00015598190609889253 0.0

1748468766
0.0006264682850430697 0.00015661707126076742 0.00015661707126076742

1748468767
0.0009377930603313535 0.00031259768677711783 0.0

1748468768
0.0009370607527721381 0.00023426518819303453 0.0

1748468769
0.0012499023513787985 0.0003124755878446996 0.0001562377939223498

1748468770
0.00398686679174484 0.0025797373358348967 0.0

1748468771
0.005553382870551428 0.004145482987876418 7.821666014861165e-05

1748468772
0.005386837379967211 0.0018736825669451167 0.00015614021391209307

1748468773
0.0007811889696117491 0.0001562377939223498 0.0

1748468774
0.0010943484718205269 0.000312670991948722 0.00023450324396154148

1748468775
0.0014860003128421711 0.0006256843422493353 7.821054278116691e-05

1748468776
0.007481879822305354 0.002104278700023381 0.00015587249629802822

1748468777
0.005482885564345579 0.004151327641575938 0.0

1748468778
0.0037517586368610288 0.005158668125683915 7.81616382679381e-05

1748468779
0.0009358184512204633 0.00023395461280511582 0.0

1748468780
0.0009371339320577899 0.0003904724716907458 0.0

1748468781
0.0012529365700861394 0.00023492560689115114 0.00023492560689115114

1748468782
0.0006235385814497272 0.0003117692907248636 0.0

1748468783
0.00046959380136182204 0.00015653126712060735 7.826563356030368e-05

1748468784
0.0004691531785127844 0.0002345765892563922 0.0

1748468785
0.0005473881764153895 0.00023459493274945262 0.0

1748468786
0.0005467041549515777 0.00031240237425804435 0.00023430178069353328

1748468787
0.0006248535499492307 0.00015621338748730767 0.0

1748468788
0.000468055230517201 0.0003120368203448007 0.0

1748468789
0.0006258311820386451 0.00015645779550966127 0.0

1748468790
0.000547430984593728 0.0003128177054821303 0.0

1748468791
0.00031262211801484955 0.00023446658851113716 0.00015631105900742478

1748468792
0.0006254886630179827 0.0003127443315089914 0.0001563721657544957

1748468793
0.0008589052861716249 0.00015616459748574998 0.0

1748468794
0.0008591736311801922 0.00031242677497461533 0.0

1748468795
0.0010163396137909467 0.00031271988116644513 0.0

1748468796
0.0010939209251445538 0.0003125488357555868 0.0001562744178777934

1748468797
0.0010934083099031554 0.0003905029678225555 0.0

1748468798
0.001014594552407711 0.000546320143604152 0.0001560914696011863

1748468799
0.0013264669163545568 0.00046816479400749064 0.0

1748468800
0.0014877456737921854 0.0004698144233027954 0.0

1748468801
0.001483679525222552 0.00046853037638606906 0.00023426518819303453

1748468802
0.0012464942349641633 0.0003116235587410408 0.0

1748468803
0.0005485463521667581 0.00023509129378575347 0.0

1748468804
0.0005473881764153895 0.00015639662183296842 7.819831091648421e-05

1748468805
0.0006246583899429999 0.00015616459748574998 0.0

1748468806
0.0007033997655334115 0.0006252442360296991 0.00039077764751856197

1748468807
0.012896123299520328 0.008413934103955335 0.0

1748468808
0.016696857525399702 0.011420020477278097 0.0

1748468809
0.05288725221342944 0.0033691138447073574 0.0

1748468810
0.05839987474557695 0.001800532331297949 0.0001565680288085173

1748468811
0.0363308223477715 0.005963590709353421 0.00015693659761456373

1748468812
0.042993004794466716 0.005737640493594278 7.859781498074354e-05

1748468813
0.03746465598491989 0.005655042412818096 0.0

1748468814
0.040172955974842765 0.00550314465408805 0.0

1748468815
0.03224288067780654 0.00415784106064172 0.0

1748468816
0.049432040736388565 0.003446925186055621 0.0003133568350959655

1748468817
0.04695461315356275 0.002978756760993964 0.0

1748468818
0.03676643884044308 0.004085159871160342 0.000157121533506167

1748468819
0.047518064718818726 0.003848570530945649 0.0

1748468820
0.04145077720207254 0.0052598524101114775 0.0

1748468821
0.043508936970837256 0.004860457823769207 7.839448102853559e-05

1748468822
0.04206891138843105 0.0052586139235538815 0.0

1748468823
0.03605580812039504 0.0041542561530020375 0.0

1748468824
0.03179463024022609 0.005887894488930758 0.00039252629926205055

1748468825
0.02976050255202199 0.004868472712995681 0.0

1748468826
0.02948094715383409 0.0046259996863729025 0.0

1748468827
0.02727272727272727 0.0030564263322884013 0.0

1748468828
0.030853563038371182 0.001957713390759593 0.0

1748468829
0.030333908136071484 0.0034488164289073523 7.838219156607619e-05

1748468830
0.030716188685159067 0.004936530324400564 0.0

1748468831
0.040947599623470346 0.006981487292124255 0.0002353310323187951

1748468832
0.0239806280268708 0.0035150757694110296 0.0

1748468833
0.00710826433369786 0.0006249023590064052 0.00023433838462740198

1748468834
0.0039915473115754874 0.0015653126712060735 0.00015653126712060735

1748468835
0.0 7.797878976918278e-05 0.0

1748468836
0.00508130081300813 0.0007817385866166354 7.817385866166354e-05

1748468837
0.0048539888827996555 0.003836217020277147 7.829014327096219e-05

1748468838
0.002730961298377029 0.005227840199750312 0.0

1748468839
0.0004695570511817186 0.0010173736108937236 0.0

1748468840
7.79666302822392e-05 0.0 0.0

1748468841
0.0 7.814942169427946e-05 0.00023444826508283839

1748468842
7.814331483941548e-05 0.0 0.00015628662967883097

1748468843
7.814942169427946e-05 7.814942169427946e-05 0.0

1748468844
7.825950853028643e-05 0.0 0.0

1748468845
0.0 7.79666302822392e-05 0.0

1748468846
0.00015662933667475918 7.831466833737959e-05 0.0

1748468847
7.715454054471106e-05 7.715454054471106e-05 0.00023146362163413317

1748468849
3.929273084479371e-05 0.0 7.858546168958742e-05

1748468850
7.807010695604653e-05 7.807010695604653e-05 0.0

1748468851
0.0 0.0 0.0

1748468852
0.00015649452269170578 0.0 0.00023474178403755868

1748468853
7.800920508620017e-05 7.800920508620017e-05 7.800920508620017e-05

1748468854
0.0 0.0 0.0

1748468855
7.825950853028643e-05 0.0 0.0

1748468856
7.800920508620017e-05 7.800920508620017e-05 0.0

1748468857
7.732158045310446e-05 7.732158045310446e-05 0.00023196474135931338

1748468859
7.857311228097745e-05 3.9286556140488726e-05 0.0

1748468860
0.0 0.0 0.0

1748468861
7.829627309740057e-05 0.0 0.00015659254619480113

1748468862
7.796055196070789e-05 7.796055196070789e-05 0.00015592110392141577

1748468863
7.810669374365383e-05 0.0 0.0

1748468864
0.0 7.814331483941548e-05 0.0

1748468865
7.815552950371239e-05 0.0 0.0

1748468866
7.825950853028643e-05 0.0 0.0

1748468867
0.0 7.802746566791511e-05 7.802746566791511e-05

1748468868
7.810669374365383e-05 7.810669374365383e-05 0.00015621338748730767

1748468869
0.00015626220798499883 0.0 0.0

1748468870
0.00015655577299412916 7.827788649706458e-05 0.0

1748468871
0.0 0.0 0.0

1748468872
0.0 7.813110399249941e-05 7.813110399249941e-05

1748468873
0.00015662933667475918 0.0 0.0

1748468874
0.0 7.79423226812159e-05 0.0001558846453624318

1748468875
7.811279487580065e-05 0.0 0.0

1748468876
0.0003914813654870028 7.829627309740057e-05 0.0

1748468877
7.800312012480499e-05 7.800312012480499e-05 0.00015600624024960998

1748468878
0.0 7.811279487580065e-05 0.0

1748468879
7.813110399249941e-05 7.813110399249941e-05 0.0

1748468880
7.826563356030368e-05 7.826563356030368e-05 0.0

1748468881
7.802137785753296e-05 0.0 0.0

1748468882
7.825950853028643e-05 7.825950853028643e-05 0.0003912975426514322

1748468883
0.0 0.0 0.0

1748468884
0.0029715358148264 0.0012511729746637473 0.00031279324366593683

1748468885
7.825950853028643e-05 7.825950853028643e-05 0.0

1748468886
0.0 0.0 0.0

1748468887
7.827175954915466e-05 0.0 0.0

1748468888
7.797878976918278e-05 7.797878976918278e-05 0.00023393636930754835

1748468889
0.0 7.8125e-05 7.8125e-05

1748468890
0.002664159222692368 0.002272371101708196 0.00023507287259050304

1748468891
0.004600031186652113 0.00389833151411196 7.79666302822392e-05

1748468892
0.00429653933286462 0.001796734630107023 0.0

1748468893
7.825338445887784e-05 0.0 7.825338445887784e-05

1748468894
7.801529099703542e-05 0.0 0.0

1748468895
0.0012371452872496714 0.00015464316090620892 0.00023196474135931338

1748468897
0.00483414557459519 0.0034192736991039145 7.860399308284861e-05

1748468898
0.002266333229134104 0.004063769928102532 0.0

1748468899
0.0 7.803355442840422e-05 0.0

1748468900
7.81372089388967e-05 0.0 0.0

1748468901
7.827175954915466e-05 0.0 0.00015654351909830932

1748468902
7.801529099703542e-05 7.801529099703542e-05 0.0

1748468903
0.0 7.811279487580065e-05 0.0

1748468904
7.824113919098662e-05 0.0 0.0

1748468905
7.801529099703542e-05 0.0 0.0

1748468906
0.0 7.813110399249941e-05 7.813110399249941e-05

1748468907
0.0001565680288085173 7.828401440425865e-05 7.828401440425865e-05

1748468908
0.0 0.0 0.0

1748468909
7.819831091648421e-05 7.819831091648421e-05 0.0

1748468910
7.823501799405414e-05 7.823501799405414e-05 0.0

1748468911
7.79666302822392e-05 0.0 0.0

1748468912
0.0 7.830853563038371e-05 0.00023492560689115114

1748468913
0.00023388165588212364 0.0 0.00015592110392141577

1748468914
7.813110399249941e-05 7.813110399249941e-05 0.0

1748468915
7.832080200501253e-05 0.0 0.0

1748468916
0.0 0.0 0.0

1748468917
7.725587144622991e-05 0.0 0.00023176761433868975

1748468919
0.0 7.860708249813308e-05 3.930354124906654e-05

1748468920
7.81616382679381e-05 0.0 0.0

1748468921
7.800920508620017e-05 0.0 0.0

1748468922
7.832080200501253e-05 7.832080200501253e-05 0.0003132832080200501

1748468923
0.0 7.799095304944626e-05 0.00015598190609889253

1748468924
7.811279487580065e-05 7.811279487580065e-05 0.0

1748468925
0.0 0.0 0.0

1748468926
7.814331483941548e-05 0.0 0.0

1748468927
7.825338445887784e-05 7.825338445887784e-05 0.00023476015337663353

1748468928
0.0009366950277105613 0.0003902895948794005 0.0

1748468929
0.0018736825669451167 0.0009368412834725584 0.00031228042782418614

1748468930
0.00015661707126076742 7.830853563038371e-05 0.0

1748468931
0.0 0.0 0.0

1748468932
7.81188969611749e-05 0.0 7.81188969611749e-05

1748468933
7.829627309740057e-05 0.0 0.0

1748468934
7.79666302822392e-05 0.0 0.0

1748468935
0.0 0.00015463120457708364 0.0002319468068656255

1748468937
3.928964325003929e-05 3.928964325003929e-05 0.0

1748468938
7.822277847309137e-05 0.0 0.0

1748468939
0.0 7.800312012480499e-05 0.0

1748468940
7.72916988715412e-05 7.72916988715412e-05 0.000386458494357706

1748468942
3.928964325003929e-05 0.0 7.857928650007858e-05

1748468943
7.810669374365383e-05 7.810669374365383e-05 0.0

1748468944
0.0 0.0 0.0

1748468945
0.0001546551190844417 7.732755954222085e-05 0.0003093102381688834

1748468947
3.9306631028654534e-05 3.9306631028654534e-05 0.0

1748468948
0.0 0.0 0.0

1748468949
7.814942169427946e-05 7.814942169427946e-05 0.0

1748468950
0.002582361687142969 0.0023476015337663353 0.00023476015337663353

1748468951
0.004530542102796438 0.003983752538665833 0.0001562255897516013

1748468952
0.004455909943714822 0.0016416510318949344 0.0

1748468953
7.802137785753296e-05 0.0 0.0

1748468954
7.832080200501253e-05 7.832080200501253e-05 7.832080200501253e-05

1748468955
0.0 0.0 0.00015592110392141577

1748468956
0.006493506493506494 0.002112345485839462 0.00015647003598810827

1748468957
0.003911444887741531 0.004146131581006024 0.0

1748468958
0.0024937655860349127 0.004909600997506235 0.0

1748468959
0.0 0.0 0.0

1748468960
7.833307222309259e-05 7.833307222309259e-05 0.0

1748468961
7.793624814901411e-05 7.793624814901411e-05 7.793624814901411e-05

1748468962
0.0 0.0 7.810059356451109e-05

1748468963
7.830853563038371e-05 7.830853563038371e-05 0.0

1748468964
0.0 0.0 0.0

1748468965
7.810059356451109e-05 7.810059356451109e-05 0.0

1748468966
7.833307222309259e-05 0.0 0.0

1748468967
7.793624814901411e-05 0.00015587249629802822 0.0

1748468968
7.815552950371239e-05 0.0 7.815552950371239e-05

1748468969
7.81188969611749e-05 0.0 0.0

1748468970
7.829627309740057e-05 7.829627309740057e-05 0.0

1748468971
0.0 0.0 0.0

1748468972
7.727975270479135e-05 0.0 0.00023183925811437405

1748468974
7.861944258815205e-05 3.930972129407603e-05 0.0

1748468975
7.797878976918278e-05 7.797878976918278e-05 0.0

1748468976
7.814331483941548e-05 7.814331483941548e-05 0.0

1748468977
7.833920877399138e-05 7.833920877399138e-05 0.00023501762632197415

1748468978
7.79848709350386e-05 7.79848709350386e-05 0.0

1748468979
7.807620237351655e-05 7.807620237351655e-05 0.0

1748468980
0.0 0.0 0.00023442994451824647

1748468981
7.830240388379923e-05 7.830240388379923e-05 0.0

1748468982
7.797270955165692e-05 0.0 0.00015594541910331385

1748468983
7.810669374365383e-05 0.0 0.0

1748468984
7.830853563038371e-05 0.0 0.0

1748468985
7.795447458684128e-05 0.00015590894917368256 0.0

1748468986
0.0 0.0 0.0

1748468987
7.826563356030368e-05 7.826563356030368e-05 0.00015653126712060735

1748468988
0.0 0.0 0.0

1748468989
0.00023483365949119374 0.00015655577299412916 0.0

1748468990
0.0 7.79666302822392e-05 0.0

1748468991
7.814331483941548e-05 0.0 7.814331483941548e-05

1748468992
0.0 0.0 0.0

1748468993
7.731560228854182e-05 7.731560228854182e-05 0.0002319468068656255

1748468995
3.9286556140488726e-05 3.9286556140488726e-05 0.0

1748468996
0.0004684206417362792 7.807010695604653e-05 0.0

1748468997
7.810059356451109e-05 0.0 0.0

1748468998
0.0 7.830853563038371e-05 0.00023492560689115114

1748468999
0.00015598190609889253 7.799095304944626e-05 0.00015598190609889253

1748469000
0.0 7.814331483941548e-05 0.0

1748469001
7.8125e-05 0.0 0.0

1748469002
7.810669374365383e-05 7.810669374365383e-05 0.0

1748469003
7.824726134585289e-05 0.0 0.00023474178403755868

1748469004
0.0028085504758932752 0.001482290528943673 0.0003900764549851771

1748469005
7.81677479871805e-05 7.81677479871805e-05 0.0

1748469006
0.0 0.0 0.0

1748469007
7.799703611262772e-05 0.0 0.0

1748469008
7.811279487580065e-05 7.811279487580065e-05 0.0

1748469009
0.0 0.0 0.0

1748469010
0.0025529939656506267 0.002320903605136933 0.00023209036051369334

1748469012
0.004556166535742341 0.0029850746268656717 7.855459544383346e-05

1748469013
7.81921964187974e-05 0.0 0.0

1748469014
0.0 7.802137785753296e-05 0.0

1748469015
0.0 0.0 0.0

1748469016
0.006342494714587738 0.00101793125048939 0.00015660480776759846

1748469017
0.004139331458919088 0.004451733833177133 0.0

1748469018
0.0025775208935405764 0.00531125517456846 0.0

1748469019
7.810059356451109e-05 0.0 7.810059356451109e-05

1748469020
0.00015655577299412916 0.00015655577299412916 0.0

1748469021
0.0 0.0 0.0002340276152586005

1748469022
7.810059356451109e-05 7.810059356451109e-05 0.0

1748469023
7.824726134585289e-05 7.824726134585289e-05 0.0

1748469024
7.81921964187974e-05 0.0 0.0

1748469025
0.0 0.0 0.00015594541910331385

1748469026
7.81372089388967e-05 7.81372089388967e-05 0.0

1748469027
7.732158045310446e-05 0.0 0.00023196474135931338

1748469029
3.928809963462067e-05 3.928809963462067e-05 0.0

1748469030
7.810669374365383e-05 0.0 0.0

1748469031
7.805182641273806e-05 7.805182641273806e-05 0.0

1748469032
0.0 7.832693663350827e-05 0.0002349808099005248

1748469033
7.797878976918278e-05 7.797878976918278e-05 0.0

1748469034
0.00015661707126076742 0.0 0.0

1748469035
0.0 7.79423226812159e-05 0.0

1748469036
7.832080200501253e-05 0.0 0.00015664160401002505

1748469037
7.794839816041781e-05 0.0 0.00015589679632083562

1748469038
7.81188969611749e-05 7.81188969611749e-05 0.0

1748469039
0.0 0.0 0.0

1748469040
7.825338445887784e-05 0.0 0.0

1748469041
7.801529099703542e-05 7.801529099703542e-05 0.0

1748469042
0.0 0.0 0.0

1748469043
7.825950853028643e-05 7.825950853028643e-05 0.0002347785255908593

1748469044
7.800312012480499e-05 7.800312012480499e-05 0.0

1748469045
7.81188969611749e-05 0.0 0.0

1748469046
0.0 7.815552950371239e-05 0.00023446658851113716

1748469047
7.824726134585289e-05 0.0 0.0

1748469048
0.0 0.0 0.00015605493133583021

1748469049
0.0030461610560024994 0.0012497070998984613 0.00031242677497461533

1748469050
0.00015626220798499883 7.813110399249941e-05 0.0

1748469051
7.827175954915466e-05 0.0 0.000234815278647464

1748469052
0.0 7.803964413922273e-05 0.0

1748469053
7.807010695604653e-05 7.807010695604653e-05 0.0

1748469054
0.0 7.814942169427946e-05 0.0

1748469055
7.827175954915466e-05 0.0 0.000234815278647464

1748469056
7.79848709350386e-05 7.79848709350386e-05 0.0

1748469057
7.827788649706458e-05 7.827788649706458e-05 0.0

1748469058
0.0 0.0 0.00015598190609889253

1748469059
7.814942169427946e-05 7.814942169427946e-05 0.0

1748469060
7.826563356030368e-05 7.826563356030368e-05 0.00023479690068091102

1748469061
0.0 0.0 0.0

1748469062
7.81188969611749e-05 0.0 0.0

1748469063
0.0 0.0 0.0

1748469064
7.825950853028643e-05 7.825950853028643e-05 0.0

1748469065
0.0 7.801529099703542e-05 0.00015603058199407084

1748469066
7.81188969611749e-05 0.0 0.0

1748469067
0.00015659254619480113 7.829627309740057e-05 0.0

1748469068
0.0 7.795447458684128e-05 0.00015590894917368256

1748469069
7.81616382679381e-05 0.0 0.0

1748469070
0.0022659790592280044 0.0021878418502891076 0.0

1748469071
0.004644322315968728 0.0038702685966406068 0.00015481074386562428

1748469073
0.002355805096391692 0.0009030586202834819 7.852683654638972e-05

1748469074
7.811279487580065e-05 7.811279487580065e-05 0.0

1748469075
0.001719556041894638 0.0001563232765358762 0.0

1748469076
0.005639097744360902 0.002976190476190476 0.0003132832080200501

1748469077
0.0035864649929830033 0.0043661312958053955 0.0

1748469078
0.0020307740373349996 0.0035929079122080762 0.0

1748469079
7.831466833737959e-05 0.0 0.0

1748469080
7.794839816041781e-05 0.0 7.794839816041781e-05

1748469081
0.0 7.814331483941548e-05 0.00015628662967883097

1748469082
0.0 0.0 0.0

1748469083
7.824726134585289e-05 7.824726134585289e-05 0.0

1748469084
7.800312012480499e-05 7.800312012480499e-05 0.0

1748469085
7.831466833737959e-05 0.0 0.0

1748469086
7.796055196070789e-05 7.796055196070789e-05 0.00015592110392141577

1748469087
7.81188969611749e-05 7.81188969611749e-05 0.0

1748469088
7.817997029161128e-05 0.0 0.0

1748469089
7.811279487580065e-05 7.811279487580065e-05 0.0

1748469090
0.0 7.81372089388967e-05 0.0001562744178777934

1748469091
7.81188969611749e-05 0.0 0.0

1748469092
7.825338445887784e-05 7.825338445887784e-05 0.00023476015337663353

1748469093
0.00015603058199407084 0.0 0.0

1748469094
0.0 0.0 0.0

1748469095
0.0 7.8125e-05 7.8125e-05

1748469096
7.825338445887784e-05 0.0 0.0

1748469097
0.0 7.802137785753296e-05 0.00015604275571506592

1748469098
7.81372089388967e-05 0.0 0.0

1748469099
7.81188969611749e-05 7.81188969611749e-05 0.0

1748469100
7.825338445887784e-05 0.0 0.0

1748469101
7.799095304944626e-05 7.799095304944626e-05 0.00015598190609889253

1748469102
7.815552950371239e-05 7.815552950371239e-05 0.0

1748469103
0.0 0.0 0.00023483365949119374

1748469104
7.797878976918278e-05 7.797878976918278e-05 0.0

1748469105
0.0 0.0 0.0

1748469106
7.814942169427946e-05 0.0 0.0

1748469107
7.735746886361879e-05 0.0 0.00023207240659085636

1748469108
7.906388361796332e-05 0.00023719165085388995 0.00015812776723592663

1748469109
0.0 7.800920508620017e-05 0.0

1748469110
7.827175954915466e-05 0.0 0.0

1748469111
7.79666302822392e-05 0.0 0.0

1748469112
7.813110399249941e-05 7.813110399249941e-05 0.0

1748469113
0.0 0.0 0.00038663779771110426

1748469115
7.856693903205531e-05 3.9283469516027656e-05 0.0

1748469116
0.0003124511795032026 0.00023433838462740198 0.0

1748469117
7.8064012490242e-05 0.0 0.0

1748469118
0.0 7.736345350456444e-05 0.00030945381401825775

1748469120
0.0 3.929118698675887e-05 0.0

1748469121
7.808229874287499e-05 7.808229874287499e-05 0.0

1748469122
7.810669374365383e-05 0.0 0.0

1748469123
0.001095890410958904 0.000547945205479452 0.0003913894324853229

1748469124
0.0018716369024409265 0.000779848709350386 0.0001559697418700772

1748469125
7.81372089388967e-05 7.81372089388967e-05 0.0

1748469126
0.0 0.0 0.0

1748469127
7.830853563038371e-05 7.830853563038371e-05 0.0

1748469128
0.0 0.0 7.795447458684128e-05

1748469129
7.810059356451109e-05 7.810059356451109e-05 0.00023430178069353328

1748469130
0.0020325203252032522 0.0023452157598499064 0.0

1748469131
0.004852849092047589 0.003913587977457733 0.0

1748469132
0.004834684965689333 0.001793512164691204 0.0

1748469133
7.814331483941548e-05 0.0 0.0

1748469134
7.828401440425865e-05 0.0 7.828401440425865e-05

1748469135
0.0 7.79848709350386e-05 0.0001559697418700772

1748469136
0.00523642047674873 0.0007815552950371239 7.815552950371239e-05

1748469137
0.004777943134644004 0.003916346831675413 0.0

1748469138
0.002729683356730619 0.005303384807362346 0.0

1748469139
0.00039041149371437495 0.0010150698836573749 0.0

1748469140
0.00015662933667475918 7.831466833737959e-05 7.831466833737959e-05

1748469141
0.0 0.0 7.736345350456444e-05

1748469142
7.804573480059315e-05 0.0 7.804573480059315e-05

1748469143
0.0 7.884569896712135e-05 0.0

1748469144
7.828401440425865e-05 7.828401440425865e-05 0.0

1748469145
7.802746566791511e-05 7.802746566791511e-05 0.0

1748469146
0.0 7.822277847309137e-05 0.0

1748469147
7.719027402547279e-05 0.0 0.00030876109610189115

1748469149
3.928501276762915e-05 3.928501276762915e-05 7.85700255352583e-05

1748469150
7.807620237351655e-05 7.807620237351655e-05 0.0

1748469151
7.813110399249941e-05 0.0 0.0

1748469152
0.0 0.0 0.00023200061866831645

1748469154
7.857928650007858e-05 3.928964325003929e-05 0.0

1748469155
7.807620237351655e-05 0.0 7.807620237351655e-05

1748469156
7.825950853028643e-05 0.0 0.0

1748469157
7.79848709350386e-05 7.79848709350386e-05 0.0001559697418700772

1748469158
7.833307222309259e-05 7.833307222309259e-05 0.0

1748469159
0.0 0.0 0.0

1748469160
7.808839606434484e-05 0.0 0.0

1748469161
7.832693663350827e-05 7.832693663350827e-05 0.0

1748469162
7.797878976918278e-05 7.797878976918278e-05 0.00015595757953836556

1748469163
7.813110399249941e-05 0.0 0.0

1748469164
7.808839606434484e-05 7.808839606434484e-05 0.0

1748469165
7.831466833737959e-05 0.0 0.0

1748469166
7.799703611262772e-05 7.799703611262772e-05 0.0

1748469167
0.0 0.0 0.0

1748469168
7.730364873222017e-05 7.730364873222017e-05 0.00023191094619666049

1748469170
0.0015322960867515322 0.0006679239352506679 0.00019644821625019646

1748469171
7.808229874287499e-05 0.0 0.0

1748469172
7.807620237351655e-05 7.807620237351655e-05 0.0

1748469173
0.0 0.0 7.821054278116691e-05

1748469174
0.0 7.813110399249941e-05 7.813110399249941e-05

1748469175
7.732755954222085e-05 0.0 0.00023198267862666253

1748469177
7.85700255352583e-05 3.928501276762915e-05 0.0

1748469178
0.0 7.81616382679381e-05 0.0

1748469179
7.722007722007723e-05 0.0 0.00015444015444015445

1748469180
7.808229874287499e-05 0.0 7.808229874287499e-05

1748469182
3.932672644329086e-05 3.932672644329086e-05 0.0

1748469183
7.79848709350386e-05 7.79848709350386e-05 0.0

1748469184
7.810669374365383e-05 0.0 0.0

1748469185
7.825950853028643e-05 7.825950853028643e-05 0.0002347785255908593

1748469186
0.0 0.0 0.0

1748469187
7.815552950371239e-05 7.815552950371239e-05 0.0

1748469188
0.0 0.0 0.00015618898867629833

1748469189
7.826563356030368e-05 0.0 0.0

1748469190
0.0025749063670411983 0.002418851435705368 0.00023408239700374532

1748469191
0.0045337293832564685 0.004142890643320566 7.81677479871805e-05

1748469192
0.004372950179603311 0.0016398563173512415 0.0

1748469193
0.0 7.825338445887784e-05 0.0001565067689177557

1748469194
7.801529099703542e-05 7.801529099703542e-05 0.0

1748469195
0.0021873291149128973 0.00023435669088352472 7.81188969611749e-05

1748469196
0.005561648127839574 0.0029766567444775185 7.833307222309259e-05

1748469197
0.0033551810237203495 0.004525593008739076 0.0

1748469198
0.0018742678641155799 0.0032799687622022647 0.0

1748469199
0.0 7.830853563038371e-05 0.0

1748469200
7.796055196070789e-05 7.796055196070789e-05 0.00031184220784283154

1748469201
7.810669374365383e-05 0.0 0.00015621338748730767

1748469202
7.824726134585289e-05 7.824726134585289e-05 0.0

1748469203
7.800920508620017e-05 0.0 0.0

1748469204
0.0 0.0 0.0

1748469205
7.830853563038371e-05 7.830853563038371e-05 0.0

1748469206
7.79666302822392e-05 7.79666302822392e-05 7.79666302822392e-05

1748469207
7.829627309740057e-05 7.829627309740057e-05 0.0

1748469208
0.00023388165588212364 7.796055196070789e-05 0.00015592110392141577

1748469209
7.8125e-05 0.0 0.0

1748469210
0.0 0.0 0.0

1748469211
7.825338445887784e-05 7.825338445887784e-05 0.0

1748469212
7.800312012480499e-05 0.0 0.00015600624024960998

1748469213
7.814331483941548e-05 7.814331483941548e-05 0.0

1748469214
7.826563356030368e-05 0.0 0.0

1748469215
0.0 7.801529099703542e-05 0.0

1748469216
7.810669374365383e-05 0.0 7.810669374365383e-05

1748469217
7.813110399249941e-05 7.813110399249941e-05 0.00023439331197749826

1748469218
7.827788649706458e-05 0.0 0.0

1748469219
7.800312012480499e-05 7.800312012480499e-05 0.0

1748469220
0.0 0.0 0.0

1748469221
0.0 0.0 0.0

1748469222
7.800312012480499e-05 7.800312012480499e-05 0.00015600624024960998

1748469223
7.8125e-05 7.8125e-05 0.0

1748469224
7.810059356451109e-05 0.0 0.0

1748469225
0.0 0.0 0.0

1748469226
7.81616382679381e-05 0.0 0.0

1748469227
0.0 0.0 0.0

1748469228
0.0014884449667058363 0.0009400705052878966 0.0003916960438699569

1748469229
0.0016366612111292963 0.00038968124074507054 0.00031174499259605643

1748469230
7.8125e-05 7.8125e-05 0.0

1748469231
0.0 0.0 0.0

1748469232
7.79423226812159e-05 0.0 0.0

1748469233
7.831466833737959e-05 7.831466833737959e-05 7.831466833737959e-05

1748469234
7.797878976918278e-05 7.797878976918278e-05 0.00023393636930754835

1748469235
0.0 0.0 0.0

1748469236
0.00031323414252153485 7.830853563038371e-05 0.0

1748469237
7.796055196070789e-05 0.0 0.0

1748469238
0.0 7.814331483941548e-05 0.0

1748469239
7.810669374365383e-05 0.0 0.00015621338748730767

1748469240
7.826563356030368e-05 7.826563356030368e-05 0.00015653126712060735

1748469241
0.0 0.0 0.0

1748469242
7.829627309740057e-05 7.829627309740057e-05 0.0

1748469243
0.0 0.0 0.0

1748469244
7.827788649706458e-05 0.0 7.827788649706458e-05

1748469245
0.0001559697418700772 7.79848709350386e-05 0.0001559697418700772

1748469246
0.0 0.0 0.0

1748469247
7.8125e-05 7.8125e-05 0.0

1748469248
0.0 0.0 0.0

1748469249
7.825338445887784e-05 7.825338445887784e-05 0.0

1748469250
0.002653762098033094 0.0022635029659694036 0.0

1748469251
0.0045662100456621 0.0041018497020354466 0.00030957356241776953

1748469253
0.0020811245926100445 0.0009423960419366238 0.0

1748469254
0.0 0.0 0.0

1748469255
0.002506854680767724 0.00015667841754798275 0.0

1748469256
0.005692007797270955 0.002884990253411306 0.0003118908382066277

1748469257
0.003125488357555868 0.004922644163150493 0.0

1748469258
0.0018745606498476919 0.0030461610560024994 0.0

1748469259
0.0 0.0 0.0

1748469260
7.795447458684128e-05 7.795447458684128e-05 0.0

1748469261
7.810669374365383e-05 7.810669374365383e-05 0.00023432008123096148

1748469262
7.830240388379923e-05 7.830240388379923e-05 0.0

1748469263
0.0 0.0 0.0

1748469264
7.8125e-05 0.0 0.0

1748469265
0.0 7.810059356451109e-05 0.0

1748469266
7.830240388379923e-05 0.0 0.0003132096155351969

1748469267
7.799095304944626e-05 7.799095304944626e-05 7.799095304944626e-05

1748469268
7.813110399249941e-05 7.813110399249941e-05 0.0

1748469269
0.0003917267314321529 7.834534628643058e-05 0.0

1748469270
0.00540077718500955 0.002700388592504775 0.0

