1748467842
263083728 211858460 7382272 25331852 8388604 8204028

1748467843
263083728 211355768 7382324 25353528 8388604 8204028

1748467844
263083728 211156300 7382440 25399992 8388604 8204028

1748467845
263083728 211116024 7382484 25457680 8388604 8204028

1748467846
263083728 210889432 7382640 25510352 8388604 8204028

1748467847
263083728 210876752 7382760 25571444 8388604 8204028

1748467848
263083728 210628140 7382832 25631988 8388604 8204028

1748467849
263083728 210592040 7382888 25691428 8388604 8204028

1748467850
263083728 210563052 7383028 25759344 8388604 8204028

1748467851
263083728 210515556 7383048 25814964 8388604 8204028

1748467852
263083728 210581780 7383072 25869916 8388604 8204028

1748467853
263083728 210534944 7383092 25920384 8388604 8204028

1748467854
263083728 210401508 7383116 25969272 8388604 8204028

1748467855
263083728 210473588 7383152 26022440 8388604 8204028

1748467856
263083728 210204824 7383340 26075628 8388604 8204028

1748467857
263083728 210243124 7383476 26136096 8388604 8204028

1748467858
263083728 210141788 7383676 26195416 8388604 8204028

1748467859
263083728 210119280 7383676 26250116 8388604 8204028

1748467860
263083728 210112508 7383700 26316808 8388604 8204028

1748467861
263083728 210024792 7383772 26383980 8388604 8204028

1748467862
263083728 209940632 7383968 26441792 8388604 8204028

1748467864
263083728 209900476 7384092 26520524 8388604 8204028

1748467865
263083728 210002652 7384156 26586216 8388604 8204028

1748467866
263083728 209896096 7384156 26646632 8388604 8204028

1748467867
263083728 209901920 7384204 26724060 8388604 8204028

1748467868
263083728 209757232 7384232 26783620 8388604 8204028

1748467869
263083728 209665852 7384232 26833508 8388604 8204028

1748467870
263083728 209531188 7384268 26893812 8388604 8204028

1748467871
263083728 209359568 7384304 26961544 8388604 8204028

1748467872
263083728 209249844 7384348 27033176 8388604 8204028

1748467873
263083728 209196376 7384424 27090472 8388604 8204028

1748467874
263083728 209099332 7384576 27156096 8388604 8204028

1748467875
263083728 209052936 7384792 27226664 8388604 8204028

1748467876
263083728 208891524 7384848 27299204 8388604 8204028

1748467877
263083728 208568964 7384856 27369164 8388604 8204028

1748467878
263083728 208656344 7384892 27440124 8388604 8204028

1748467879
263083728 208615168 7384892 27515484 8388604 8204028

1748467880
263083728 208617064 7384896 27588980 8388604 8204028

1748467881
263083728 208640992 7384936 27664912 8388604 8204028

1748467882
263083728 208579176 7384956 27737136 8388604 8204028

1748467883
263083728 208561516 7384956 27802972 8388604 8204028

1748467884
263083728 208525972 7385000 27869928 8388604 8204028

1748467885
263083728 208498320 7385044 27931816 8388604 8204028

1748467886
263083728 208358124 7385080 27998508 8388604 8204028

1748467887
263083728 208295828 7385108 28062516 8388604 8204028

1748467888
263083728 208079592 7385108 28127308 8388604 8204028

1748467889
263083728 208115800 7385152 28194504 8388604 8204028

1748467890
263083728 208010372 7385200 28264036 8388604 8204028

1748467891
263083728 207993580 7385740 28322612 8388604 8204028

1748467892
263083728 207934640 7385848 28377008 8388604 8204028

1748467893
263083728 207906760 7385848 28427012 8388604 8204028

1748467894
263083728 207847084 7386120 28473744 8388604 8204028

1748467895
263083728 207837796 7386120 28516272 8388604 8204028

1748467896
263083728 207818900 7386136 28580756 8388604 8204028

1748467897
263083728 207767772 7386136 28641180 8388604 8204028

1748467898
263083728 207701032 7386136 28710752 8388604 8204028

1748467899
263083728 207687652 7386136 28771516 8388604 8204028

1748467900
263083728 207645712 7386136 28836888 8388604 8204028

1748467901
263083728 207608256 7386152 28900576 8388604 8204028

1748467902
263083728 207581304 7386180 28968644 8388604 8204028

1748467903
263083728 207496532 7386180 29035128 8388604 8204028

1748467904
263083728 207479512 7386224 29098392 8388604 8204028

1748467905
263083728 207475808 7386224 29161352 8388604 8204028

1748467906
263083728 207496196 7386224 29219116 8388604 8204028

1748467907
263083728 207450144 7386232 29277480 8388604 8204028

1748467908
263083728 207400332 7386232 29338060 8388604 8204028

1748467909
263083728 207370888 7386244 29392944 8388604 8204028

1748467910
263083728 207340828 7386264 29455064 8388604 8204028

1748467911
263083728 207304680 7386264 29512244 8388604 8204028

1748467912
263083728 207322092 7386268 29570284 8388604 8204028

1748467913
263083728 207322432 7386268 29627692 8388604 8204028

1748467914
263083728 207289844 7386268 29687220 8388604 8204028

1748467915
263083728 207236192 7386284 29746368 8388604 8204028

1748467916
263083728 207233692 7386324 29805676 8388604 8204028

1748467917
263083728 207243044 7386348 29861244 8388604 8204028

1748467918
263083728 207241808 7386348 29914692 8388604 8204028

1748467919
263083728 207220104 7386348 29971744 8388604 8204028

1748467920
263083728 207154616 7386348 30027600 8388604 8204028

1748467921
263083728 207120632 7386348 30080740 8388604 8204028

1748467922
263083728 207123328 7386356 30131648 8388604 8204028

1748467923
263083728 207083248 7386356 30189040 8388604 8204028

1748467924
263083728 207061096 7386392 30238492 8388604 8204028

1748467925
263083728 207093900 7386408 30291268 8388604 8204028

1748467926
263083728 207044112 7386408 30341168 8388604 8204028

1748467927
263083728 206992732 7386408 30397576 8388604 8204028

1748467928
263083728 206970616 7386424 30455116 8388604 8204028

1748467929
263083728 206924368 7386424 30512776 8388604 8204028

1748467930
263083728 206779260 7386424 30569288 8388604 8204028

1748467931
263083728 206700444 7386424 30623008 8388604 8204028

1748467932
263083728 206663164 7386448 30675624 8388604 8204028

1748467933
263083728 206629364 7386464 30731380 8388604 8204028

1748467934
263083728 206584964 7386464 30780548 8388604 8204028

1748467935
263083728 206553424 7386464 30826488 8388604 8204028

1748467936
263083728 206544532 7386476 30876168 8388604 8204028

1748467937
263083728 206378544 7386476 30927348 8388604 8204028

1748467938
263083728 206249324 7386476 30982732 8388604 8204028

1748467939
263083728 206222684 7386476 31037296 8388604 8204028

1748467940
263083728 206158752 7386476 31092364 8388604 8204028

1748467941
263083728 206112740 7386480 31148596 8388604 8204028

1748467942
263083728 206079544 7386480 31202396 8388604 8204028

1748467943
263083728 206065860 7386504 31261416 8388604 8204028

1748467944
263083728 206025780 7386504 31315340 8388604 8204028

1748467945
263083728 205996020 7386524 31369660 8388604 8204028

1748467946
263083728 205967436 7386524 31420952 8388604 8204028

1748467947
263083728 205967836 7386524 31470308 8388604 8204028

1748467948
263083728 205891844 7386528 31516068 8388604 8204028

1748467949
263083728 205862648 7386528 31571472 8388604 8204028

1748467950
263083728 205815504 7386540 31627444 8388604 8204028

1748467951
263083728 205860340 7386540 31681712 8388604 8204028

1748467952
263083728 205793288 7386540 31733972 8388604 8204028

1748467953
263083728 205745668 7386540 31787832 8388604 8204028

1748467954
263083728 205696304 7386540 31842724 8388604 8204028

1748467955
263083728 205637504 7386544 31898080 8388604 8204028

1748467956
263083728 205579612 7386544 31955964 8388604 8204028

1748467957
263083728 205532056 7386544 32016284 8388604 8204028

1748467958
263083728 205472264 7386544 32071784 8388604 8204028

1748467959
263083728 205430568 7386544 32123948 8388604 8204028

1748467960
263083728 205362464 7386552 32174868 8388604 8204028

1748467961
263083728 205300624 7386552 32231764 8388604 8204028

1748467962
263083728 205242208 7386552 32283644 8388604 8204028

1748467963
263083728 205176340 7386556 32338644 8388604 8204028

1748467964
263083728 205134304 7386568 32391824 8388604 8204028

1748467965
263083728 205069436 7386576 32450664 8388604 8204028

1748467966
263083728 205001240 7386576 32503620 8388604 8204028

1748467967
263083728 204926252 7386576 32555444 8388604 8204028

1748467968
263083728 204916388 7386576 32608336 8388604 8204028

1748467969
263083728 204844628 7386576 32656268 8388604 8204028

1748467970
263083728 204784600 7386584 32705924 8388604 8204028

1748467971
263083728 204692456 7386584 32754704 8388604 8204028

1748467972
263083728 204682432 7386584 32805864 8388604 8204028

1748467973
263083728 204635956 7386584 32856668 8388604 8204028

1748467974
263083728 204591360 7386608 32907696 8388604 8204028

1748467975
263083728 204560996 7386616 32954416 8388604 8204028

1748467976
263083728 204526048 7386616 33003984 8388604 8204028

1748467977
263083728 204490928 7386616 33048328 8388604 8204028

1748467978
263083728 204448424 7386616 33094300 8388604 8204028

1748467979
263083728 204404536 7386620 33144404 8388604 8204028

1748467980
263083728 204349204 7386624 33187832 8388604 8204028

1748467981
263083728 204314192 7386624 33238992 8388604 8204028

1748467982
263083728 204248512 7386624 33290648 8388604 8204028

1748467983
263083728 204197816 7386624 33343716 8388604 8204028

1748467984
263083728 204235368 7386668 33397500 8388604 8204028

1748467985
263083728 204202084 7386668 33451844 8388604 8204028

1748467986
263083728 204159812 7386668 33501084 8388604 8204028

1748467987
263083728 204086296 7386668 33555292 8388604 8204028

1748467988
263083728 204028840 7386668 33608280 8388604 8204028

1748467989
263083728 203975288 7386680 33662248 8388604 8204028

1748467990
263083728 203820912 7386684 33713732 8388604 8204028

1748467991
263083728 203686312 7386684 33767592 8388604 8204028

1748467992
263083728 203587256 7386684 33814432 8388604 8204028

1748467993
263083728 203560968 7386684 33867152 8388604 8204028

1748467994
263083728 203510688 7386688 33917916 8388604 8204028

1748467995
263083728 203448848 7386720 33967732 8388604 8204028

1748467996
263083728 203386592 7386732 34019680 8388604 8204028

1748467997
263083728 203244468 7386732 34071412 8388604 8204028

1748467998
263083728 203134956 7386732 34118944 8388604 8204028

1748467999
263083728 203061524 7386732 34169080 8388604 8204028

1748468000
263083728 203012644 7386732 34222036 8388604 8204028

1748468001
263083728 202971728 7386736 34271152 8388604 8204028

1748468002
263083728 202735120 7386736 34323612 8388604 8204028

1748468003
263083728 202854552 7386752 34379788 8388604 8204028

1748468004
263083728 202822152 7386752 34433428 8388604 8204028

1748468005
263083728 202811324 7386752 34479924 8388604 8204028

1748468006
263083728 202759876 7386752 34529688 8388604 8204028

1748468007
263083728 202714224 7386752 34583188 8388604 8204028

1748468008
263083728 202663516 7386756 34635632 8388604 8204028

1748468009
263083728 202614892 7386756 34686976 8388604 8204028

1748468010
263083728 202553116 7386756 34738264 8388604 8204028

1748468011
263083728 202496008 7386756 34786064 8388604 8204028

1748468012
263083728 202442692 7386756 34835832 8388604 8204028

1748468013
263083728 202414944 7386768 34881008 8388604 8204028

1748468014
263083728 202368756 7386768 34933096 8388604 8204028

1748468015
263083728 202322064 7386768 34983548 8388604 8204028

1748468016
263083728 202269344 7386768 35032340 8388604 8204028

1748468017
263083728 202226828 7386768 35085016 8388604 8204028

1748468018
263083728 202176560 7386776 35137744 8388604 8204028

1748468019
263083728 202135624 7386776 35189736 8388604 8204028

1748468020
263083728 202086516 7386776 35238676 8388604 8204028

1748468021
263083728 202047256 7386776 35285488 8388604 8204028

1748468022
263083728 202002004 7386776 35338396 8388604 8204028

1748468023
263083728 201950968 7386784 35389608 8388604 8204028

1748468024
263083728 201902444 7386784 35435964 8388604 8204028

1748468025
263083728 201852684 7386784 35484492 8388604 8204028

1748468026
263083728 201790736 7386804 35537244 8388604 8204028

1748468027
263083728 201797956 7386804 35589772 8388604 8204028

1748468028
263083728 201739240 7386808 35645212 8388604 8204028

1748468029
263083728 201690132 7386808 35701968 8388604 8204028

1748468030
263083728 201630500 7386808 35760464 8388604 8204028

1748468031
263083728 201583668 7386808 35811832 8388604 8204028

1748468032
263083728 201520172 7386808 35864620 8388604 8204028

1748468033
263083728 201464016 7386812 35918132 8388604 8204028

1748468034
263083728 201415244 7386812 35977200 8388604 8204028

1748468035
263083728 201351456 7386812 36033592 8388604 8204028

1748468036
263083728 201302660 7386812 36088224 8388604 8204028

1748468037
263083728 201243440 7386816 36137092 8388604 8204028

1748468038
263083728 201184804 7386820 36190688 8388604 8204028

1748468039
263083728 201120152 7386820 36242468 8388604 8204028

1748468040
263083728 201051864 7386820 36298136 8388604 8204028

1748468041
263083728 200998216 7386820 36356120 8388604 8204028

1748468042
263083728 200925660 7386820 36412584 8388604 8204028

1748468043
263083728 200835648 7386832 36468928 8388604 8204028

1748468044
263083728 200711752 7386868 36525884 8388604 8204028

1748468045
263083728 200893780 7386896 36592952 8388604 8204028

1748468046
263083728 200849584 7386896 36648568 8388604 8204028

1748468047
263083728 200803160 7386896 36700444 8388604 8204028

1748468048
263083728 200748544 7386896 36754648 8388604 8204028

1748468049
263083728 200698848 7386896 36809504 8388604 8204028

1748468050
263083728 200587292 7386900 36861384 8388604 8204028

1748468051
263083728 200481424 7386900 36916728 8388604 8204028

1748468052
263083728 200360776 7386900 36964524 8388604 8204028

1748468053
263083728 200313704 7386900 37015848 8388604 8204028

1748468054
263083728 200260844 7386900 37065872 8388604 8204028

1748468055
263083728 200221204 7386904 37117284 8388604 8204028

1748468056
263083728 200191508 7386912 37168704 8388604 8204028

1748468057
263083728 200058316 7386952 37219708 8388604 8204028

1748468058
263083728 199930828 7386952 37269620 8388604 8204028

1748468059
263083728 199881920 7386952 37319308 8388604 8204028

1748468060
263083728 199831448 7386952 37371644 8388604 8204028

1748468061
263083728 199731712 7386956 37422996 8388604 8204028

1748468062
263083728 199692996 7386956 37473248 8388604 8204028

1748468063
263083728 199648168 7386956 37522756 8388604 8204028

1748468064
263083728 199600660 7386956 37573060 8388604 8204028

1748468065
263083728 199567232 7386956 37624452 8388604 8204028

1748468066
263083728 199554404 7386960 37657920 8388604 8204028

1748468067
263083728 199524704 7386960 37691176 8388604 8204028

1748468068
263083728 199503236 7386968 37718900 8388604 8204028

1748468069
263083728 199467848 7386968 37747888 8388604 8204028

1748468070
263083728 199458016 7386968 37780252 8388604 8204028

1748468071
263083728 199421628 7386972 37813900 8388604 8204028

1748468072
263083728 199379608 7386972 37844204 8388604 8204028

1748468073
263083728 199352196 7386972 37876620 8388604 8204028

1748468074
263083728 199321772 7386972 37910756 8388604 8204028

1748468075
263083728 199286132 7386972 37943872 8388604 8204028

1748468076
263083728 199249196 7386972 37975600 8388604 8204028

1748468077
263083728 199228420 7386972 38009124 8388604 8204028

1748468078
263083728 199188040 7386972 38043120 8388604 8204028

1748468079
263083728 199151048 7386972 38074396 8388604 8204028

1748468080
263083728 199110324 7386972 38107092 8388604 8204028

1748468081
263083728 199091728 7386980 38138548 8388604 8204028

1748468082
263083728 199038104 7386980 38172076 8388604 8204028

1748468083
263083728 198990520 7386980 38205460 8388604 8204028

1748468084
263083728 198944440 7386980 38241088 8388604 8204028

1748468085
263083728 198926248 7386980 38273120 8388604 8204028

1748468086
263083728 198909392 7386988 38299228 8388604 8204028

1748468087
263083728 198880936 7386988 38325440 8388604 8204028

1748468088
263083728 198852260 7386996 38355656 8388604 8204028

1748468089
263083728 198826484 7386996 38385504 8388604 8204028

1748468090
263083728 198786276 7386996 38418844 8388604 8204028

1748468091
263083728 198747216 7387000 38450532 8388604 8204028

1748468092
263083728 198715996 7387000 38483716 8388604 8204028

1748468093
263083728 198695192 7387000 38514752 8388604 8204028

1748468094
263083728 198735620 7387020 38550684 8388604 8204028

1748468095
263083728 198701452 7387020 38580800 8388604 8204028

1748468096
263083728 198669228 7387020 38608472 8388604 8204028

1748468097
263083728 198642220 7387020 38639216 8388604 8204028

1748468098
263083728 198609596 7387020 38668480 8388604 8204028

1748468099
263083728 198581744 7387044 38696268 8388604 8204028

1748468100
263083728 198546988 7387044 38724284 8388604 8204028

1748468101
263083728 198526832 7387044 38743428 8388604 8204028

1748468102
263083728 198506852 7387044 38766680 8388604 8204028

1748468103
263083728 198472216 7387044 38787432 8388604 8204028

1748468104
263083728 198555200 7387096 38807732 8388604 8204028

1748468105
263083728 198527792 7387096 38830456 8388604 8204028

1748468106
263083728 198494788 7387096 38847692 8388604 8204028

1748468107
263083728 198478780 7387120 38866260 8388604 8204028

1748468108
263083728 198449116 7387140 38889236 8388604 8204028

1748468109
263083728 198425728 7387140 38914748 8388604 8204028

1748468110
263083728 198327492 7387168 38940616 8388604 8204028

1748468111
263083728 198218960 7387200 38961788 8388604 8204028

1748468112
263083728 198138600 7387220 38983256 8388604 8204028

1748468113
263083728 198115316 7387236 39004728 8388604 8204028

1748468114
263083728 198096300 7387280 39026376 8388604 8204028

1748468115
263083728 198074528 7387300 39045480 8388604 8204028

1748468116
263083728 198023640 7387308 39071096 8388604 8204028

1748468117
263083728 197947404 7387308 39098356 8388604 8204028

1748468118
263083728 197860532 7387332 39126148 8388604 8204028

1748468119
263083728 197821988 7387332 39146300 8388604 8204028

1748468120
263083728 197814096 7387332 39167744 8388604 8204028

1748468121
263083728 197793864 7387332 39190640 8388604 8204028

1748468122
263083728 197746144 7387332 39216900 8388604 8204028

1748468123
263083728 197662032 7387344 39241912 8388604 8204028

1748468124
263083728 197612360 7387344 39264064 8388604 8204028

1748468125
263083728 197297420 7387344 39284376 8388604 8204028

1748468126
263083728 197374556 7387344 39306776 8388604 8204028

1748468127
263083728 197360316 7387344 39327976 8388604 8204028

1748468128
263083728 197297740 7387348 39384316 8388604 8204028

1748468129
263083728 197761196 7387356 39412740 8388604 8204028

1748468130
263083728 197720448 7387368 39438944 8388604 8204028

1748468131
263083728 197697904 7387368 39460412 8388604 8204028

1748468132
263083728 197721268 7387368 39487060 8388604 8204028

1748468133
263083728 197708292 7387368 39511876 8388604 8204028

1748468134
263083728 197683652 7387376 39533232 8388604 8204028

1748468135
263083728 197623644 7387376 39554368 8388604 8204028

1748468136
263083728 197658604 7387404 39579744 8388604 8204028

1748468137
263083728 197648496 7387404 39598512 8388604 8204028

1748468138
263083728 197634024 7387440 39615600 8388604 8204028

1748468139
263083728 197598272 7387472 39633416 8388604 8204028

1748468140
263083728 197552620 7387472 39655280 8388604 8204028

1748468141
263083728 197507156 7387524 39671208 8388604 8204028

1748468142
263083728 197494916 7387524 39685476 8388604 8204028

1748468143
263083728 197477644 7387524 39704236 8388604 8204028

1748468144
263083728 197449268 7387524 39724812 8388604 8204028

1748468145
263083728 197427852 7387524 39748520 8388604 8204028

1748468146
263083728 197391484 7387528 39773924 8388604 8204028

1748468147
263083728 197366740 7387528 39798640 8388604 8204028

1748468148
263083728 197343784 7387528 39823920 8388604 8204028

1748468149
263083728 197419816 7387568 39850260 8388604 8204028

1748468150
263083728 197383236 7387568 39875672 8388604 8204028

1748468151
263083728 197358444 7387568 39899888 8388604 8204028

1748468152
263083728 197365892 7387576 39924956 8388604 8204028

1748468153
263083728 197334400 7387576 39949940 8388604 8204028

1748468154
263083728 197299388 7387580 39974692 8388604 8204028

1748468155
263083728 197266272 7387580 39996056 8388604 8204028

1748468156
263083728 197247248 7387584 40016032 8388604 8204028

1748468157
263083728 197226460 7387584 40037672 8388604 8204028

1748468158
263083728 197213568 7387584 40057804 8388604 8204028

1748468159
263083728 197208300 7387644 40078000 8388604 8204028

1748468160
263083728 197183284 7387644 40099624 8388604 8204028

1748468161
263083728 197150752 7387644 40121308 8388604 8204028

1748468162
263083728 197117004 7387656 40143632 8388604 8204028

1748468163
263083728 197083904 7387656 40165132 8388604 8204028

1748468164
263083728 197045212 7387656 40187308 8388604 8204028

1748468165
263083728 197007440 7387656 40209700 8388604 8204028

1748468166
263083728 196957564 7387656 40235660 8388604 8204028

1748468167
263083728 196911028 7387656 40259144 8388604 8204028

1748468168
263083728 196939948 7387724 40280064 8388604 8204028

1748468169
263083728 196928408 7387776 40299764 8388604 8204028

1748468170
263083728 196797064 7387828 40318288 8388604 8204028

1748468171
263083728 196723284 7387828 40342748 8388604 8204028

1748468172
263083728 196626600 7387828 40365440 8388604 8204028

1748468173
263083728 196569944 7387828 40387456 8388604 8204028

1748468174
263083728 196564468 7387828 40408820 8388604 8204028

1748468175
263083728 196539280 7387836 40433128 8388604 8204028

1748468176
263083728 196547092 7387912 40453692 8388604 8204028

1748468177
263083728 196437112 7387912 40475356 8388604 8204028

1748468178
263083728 196339104 7387912 40499560 8388604 8204028

1748468179
263083728 196304872 7387912 40519032 8388604 8204028

1748468180
263083728 196305532 7387912 40539772 8388604 8204028

1748468181
263083728 196315972 7387924 40560716 8388604 8204028

1748468182
263083728 196269824 7388024 40580272 8388604 8204028

1748468183
263083728 196244660 7388036 40601992 8388604 8204028

1748468184
263083728 196229016 7388036 40626700 8388604 8204028

1748468185
263083728 196236400 7388036 40646460 8388604 8204028

1748468186
263083728 196224608 7388036 40667088 8388604 8204028

1748468187
263083728 196183300 7388044 40691440 8388604 8204028

1748468188
263083728 196162768 7388044 40716704 8388604 8204028

1748468189
263083728 196149680 7388044 40742024 8388604 8204028

1748468190
263083728 196215604 7388052 40762844 8388604 8204028

1748468191
263083728 196194880 7388052 40783048 8388604 8204028

1748468192
263083728 196183792 7388052 40801908 8388604 8204028

1748468193
263083728 196179784 7388060 40821488 8388604 8204028

1748468194
263083728 196152848 7388060 40839808 8388604 8204028

1748468195
263083728 196139060 7388064 40857252 8388604 8204028

1748468196
263083728 196126040 7388064 40874288 8388604 8204028

1748468197
263083728 196114304 7388064 40892576 8388604 8204028

1748468198
263083728 196097120 7388068 40911008 8388604 8204028

1748468199
263083728 196075060 7388068 40930196 8388604 8204028

1748468200
263083728 196051900 7388076 40951556 8388604 8204028

1748468201
263083728 196019236 7388076 40972908 8388604 8204028

1748468202
263083728 195993224 7388076 40995336 8388604 8204028

1748468203
263083728 195954736 7388076 41018436 8388604 8204028

1748468204
263083728 195920688 7388076 41038340 8388604 8204028

1748468205
263083728 195899200 7388080 41058528 8388604 8204028

1748468206
263083728 195878872 7388080 41078388 8388604 8204028

1748468207
263083728 195856468 7388080 41096988 8388604 8204028

1748468208
263083728 195837336 7388080 41115000 8388604 8204028

1748468209
263083728 195818864 7388080 41135880 8388604 8204028

1748468210
263083728 195807400 7388084 41151524 8388604 8204028

1748468211
263083728 195791336 7388084 41170012 8388604 8204028

1748468212
263083728 195765264 7388084 41192420 8388604 8204028

1748468213
263083728 195746468 7388084 41213096 8388604 8204028

1748468214
263083728 195718384 7388084 41232192 8388604 8204028

1748468215
263083728 195698424 7388088 41253972 8388604 8204028

1748468216
263083728 195690588 7388088 41276092 8388604 8204028

1748468217
263083728 195675704 7388088 41295712 8388604 8204028

1748468218
263083728 195650216 7388088 41315296 8388604 8204028

1748468219
263083728 195618088 7388088 41336036 8388604 8204028

1748468220
263083728 195595340 7388096 41357800 8388604 8204028

1748468221
263083728 195577452 7388096 41374308 8388604 8204028

1748468222
263083728 195561208 7388096 41392656 8388604 8204028

1748468223
263083728 195543876 7388096 41412344 8388604 8204028

1748468224
263083728 195542212 7388136 41428568 8388604 8204028

1748468225
263083728 195550232 7388140 41444244 8388604 8204028

1748468226
263083728 195537260 7388140 41462616 8388604 8204028

1748468227
263083728 195520904 7388140 41483360 8388604 8204028

1748468228
263083728 195495492 7388140 41501572 8388604 8204028

1748468229
263083728 195475168 7388140 41519120 8388604 8204028

1748468230
263083728 195366476 7388140 41537820 8388604 8204028

1748468231
263083728 195279320 7388140 41558592 8388604 8204028

1748468232
263083728 195208064 7388140 41579908 8388604 8204028

1748468233
263083728 195188448 7388140 41603140 8388604 8204028

1748468234
263083728 195154268 7388140 41624540 8388604 8204028

1748468235
263083728 195113404 7388144 41644640 8388604 8204028

1748468236
263083728 195048600 7388144 41662812 8388604 8204028

1748468237
263083728 194933908 7388144 41681576 8388604 8204028

1748468238
263083728 194850504 7388144 41699756 8388604 8204028

1748468239
263083728 194816160 7388144 41720048 8388604 8204028

1748468240
263083728 194793312 7388144 41738196 8388604 8204028

1748468241
263083728 194765432 7388152 41756676 8388604 8204028

1748468242
263083728 194733092 7388152 41777972 8388604 8204028

1748468243
263083728 194716024 7388152 41798448 8388604 8204028

1748468244
263083728 194696908 7388152 41815096 8388604 8204028

1748468245
263083728 194677740 7388152 41832368 8388604 8204028

1748468246
263083728 194651504 7388152 41850480 8388604 8204028

1748468247
263083728 194629816 7388152 41871796 8388604 8204028

1748468248
263083728 194603888 7388152 41894936 8388604 8204028

1748468249
263083728 194584080 7388152 41917376 8388604 8204028

1748468250
263083728 194565956 7388152 41939424 8388604 8204028

1748468251
263083728 194528556 7388160 41960696 8388604 8204028

1748468252
263083728 194514876 7388160 41984364 8388604 8204028

1748468253
263083728 194492484 7388160 42006668 8388604 8204028

1748468254
263083728 194459656 7388160 42030176 8388604 8204028

1748468255
263083728 194431868 7388172 42048580 8388604 8204028

1748468256
263083728 194413272 7388180 42064228 8388604 8204028

1748468257
263083728 194391460 7388180 42084612 8388604 8204028

1748468258
263083728 194344936 7388180 42103252 8388604 8204028

1748468259
263083728 194320820 7388180 42123268 8388604 8204028

1748468260
263083728 194294556 7388180 42140628 8388604 8204028

1748468261
263083728 194280064 7388192 42158416 8388604 8204028

1748468262
263083728 194259068 7388192 42176860 8388604 8204028

1748468263
263083728 194254836 7388192 42194564 8388604 8204028

1748468264
263083728 194236352 7388192 42210880 8388604 8204028

1748468265
263083728 194217368 7388192 42227864 8388604 8204028

1748468266
263083728 194183116 7388200 42246380 8388604 8204028

1748468267
263083728 194147212 7388200 42265512 8388604 8204028

1748468268
263083728 194129780 7388200 42287640 8388604 8204028

1748468269
263083728 194203792 7388244 42306124 8388604 8204028

1748468270
263083728 194160928 7388244 42326460 8388604 8204028

1748468271
263083728 194133376 7388244 42346360 8388604 8204028

1748468272
263083728 194099464 7388244 42367428 8388604 8204028

1748468273
263083728 194064396 7388244 42389180 8388604 8204028

1748468274
263083728 194029376 7388244 42407800 8388604 8204028

1748468275
263083728 194005344 7388244 42430072 8388604 8204028

1748468276
263083728 193982208 7388244 42452140 8388604 8204028

1748468277
263083728 193967220 7388244 42472008 8388604 8204028

1748468278
263083728 193953872 7388244 42490420 8388604 8204028

1748468279
263083728 193944068 7388244 42503984 8388604 8204028

1748468280
263083728 193931372 7388244 42523264 8388604 8204028

1748468281
263083728 193901624 7388252 42542392 8388604 8204028

1748468282
263083728 193873720 7388252 42561200 8388604 8204028

1748468283
263083728 193858540 7388252 42579724 8388604 8204028

1748468284
263083728 193854820 7388252 42596380 8388604 8204028

1748468285
263083728 193854136 7388252 42612004 8388604 8204028

1748468286
263083728 193839388 7388252 42632528 8388604 8204028

1748468287
263083728 193826380 7388260 42652684 8388604 8204028

1748468288
263083728 193812692 7388260 42670060 8388604 8204028

1748468289
263083728 193787812 7388268 42687264 8388604 8204028

1748468290
263083728 193654736 7388268 42705004 8388604 8204028

1748468291
263083728 193592784 7388268 42726620 8388604 8204028

1748468292
263083728 193527808 7388268 42746492 8388604 8204028

1748468293
263083728 193507200 7388268 42768744 8388604 8204028

1748468294
263083728 193480352 7388276 42790240 8388604 8204028

1748468295
263083728 193469108 7388276 42807000 8388604 8204028

1748468296
263083728 193420744 7388288 42822528 8388604 8204028

1748468297
263083728 193311976 7388288 42842216 8388604 8204028

1748468298
263083728 193221264 7388288 42864380 8388604 8204028

1748468299
263083728 193224392 7388288 42885312 8388604 8204028

1748468300
263083728 193191620 7388288 42907152 8388604 8204028

1748468301
263083728 193184676 7388296 42929276 8388604 8204028

1748468302
263083728 193162036 7388296 42949000 8388604 8204028

1748468303
263083728 193153064 7388296 42970248 8388604 8204028

1748468304
263083728 193160636 7388296 42988572 8388604 8204028

1748468305
263083728 193170336 7388296 43006428 8388604 8204028

1748468306
263083728 193171672 7388300 43027308 8388604 8204028

1748468307
263083728 193162652 7388300 43045732 8388604 8204028

1748468308
263083728 193147564 7388300 43063100 8388604 8204028

1748468309
263083728 193140836 7388300 43082508 8388604 8204028

1748468310
263083728 193130144 7388300 43098020 8388604 8204028

1748468311
263083728 193115520 7388308 43115892 8388604 8204028

1748468312
263083728 193098636 7388308 43137400 8388604 8204028

1748468313
263083728 193091656 7388316 43159260 8388604 8204028

1748468314
263083728 193090424 7388316 43177416 8388604 8204028

1748468315
263083728 193070444 7388316 43195928 8388604 8204028

1748468316
263083728 193055084 7388324 43214252 8388604 8204028

1748468317
263083728 193044332 7388324 43232812 8388604 8204028

1748468318
263083728 193033076 7388324 43252324 8388604 8204028

1748468319
263083728 193012512 7388324 43272992 8388604 8204028

1748468320
263083728 192991532 7388324 43293828 8388604 8204028

1748468321
263083728 192986348 7388332 43314612 8388604 8204028

1748468322
263083728 192952684 7388332 43336620 8388604 8204028

1748468323
263083728 192800892 7388332 43355760 8388604 8204028

1748468324
263083728 192776696 7388332 43375248 8388604 8204028

1748468325
263083728 192762676 7388332 43395612 8388604 8204028

1748468326
263083728 192739488 7388336 43417032 8388604 8204028

1748468327
263083728 192731232 7388336 43434112 8388604 8204028

1748468328
263083728 192718704 7388336 43453076 8388604 8204028

1748468329
263083728 192804576 7388352 43473392 8388604 8204028

1748468330
263083728 192792828 7388352 43491760 8388604 8204028

1748468331
263083728 192765804 7388352 43513356 8388604 8204028

1748468332
263083728 192696488 7388352 43536612 8388604 8204028

1748468333
263083728 192631216 7388352 43562312 8388604 8204028

1748468334
263083728 192613944 7388356 43586108 8388604 8204028

1748468335
263083728 192579508 7388356 43606780 8388604 8204028

1748468336
263083728 192564032 7388356 43626004 8388604 8204028

1748468337
263083728 192552428 7388356 43645092 8388604 8204028

1748468338
263083728 192528068 7388356 43669700 8388604 8204028

1748468339
263083728 192492180 7388364 43690312 8388604 8204028

1748468340
263083728 192466760 7388364 43708252 8388604 8204028

1748468341
263083728 192460200 7388364 43726764 8388604 8204028

1748468342
263083728 192433760 7388364 43745860 8388604 8204028

1748468343
263083728 192408220 7388364 43764992 8388604 8204028

1748468344
263083728 192376684 7388372 43785280 8388604 8204028

1748468345
263083728 192360916 7388372 43806576 8388604 8204028

1748468346
263083728 192320284 7388372 43828692 8388604 8204028

1748468347
263083728 192303608 7388372 43848324 8388604 8204028

1748468348
263083728 192277372 7388372 43871624 8388604 8204028

1748468349
263083728 192251416 7388372 43893396 8388604 8204028

1748468350
263083728 192130940 7388372 43920432 8388604 8204028

1748468351
263083728 192035076 7388372 43946860 8388604 8204028

1748468352
263083728 191946380 7388372 43973984 8388604 8204028

1748468353
263083728 191907452 7388372 44000964 8388604 8204028

1748468354
263083728 191893856 7388384 44025812 8388604 8204028

1748468355
263083728 191874592 7388384 44052328 8388604 8204028

1748468356
263083728 191854544 7388392 44077232 8388604 8204028

1748468357
263083728 191737752 7388392 44100760 8388604 8204028

1748468358
263083728 191677408 7388392 44128156 8388604 8204028

1748468359
263083728 191636204 7388404 44154196 8388604 8204028

1748468360
263083728 191613188 7388404 44177404 8388604 8204028

1748468361
263083728 191607544 7388416 44200016 8388604 8204028

1748468362
263083728 191597636 7388416 44223264 8388604 8204028

1748468363
263083728 191572252 7388416 44246592 8388604 8204028

1748468364
263083728 191552064 7388416 44272952 8388604 8204028

1748468365
263083728 191542312 7388416 44296132 8388604 8204028

1748468366
263083728 191534896 7388416 44317568 8388604 8204028

1748468367
263083728 191503204 7388416 44346632 8388604 8204028

1748468368
263083728 191453768 7388416 44372720 8388604 8204028

1748468369
263083728 191437512 7388416 44395208 8388604 8204028

1748468370
263083728 191411628 7388416 44418156 8388604 8204028

1748468371
263083728 191384360 7388424 44444988 8388604 8204028

1748468372
263083728 191346600 7388424 44469928 8388604 8204028

1748468373
263083728 191323124 7388424 44495332 8388604 8204028

1748468374
263083728 191293476 7388424 44519160 8388604 8204028

1748468375
263083728 191270088 7388424 44540960 8388604 8204028

1748468376
263083728 191251000 7388432 44558672 8388604 8204028

1748468377
263083728 191242652 7388432 44576716 8388604 8204028

1748468378
263083728 191235684 7388432 44593260 8388604 8204028

1748468379
263083728 191232432 7388432 44608684 8388604 8204028

1748468380
263083728 191212724 7388432 44625480 8388604 8204028

1748468381
263083728 191200068 7388436 44643280 8388604 8204028

1748468382
263083728 191187792 7388436 44658724 8388604 8204028

1748468383
263083728 191175644 7388436 44673724 8388604 8204028

1748468384
263083728 191155640 7388436 44692440 8388604 8204028

1748468385
263083728 191138496 7388436 44708632 8388604 8204028

1748468386
263083728 191119812 7388444 44729236 8388604 8204028

1748468387
263083728 191087724 7388444 44753296 8388604 8204028

1748468388
263083728 191059740 7388444 44776740 8388604 8204028

1748468389
263083728 191050308 7388456 44798484 8388604 8204028

1748468390
263083728 191027276 7388460 44819912 8388604 8204028

1748468391
263083728 191008696 7388464 44843356 8388604 8204028

1748468392
263083728 190981048 7388464 44865264 8388604 8204028

1748468393
263083728 190956708 7388464 44887372 8388604 8204028

1748468394
263083728 190933032 7388464 44907652 8388604 8204028

1748468395
263083728 190912160 7388468 44931064 8388604 8204028

1748468396
263083728 190904500 7388476 44954396 8388604 8204028

1748468397
263083728 190861144 7388476 44979724 8388604 8204028

1748468398
263083728 190821296 7388476 45005604 8388604 8204028

1748468399
263083728 190781164 7388476 45030480 8388604 8204028

1748468400
263083728 190749172 7388476 45055536 8388604 8204028

1748468401
263083728 190705912 7388484 45081420 8388604 8204028

1748468402
263083728 190666824 7388484 45106652 8388604 8204028

1748468403
263083728 190653176 7388484 45127580 8388604 8204028

1748468404
263083728 190708172 7388524 45149300 8388604 8204028

1748468405
263083728 190695068 7388524 45170380 8388604 8204028

1748468406
263083728 190678676 7388524 45197384 8388604 8204028

1748468407
263083728 190671640 7388524 45222688 8388604 8204028

1748468408
263083728 190661108 7388524 45241960 8388604 8204028

1748468409
263083728 190603664 7388528 45266392 8388604 8204028

1748468410
263083728 190473908 7388528 45292460 8388604 8204028

1748468411
263083728 190381104 7388536 45318924 8388604 8204028

1748468412
263083728 190279088 7388544 45340308 8388604 8204028

1748468413
263083728 190239484 7388544 45361776 8388604 8204028

1748468414
263083728 190194548 7388544 45385612 8388604 8204028

1748468415
263083728 190159812 7388544 45404560 8388604 8204028

1748468416
263083728 190179576 7388564 45422788 8388604 8204028

1748468417
263083728 190115660 7388564 45439228 8388604 8204028

1748468418
263083728 190012392 7388564 45460376 8388604 8204028

1748468419
263083728 189990364 7388564 45477784 8388604 8204028

1748468420
263083728 189962796 7388564 45499396 8388604 8204028

1748468421
263083728 189958668 7388580 45519648 8388604 8204028

1748468422
263083728 189933364 7388580 45539660 8388604 8204028

1748468423
263083728 189921608 7388580 45559864 8388604 8204028

1748468424
263083728 189898040 7388580 45581972 8388604 8204028

1748468425
263083728 189879448 7388580 45600952 8388604 8204028

1748468426
263083728 189869620 7388584 45619204 8388604 8204028

1748468427
263083728 189858796 7388584 45637160 8388604 8204028

1748468428
263083728 189828884 7388584 45657064 8388604 8204028

1748468429
263083728 189821256 7388584 45672368 8388604 8204028

1748468430
263083728 189800888 7388584 45691248 8388604 8204028

1748468431
263083728 189785672 7388588 45709668 8388604 8204028

1748468432
263083728 189770260 7388588 45728376 8388604 8204028

1748468433
263083728 189757852 7388588 45745548 8388604 8204028

1748468434
263083728 189743696 7388588 45762108 8388604 8204028

1748468435
263083728 189725492 7388588 45782124 8388604 8204028

1748468436
263083728 189711168 7388596 45799604 8388604 8204028

1748468437
263083728 189703220 7388596 45816544 8388604 8204028

1748468438
263083728 189684332 7388596 45834916 8388604 8204028

1748468439
263083728 189574024 7388596 45851760 8388604 8204028

1748468440
263083728 189554660 7388596 45869060 8388604 8204028

1748468441
263083728 189525276 7388600 45889592 8388604 8204028

1748468442
263083728 189502608 7388600 45906240 8388604 8204028

1748468443
263083728 189477452 7388600 45922884 8388604 8204028

1748468444
263083728 189461680 7388600 45938612 8388604 8204028

1748468445
263083728 189486740 7388600 45956176 8388604 8204028

1748468446
263083728 189464856 7388604 45971480 8388604 8204028

1748468447
263083728 189406316 7388612 45979828 8388604 8204028

1748468448
263083728 189007036 7388612 45990388 8388604 8204028

1748468449
263083728 188963380 7388612 46003820 8388604 8204028

1748468450
263083728 188903268 7388612 46016956 8388604 8204028

1748468451
263083728 188798104 7388620 46028640 8388604 8204028

1748468452
263083728 188793448 7388640 46041912 8388604 8204028

1748468453
263083728 188769728 7388640 46056468 8388604 8204028

1748468454
263083728 188692108 7388640 46069304 8388604 8204028

1748468455
263083728 188697624 7388640 46082192 8388604 8204028

1748468456
263083728 188660520 7388644 46095128 8388604 8204028

1748468457
263083728 188639724 7388644 46106348 8388604 8204028

1748468458
263083728 188632140 7388644 46118348 8388604 8204028

1748468459
263083728 188589920 7388644 46133096 8388604 8204028

1748468460
263083728 188583352 7388644 46147392 8388604 8204028

1748468461
263083728 188587348 7388644 46161780 8388604 8204028

1748468462
263083728 188581852 7388644 46173632 8388604 8204028

1748468463
263083728 188568044 7388644 46185992 8388604 8204028

1748468464
263083728 188598372 7388692 46201008 8388604 8204028

1748468465
263083728 188594236 7388692 46217204 8388604 8204028

1748468466
263083728 188587452 7388692 46228052 8388604 8204028

1748468467
263083728 188572992 7388704 46240320 8388604 8204028

1748468468
263083728 188564644 7388704 46253156 8388604 8204028

1748468469
263083728 188582444 7388716 46267968 8388604 8204028

1748468470
263083728 188461772 7388716 46280560 8388604 8204028

1748468471
263083728 188354052 7388716 46293384 8388604 8204028

1748468472
263083728 188239764 7388716 46307952 8388604 8204028

1748468473
263083728 188235996 7388716 46321148 8388604 8204028

1748468474
263083728 188217860 7388724 46335440 8388604 8204028

1748468475
263083728 188210236 7388724 46350796 8388604 8204028

1748468476
263083728 188147064 7388732 46367412 8388604 8204028

1748468477
263083728 188107904 7388732 46381012 8388604 8204028

1748468478
263083728 188023612 7388732 46394060 8388604 8204028

1748468479
263083728 187998800 7388732 46407772 8388604 8204028

1748468480
263083728 187980156 7388732 46424320 8388604 8204028

1748468481
263083728 187962888 7388736 46439540 8388604 8204028

1748468482
263083728 187963284 7388736 46452460 8388604 8204028

1748468483
263083728 187924668 7388736 46465332 8388604 8204028

1748468484
263083728 187914232 7388736 46479860 8388604 8204028

1748468485
263083728 187898288 7388736 46491808 8388604 8204028

1748468486
263083728 187890832 7388740 46504752 8388604 8204028

1748468487
263083728 187881748 7388740 46517096 8388604 8204028

1748468488
263083728 187889484 7388740 46529888 8388604 8204028

1748468489
263083728 187903648 7388740 46541384 8388604 8204028

1748468490
263083728 187903936 7388740 46554252 8388604 8204028

1748468491
263083728 187899180 7388744 46569180 8388604 8204028

1748468492
263083728 187901124 7388744 46580380 8388604 8204028

1748468493
263083728 187900444 7388756 46593676 8388604 8204028

1748468494
263083728 187897884 7388756 46608152 8388604 8204028

1748468495
263083728 187899332 7388756 46624000 8388604 8204028

1748468496
263083728 187854816 7388764 46642472 8388604 8204028

1748468497
263083728 187828456 7388764 46653992 8388604 8204028

1748468498
263083728 187808740 7388764 46666500 8388604 8204028

1748468499
263083728 187801284 7388764 46678708 8388604 8204028

1748468500
263083728 187804320 7388764 46691700 8388604 8204028

1748468501
263083728 187711740 7388768 46701572 8388604 8204028

1748468502
263083728 187507020 7388768 46713372 8388604 8204028

1748468503
263083728 187493104 7388768 46727892 8388604 8204028

1748468504
263083728 187475172 7388768 46740588 8388604 8204028

1748468505
263083728 187474664 7388768 46753052 8388604 8204028

1748468506
263083728 187461512 7388776 46763992 8388604 8204028

1748468507
263083728 187442656 7388776 46776928 8388604 8204028

1748468508
263083728 187419368 7388776 46790312 8388604 8204028

1748468509
263083728 187406664 7388816 46801080 8388604 8204028

1748468510
263083728 187486340 7388824 46813356 8388604 8204028

1748468511
263083728 187443880 7388824 46827500 8388604 8204028

1748468512
263083728 187438848 7388824 46840240 8388604 8204028

1748468513
263083728 187432980 7388824 46851728 8388604 8204028

1748468514
263083728 187411928 7388824 46866092 8388604 8204028

1748468515
263083728 187404612 7388832 46878856 8388604 8204028

1748468516
263083728 187399920 7388832 46892352 8388604 8204028

1748468517
263083728 187510480 7388832 46905824 8388604 8204028

1748468518
263083728 187414588 7388832 46917672 8388604 8204028

1748468519
263083728 187363480 7388832 46928092 8388604 8204028

1748468520
263083728 187347608 7388840 46939716 8388604 8204028

1748468521
263083728 187218020 7388840 47107784 8388604 8204028

1748468522
263083728 187054924 7388840 47252500 8388604 8204028

1748468523
263083728 186954220 7388872 47292576 8388604 8204028

1748468524
263083728 186907760 7388872 47307484 8388604 8204028

1748468525
263083728 186887384 7388872 47323676 8388604 8204028

1748468526
263083728 188839044 7388880 47377788 8388604 8204028

1748468527
263083728 188792084 7388916 47398336 8388604 8204028

1748468528
263083728 188795288 7388916 47414752 8388604 8204028

1748468529
263083728 188797060 7388984 47431416 8388604 8204028

1748468530
263083728 188690704 7388984 47448724 8388604 8204028

1748468531
263083728 188607948 7388996 47464536 8388604 8204028

1748468532
263083728 188543920 7388996 47479908 8388604 8204028

1748468533
263083728 188524336 7388996 47496908 8388604 8204028

1748468534
263083728 188498952 7388996 47509636 8388604 8204028

1748468535
263083728 188502196 7388996 47518300 8388604 8204028

1748468536
263083728 188508328 7389012 47527492 8388604 8204028

1748468537
263083728 188504288 7389012 47535652 8388604 8204028

1748468538
263083728 188411984 7389012 47543972 8388604 8204028

1748468539
263083728 188405408 7389016 47553008 8388604 8204028

1748468540
263083728 188395692 7389016 47562616 8388604 8204028

1748468541
263083728 188412276 7389028 47571512 8388604 8204028

1748468542
263083728 188008216 7389028 47576776 8388604 8204028

1748468543
263083728 188009780 7389028 47582616 8388604 8204028

1748468544
263083728 188043420 7389028 47589088 8388604 8204028

1748468545
263083728 188064588 7389028 47596204 8388604 8204028

1748468546
263083728 188083228 7389036 47603956 8388604 8204028

1748468547
263083728 188083632 7389036 47610324 8388604 8204028

1748468548
263083728 188091856 7389036 47617524 8388604 8204028

1748468549
263083728 188099816 7389036 47625268 8388604 8204028

1748468550
263083728 188114184 7389036 47632048 8388604 8204028

1748468551
263083728 188138700 7389044 47638360 8388604 8204028

1748468552
263083728 188135052 7389044 47645248 8388604 8204028

1748468553
263083728 188134852 7389044 47652816 8388604 8204028

1748468554
263083728 188089120 7389044 47660240 8388604 8204028

1748468555
263083728 188095552 7389044 47666972 8388604 8204028

1748468556
263083728 188102044 7389048 47674516 8388604 8204028

1748468557
263083728 188111820 7389048 47682500 8388604 8204028

1748468558
263083728 188112120 7389048 47690740 8388604 8204028

1748468559
263083728 188114264 7389048 47699628 8388604 8204028

1748468560
263083728 188119544 7389048 47707864 8388604 8204028

1748468561
263083728 188125480 7389056 47715136 8388604 8204028

1748468562
263083728 187853464 7389056 47721240 8388604 8204028

1748468563
263083728 187849484 7389056 47727960 8388604 8204028

1748468564
263083728 187856736 7389056 47735324 8388604 8204028

1748468565
263083728 187855584 7389056 47742256 8388604 8204028

1748468566
263083728 187858492 7389064 47748912 8388604 8204028

1748468567
263083728 187860764 7389064 47755268 8388604 8204028

1748468568
263083728 187863216 7389064 47761092 8388604 8204028

1748468569
263083728 187866572 7389064 47767516 8388604 8204028

1748468570
263083728 187849684 7389064 47774548 8388604 8204028

1748468571
263083728 187849424 7389072 47782264 8388604 8204028

1748468572
263083728 187851540 7389072 47790480 8388604 8204028

1748468573
263083728 187853824 7389072 47798032 8388604 8204028

1748468574
263083728 187855904 7389072 47805632 8388604 8204028

1748468575
263083728 187869036 7389072 47810512 8388604 8204028

1748468576
263083728 187868296 7389080 47815264 8388604 8204028

1748468577
263083728 187876556 7389080 47820668 8388604 8204028

1748468578
263083728 187874556 7389080 47826716 8388604 8204028

1748468579
263083728 187860444 7389080 47833340 8388604 8204028

1748468580
263083728 187869148 7389080 47839880 8388604 8204028

1748468581
263083728 187868968 7389088 47845960 8388604 8204028

1748468582
263083728 187873640 7389088 47852728 8388604 8204028

1748468583
263083728 187870384 7389088 47859936 8388604 8204028

1748468584
263083728 187964504 7389144 47866224 8388604 8204028

1748468585
263083728 187964612 7389144 47872652 8388604 8204028

1748468586
263083728 187959372 7389144 47879696 8388604 8204028

1748468587
263083728 187957440 7389144 47887088 8388604 8204028

1748468588
263083728 187950340 7389144 47894016 8388604 8204028

1748468589
263083728 187940288 7389156 47900476 8388604 8204028

1748468590
263083728 187840100 7389156 47907768 8388604 8204028

1748468591
263083728 187763792 7389156 47915456 8388604 8204028

1748468592
263083728 187722340 7389156 47923496 8388604 8204028

1748468593
263083728 187718952 7389156 47932040 8388604 8204028

1748468594
263083728 187717356 7389160 47937084 8388604 8204028

1748468595
263083728 187709516 7389160 47942396 8388604 8204028

1748468596
263083728 187680152 7389164 47948916 8388604 8204028

1748468597
263083728 187621476 7389164 47953576 8388604 8204028

1748468598
263083728 187597312 7389164 47959256 8388604 8204028

1748468599
263083728 187593700 7389164 47965380 8388604 8204028

1748468600
263083728 187587632 7389164 47971928 8388604 8204028

1748468601
263083728 187594352 7389168 47979084 8388604 8204028

1748468602
263083728 187595340 7389168 47986540 8388604 8204028

1748468603
263083728 187575680 7389168 47992900 8388604 8204028

1748468604
263083728 187572468 7389168 48000148 8388604 8204028

1748468605
263083728 187585700 7389168 48007852 8388604 8204028

1748468606
263083728 187591352 7389176 48012192 8388604 8204028

1748468607
263083728 187617540 7389176 48016944 8388604 8204028

1748468608
263083728 187584256 7389176 48022304 8388604 8204028

1748468609
263083728 187600184 7389176 48028308 8388604 8204028

1748468610
263083728 187602144 7389176 48034964 8388604 8204028

1748468611
263083728 187604560 7389184 48042248 8388604 8204028

1748468612
263083728 187604292 7389184 48050144 8388604 8204028

1748468613
263083728 187606604 7389184 48057784 8388604 8204028

1748468614
263083728 187605872 7389184 48064904 8388604 8204028

1748468615
263083728 187603720 7389184 48072792 8388604 8204028

1748468616
263083728 187596300 7389192 48081044 8388604 8204028

1748468617
263083728 187593796 7389192 48088028 8388604 8204028

1748468618
263083728 187589020 7389192 48094860 8388604 8204028

1748468619
263083728 187588368 7389192 48102256 8388604 8204028

1748468620
263083728 187582868 7389192 48109576 8388604 8204028

1748468621
263083728 187642984 7389200 48116224 8388604 8204028

1748468622
263083728 187587512 7389200 48123668 8388604 8204028

1748468623
263083728 187554688 7389200 48131548 8388604 8204028

1748468624
263083728 187544888 7389200 48139676 8388604 8204028

1748468625
263083728 187500948 7389200 48148484 8388604 8204028

1748468626
263083728 187370004 7389208 48389172 8388604 8204028

1748468627
263083728 187237644 7389208 48520644 8388604 8204028

1748468628
263083728 187097720 7389216 48602676 8388604 8204028

1748468629
263083728 187071080 7389216 48611720 8388604 8204028

1748468630
263083728 187061676 7389216 48621048 8388604 8204028

1748468631
263083728 187047656 7389216 48628592 8388604 8204028

1748468632
263083728 187026888 7389216 48636828 8388604 8204028

1748468633
263083728 189168184 7389224 48699620 8388604 8204028

1748468634
263083728 189138980 7389252 48711860 8388604 8204028

1748468635
263083728 189121784 7389252 48726644 8388604 8204028

1748468636
263083728 189114588 7389252 48740848 8388604 8204028

1748468637
263083728 189103680 7389252 48755236 8388604 8204028

1748468638
263083728 189097428 7389276 48763748 8388604 8204028

1748468639
263083728 189086984 7389276 48771452 8388604 8204028

1748468640
263083728 189088052 7389276 48778668 8388604 8204028

1748468641
263083728 189080456 7389276 48785532 8388604 8204028

1748468642
263083728 189068640 7389276 48793192 8388604 8204028

1748468643
263083728 189076428 7389280 48801268 8388604 8204028

1748468644
263083728 189178728 7389332 48808136 8388604 8204028

1748468645
263083728 189177004 7389332 48814744 8388604 8204028

1748468646
263083728 189170744 7389332 48821832 8388604 8204028

1748468647
263083728 189166068 7389332 48828552 8388604 8204028

1748468648
263083728 189190804 7389332 48834204 8388604 8204028

1748468649
263083728 189189256 7389340 48839368 8388604 8204028

1748468650
263083728 189082308 7389340 48845180 8388604 8204028

1748468651
263083728 189026156 7389340 48851740 8388604 8204028

1748468652
263083728 188979796 7389344 48857268 8388604 8204028

1748468653
263083728 188977056 7389344 48863348 8388604 8204028

1748468654
263083728 188986824 7389356 48869844 8388604 8204028

1748468655
263083728 188980296 7389356 48876704 8388604 8204028

1748468656
263083728 188988376 7389368 48884768 8388604 8204028

1748468657
263083728 188909604 7389368 48892348 8388604 8204028

1748468658
263083728 188905668 7389368 48899520 8388604 8204028

1748468659
263083728 188896644 7389368 48907000 8388604 8204028

1748468660
263083728 188898432 7389368 48915072 8388604 8204028

1748468661
263083728 188905032 7389380 48923596 8388604 8204028

1748468662
263083728 188902644 7389380 48932340 8388604 8204028

1748468663
263083728 188906296 7389380 48939528 8388604 8204028

1748468664
263083728 188904868 7389380 48947464 8388604 8204028

1748468665
263083728 188920556 7389380 48952848 8388604 8204028

1748468666
263083728 188923112 7389388 48956416 8388604 8204028

1748468667
263083728 188924932 7389388 48960612 8388604 8204028

1748468668
263083728 188924436 7389388 48965436 8388604 8204028

1748468669
263083728 188933636 7389388 48970956 8388604 8204028

1748468670
263083728 188927376 7389388 48977108 8388604 8204028

1748468671
263083728 188924008 7389396 48983860 8388604 8204028

1748468672
263083728 188917352 7389396 48991276 8388604 8204028

1748468673
263083728 188922656 7389400 48999312 8388604 8204028

1748468674
263083728 188915796 7389400 49005952 8388604 8204028

1748468675
263083728 188910340 7389400 49013344 8388604 8204028

1748468676
263083728 188909672 7389412 49021352 8388604 8204028

1748468677
263083728 188921388 7389412 49029644 8388604 8204028

1748468678
263083728 188924816 7389412 49038308 8388604 8204028

1748468679
263083728 188916900 7389412 49046044 8388604 8204028

1748468680
263083728 188913972 7389412 49051144 8388604 8204028

1748468681
263083728 188919952 7389420 49056792 8388604 8204028

1748468682
263083728 188914820 7389420 49062968 8388604 8204028

1748468683
263083728 188913120 7389420 49068344 8388604 8204028

1748468684
263083728 188910024 7389420 49074328 8388604 8204028

1748468685
263083728 188910344 7389420 49080776 8388604 8204028

1748468686
263083728 188903008 7389428 49087652 8388604 8204028

1748468687
263083728 188900756 7389428 49095148 8388604 8204028

1748468688
263083728 188899056 7389428 49103292 8388604 8204028

1748468689
263083728 188894732 7389428 49112076 8388604 8204028

1748468690
263083728 188890872 7389428 49121172 8388604 8204028

1748468691
263083728 188880728 7389432 49128940 8388604 8204028

1748468692
263083728 188871720 7389432 49137300 8388604 8204028

1748468693
263083728 188867832 7389432 49142432 8388604 8204028

1748468694
263083728 188862716 7389432 49147696 8388604 8204028

1748468695
263083728 188861024 7389432 49153648 8388604 8204028

1748468696
263083728 188858840 7389440 49160256 8388604 8204028

1748468697
263083728 188858884 7389440 49167184 8388604 8204028

1748468698
263083728 188856856 7389444 49169280 8388604 8204028

1748468699
263083728 188857760 7389444 49171760 8388604 8204028

1748468700
263083728 188860240 7389444 49174248 8388604 8204028

1748468701
263083728 188862108 7389452 49177064 8388604 8204028

1748468702
263083728 188863724 7389452 49180056 8388604 8204028

1748468703
263083728 188859288 7389452 49182488 8388604 8204028

1748468704
263083728 188961980 7389508 49185200 8388604 8204028

1748468705
263083728 188967256 7389508 49188588 8388604 8204028

1748468706
263083728 188969968 7389508 49192404 8388604 8204028

1748468707
263083728 188969276 7389508 49196156 8388604 8204028

1748468708
263083728 188963796 7389508 49198140 8388604 8204028

1748468709
263083728 188966792 7389516 49200732 8388604 8204028

1748468710
263083728 188890064 7389516 49203928 8388604 8204028

1748468711
263083728 188812288 7389516 49207988 8388604 8204028

1748468712
263083728 188743620 7389540 49212496 8388604 8204028

1748468713
263083728 188755124 7389540 49217624 8388604 8204028

1748468714
263083728 188749504 7389540 49223424 8388604 8204028

1748468715
263083728 188742848 7389540 49229888 8388604 8204028

1748468716
263083728 188716000 7389552 49235792 8388604 8204028

1748468717
263083728 188612564 7389552 49238532 8388604 8204028

1748468718
263083728 188534384 7389552 49241836 8388604 8204028

1748468719
263083728 188534548 7389552 49245204 8388604 8204028

1748468720
263083728 188533604 7389552 49248316 8388604 8204028

1748468721
263083728 188546656 7389560 49251260 8388604 8204028

1748468722
263083728 188549384 7389560 49254844 8388604 8204028

1748468723
263083728 188551376 7389560 49259044 8388604 8204028

1748468724
263083728 188548236 7389560 49263912 8388604 8204028

1748468725
263083728 188557400 7389560 49269440 8388604 8204028

1748468726
263083728 188556160 7389568 49275532 8388604 8204028

1748468727
263083728 188555924 7389568 49282372 8388604 8204028

1748468728
263083728 188553680 7389568 49289772 8388604 8204028

1748468729
263083728 188557040 7389572 49296884 8388604 8204028

1748468730
263083728 188562752 7389572 49298700 8388604 8204028

1748468731
263083728 188571364 7389584 49300800 8388604 8204028

1748468732
263083728 188573888 7389584 49303408 8388604 8204028

1748468733
263083728 188580312 7389584 49305696 8388604 8204028

1748468734
263083728 188579732 7389584 49307816 8388604 8204028

1748468735
263083728 188580856 7389584 49310616 8388604 8204028

1748468736
263083728 188579940 7389592 49314016 8388604 8204028

1748468737
263083728 188583508 7389592 49318088 8388604 8204028

1748468738
263083728 188581200 7389592 49322840 8388604 8204028

1748468739
263083728 188580496 7389592 49328204 8388604 8204028

1748468740
263083728 188573480 7389592 49334172 8388604 8204028

1748468741
263083728 188573812 7389596 49340828 8388604 8204028

1748468742
263083728 188571872 7389596 49348140 8388604 8204028

1748468743
263083728 188554840 7389596 49356008 8388604 8204028

1748468744
263083728 188548756 7389600 49365180 8388604 8204028

1748468745
263083728 188540004 7389600 49374480 8388604 8204028

1748468746
263083728 188547692 7389604 49378016 8388604 8204028

1748468747
263083728 188551900 7389604 49382024 8388604 8204028

1748468748
263083728 188546976 7389604 49385168 8388604 8204028

1748468749
263083728 188545184 7389604 49387848 8388604 8204028

1748468750
263083728 188547348 7389604 49390460 8388604 8204028

1748468751
263083728 188551364 7389604 49392532 8388604 8204028

1748468752
263083728 188550920 7389604 49395196 8388604 8204028

1748468753
263083728 188549160 7389604 49397620 8388604 8204028

1748468754
263083728 188550344 7389604 49400652 8388604 8204028

1748468755
263083728 188551416 7389604 49403568 8388604 8204028

1748468756
263083728 188563320 7389604 49405312 8388604 8204028

1748468757
263083728 188562852 7389604 49407616 8388604 8204028

1748468758
263083728 188564448 7389604 49409880 8388604 8204028

1748468759
263083728 188564228 7389604 49412624 8388604 8204028

1748468760
263083728 188567328 7389604 49415080 8388604 8204028

1748468761
263083728 188569476 7389604 49418032 8388604 8204028

1748468762
263083728 188567000 7389604 49421644 8388604 8204028

1748468763
263083728 188565160 7389604 49424684 8388604 8204028

1748468764
263083728 188661816 7389656 49426592 8388604 8204028

1748468765
263083728 188662764 7389656 49429176 8388604 8204028

1748468766
263083728 188662436 7389656 49432412 8388604 8204028

1748468767
263083728 188661972 7389656 49436268 8388604 8204028

1748468768
263083728 188658464 7389656 49440776 8388604 8204028

1748468769
263083728 188658424 7389664 49445936 8388604 8204028

1748468770
263083728 188547740 7389664 49451756 8388604 8204028

1748468771
263083728 188502020 7389664 49456244 8388604 8204028

1748468772
263083728 188453036 7389664 49461588 8388604 8204028

1748468773
263083728 188461864 7389664 49466488 8388604 8204028

1748468774
263083728 188458464 7389668 49471284 8388604 8204028

1748468775
263083728 188472240 7389668 49476728 8388604 8204028

1748468776
263083728 188478764 7389668 49483304 8388604 8204028

1748468777
263083728 188448468 7389668 49489504 8388604 8204028

1748468778
263083728 188381812 7389668 49496876 8388604 8204028

1748468779
263083728 188383084 7389668 49504428 8388604 8204028

1748468780
263083728 188383240 7389668 49508792 8388604 8204028

1748468781
263083728 188393216 7389676 49513808 8388604 8204028

1748468782
263083728 188400856 7389676 49517032 8388604 8204028

1748468783
263083728 188403832 7389676 49519736 8388604 8204028

1748468784
263083728 188404892 7389676 49522568 8388604 8204028

1748468785
263083728 188417392 7389676 49525640 8388604 8204028

1748468786
263083728 188426456 7389684 49528644 8388604 8204028

1748468787
263083728 188428984 7389684 49531540 8388604 8204028

1748468788
263083728 188432032 7389684 49533772 8388604 8204028

1748468789
263083728 188439252 7389684 49536680 8388604 8204028

1748468790
263083728 188440232 7389684 49539740 8388604 8204028

1748468791
263083728 188443732 7389692 49541396 8388604 8204028

1748468792
263083728 188445984 7389692 49543620 8388604 8204028

1748468793
263083728 188454700 7389692 49546484 8388604 8204028

1748468794
263083728 188456144 7389692 49550016 8388604 8204028

1748468795
263083728 188453344 7389692 49554196 8388604 8204028

1748468796
263083728 188450076 7389696 49559012 8388604 8204028

1748468797
263083728 188449876 7389696 49564484 8388604 8204028

1748468798
263083728 188446252 7389696 49570600 8388604 8204028

1748468799
263083728 188437416 7389696 49577312 8388604 8204028

1748468800
263083728 188429988 7389696 49584696 8388604 8204028

1748468801
263083728 188425320 7389700 49593368 8388604 8204028

1748468802
263083728 188421488 7389700 49601208 8388604 8204028

1748468803
263083728 188418452 7389700 49603560 8388604 8204028

1748468804
263083728 188420532 7389700 49606500 8388604 8204028

1748468805
263083728 188419968 7389700 49609724 8388604 8204028

1748468806
263083728 188428260 7389712 49612844 8388604 8204028

1748468807
263083728 188353940 7389712 49612852 8388604 8204028

1748468808
263083728 188337460 7389712 49612884 8388604 8204028

1748468809
263083728 188082652 7389712 49612900 8388604 8204028

1748468810
263083728 188010164 7389712 49612936 8388604 8204028

1748468811
263083728 188013792 7389716 49612936 8388604 8204028

1748468812
263083728 188014964 7389716 49612952 8388604 8204028

1748468813
263083728 188023552 7389716 49612968 8388604 8204028

1748468814
263083728 188032580 7389716 49612984 8388604 8204028

1748468815
263083728 188000320 7389716 49613000 8388604 8204028

1748468816
263083728 187916632 7389724 49613028 8388604 8204028

1748468817
263083728 187680228 7389724 49613028 8388604 8204028

1748468818
263083728 187680848 7389724 49613044 8388604 8204028

1748468819
263083728 187633904 7389724 49613060 8388604 8204028

1748468820
263083728 187618320 7389724 49613060 8388604 8204028

1748468821
263083728 187626164 7389728 49613096 8388604 8204028

1748468822
263083728 187529040 7389728 49613096 8388604 8204028

1748468823
263083728 187515332 7389728 49613136 8388604 8204028

1748468824
263083728 187613352 7389784 49613240 8388604 8204028

1748468825
263083728 187595292 7389784 49613268 8388604 8204028

1748468826
263083728 187598560 7389784 49613272 8388604 8204028

1748468827
263083728 187576408 7389784 49613308 8388604 8204028

1748468828
263083728 187529036 7389784 49613308 8388604 8204028

1748468829
263083728 187534464 7389796 49613340 8388604 8204028

1748468830
263083728 187442816 7389796 49613344 8388604 8204028

1748468831
263083728 187413980 7389796 49613376 8388604 8204028

1748468832
263083728 187372292 7389796 49613468 8388604 8204028

1748468833
263083728 187302924 7389804 49696012 8388604 8204028

1748468834
263083728 188554044 7389808 49706900 8388604 8204028

1748468835
263083728 188560608 7389808 49706924 8388604 8204028

1748468836
263083728 188542820 7389816 49706924 8388604 8204028

1748468837
263083728 188492912 7389816 49706964 8388604 8204028

1748468838
263083728 188403916 7389816 49706996 8388604 8204028

1748468839
263083728 188416540 7389816 49707020 8388604 8204028

1748468840
263083728 188423076 7389816 49707056 8388604 8204028

1748468841
263083728 188438784 7389828 49707056 8388604 8204028

1748468842
263083728 188448992 7389828 49707072 8388604 8204028

1748468843
263083728 188459928 7389828 49707072 8388604 8204028

1748468844
263083728 188469480 7389828 49707092 8388604 8204028

1748468845
263083728 188496020 7389828 49707108 8388604 8204028

1748468846
263083728 188503120 7389828 49707140 8388604 8204028

1748468847
263083728 188516300 7389832 49707140 8388604 8204028

1748468849
263083728 188538212 7389832 49707156 8388604 8204028

1748468850
263083728 188544104 7389832 49707156 8388604 8204028

1748468851
263083728 188549520 7389832 49707156 8388604 8204028

1748468852
263083728 188554584 7389832 49707192 8388604 8204028

1748468853
263083728 188569728 7389832 49707212 8388604 8204028

1748468854
263083728 188572152 7389832 49707228 8388604 8204028

1748468855
263083728 188577336 7389832 49707244 8388604 8204028

1748468856
263083728 188578088 7389832 49707244 8388604 8204028

1748468857
263083728 188588072 7389836 49707244 8388604 8204028

1748468859
263083728 188593572 7389836 49707308 8388604 8204028

1748468860
263083728 188594924 7389836 49707312 8388604 8204028

1748468861
263083728 188602864 7389836 49707344 8388604 8204028

1748468862
263083728 188604836 7389848 49707336 8388604 8204028

1748468863
263083728 188608556 7389848 49707352 8388604 8204028

1748468864
263083728 188610184 7389848 49707360 8388604 8204028

1748468865
263083728 188617472 7389848 49707360 8388604 8204028

1748468866
263083728 188618100 7389848 49707408 8388604 8204028

1748468867
263083728 188629092 7389860 49707412 8388604 8204028

1748468868
263083728 188629948 7389860 49707444 8388604 8204028

1748468869
263083728 188634712 7389860 49707444 8388604 8204028

1748468870
263083728 188642324 7389860 49707444 8388604 8204028

1748468871
263083728 188650820 7389860 49707468 8388604 8204028

1748468872
263083728 188652608 7389868 49707476 8388604 8204028

1748468873
263083728 188653200 7389868 49707500 8388604 8204028

1748468874
263083728 188653948 7389868 49707532 8388604 8204028

1748468875
263083728 188654780 7389868 49707552 8388604 8204028

1748468876
263083728 188667024 7389868 49707552 8388604 8204028

1748468877
263083728 188674840 7389880 49707584 8388604 8204028

1748468878
263083728 188675480 7389880 49707584 8388604 8204028

1748468879
263083728 188675916 7389880 49707600 8388604 8204028

1748468880
263083728 188679836 7389880 49707632 8388604 8204028

1748468881
263083728 188680184 7389880 49707632 8388604 8204028

1748468882
263083728 188688960 7389888 49707656 8388604 8204028

1748468883
263083728 188690440 7389888 49707672 8388604 8204028

1748468884
263083728 188794160 7389936 49707656 8388604 8204028

1748468885
263083728 188799128 7389936 49707656 8388604 8204028

1748468886
263083728 188800120 7389936 49707720 8388604 8204028

1748468887
263083728 188812032 7389936 49707740 8388604 8204028

1748468888
263083728 188812720 7389936 49707740 8388604 8204028

1748468889
263083728 188814308 7389936 49707740 8388604 8204028

1748468890
263083728 188732272 7389944 49707812 8388604 8204028

1748468891
263083728 188673492 7389944 49707828 8388604 8204028

1748468892
263083728 188616420 7389944 49707932 8388604 8204028

1748468893
263083728 188619988 7389944 49707964 8388604 8204028

1748468894
263083728 188620896 7389944 49707964 8388604 8204028

1748468895
263083728 188634784 7389952 49707964 8388604 8204028

1748468897
263083728 188561752 7389960 49707492 8388604 8204028

1748468898
263083728 188542168 7389960 49708024 8388604 8204028

1748468899
263083728 188546768 7389960 49708068 8388604 8204028

1748468900
263083728 188556112 7389960 49708068 8388604 8204028

1748468901
263083728 188571100 7389972 49708084 8388604 8204028

1748468902
263083728 188577460 7389972 49708104 8388604 8204028

1748468903
263083728 188590440 7389972 49708120 8388604 8204028

1748468904
263083728 188600652 7389972 49708136 8388604 8204028

1748468905
263083728 188614744 7389972 49708152 8388604 8204028

1748468906
263083728 188630504 7389984 49708172 8388604 8204028

1748468907
263083728 188640756 7389984 49708188 8388604 8204028

1748468908
263083728 188646748 7389984 49708204 8388604 8204028

1748468909
263083728 188660556 7389984 49708220 8388604 8204028

1748468910
263083728 188665188 7389984 49708236 8388604 8204028

1748468911
263083728 188671000 7389984 49708236 8388604 8204028

1748468912
263083728 188686328 7389988 49708284 8388604 8204028

1748468913
263083728 188696932 7389988 49708304 8388604 8204028

1748468914
263083728 188701920 7389988 49708304 8388604 8204028

1748468915
263083728 188712516 7389988 49708352 8388604 8204028

1748468916
263083728 188715552 7389988 49708352 8388604 8204028

1748468917
263083728 188728220 7390000 49708384 8388604 8204028

1748468919
263083728 188732004 7390004 49708396 8388604 8204028

1748468920
263083728 188736096 7390004 49708432 8388604 8204028

1748468921
263083728 188741848 7390004 49708448 8388604 8204028

1748468922
263083728 188746380 7390016 49708448 8388604 8204028

1748468923
263083728 188751116 7390016 49708448 8388604 8204028

1748468924
263083728 188751776 7390016 49708484 8388604 8204028

1748468925
263083728 188760592 7390016 49708484 8388604 8204028

1748468926
263083728 188762004 7390016 49708500 8388604 8204028

1748468927
263083728 188766572 7390024 49708516 8388604 8204028

1748468928
263083728 188783032 7390024 49708512 8388604 8204028

1748468929
263083728 188866188 7390072 49708532 8388604 8204028

1748468930
263083728 188874212 7390072 49708544 8388604 8204028

1748468931
263083728 188876244 7390072 49708560 8388604 8204028

1748468932
263083728 188876724 7390072 49708560 8388604 8204028

1748468933
263083728 188880884 7390072 49708560 8388604 8204028

1748468934
263083728 188882960 7390072 49708592 8388604 8204028

1748468935
263083728 188886548 7390080 49708608 8388604 8204028

1748468937
263083728 188889876 7390080 49708628 8388604 8204028

1748468938
263083728 188893540 7390080 49708628 8388604 8204028

1748468939
263083728 188893556 7390080 49708676 8388604 8204028

1748468940
263083728 188895252 7390084 49708676 8388604 8204028

1748468942
263083728 188897588 7390084 49708708 8388604 8204028

1748468943
263083728 188899904 7390084 49708712 8388604 8204028

1748468944
263083728 188908892 7390084 49708728 8388604 8204028

1748468945
263083728 188914288 7390096 49708744 8388604 8204028

1748468947
263083728 188915388 7390096 49708744 8388604 8204028

1748468948
263083728 188918916 7390096 49708776 8388604 8204028

1748468949
263083728 188921596 7390096 49708792 8388604 8204028

1748468950
263083728 188835212 7390108 49708812 8388604 8204028

1748468951
263083728 188779744 7390108 49708812 8388604 8204028

1748468952
263083728 188731528 7390108 49708948 8388604 8204028

1748468953
263083728 188734260 7390108 49708964 8388604 8204028

1748468954
263083728 188737340 7390108 49708972 8388604 8204028

1748468955
263083728 188748460 7390120 49709020 8388604 8204028

1748468956
263083728 188750448 7390132 49709024 8388604 8204028

1748468957
263083728 188644084 7390132 49709056 8388604 8204028

1748468958
263083728 188577016 7390132 49709068 8388604 8204028

1748468959
263083728 188587336 7390132 49709120 8388604 8204028

1748468960
263083728 188595944 7390132 49709136 8388604 8204028

1748468961
263083728 188610460 7390144 49709152 8388604 8204028

1748468962
263083728 188616952 7390144 49709168 8388604 8204028

1748468963
263083728 188626636 7390144 49709200 8388604 8204028

1748468964
263083728 188630848 7390144 49709200 8388604 8204028

1748468965
263083728 188649704 7390144 49709216 8388604 8204028

1748468966
263083728 188660712 7390152 49709236 8388604 8204028

1748468967
263083728 188664628 7390152 49709252 8388604 8204028

1748468968
263083728 188670736 7390152 49709284 8388604 8204028

1748468969
263083728 188685272 7390152 49709284 8388604 8204028

1748468970
263083728 188691196 7390152 49709284 8388604 8204028

1748468971
263083728 188693424 7390152 49709284 8388604 8204028

1748468972
263083728 188695820 7390160 49709316 8388604 8204028

1748468974
263083728 188713844 7390160 49709352 8388604 8204028

1748468975
263083728 188715864 7390160 49709368 8388604 8204028

1748468976
263083728 188745084 7390160 49709384 8388604 8204028

1748468977
263083728 188746808 7390172 49709400 8388604 8204028

1748468978
263083728 188748956 7390172 49709400 8388604 8204028

1748468979
263083728 188749508 7390172 49709400 8388604 8204028

1748468980
263083728 188754980 7390172 49709432 8388604 8204028

1748468981
263083728 188765964 7390172 49709452 8388604 8204028

1748468982
263083728 188769212 7390184 49709468 8388604 8204028

1748468983
263083728 188770776 7390184 49709488 8388604 8204028

1748468984
263083728 188773888 7390184 49709504 8388604 8204028

1748468985
263083728 188780716 7390184 49709520 8388604 8204028

1748468986
263083728 188783260 7390184 49709540 8388604 8204028

1748468987
263083728 188785780 7390192 49709564 8388604 8204028

1748468988
263083728 188788476 7390192 49709572 8388604 8204028

1748468989
263083728 188796816 7390192 49709576 8388604 8204028

1748468990
263083728 188798036 7390192 49709624 8388604 8204028

1748468991
263083728 188798912 7390192 49709624 8388604 8204028

1748468992
263083728 188800656 7390192 49709624 8388604 8204028

1748468993
263083728 188805944 7390196 49709620 8388604 8204028

1748468995
263083728 188807172 7390196 49709656 8388604 8204028

1748468996
263083728 188815408 7390196 49709692 8388604 8204028

1748468997
263083728 188820248 7390196 49709692 8388604 8204028

1748468998
263083728 188820396 7390204 49709724 8388604 8204028

1748468999
263083728 188822256 7390204 49709724 8388604 8204028

1748469000
263083728 188822540 7390204 49709740 8388604 8204028

1748469001
263083728 188824132 7390204 49709740 8388604 8204028

1748469002
263083728 188824028 7390204 49709756 8388604 8204028

1748469003
263083728 188823888 7390216 49709772 8388604 8204028

1748469004
263083728 188924916 7390272 49709924 8388604 8204028

1748469005
263083728 188925848 7390272 49709924 8388604 8204028

1748469006
263083728 188926484 7390272 49709924 8388604 8204028

1748469007
263083728 188926736 7390272 49709940 8388604 8204028

1748469008
263083728 188927916 7390272 49709956 8388604 8204028

1748469009
263083728 188930752 7390272 49709956 8388604 8204028

1748469010
263083728 188840616 7390280 49709952 8388604 8204028

1748469012
263083728 188728732 7390300 49710112 8388604 8204028

1748469013
263083728 188742852 7390300 49710132 8388604 8204028

1748469014
263083728 188743208 7390300 49710132 8388604 8204028

1748469015
263083728 188746484 7390300 49710148 8388604 8204028

1748469016
263083728 188718388 7390324 49710140 8388604 8204028

1748469017
263083728 188628188 7390324 49710172 8388604 8204028

1748469018
263083728 188549120 7390324 49710236 8388604 8204028

1748469019
263083728 188555004 7390324 49710216 8388604 8204028

1748469020
263083728 188561352 7390324 49710252 8388604 8204028

1748469021
263083728 188587136 7390332 49710268 8388604 8204028

1748469022
263083728 188598508 7390332 49710284 8388604 8204028

1748469023
263083728 188606944 7390332 49710320 8388604 8204028

1748469024
263083728 188615476 7390332 49710352 8388604 8204028

1748469025
263083728 188637648 7390332 49710368 8388604 8204028

1748469026
263083728 188646144 7390332 49710384 8388604 8204028

1748469027
263083728 188654896 7390340 49710404 8388604 8204028

1748469029
263083728 188679344 7390340 49710420 8388604 8204028

1748469030
263083728 188684156 7390340 49710436 8388604 8204028

1748469031
263083728 188689264 7390340 49710436 8388604 8204028

1748469032
263083728 188695132 7390352 49710456 8388604 8204028

1748469033
263083728 188709228 7390352 49710456 8388604 8204028

1748469034
263083728 188713132 7390352 49710520 8388604 8204028

1748469035
263083728 188716100 7390352 49710524 8388604 8204028

1748469036
263083728 188720168 7390352 49710528 8388604 8204028

1748469037
263083728 188732884 7390364 49710516 8388604 8204028

1748469038
263083728 188736828 7390364 49710608 8388604 8204028

1748469039
263083728 188740552 7390364 49710608 8388604 8204028

1748469040
263083728 188742692 7390364 49710608 8388604 8204028

1748469041
263083728 188751552 7390364 49710640 8388604 8204028

1748469042
263083728 188752300 7390364 49710644 8388604 8204028

1748469043
263083728 188755360 7390372 49710676 8388604 8204028

1748469044
263083728 188762532 7390372 49710676 8388604 8204028

1748469045
263083728 188769856 7390372 49710708 8388604 8204028

1748469046
263083728 188770912 7390372 49710708 8388604 8204028

1748469047
263083728 188772028 7390372 49710724 8388604 8204028

1748469048
263083728 188775320 7390380 49710724 8388604 8204028

1748469049
263083728 188888316 7390424 49710696 8388604 8204028

1748469050
263083728 188889732 7390424 49710736 8388604 8204028

1748469051
263083728 188891372 7390424 49710752 8388604 8204028

1748469052
263083728 188892124 7390424 49710772 8388604 8204028

1748469053
263083728 188895740 7390424 49710804 8388604 8204028

1748469054
263083728 188898076 7390424 49710804 8388604 8204028

1748469055
263083728 188904108 7390432 49710796 8388604 8204028

1748469056
263083728 188905648 7390432 49710852 8388604 8204028

1748469057
263083728 188909700 7390432 49710868 8388604 8204028

1748469058
263083728 188913288 7390432 49710888 8388604 8204028

1748469059
263083728 188914236 7390432 49710904 8388604 8204028

1748469060
263083728 188917128 7390444 49710920 8388604 8204028

1748469061
263083728 188919996 7390444 49710920 8388604 8204028

1748469062
263083728 188919996 7390444 49710936 8388604 8204028

1748469063
263083728 188921928 7390444 49710940 8388604 8204028

1748469064
263083728 188921724 7390444 49710972 8388604 8204028

1748469065
263083728 188927164 7390456 49710976 8388604 8204028

1748469066
263083728 188927992 7390456 49711008 8388604 8204028

1748469067
263083728 188930180 7390456 49711024 8388604 8204028

1748469068
263083728 188930512 7390456 49711040 8388604 8204028

1748469069
263083728 188933336 7390456 49711056 8388604 8204028

1748469070
263083728 188845488 7390456 49711060 8388604 8204028

1748469071
263083728 188785204 7390464 49711052 8388604 8204028

1748469073
263083728 188739392 7390464 49711164 8388604 8204028

1748469074
263083728 188754908 7390464 49711180 8388604 8204028

1748469075
263083728 188759424 7390464 49711196 8388604 8204028

1748469076
263083728 188758332 7390484 49711180 8388604 8204028

1748469077
263083728 188614036 7390484 49711184 8388604 8204028

1748469078
263083728 188592936 7390484 49711280 8388604 8204028

1748469079
263083728 188598712 7390484 49711296 8388604 8204028

1748469080
263083728 188616696 7390484 49711316 8388604 8204028

1748469081
263083728 188631936 7390496 49711332 8388604 8204028

1748469082
263083728 188638272 7390496 49711348 8388604 8204028

1748469083
263083728 188648616 7390496 49711364 8388604 8204028

1748469084
263083728 188662724 7390496 49711380 8388604 8204028

1748469085
263083728 188678604 7390496 49711412 8388604 8204028

1748469086
263083728 188684108 7390508 49711412 8388604 8204028

1748469087
263083728 188691164 7390508 49711428 8388604 8204028

1748469088
263083728 188698012 7390508 49711432 8388604 8204028

1748469089
263083728 188707256 7390508 49711432 8388604 8204028

1748469090
263083728 188710720 7390508 49711432 8388604 8204028

1748469091
263083728 188714860 7390508 49711448 8388604 8204028

1748469092
263083728 188719096 7390516 49711464 8388604 8204028

1748469093
263083728 188725672 7390516 49711480 8388604 8204028

1748469094
263083728 188730216 7390516 49711480 8388604 8204028

1748469095
263083728 188731668 7390516 49711496 8388604 8204028

1748469096
263083728 188740884 7390516 49711516 8388604 8204028

1748469097
263083728 188748180 7390524 49711516 8388604 8204028

1748469098
263083728 188751608 7390524 49711516 8388604 8204028

1748469099
263083728 188754284 7390524 49711548 8388604 8204028

1748469100
263083728 188758940 7390524 49711564 8388604 8204028

1748469101
263083728 188762544 7390524 49711580 8388604 8204028

1748469102
263083728 188768140 7390524 49711596 8388604 8204028

1748469103
263083728 188769948 7390536 49711596 8388604 8204028

1748469104
263083728 188772852 7390536 49711596 8388604 8204028

1748469105
263083728 188776784 7390536 49711632 8388604 8204028

1748469106
263083728 188779844 7390536 49711648 8388604 8204028

1748469107
263083728 188780556 7390536 49711648 8388604 8204028

1748469108
263083728 188781848 7390548 49711648 8388604 8204028

1748469109
263083728 188786580 7390548 49711680 8388604 8204028

1748469110
263083728 188787744 7390548 49711712 8388604 8204028

1748469111
263083728 188788504 7390548 49711732 8388604 8204028

1748469112
263083728 188791092 7390548 49711732 8388604 8204028

1748469113
263083728 188793996 7390560 49711748 8388604 8204028

1748469115
263083728 188797168 7390560 49711780 8388604 8204028

1748469116
263083728 188803820 7390560 49711784 8388604 8204028

1748469117
263083728 188808224 7390560 49711820 8388604 8204028

1748469118
263083728 188809824 7390572 49711820 8388604 8204028

1748469120
263083728 188812448 7390572 49711844 8388604 8204028

1748469121
263083728 188821036 7390572 49711876 8388604 8204028

1748469122
263083728 188823980 7390572 49711876 8388604 8204028

1748469123
263083728 188836432 7390612 49711820 8388604 8204028

1748469124
263083728 188920748 7390632 49712008 8388604 8204028

1748469125
263083728 188924944 7390632 49712008 8388604 8204028

1748469126
263083728 188924944 7390632 49712008 8388604 8204028

1748469127
263083728 188927172 7390632 49712044 8388604 8204028

1748469128
263083728 188927416 7390632 49712044 8388604 8204028

1748469129
263083728 188933352 7390644 49712036 8388604 8204028

1748469130
263083728 188838076 7390644 49712084 8388604 8204028

1748469131
263083728 188786592 7390644 49712100 8388604 8204028

1748469132
263083728 188728704 7390644 49712188 8388604 8204028

1748469133
263083728 188729500 7390644 49712188 8388604 8204028

1748469134
263083728 188745516 7390644 49712240 8388604 8204028

1748469135
263083728 188749828 7390656 49712256 8388604 8204028

1748469136
263083728 188738168 7390664 49712256 8388604 8204028

1748469137
263083728 188725988 7390664 49712260 8388604 8204028

1748469138
263083728 188643656 7390664 49712312 8388604 8204028

1748469139
263083728 188664216 7390664 49712344 8388604 8204028

1748469140
263083728 188672712 7390664 49712372 8388604 8204028

1748469141
263083728 188684448 7390676 49712388 8388604 8204028

1748469142
263083728 188691540 7390676 49712412 8388604 8204028

1748469143
263083728 188701924 7390676 49712428 8388604 8204028

1748469144
263083728 188710472 7390676 49712460 8388604 8204028

1748469145
263083728 188721756 7390676 49712476 8388604 8204028

1748469146
263083728 188730612 7390676 49712492 8388604 8204028

1748469147
263083728 188736544 7390688 49712508 8388604 8204028

1748469149
263083728 188753952 7390688 49712544 8388604 8204028

1748469150
263083728 188762140 7390688 49712560 8388604 8204028

1748469151
263083728 188767688 7390688 49712576 8388604 8204028

1748469152
263083728 188771336 7390696 49712576 8388604 8204028

1748469154
263083728 188785036 7390696 49712608 8388604 8204028

1748469155
263083728 188790492 7390696 49712624 8388604 8204028

1748469156
263083728 188794412 7390696 49712640 8388604 8204028

1748469157
263083728 188803352 7390708 49712676 8388604 8204028

1748469158
263083728 188808556 7390708 49712676 8388604 8204028

1748469159
263083728 188814632 7390708 49712676 8388604 8204028

1748469160
263083728 188816800 7390708 49712676 8388604 8204028

1748469161
263083728 188821392 7390708 49712740 8388604 8204028

1748469162
263083728 188824944 7390720 49712740 8388604 8204028

1748469163
263083728 188827188 7390720 49712772 8388604 8204028

1748469164
263083728 188829012 7390720 49712776 8388604 8204028

1748469165
263083728 188836616 7390720 49712776 8388604 8204028

1748469166
263083728 188837524 7390720 49712776 8388604 8204028

1748469167
263083728 188839680 7390720 49712824 8388604 8204028

1748469168
263083728 188840020 7390732 49712824 8388604 8204028

1748469170
263083728 188940120 7390776 49712828 8388604 8204028

1748469171
263083728 188941772 7390776 49712860 8388604 8204028

1748469172
263083728 188942980 7390776 49712864 8388604 8204028

1748469173
263083728 188946832 7390776 49712880 8388604 8204028

1748469174
263083728 188949708 7390776 49712880 8388604 8204028

1748469175
263083728 188951752 7390784 49712896 8388604 8204028

1748469177
263083728 188953600 7390784 49712912 8388604 8204028

1748469178
263083728 188954512 7390784 49712928 8388604 8204028

1748469179
263083728 188955160 7390784 49712928 8388604 8204028

1748469180
263083728 188960440 7390796 49712948 8388604 8204028

1748469182
263083728 188962720 7390796 49712968 8388604 8204028

1748469183
263083728 188965908 7390796 49713016 8388604 8204028

1748469184
263083728 188965656 7390796 49713016 8388604 8204028

1748469185
263083728 188967296 7390800 49713032 8388604 8204028

1748469186
263083728 188969044 7390800 49713036 8388604 8204028

1748469187
263083728 188970996 7390800 49713056 8388604 8204028

1748469188
263083728 188971768 7390800 49713056 8388604 8204028

1748469189
263083728 188971680 7390800 49713088 8388604 8204028

1748469190
263083728 188874524 7390812 49713092 8388604 8204028

1748469191
263083728 188836964 7390812 49713196 8388604 8204028

1748469192
263083728 188777752 7390812 49713196 8388604 8204028

1748469193
263083728 188785640 7390812 49713228 8388604 8204028

1748469194
263083728 188787404 7390812 49713244 8388604 8204028

1748469195
263083728 188790064 7390816 49713264 8388604 8204028

1748469196
263083728 188741564 7390824 49713288 8388604 8204028

1748469197
263083728 188625560 7390824 49713304 8388604 8204028

1748469198
263083728 188545396 7390824 49713360 8388604 8204028

1748469199
263083728 188550208 7390824 49713380 8388604 8204028

1748469200
263083728 188553160 7390824 49713396 8388604 8204028

1748469201
263083728 188569332 7390832 49713412 8388604 8204028

1748469202
263083728 188574280 7390832 49713428 8388604 8204028

1748469203
263083728 188582848 7390832 49713432 8388604 8204028

1748469204
263083728 188585644 7390832 49713448 8388604 8204028

1748469205
263083728 188604620 7390832 49713480 8388604 8204028

1748469206
263083728 188610900 7390840 49713488 8388604 8204028

1748469207
263083728 188613544 7390840 49713528 8388604 8204028

1748469208
263083728 188633056 7390840 49713544 8388604 8204028

1748469209
263083728 188641672 7390840 49713560 8388604 8204028

1748469210
263083728 188650596 7390840 49713564 8388604 8204028

1748469211
263083728 188655236 7390840 49713580 8388604 8204028

1748469212
263083728 188665060 7390852 49713596 8388604 8204028

1748469213
263083728 188672640 7390852 49713612 8388604 8204028

1748469214
263083728 188676896 7390852 49713644 8388604 8204028

1748469215
263083728 188681056 7390852 49713644 8388604 8204028

1748469216
263083728 188689936 7390852 49713660 8388604 8204028

1748469217
263083728 188696808 7390864 49713648 8388604 8204028

1748469218
263083728 188700372 7390864 49713680 8388604 8204028

1748469219
263083728 188704044 7390864 49713700 8388604 8204028

1748469220
263083728 188705488 7390864 49713700 8388604 8204028

1748469221
263083728 188712028 7390864 49713732 8388604 8204028

1748469222
263083728 188714644 7390872 49713748 8388604 8204028

1748469223
263083728 188721404 7390872 49713748 8388604 8204028

1748469224
263083728 188723424 7390872 49713748 8388604 8204028

1748469225
263083728 188725860 7390872 49713764 8388604 8204028

1748469226
263083728 188726500 7390872 49713780 8388604 8204028

1748469227
263083728 188726800 7390872 49713788 8388604 8204028

1748469228
263083728 188755164 7390892 49713772 8388604 8204028

1748469229
263083728 188844088 7390900 49713784 8388604 8204028

1748469230
263083728 188847856 7390900 49713800 8388604 8204028

1748469231
263083728 188847996 7390900 49713816 8388604 8204028

1748469232
263083728 188848568 7390900 49713816 8388604 8204028

1748469233
263083728 188851592 7390900 49713884 8388604 8204028

1748469234
263083728 188853896 7390904 49713880 8388604 8204028

1748469235
263083728 188856876 7390904 49713916 8388604 8204028

1748469236
263083728 188864952 7390904 49713916 8388604 8204028

1748469237
263083728 188866120 7390904 49713932 8388604 8204028

1748469238
263083728 188868812 7390904 49713948 8388604 8204028

1748469239
263083728 188868852 7390908 49713960 8388604 8204028

1748469240
263083728 188871156 7390916 49713984 8388604 8204028

1748469241
263083728 188871996 7390916 49714016 8388604 8204028

1748469242
263083728 188872700 7390916 49714032 8388604 8204028

1748469243
263083728 188873468 7390916 49714048 8388604 8204028

1748469244
263083728 188874256 7390916 49714080 8388604 8204028

1748469245
263083728 188881636 7390920 49714096 8388604 8204028

1748469246
263083728 188884536 7390920 49714096 8388604 8204028

1748469247
263083728 188887664 7390920 49714096 8388604 8204028

1748469248
263083728 188887412 7390920 49714116 8388604 8204028

1748469249
263083728 188890648 7390920 49714136 8388604 8204028

1748469250
263083728 188809252 7390920 49714156 8388604 8204028

1748469251
263083728 188771936 7390928 49714276 8388604 8204028

1748469253
263083728 188708104 7390928 49714308 8388604 8204028

1748469254
263083728 188708880 7390928 49714308 8388604 8204028

1748469255
263083728 188740888 7390928 49714340 8388604 8204028

1748469256
263083728 188718664 7390944 49714328 8388604 8204028

1748469257
263083728 188597524 7390944 49714368 8388604 8204028

1748469258
263083728 188555132 7390944 49714400 8388604 8204028

1748469259
263083728 188560916 7390944 49714428 8388604 8204028

1748469260
263083728 188580264 7390944 49714428 8388604 8204028

1748469261
263083728 188594892 7390952 49714428 8388604 8204028

1748469262
263083728 188597260 7390952 49714476 8388604 8204028

1748469263
263083728 188608240 7390952 49714496 8388604 8204028

1748469264
263083728 188615152 7390952 49714512 8388604 8204028

1748469265
263083728 188627996 7390952 49714512 8388604 8204028

1748469266
263083728 188638544 7390964 49714516 8388604 8204028

1748469267
263083728 188644536 7390964 49714532 8388604 8204028

1748469268
263083728 188660728 7390964 49714560 8388604 8204028

1748469269
263083728 188673620 7390964 49714560 8388604 8204028

1748469270
263083728 188754588 7390964 49714588 8388604 8204028

