1745418473
/dev/nvme3n1p1: 1474173214720
none: 135168

1745418474
/dev/nvme3n1p1: 1474210336768
none: 151552

1745418475
/dev/nvme3n1p1: 1474297643008
none: 20480

1745418476
/dev/nvme3n1p1: 1474397294592
none: 20480

1745418477
/dev/nvme3n1p1: 1474490744832
none: 36864

1745418478
/dev/nvme3n1p1: 1474559746048
none: 36864

1745418479
/dev/nvme3n1p1: 1474857984000
none: 36864

1745418480
/dev/nvme3n1p1: 1475082399744
none: 53248

1745418481
/dev/nvme3n1p1: 1475194318848
none: 53248

1745418482
/dev/nvme3n1p1: 1475254738944
none: 53248

1745418483
/dev/nvme3n1p1: 1475404713984
none: 53248

1745418484
/dev/nvme3n1p1: 1475505623040
none: 77824

1745418485
/dev/nvme3n1p1: 1475601973248
none: 77824

1745418486
/dev/nvme3n1p1: 1475726295040
none: 77824

1745418487
/dev/nvme3n1p1: 1475745333248
none: 77824

1745418488
/dev/nvme3n1p1: 1475903193088
none: 45056

1745418489
/dev/nvme3n1p1: 1476308258816
none: 45056

1745418490
/dev/nvme3n1p1: 1476763238400
none: 45056

1745418491
/dev/nvme3n1p1: 1477087768576
none: 45056

1745418492
/dev/nvme3n1p1: 1477120933888
none: 45056

1745418493
/dev/nvme3n1p1: 1477145260032
none: 36864

1745418494
/dev/nvme3n1p1: 1477493538816
none: 36864

1745418495
/dev/nvme3n1p1: 1477981331456
none: 36864

1745418496
/dev/nvme3n1p1: 1478482247680
none: 36864

1745418497
/dev/nvme3n1p1: 1478978600960
none: 36864

1745418498
/dev/nvme3n1p1: 1479494819840
none: 36864

1745418499
/dev/nvme3n1p1: 1479998959616
none: 36864

1745418500
/dev/nvme3n1p1: 1480482971648
none: 36864

1745418501
/dev/nvme3n1p1: 1480965750784
none: 36864

1745418502
/dev/nvme3n1p1: 1481458479104
none: 36864

1745418503
/dev/nvme3n1p1: 1481965797376
none: 36864

1745418504
/dev/nvme3n1p1: 1482463805440
none: 36864

1745418505
/dev/nvme3n1p1: 1482961506304
none: 36864

1745418506
/dev/nvme3n1p1: 1483456278528
none: 36864

1745418507
/dev/nvme3n1p1: 1483895603200
none: 36864

1745418508
/dev/nvme3n1p1: 1484326522880
none: 36864

1745418509
/dev/nvme3n1p1: 1484725116928
none: 36864

1745418510
/dev/nvme3n1p1: 1485105860608
none: 36864

1745418511
/dev/nvme3n1p1: 1485203288064
none: 36864

1745418512
/dev/nvme3n1p1: 1485215182848
none: 36864

1745418513
/dev/nvme3n1p1: 1485227200512
none: 36864

1745418514
/dev/nvme3n1p1: 1485239177216
none: 36864

1745418515
/dev/nvme3n1p1: 1485251264512
none: 36864

1745418516
/dev/nvme3n1p1: 1485263364096
none: 36864

1745418517
/dev/nvme3n1p1: 1485275381760
none: 36864

1745418518
/dev/nvme3n1p1: 1485287411712
none: 36864

1745418519
/dev/nvme3n1p1: 1485299388416
none: 36864

1745418520
/dev/nvme3n1p1: 1485311705088
none: 36864

1745418521
/dev/nvme3n1p1: 1485323767808
none: 36864

1745418522
/dev/nvme3n1p1: 1485335826432
none: 36864

1745418523
/dev/nvme3n1p1: 1485347860480
none: 36864

1745418524
/dev/nvme3n1p1: 1485359865856
none: 36864

1745418525
/dev/nvme3n1p1: 1485372047360
none: 36864

1745418526
/dev/nvme3n1p1: 1485384167424
none: 36864

1745418527
/dev/nvme3n1p1: 1485396172800
none: 36864

1745418528
/dev/nvme3n1p1: 1485408108544
none: 36864

1745418529
/dev/nvme3n1p1: 1485420224512
none: 36864

1745418530
/dev/nvme3n1p1: 1485432254464
none: 36864

1745418531
/dev/nvme3n1p1: 1485444308992
none: 36864

1745418532
/dev/nvme3n1p1: 1485456441344
none: 36864

1745418533
/dev/nvme3n1p1: 1485468360704
none: 36864

1745418534
/dev/nvme3n1p1: 1485480304640
none: 36864

1745418535
/dev/nvme3n1p1: 1485492449280
none: 36864

1745418536
/dev/nvme3n1p1: 1485504421888
none: 36864

1745418537
/dev/nvme3n1p1: 1485516439552
none: 36864

1745418538
/dev/nvme3n1p1: 1485528461312
none: 36864

1745418539
/dev/nvme3n1p1: 1485540401152
none: 36864

1745418540
/dev/nvme3n1p1: 1485552226304
none: 36864

1745418541
/dev/nvme3n1p1: 1485564088320
none: 36864

1745418542
/dev/nvme3n1p1: 1485575970816
none: 36864

1745418543
/dev/nvme3n1p1: 1485587959808
none: 36864

1745418544
/dev/nvme3n1p1: 1485599907840
none: 36864

1745418545
/dev/nvme3n1p1: 1485611732992
none: 36864

1745418546
/dev/nvme3n1p1: 1485623463936
none: 36864

1745418547
/dev/nvme3n1p1: 1485635354624
none: 36864

1745418548
/dev/nvme3n1p1: 1485647286272
none: 36864

1745418549
/dev/nvme3n1p1: 1485659156480
none: 36864

1745418550
/dev/nvme3n1p1: 1485670768640
none: 36864

1745418551
/dev/nvme3n1p1: 1485678022656
none: 36864

1745418552
/dev/nvme3n1p1: 1485688852480
none: 36864

1745418553
/dev/nvme3n1p1: 1485700722688
none: 36864

1745418554
/dev/nvme3n1p1: 1485712543744
none: 36864

1745418555
/dev/nvme3n1p1: 1485724454912
none: 36864

1745418556
/dev/nvme3n1p1: 1485736390656
none: 36864

1745418557
/dev/nvme3n1p1: 1485748416512
none: 36864

1745418558
/dev/nvme3n1p1: 1485760372736
none: 36864

1745418559
/dev/nvme3n1p1: 1485772427264
none: 36864

1745418560
/dev/nvme3n1p1: 1485784403968
none: 36864

1745418561
/dev/nvme3n1p1: 1485796397056
none: 36864

1745418562
/dev/nvme3n1p1: 1485808386048
none: 36864

1745418563
/dev/nvme3n1p1: 1485820379136
none: 36864

1745418564
/dev/nvme3n1p1: 1485832323072
none: 36864

1745418565
/dev/nvme3n1p1: 1485844373504
none: 36864

1745418566
/dev/nvme3n1p1: 1485856358400
none: 36864

1745418567
/dev/nvme3n1p1: 1485868421120
none: 36864

1745418568
/dev/nvme3n1p1: 1485880418304
none: 36864

1745418569
/dev/nvme3n1p1: 1485892411392
none: 36864

1745418570
/dev/nvme3n1p1: 1485904388096
none: 36864

1745418571
/dev/nvme3n1p1: 1485915332608
none: 36864

1745418572
/dev/nvme3n1p1: 1485927354368
none: 36864

1745418573
/dev/nvme3n1p1: 1485939441664
none: 36864

1745418574
/dev/nvme3n1p1: 1485951406080
none: 36864

1745418575
/dev/nvme3n1p1: 1485963374592
none: 36864

1745418576
/dev/nvme3n1p1: 1485975281664
none: 36864

1745418577
/dev/nvme3n1p1: 1485987282944
none: 36864

1745418578
/dev/nvme3n1p1: 1485999149056
none: 36864

1745418579
/dev/nvme3n1p1: 1486011289600
none: 36864

1745418580
/dev/nvme3n1p1: 1486023282688
none: 36864

1745418581
/dev/nvme3n1p1: 1486035279872
none: 36864

1745418582
/dev/nvme3n1p1: 1486047252480
none: 36864

1745418583
/dev/nvme3n1p1: 1486059155456
none: 36864

1745418584
/dev/nvme3n1p1: 1486070919168
none: 36864

1745418585
/dev/nvme3n1p1: 1486082756608
none: 36864

1745418586
/dev/nvme3n1p1: 1486094520320
none: 36864

1745418587
/dev/nvme3n1p1: 1486106210304
none: 36864

1745418588
/dev/nvme3n1p1: 1486117851136
none: 36864

1745418589
/dev/nvme3n1p1: 1486129537024
none: 36864

1745418590
/dev/nvme3n1p1: 1486141251584
none: 36864

1745418591
/dev/nvme3n1p1: 1486152802304
none: 36864

1745418592
/dev/nvme3n1p1: 1486163427328
none: 36864

1745418593
/dev/nvme3n1p1: 1486175420416
none: 36864

1745418594
/dev/nvme3n1p1: 1486187122688
none: 36864

1745418595
/dev/nvme3n1p1: 1486198243328
none: 36864

1745418596
/dev/nvme3n1p1: 1486208344064
none: 36864

1745418597
/dev/nvme3n1p1: 1486218190848
none: 36864

1745418598
/dev/nvme3n1p1: 1486227816448
none: 36864

1745418599
/dev/nvme3n1p1: 1486239801344
none: 36864

1745418600
/dev/nvme3n1p1: 1486251692032
none: 36864

1745418601
/dev/nvme3n1p1: 1486263615488
none: 36864

1745418602
/dev/nvme3n1p1: 1486275518464
none: 36864

1745418603
/dev/nvme3n1p1: 1486287392768
none: 36864

1745418604
/dev/nvme3n1p1: 1486299254784
none: 36864

1745418605
/dev/nvme3n1p1: 1486311026688
none: 36864

1745418606
/dev/nvme3n1p1: 1486322700288
none: 36864

1745418607
/dev/nvme3n1p1: 1486334685184
none: 36864

1745418608
/dev/nvme3n1p1: 1486346756096
none: 36864

1745418609
/dev/nvme3n1p1: 1486358536192
none: 36864

1745418610
/dev/nvme3n1p1: 1486370353152
none: 36864

1745418611
/dev/nvme3n1p1: 1486382153728
none: 36864

1745418612
/dev/nvme3n1p1: 1486393970688
none: 36864

1745418613
/dev/nvme3n1p1: 1486405828608
none: 36864

1745418614
/dev/nvme3n1p1: 1486417694720
none: 36864

1745418615
/dev/nvme3n1p1: 1486429605888
none: 36864

1745418616
/dev/nvme3n1p1: 1486440488960
none: 36864

1745418617
/dev/nvme3n1p1: 1486453592064
none: 36864

1745418618
/dev/nvme3n1p1: 1486465503232
none: 36864

1745418619
/dev/nvme3n1p1: 1486477398016
none: 36864

1745418620
/dev/nvme3n1p1: 1486489300992
none: 36864

1745418621
/dev/nvme3n1p1: 1486501208064
none: 36864

1745418622
/dev/nvme3n1p1: 1486513086464
none: 36864

1745418623
/dev/nvme3n1p1: 1486524960768
none: 36864

1745418624
/dev/nvme3n1p1: 1486535979008
none: 36864

1745418625
/dev/nvme3n1p1: 1486546903040
none: 36864

1745418626
/dev/nvme3n1p1: 1486558707712
none: 36864

1745418627
/dev/nvme3n1p1: 1486570586112
none: 36864

1745418628
/dev/nvme3n1p1: 1486582779904
none: 36864

1745418629
/dev/nvme3n1p1: 1486594711552
none: 36864

1745418630
/dev/nvme3n1p1: 1486606606336
none: 36864

1745418631
/dev/nvme3n1p1: 1486618435584
none: 36864

1745418632
/dev/nvme3n1p1: 1486630215680
none: 36864

1745418633
/dev/nvme3n1p1: 1486641074176
none: 36864

1745418634
/dev/nvme3n1p1: 1486652223488
none: 36864

1745418635
/dev/nvme3n1p1: 1486664028160
none: 36864

1745418636
/dev/nvme3n1p1: 1486675681280
none: 36864

1745418637
/dev/nvme3n1p1: 1486687653888
none: 36864

1745418638
/dev/nvme3n1p1: 1486699700224
none: 36864

1745418639
/dev/nvme3n1p1: 1486708641792
none: 36864

1745418640
/dev/nvme3n1p1: 1486717775872
none: 36864

1745418641
/dev/nvme3n1p1: 1486726828032
none: 36864

1745418642
/dev/nvme3n1p1: 1486735384576
none: 36864

1745418643
/dev/nvme3n1p1: 1486746230784
none: 36864

1745418644
/dev/nvme3n1p1: 1486756990976
none: 36864

1745418645
/dev/nvme3n1p1: 1486768824320
none: 36864

1745418646
/dev/nvme3n1p1: 1486780682240
none: 36864

1745418647
/dev/nvme3n1p1: 1486792548352
none: 36864

1745418648
/dev/nvme3n1p1: 1486804385792
none: 36864

1745418649
/dev/nvme3n1p1: 1486816284672
none: 36864

1745418650
/dev/nvme3n1p1: 1486825193472
none: 36864

1745418651
/dev/nvme3n1p1: 1486836621312
none: 36864

1745418652
/dev/nvme3n1p1: 1486846996480
none: 36864

1745418653
/dev/nvme3n1p1: 1486856724480
none: 36864

1745418654
/dev/nvme3n1p1: 1486866059264
none: 36864

1745418655
/dev/nvme3n1p1: 1486874869760
none: 36864

1745418656
/dev/nvme3n1p1: 1486884679680
none: 36864

1745418657
/dev/nvme3n1p1: 1486892388352
none: 36864

1745418658
/dev/nvme3n1p1: 1486898565120
none: 36864

1745418659
/dev/nvme3n1p1: 1486908166144
none: 36864

1745418660
/dev/nvme3n1p1: 1486920212480
none: 36864

1745418661
/dev/nvme3n1p1: 1486932267008
none: 36864

1745418662
/dev/nvme3n1p1: 1486944288768
none: 36864

1745418663
/dev/nvme3n1p1: 1486956339200
none: 36864

1745418664
/dev/nvme3n1p1: 1486968397824
none: 36864

1745418665
/dev/nvme3n1p1: 1486980399104
none: 36864

1745418666
/dev/nvme3n1p1: 1486992457728
none: 36864

1745418667
/dev/nvme3n1p1: 1487004524544
none: 36864

1745418668
/dev/nvme3n1p1: 1487016562688
none: 36864

1745418669
/dev/nvme3n1p1: 1487027634176
none: 36864

1745418670
/dev/nvme3n1p1: 1487040626688
none: 36864

1745418671
/dev/nvme3n1p1: 1487052668928
none: 36864

1745418672
/dev/nvme3n1p1: 1487064723456
none: 36864

1745418673
/dev/nvme3n1p1: 1487076773888
none: 36864

1745418674
/dev/nvme3n1p1: 1487088775168
none: 36864

1745418675
/dev/nvme3n1p1: 1487100858368
none: 36864

1745418676
/dev/nvme3n1p1: 1487112896512
none: 36864

1745418677
/dev/nvme3n1p1: 1487124901888
none: 36864

1745418678
/dev/nvme3n1p1: 1487136960512
none: 36864

1745418679
/dev/nvme3n1p1: 1487148965888
none: 36864

1745418680
/dev/nvme3n1p1: 1487160705024
none: 36864

1745418681
/dev/nvme3n1p1: 1487173001216
none: 36864

1745418682
/dev/nvme3n1p1: 1487184912384
none: 36864

1745418683
/dev/nvme3n1p1: 1487196942336
none: 36864

1745418684
/dev/nvme3n1p1: 1487209066496
none: 36864

1745418685
/dev/nvme3n1p1: 1487220944896
none: 36864

1745418686
/dev/nvme3n1p1: 1487233003520
none: 36864

1745418687
/dev/nvme3n1p1: 1487245012992
none: 36864

1745418688
/dev/nvme3n1p1: 1487257055232
none: 36864

1745418689
/dev/nvme3n1p1: 1487269101568
none: 36864

1745418690
/dev/nvme3n1p1: 1487280979968
none: 36864

1745418691
/dev/nvme3n1p1: 1487293054976
none: 36864

1745418692
/dev/nvme3n1p1: 1487305097216
none: 36864

1745418693
/dev/nvme3n1p1: 1487317155840
none: 36864

1745418694
/dev/nvme3n1p1: 1487329218560
none: 36864

1745418695
/dev/nvme3n1p1: 1487340208128
none: 36864

1745418696
/dev/nvme3n1p1: 1487353335808
none: 36864

1745418697
/dev/nvme3n1p1: 1487365394432
none: 36864

1745418698
/dev/nvme3n1p1: 1487377453056
none: 36864

1745418699
/dev/nvme3n1p1: 1487389495296
none: 36864

1745418700
/dev/nvme3n1p1: 1487401558016
none: 36864

1745418701
/dev/nvme3n1p1: 1487413620736
none: 36864

1745418702
/dev/nvme3n1p1: 1487422812160
none: 36864

1745418703
/dev/nvme3n1p1: 1487428792320
none: 36864

1745418704
/dev/nvme3n1p1: 1487439130624
none: 36864

1745418705
/dev/nvme3n1p1: 1487451172864
none: 36864

1745418706
/dev/nvme3n1p1: 1487463219200
none: 36864

1745418707
/dev/nvme3n1p1: 1487475261440
none: 36864

1745418708
/dev/nvme3n1p1: 1487487287296
none: 36864

1745418709
/dev/nvme3n1p1: 1487499366400
none: 36864

1745418710
/dev/nvme3n1p1: 1487511408640
none: 36864

1745418711
/dev/nvme3n1p1: 1487523471360
none: 36864

1745418712
/dev/nvme3n1p1: 1487535529984
none: 36864

1745418713
/dev/nvme3n1p1: 1487547588608
none: 36864

1745418714
/dev/nvme3n1p1: 1487559647232
none: 36864

1745418715
/dev/nvme3n1p1: 1487571689472
none: 36864

1745418716
/dev/nvme3n1p1: 1487583731712
none: 36864

1745418717
/dev/nvme3n1p1: 1487595794432
none: 36864

1745418718
/dev/nvme3n1p1: 1487607853056
none: 36864

1745418719
/dev/nvme3n1p1: 1487619911680
none: 36864

1745418720
/dev/nvme3n1p1: 1487631970304
none: 36864

1745418721
/dev/nvme3n1p1: 1487643164672
none: 36864

1745418722
/dev/nvme3n1p1: 1487656058880
none: 36864

1745418723
/dev/nvme3n1p1: 1487668137984
none: 36864

1745418724
/dev/nvme3n1p1: 1487680196608
none: 36864

1745418725
/dev/nvme3n1p1: 1487692238848
none: 36864

1745418726
/dev/nvme3n1p1: 1487704297472
none: 36864

1745418727
/dev/nvme3n1p1: 1487716356096
none: 36864

1745418728
/dev/nvme3n1p1: 1487728414720
none: 36864

1745418729
/dev/nvme3n1p1: 1487740481536
none: 36864

1745418730
/dev/nvme3n1p1: 1487752523776
none: 36864

1745418731
/dev/nvme3n1p1: 1487764598784
none: 36864

1745418732
/dev/nvme3n1p1: 1487776460800
none: 36864

1745418733
/dev/nvme3n1p1: 1487788519424
none: 36864

1745418734
/dev/nvme3n1p1: 1487800565760
none: 36864

1745418735
/dev/nvme3n1p1: 1487812628480
none: 36864

1745418736
/dev/nvme3n1p1: 1487824670720
none: 36864

1745418737
/dev/nvme3n1p1: 1487835238400
none: 36864

1745418738
/dev/nvme3n1p1: 1487842824192
none: 36864

1745418739
/dev/nvme3n1p1: 1487845826560
none: 36864

1745418740
/dev/nvme3n1p1: 1487849598976
none: 36864

1745418741
/dev/nvme3n1p1: 1487853568000
none: 36864

1745418742
/dev/nvme3n1p1: 1487857303552
none: 36864

1745418743
/dev/nvme3n1p1: 1487861727232
none: 36864

1745418744
/dev/nvme3n1p1: 1487868051456
none: 36864

1745418745
/dev/nvme3n1p1: 1487873835008
none: 36864

1745418746
/dev/nvme3n1p1: 1487878770688
none: 36864

1745418747
/dev/nvme3n1p1: 1487885799424
none: 36864

1745418748
/dev/nvme3n1p1: 1487893008384
none: 36864

1745418749
/dev/nvme3n1p1: 1487903477760
none: 36864

1745418750
/dev/nvme3n1p1: 1487910359040
none: 36864

1745418751
/dev/nvme3n1p1: 1487919190016
none: 36864

1745418752
/dev/nvme3n1p1: 1487932383232
none: 36864

1745418753
/dev/nvme3n1p1: 1487944441856
none: 36864

1745418754
/dev/nvme3n1p1: 1487956500480
none: 36864

1745418755
/dev/nvme3n1p1: 1487968559104
none: 36864

1745418756
/dev/nvme3n1p1: 1487980617728
none: 36864

1745418757
/dev/nvme3n1p1: 1487992512512
none: 36864

1745418758
/dev/nvme3n1p1: 1488004579328
none: 36864

1745418759
/dev/nvme3n1p1: 1488016621568
none: 36864

1745418760
/dev/nvme3n1p1: 1488028667904
none: 36864

1745418761
/dev/nvme3n1p1: 1488040722432
none: 36864

1745418762
/dev/nvme3n1p1: 1488052617216
none: 36864

1745418763
/dev/nvme3n1p1: 1488064679936
none: 36864

1745418764
/dev/nvme3n1p1: 1488076738560
none: 36864

1745418765
/dev/nvme3n1p1: 1488088797184
none: 36864

1745418766
/dev/nvme3n1p1: 1488100855808
none: 36864

1745418767
/dev/nvme3n1p1: 1488112914432
none: 36864

1745418768
/dev/nvme3n1p1: 1488124956672
none: 36864

1745418769
/dev/nvme3n1p1: 1488137019392
none: 36864

1745418770
/dev/nvme3n1p1: 1488149069824
none: 36864

1745418771
/dev/nvme3n1p1: 1488161128448
none: 36864

1745418772
/dev/nvme3n1p1: 1488173187072
none: 36864

1745418773
/dev/nvme3n1p1: 1488185245696
none: 36864

1745418774
/dev/nvme3n1p1: 1488197304320
none: 36864

1745418775
/dev/nvme3n1p1: 1488209367040
none: 36864

1745418776
/dev/nvme3n1p1: 1488221409280
none: 36864

1745418777
/dev/nvme3n1p1: 1488232488960
none: 36864

1745418778
/dev/nvme3n1p1: 1488245514240
none: 36864

1745418779
/dev/nvme3n1p1: 1488257572864
none: 36864

1745418780
/dev/nvme3n1p1: 1488267960320
none: 36864

1745418781
/dev/nvme3n1p1: 1488280432640
none: 36864

1745418782
/dev/nvme3n1p1: 1488292491264
none: 36864

1745418783
/dev/nvme3n1p1: 1488304537600
none: 36864

1745418784
/dev/nvme3n1p1: 1488316579840
none: 36864

1745418785
/dev/nvme3n1p1: 1488328605696
none: 36864

1745418786
/dev/nvme3n1p1: 1488340668416
none: 36864

1745418787
/dev/nvme3n1p1: 1488352714752
none: 36864

1745418788
/dev/nvme3n1p1: 1488364478464
none: 36864

1745418789
/dev/nvme3n1p1: 1488376635392
none: 36864

1745418790
/dev/nvme3n1p1: 1488388644864
none: 36864

1745418791
/dev/nvme3n1p1: 1488400703488
none: 36864

1745418792
/dev/nvme3n1p1: 1488412405760
none: 36864

1745418793
/dev/nvme3n1p1: 1488421892096
none: 36864

1745418794
/dev/nvme3n1p1: 1488433950720
none: 36864

1745418795
/dev/nvme3n1p1: 1488446009344
none: 36864

1745418796
/dev/nvme3n1p1: 1488458051584
none: 36864

1745418797
/dev/nvme3n1p1: 1488470077440
none: 36864

1745418798
/dev/nvme3n1p1: 1488481583104
none: 36864

1745418799
/dev/nvme3n1p1: 1488494182400
none: 36864

1745418800
/dev/nvme3n1p1: 1488506175488
none: 36864

1745418801
/dev/nvme3n1p1: 1488518238208
none: 36864

1745418802
/dev/nvme3n1p1: 1488528953344
none: 36864

1745418803
/dev/nvme3n1p1: 1488537116672
none: 36864

1745418804
/dev/nvme3n1p1: 1488548294656
none: 36864

1745418805
/dev/nvme3n1p1: 1488560336896
none: 36864

1745418806
/dev/nvme3n1p1: 1488572395520
none: 36864

1745418807
/dev/nvme3n1p1: 1488584454144
none: 36864

1745418808
/dev/nvme3n1p1: 1488596512768
none: 36864

1745418809
/dev/nvme3n1p1: 1488608542720
none: 36864

1745418810
/dev/nvme3n1p1: 1488620601344
none: 36864

1745418811
/dev/nvme3n1p1: 1488632659968
none: 36864

1745418812
/dev/nvme3n1p1: 1488644718592
none: 36864

1745418813
/dev/nvme3n1p1: 1488656777216
none: 36864

1745418814
/dev/nvme3n1p1: 1488668672000
none: 36864

1745418815
/dev/nvme3n1p1: 1488680722432
none: 36864

1745418816
/dev/nvme3n1p1: 1488692781056
none: 36864

1745418817
/dev/nvme3n1p1: 1488704839680
none: 36864

1745418818
/dev/nvme3n1p1: 1488716898304
none: 36864

1745418819
/dev/nvme3n1p1: 1488728940544
none: 36864

1745418820
/dev/nvme3n1p1: 1488740982784
none: 36864

1745418821
/dev/nvme3n1p1: 1488753045504
none: 36864

1745418822
/dev/nvme3n1p1: 1488765120512
none: 36864

1745418823
/dev/nvme3n1p1: 1488777162752
none: 36864

1745418824
/dev/nvme3n1p1: 1488788090880
none: 36864

1745418825
/dev/nvme3n1p1: 1488801116160
none: 36864

1745418826
/dev/nvme3n1p1: 1488813174784
none: 36864

1745418827
/dev/nvme3n1p1: 1488825237504
none: 36864

1745418828
/dev/nvme3n1p1: 1488837296128
none: 36864

1745418829
/dev/nvme3n1p1: 1488849108992
none: 36864

1745418830
/dev/nvme3n1p1: 1488861249536
none: 36864

1745418831
/dev/nvme3n1p1: 1488873308160
none: 36864

1745418832
/dev/nvme3n1p1: 1488885374976
none: 36864

1745418833
/dev/nvme3n1p1: 1488897433600
none: 36864

1745418834
/dev/nvme3n1p1: 1488909475840
none: 36864

1745418835
/dev/nvme3n1p1: 1488920698880
none: 36864

1745418836
/dev/nvme3n1p1: 1488932560896
none: 36864

1745418837
/dev/nvme3n1p1: 1488944635904
none: 36864

1745418838
/dev/nvme3n1p1: 1488956682240
none: 36864

1745418839
/dev/nvme3n1p1: 1488968724480
none: 36864

1745418840
/dev/nvme3n1p1: 1488980619264
none: 36864

1745418841
/dev/nvme3n1p1: 1488992677888
none: 36864

1745418842
/dev/nvme3n1p1: 1489004736512
none: 36864

1745418843
/dev/nvme3n1p1: 1489016795136
none: 36864

1745418844
/dev/nvme3n1p1: 1489028857856
none: 36864

1745418845
/dev/nvme3n1p1: 1489040887808
none: 36864

1745418846
/dev/nvme3n1p1: 1489052864512
none: 36864

1745418847
/dev/nvme3n1p1: 1489064923136
none: 36864

1745418848
/dev/nvme3n1p1: 1489076981760
none: 36864

1745418849
/dev/nvme3n1p1: 1489089024000
none: 36864

1745418850
/dev/nvme3n1p1: 1489099743232
none: 36864

1745418851
/dev/nvme3n1p1: 1489112981504
none: 36864

1745418852
/dev/nvme3n1p1: 1489125040128
none: 36864

1745418853
/dev/nvme3n1p1: 1489137102848
none: 36864

1745418854
/dev/nvme3n1p1: 1489149161472
none: 36864

1745418855
/dev/nvme3n1p1: 1489161220096
none: 36864

1745418856
/dev/nvme3n1p1: 1489173135360
none: 36864

1745418857
/dev/nvme3n1p1: 1489185177600
none: 36864

1745418858
/dev/nvme3n1p1: 1489197219840
none: 36864

1745418859
/dev/nvme3n1p1: 1489209229312
none: 36864

1745418860
/dev/nvme3n1p1: 1489221206016
none: 36864

1745418861
/dev/nvme3n1p1: 1489233137664
none: 36864

1745418862
/dev/nvme3n1p1: 1489245069312
none: 36864

1745418863
/dev/nvme3n1p1: 1489256931328
none: 36864

1745418864
/dev/nvme3n1p1: 1489268744192
none: 36864

1745418865
/dev/nvme3n1p1: 1489280425984
none: 36864

1745418866
/dev/nvme3n1p1: 1489292107776
none: 36864

1745418867
/dev/nvme3n1p1: 1489303826432
none: 36864

1745418868
/dev/nvme3n1p1: 1489315688448
none: 36864

1745418869
/dev/nvme3n1p1: 1489327665152
none: 36864

1745418870
/dev/nvme3n1p1: 1489339592704
none: 36864

1745418871
/dev/nvme3n1p1: 1489342177280
none: 36864

1745418872
/dev/nvme3n1p1: 1489342177280
none: 36864

1745418873
/dev/nvme3n1p1: 1489342177280
none: 36864

1745418874
/dev/nvme3n1p1: 1489342181376
none: 36864

1745418875
/dev/nvme3n1p1: 1489342181376
none: 36864

1745418876
/dev/nvme3n1p1: 1489342181376
none: 36864

1745418877
/dev/nvme3n1p1: 1489342185472
none: 36864

1745418878
/dev/nvme3n1p1: 1489342185472
none: 36864

1745418879
/dev/nvme3n1p1: 1489342185472
none: 36864

1745418880
/dev/nvme3n1p1: 1489342185472
none: 36864

1745418881
/dev/nvme3n1p1: 1489342189568
none: 36864

1745418882
/dev/nvme3n1p1: 1489342189568
none: 36864

1745418883
/dev/nvme3n1p1: 1489342189568
none: 36864

1745418884
/dev/nvme3n1p1: 1489342189568
none: 36864

1745418885
/dev/nvme3n1p1: 1489342189568
none: 36864

1745418886
/dev/nvme3n1p1: 1489342189568
none: 36864

1745418887
/dev/nvme3n1p1: 1489342189568
none: 36864

1745418888
/dev/nvme3n1p1: 1489342189568
none: 36864

1745418889
/dev/nvme3n1p1: 1489342193664
none: 36864

1745418890
/dev/nvme3n1p1: 1489342193664
none: 36864

1745418891
/dev/nvme3n1p1: 1489342193664
none: 36864

1745418892
/dev/nvme3n1p1: 1489342193664
none: 36864

1745418893
/dev/nvme3n1p1: 1489342193664
none: 36864

1745418894
/dev/nvme3n1p1: 1489342193664
none: 36864

1745418895
/dev/nvme3n1p1: 1489342193664
none: 36864

1745418896
/dev/nvme3n1p1: 1489342193664
none: 57344

1745418897
/dev/nvme3n1p1: 1489342197760
none: 57344

1745418898
/dev/nvme3n1p1: 1489342197760
none: 57344

1745418899
/dev/nvme3n1p1: 1489342197760
none: 57344

1745418900
/dev/nvme3n1p1: 1489342197760
none: 57344

1745418901
/dev/nvme3n1p1: 1489342197760
none: 57344

1745418902
/dev/nvme3n1p1: 1489342197760
none: 57344

1745418903
/dev/nvme3n1p1: 1489342197760
none: 57344

1745418904
/dev/nvme3n1p1: 1489342197760
none: 57344

1745418905
/dev/nvme3n1p1: 1489342201856
none: 57344

1745418906
/dev/nvme3n1p1: 1489342205952
none: 57344

1745418907
/dev/nvme3n1p1: 1489342210048
none: 57344

1745418908
/dev/nvme3n1p1: 1489342210048
none: 57344

1745418909
/dev/nvme3n1p1: 1489342210048
none: 57344

