1745418473
0.7666456295361312 0.09687598611549385 0.0001577784790154623

1745418474
0.7762701167560745 0.09703376459450931 0.001104449353108236

1745418475
0.791132224861441 0.10625494853523357 0.0006334125098970705

1745418476
0.6966809591869144 0.10639987295537558 0.004128950293790694

1745418477
0.6857324435970766 0.10025421035907213 0.0006355258976803305

1745418478
0.6166032953105196 0.08951204055766794 0.0012674271229404308

1745418479
0.497011638880151 0.08194400754954388 0.006134004403900598

1745418480
0.3924166285975331 0.0555809349779199 0.006243337901629359

1745418481
0.30126984126984124 0.044444444444444446 0.0006349206349206349

1745418482
0.2710824417872876 0.04955947136563876 0.0011013215859030838

1745418483
0.29227623092653765 0.05757432751297782 0.0037753657385559227

1745418484
0.29668082428818626 0.04845052697813434 0.0011011483404121441

1745418485
0.30212294043092525 0.050063371356147024 0.0028517110266159697

1745418486
0.2543233380929716 0.04140885292717753 0.0011105822624147231

1745418487
0.28792750657702426 0.040485238234434374 0.00014615609470914936

1745418488
0.22392685572601892 0.04029133736246707 0.0034092670075933675

1745418489
0.16975502512562815 0.03768844221105527 0.02245603015075377

1745418490
0.188006230529595 0.03878504672897196 0.018847352024922118

1745418491
0.23571651576646893 0.04027474242897284 0.003746487667811427

1745418492
0.27448818897637794 0.03716535433070866 0.0011023622047244095

1745418493
0.27926657263751764 0.04074596458235386 0.0003134304967873374

1745418494
0.2174030902683654 0.046489563567362426 0.028869612361073462

1745418496
0.02834410740924913 0.016907011437095974 0.017603182496270513

1745418497
0.018737206739096204 0.014170996693434105 0.0182648401826484

1745418498
0.022173297688315774 0.014467683598050007 0.013681396445982073

1745418499
0.018870891649630444 0.014153168737222834 0.016197515332599464

1745418500
0.01824760106968696 0.013213780084945729 0.016989145823501653

1745418501
0.019034135598552777 0.012112631744533585 0.017461066540821142

1745418502
0.01794145420207743 0.013220018885741265 0.016210261252754172

1745418503
0.020633170578043786 0.0138604504646401 0.01716805796188376

1745418504
0.020744931636020744 0.01445858871601446 0.0187018701870187

1745418505
0.015418502202643172 0.013845185651353053 0.018565135305223412

1745418506
0.017469310670443813 0.01337740006295247 0.01794145420207743

1745418507
0.023730944523023732 0.012415527267012415 0.006129184347006129

1745418508
0.01949685534591195 0.010062893081761006 0.0004716981132075472

1745418509
0.021360138212659023 0.014135385581906707 0.0004711795193968902

1745418510
0.018992308899701774 0.009417673834562863 0.0003139224611520954

1745418511
0.01456082667919211 0.006262721152340692 0.0003131360576170346

1745418512
0.0017203628401626526 0.0012511729746637473 0.0

1745418513
0.007667031763417305 0.002034110467845408 0.0

1745418514
0.0015644555694618273 0.006570713391739674 0.00015644555694618273

1745418515
0.008445417578980294 0.0017203628401626526 0.0

1745418516
0.00688360450563204 0.002190237797246558 0.0

1745418517
0.0026595744680851063 0.0018773466833541927 0.0

1745418518
0.0007828401440425865 0.0007828401440425865 0.0

1745418519
0.0014073494917904612 0.001563721657544957 0.0001563721657544957

1745418520
0.0034423407917383822 0.010170552339227038 0.0

1745418521
0.0012515644555694619 0.0014080100125156445 0.0

1745418522
0.0012509773260359655 0.0017200938232994527 0.0

1745418523
0.0014080100125156445 0.0014080100125156445 0.0

1745418524
0.002502737368997341 0.0014077897700610043 0.0

1745418525
0.0014075695964967157 0.0031279324366593683 0.00015639662183296842

1745418526
0.0028173423070903115 0.009547660040694945 0.0

1745418527
0.0010954616588419405 0.0012519561815336462 0.0

1745418528
0.001095118898623279 0.0014080100125156445 0.0

1745418529
0.0012513686844986705 0.0014077897700610043 0.0

1745418530
0.0014082303238929744 0.001095290251916758 0.0

1745418531
0.0014082303238929744 0.010639962447191363 0.00015647003598810827

1745418532
0.00297339593114241 0.01486697965571205 0.005164319248826291

1745418533
0.0010954616588419405 0.004694835680751174 0.006572769953051643

1745418534
0.001095290251916758 0.0014082303238929744 0.0

1745418535
0.0009383797309978105 0.001094776352830779 0.0

1745418536
0.001095290251916758 0.0014082303238929744 0.0

1745418537
0.0025039123630672924 0.001564945226917058 0.0

1745418538
0.001095290251916758 0.0032858707557502738 0.002659990611797841

1745418539
0.0009391141023634372 0.004069494443574895 0.01314759743308812

1745418540
0.0012511729746637473 0.0014075695964967157 0.0

1745418541
0.0012515644555694619 0.001095118898623279 0.0

1745418542
0.0012511729746637473 0.0014075695964967157 0.0

1745418543
0.016116413706775152 0.002190580503833516 0.0

1745418544
0.001876759461995621 0.0015639662183296842 0.0

1745418545
0.0012515644555694619 0.002346683354192741 0.0

1745418546
0.0009386733416770963 0.0014080100125156445 0.0

1745418547
0.001095290251916758 0.0009388202159286497 0.0

1745418548
0.008445417578980294 0.002189552705661558 0.00031279324366593683

1745418549
0.0010949475989363367 0.0012513686844986705 0.0

1745418550
0.0009383797309978105 0.0017203628401626526 0.0

1745418551
0.0009380863039399625 0.0007817385866166354 0.0

1745418552
0.0009383797309978105 0.0012511729746637473 0.0

1745418553
0.001095118898623279 0.0007822277847309136 0.0

1745418554
0.0009383797309978105 0.0014075695964967157 0.00015639662183296842

1745418555
0.00109460516028147 0.002032838154808444 0.0

1745418556
0.0007825950853028644 0.0009391141023634372 0.0

1745418557
0.001094776352830779 0.0012511729746637473 0.0

1745418558
0.00344180225281602 0.001095118898623279 0.0

1745418559
0.004380475594493116 0.0018773466833541927 0.0

1745418560
0.0009386733416770963 0.0014080100125156445 0.0

1745418561
0.001095118898623279 0.001095118898623279 0.0

1745418562
0.0012507817385866166 0.0014071294559099437 0.0

1745418563
0.001094776352830779 0.0015639662183296842 0.0

1745418564
0.0010949475989363367 0.0009385265133740028 0.00015642108556233381

1745418565
0.0029706066291432147 0.0014071294559099437 0.0

1745418566
0.015179968701095461 0.0025039123630672924 0.0

1745418567
0.010167370561551698 0.0018770530267480056 0.0

1745418568
0.0010944340212632896 0.0014071294559099437 0.0

1745418569
0.00875684128225176 0.0017200938232994527 0.0

1745418570
0.015016424213984044 0.0028155795401220087 0.00015642108556233381

1745418571
0.012980919612136379 0.0023459493274945262 0.00015639662183296842

1745418572
0.015016424213984044 0.002346316283435007 0.0

1745418573
0.008916001877053027 0.0017206319411856717 0.0

1745418574
0.001095118898623279 0.0009386733416770963 0.0

1745418575
0.0007822277847309136 0.0012515644555694619 0.0

1745418576
0.0010949475989363367 0.0014077897700610043 0.0

1745418577
0.0010944340212632896 0.0012507817385866166 0.0

1745418578
0.006103286384976526 0.0014084507042253522 0.0

1745418579
0.0006257822277847309 0.0009386733416770963 0.00015644555694618273

1745418580
0.0007822277847309136 0.0012515644555694619 0.0

1745418581
0.0009388202159286497 0.0009388202159286497 0.0

1745418582
0.0006255864873318737 0.0012511729746637473 0.0

1745418583
0.00109460516028147 0.00109460516028147 0.0

1745418584
0.0009382329945269742 0.0012509773260359655 0.0

1745418585
0.001095118898623279 0.0006257822277847309 0.0

1745418586
0.0007823501799405414 0.0017211703958691911 0.0

1745418587
0.0009382329945269742 0.0009382329945269742 0.0

1745418588
0.0006258801439524331 0.001095290251916758 0.0

1745418589
0.0009383797309978105 0.001094776352830779 0.0

1745418590
0.005942142298670836 0.00109460516028147 0.0

1745418591
0.007356393801846924 0.0015651901706057287 0.0

1745418592
0.0012513686844986705 0.0009385265133740028 0.0

1745418593
0.0034396497811131957 0.0014071294559099437 0.0

1745418594
0.00046933667083854817 0.0009386733416770963 0.0

1745418595
0.0004691164972634871 0.0012509773260359655 0.0

1745418596
0.0004692632566870014 0.0004692632566870014 0.0

1745418597
0.0006254886630179827 0.0007818608287724785 0.0

1745418598
0.0006253908692933083 0.0009380863039399625 0.0

1745418599
0.0009388202159286497 0.0007823501799405414 0.0

1745418600
0.0009382329945269742 0.0009382329945269742 0.0

1745418601
0.0010942629357511334 0.0014069094888228856 0.0

1745418602
0.000782105427811669 0.000782105427811669 0.0

1745418603
0.0006254886630179827 0.00109460516028147 0.0

1745418604
0.0007823501799405414 0.0009388202159286497 0.0

1745418605
0.0006259780907668231 0.000782472613458529 0.0

1745418606
0.0009379396592152572 0.0012505862122870095 0.0

1745418607
0.0006256843422493353 0.0009385265133740028 0.0

1745418608
0.00046948356807511736 0.0006259780907668231 0.0

1745418609
0.0007817385866166354 0.0010944340212632896 0.0

1745418610
0.0009386733416770963 0.0007822277847309136 0.0

1745418611
0.0007819831091648421 0.0012511729746637473 0.0

1745418612
0.00046904315196998124 0.0010944340212632896 0.0

1745418613
0.0007819831091648421 0.0009383797309978105 0.0

1745418614
0.0012511729746637473 0.0006255864873318737 0.0

1745418615
0.0006257822277847309 0.0009386733416770963 0.0

1745418616
0.0007822277847309136 0.0009386733416770963 0.0

1745418617
0.0009383797309978105 0.0023459493274945262 0.0

1745418618
0.0007817385866166354 0.0010944340212632896 0.0

1745418619
0.0007818608287724785 0.00109460516028147 0.0

1745418620
0.0006257822277847309 0.0009386733416770963 0.0

1745418621
0.0006254886630179827 0.00109460516028147 0.0

1745418622
0.0007818608287724785 0.0007818608287724785 0.0

1745418623
0.0007818608287724785 0.00109460516028147 0.0

1745418624
0.0006254886630179827 0.0009382329945269742 0.0

1745418625
0.0006256843422493353 0.000782105427811669 0.0

1745418626
0.0007819831091648421 0.001094776352830779 0.0

1745418627
0.0006255864873318737 0.0007819831091648421 0.0

1745418628
0.0006258801439524331 0.0007823501799405414 0.0

1745418629
0.0009382329945269742 0.0009382329945269742 0.0

1745418630
0.0007822277847309136 0.0009386733416770963 0.0

1745418631
0.0007822277847309136 0.0009386733416770963 0.0

1745418632
0.0009385265133740028 0.0010949475989363367 0.0

1745418633
0.0012507817385866166 0.0009380863039399625 0.0

1745418634
0.0004692632566870014 0.000782105427811669 0.0

1745418635
0.0007817385866166354 0.0009380863039399625 0.0

1745418636
0.00046933667083854817 0.001095118898623279 0.0

1745418637
0.0006257822277847309 0.0006257822277847309 0.0

1745418638
0.0009379396592152572 0.0012505862122870095 0.0

1745418639
0.0006255864873318737 0.0006255864873318737 0.0

1745418640
0.0004691164972634871 0.0006254886630179827 0.0

1745418641
0.0006252931061435048 0.000781616382679381 0.0

1745418642
0.00046904315196998124 0.0006253908692933083 0.0

1745418643
0.0006255864873318737 0.0006255864873318737 0.0

1745418644
0.0006256843422493353 0.000782105427811669 0.0

1745418645
0.0007819831091648421 0.0009383797309978105 0.0

1745418646
0.0006254886630179827 0.0009382329945269742 0.0

1745418647
0.002501172424574019 0.002970142254181648 0.0

1745418648
0.006097560975609756 0.0015634771732332708 0.0

1745418649
0.0006258801439524331 0.0006258801439524331 0.0

1745418650
0.0006252931061435048 0.000781616382679381 0.0

1745418651
0.0006254886630179827 0.0009382329945269742 0.0

1745418652
0.0007818608287724785 0.0004691164972634871 0.0

1745418653
0.00031269543464665416 0.0006253908692933083 0.0

1745418654
0.0006253908692933083 0.0006253908692933083 0.0

1745418655
0.0006253908692933083 0.0006253908692933083 0.0

1745418656
0.0006251953735542357 0.0009377930603313535 0.0

1745418657
0.00031284217112466763 0.00031284217112466763 0.0

1745418658
0.0006250976715111736 0.000781372089388967 0.0

1745418659
0.00046918986549890525 0.0006255864873318737 0.0

1745418660
0.0006257822277847309 0.0007822277847309136 0.0

1745418661
0.0006255864873318737 0.0009383797309978105 0.0

1745418662
0.0009380863039399625 0.0009380863039399625 0.0

1745418663
0.00046941010796432484 0.00046941010796432484 0.0

1745418664
0.0009377930603313535 0.0010940919037199124 0.0

1745418665
0.0006257822277847309 0.0009386733416770963 0.0

1745418666
0.0006258801439524331 0.0007823501799405414 0.0

1745418667
0.0009385265133740028 0.0010949475989363367 0.0

1745418668
0.0007819831091648421 0.001094776352830779 0.0

1745418669
0.000782105427811669 0.0004692632566870014 0.0

1745418670
0.0007818608287724785 0.00109460516028147 0.0

1745418671
0.0006256843422493353 0.0009385265133740028 0.0

1745418672
0.0006258801439524331 0.0006258801439524331 0.0

1745418673
0.0006254886630179827 0.00109460516028147 0.0

1745418674
0.000782105427811669 0.0009385265133740028 0.0

1745418675
0.000782105427811669 0.000782105427811669 0.0

1745418676
0.0009385265133740028 0.0009385265133740028 0.0

1745418677
0.001095118898623279 0.0012515644555694619 0.0

1745418678
0.0006254886630179827 0.0026583268178264267 0.0

1745418679
0.0009385265133740028 0.0009385265133740028 0.0

1745418680
0.0006255864873318737 0.0009383797309978105 0.0

1745418681
0.0006256843422493353 0.0009385265133740028 0.0

1745418682
0.0006255864873318737 0.0009383797309978105 0.0

1745418683
0.0006255864873318737 0.0012511729746637473 0.0

1745418684
0.00985298717547701 0.0015639662183296842 0.0

1745418685
0.0007822277847309136 0.0009386733416770963 0.0

1745418686
0.00046918986549890525 0.0009383797309978105 0.0

1745418687
0.0006257822277847309 0.0007822277847309136 0.0

1745418688
0.0007818608287724785 0.00109460516028147 0.0

1745418689
0.0006256843422493353 0.000782105427811669 0.0

1745418690
0.0006256843422493353 0.0006256843422493353 0.00015642108556233381

1745418691
0.0009382329945269742 0.0009382329945269742 0.0

1745418692
0.00046933667083854817 0.0007822277847309136 0.0

1745418693
0.0006256843422493353 0.0009385265133740028 0.0

1745418694
0.0006255864873318737 0.0012511729746637473 0.0

1745418695
0.0009383797309978105 0.0006255864873318737 0.0

1745418696
0.0007819831091648421 0.0009383797309978105 0.0

1745418697
0.0009383797309978105 0.001094776352830779 0.0

1745418698
0.00046948356807511736 0.0006259780907668231 0.0

1745418699
0.0006256843422493353 0.0010949475989363367 0.0

1745418700
0.0006256843422493353 0.0009385265133740028 0.0

1745418701
0.0006256843422493353 0.000782105427811669 0.0

1745418702
0.0006254886630179827 0.0006254886630179827 0.0

1745418703
0.0006253908692933083 0.0006253908692933083 0.0

1745418704
0.00046918986549890525 0.00031279324366593683 0.0

1745418705
0.0009385265133740028 0.0010949475989363367 0.0

1745418706
0.0006257822277847309 0.0007822277847309136 0.0

1745418707
0.0004692632566870014 0.000782105427811669 0.0

1745418708
0.00046918986549890525 0.0009383797309978105 0.0

1745418709
0.00046918986549890525 0.0029715358148264 0.00015639662183296842

1745418710
0.0009388202159286497 0.0007823501799405414 0.0

1745418711
0.0007817385866166354 0.0009380863039399625 0.0

1745418712
0.0018776404318572994 0.0023470505398216243 0.0

1745418713
0.00046941010796432484 0.0007823501799405414 0.0

1745418714
0.0006253908692933083 0.0012507817385866166 0.0

1745418715
0.0006258801439524331 0.0007823501799405414 0.0

1745418716
0.0007819831091648421 0.0007819831091648421 0.0

1745418717
0.002032838154808444 0.002032838154808444 0.0

1745418718
0.0007818608287724785 0.0012509773260359655 0.0001563721657544957

1745418719
0.000782105427811669 0.0009385265133740028 0.0

1745418720
0.0009383797309978105 0.0009383797309978105 0.0

1745418721
0.00109460516028147 0.0014073494917904612 0.0

1745418722
0.0006253908692933083 0.0009380863039399625 0.0

1745418723
0.0010949475989363367 0.0009385265133740028 0.00015642108556233381

1745418724
0.0009383797309978105 0.0007819831091648421 0.0

1745418725
0.0006257822277847309 0.0006257822277847309 0.0

1745418726
0.0010944340212632896 0.0010944340212632896 0.0

1745418727
0.0009383797309978105 0.0006255864873318737 0.0

1745418728
0.0006256843422493353 0.000782105427811669 0.0

1745418729
0.00046918986549890525 0.001094776352830779 0.0

1745418730
0.0007818608287724785 0.0007818608287724785 0.0

1745418731
0.0009383797309978105 0.0009383797309978105 0.0

1745418732
0.0007819831091648421 0.0009383797309978105 0.0

1745418733
0.0004692632566870014 0.0006256843422493353 0.0

1745418734
0.0009385265133740028 0.0010949475989363367 0.0

1745418735
0.0006254886630179827 0.0009382329945269742 0.0

1745418736
0.0006256843422493353 0.0006256843422493353 0.0

1745418737
0.00046918986549890525 0.0006255864873318737 0.0

1745418738
0.00046904315196998124 0.0007817385866166354 0.0

1745418739
0.0003125 0.00171875 0.0

1745418740
0.0003127443315089914 0.0006254886630179827 0.0

1745418741
0.0003125488357555868 0.000781372089388967 0.0

1745418742
0.00031259768677711783 0.00046889653016567677 0.0

1745418743
0.0003126465530717524 0.0004689698296076286 0.0

1745418744
0.00031269543464665416 0.0006253908692933083 0.0

1745418745
0.0006253908692933083 0.00046904315196998124 0.0

1745418746
0.0003126465530717524 0.0004689698296076286 0.0

1745418747
0.0004689698296076286 0.0006252931061435048 0.0

1745418748
0.00046889653016567677 0.00046889653016567677 0.00015629884338855892

1745418749
0.0006252931061435048 0.000781616382679381 0.0

1745418750
0.00046889653016567677 0.0006251953735542357 0.0

1745418751
0.00031269543464665416 0.00031269543464665416 0.0

1745418752
0.0009382329945269742 0.0009382329945269742 0.0

1745418753
0.0009379396592152572 0.0009379396592152572 0.0

1745418754
0.00046948356807511736 0.000782472613458529 0.0

1745418755
0.0007817385866166354 0.0009380863039399625 0.0

1745418756
0.0004692632566870014 0.0009385265133740028 0.0

1745418757
0.0004692632566870014 0.0006256843422493353 0.0

1745418758
0.0006254886630179827 0.0009382329945269742 0.0

1745418759
0.0006256843422493353 0.000782105427811669 0.0

1745418760
0.00046918986549890525 0.0009383797309978105 0.0

1745418761
0.0009382329945269742 0.0009382329945269742 0.0

1745418762
0.00031284217112466763 0.0006256843422493353 0.0

1745418763
0.0007817385866166354 0.0009380863039399625 0.0

1745418764
0.00046918986549890525 0.0009383797309978105 0.0

1745418765
0.0004692632566870014 0.000782105427811669 0.0

1745418766
0.0007818608287724785 0.00109460516028147 0.0

1745418767
0.0007819831091648421 0.0009383797309978105 0.0

1745418768
0.0006255864873318737 0.0007819831091648421 0.0

1745418769
0.0009382329945269742 0.00109460516028147 0.0

1745418770
0.0006258801439524331 0.0023470505398216243 0.0

1745418771
0.00046904315196998124 0.0010944340212632896 0.0

1745418772
0.0006255864873318737 0.0006255864873318737 0.0

1745418773
0.000781616382679381 0.0012505862122870095 0.0

1745418774
0.00046918986549890525 0.0006255864873318737 0.0

1745418775
0.000782105427811669 0.0009385265133740028 0.0

1745418776
0.001094776352830779 0.0009383797309978105 0.0

1745418777
0.0007819831091648421 0.0007819831091648421 0.0

1745418778
0.0007819831091648421 0.0009383797309978105 0.0

1745418779
0.0006251953735542357 0.0009377930603313535 0.0

1745418780
0.0007822277847309136 0.0006257822277847309 0.0

1745418781
0.0009385265133740028 0.0009385265133740028 0.0

1745418782
0.0006254886630179827 0.0009382329945269742 0.0

1745418783
0.0006255864873318737 0.0006255864873318737 0.0

1745418784
0.0006254886630179827 0.0009382329945269742 0.0

1745418785
0.0007819831091648421 0.001094776352830779 0.0

1745418786
0.0006256843422493353 0.0006256843422493353 0.0

1745418787
0.0009382329945269742 0.00109460516028147 0.0

1745418788
0.0007818608287724785 0.0007818608287724785 0.0

1745418789
0.00031279324366593683 0.0007819831091648421 0.0

1745418790
0.0006255864873318737 0.0007819831091648421 0.0

1745418791
0.000782105427811669 0.000782105427811669 0.0

1745418792
0.0006253908692933083 0.0006253908692933083 0.0

1745418793
0.0006255864873318737 0.0006255864873318737 0.0

1745418794
0.0007817385866166354 0.0009380863039399625 0.0

1745418795
0.0007823501799405414 0.0007823501799405414 0.0

1745418796
0.0006256843422493353 0.0009385265133740028 0.0

1745418797
0.0006252931061435048 0.000781616382679381 0.0

1745418798
0.00046918986549890525 0.0009383797309978105 0.0

1745418799
0.0007819831091648421 0.0007819831091648421 0.0

1745418800
0.00046941010796432484 0.0007823501799405414 0.0

1745418801
0.00078125 0.00296875 0.0

1745418802
0.0007822277847309136 0.0007822277847309136 0.0

1745418803
0.00046904315196998124 0.00046904315196998124 0.0

1745418804
0.0009386733416770963 0.0007822277847309136 0.0

1745418805
0.00109460516028147 0.00109460516028147 0.0

1745418806
0.0007819831091648421 0.0007819831091648421 0.0

1745418807
0.0009385265133740028 0.0010949475989363367 0.0

1745418808
0.0009382329945269742 0.00109460516028147 0.0

1745418809
0.00046904315196998124 0.0007817385866166354 0.0

1745418810
0.0007818608287724785 0.0009382329945269742 0.0

1745418811
0.0009385265133740028 0.0010949475989363367 0.0

1745418812
0.0006255864873318737 0.0006255864873318737 0.0

1745418813
0.0009382329945269742 0.00109460516028147 0.0

1745418814
0.0009382329945269742 0.0007818608287724785 0.0

1745418815
0.0004691164972634871 0.0009382329945269742 0.0

1745418816
0.0007822277847309136 0.0009386733416770963 0.0

1745418817
0.0009382329945269742 0.00109460516028147 0.0

1745418818
0.0007818608287724785 0.0007818608287724785 0.0

1745418819
0.000782105427811669 0.0010949475989363367 0.0

1745418820
0.0006254886630179827 0.00109460516028147 0.0

1745418821
0.00046933667083854817 0.0006257822277847309 0.0

1745418822
0.0007819831091648421 0.001094776352830779 0.0

1745418823
0.0009383797309978105 0.0009383797309978105 0.0

1745418824
0.0004691164972634871 0.0006254886630179827 0.0

1745418825
0.000782105427811669 0.000782105427811669 0.0

1745418826
0.0006256843422493353 0.000782105427811669 0.0

1745418827
0.0006255864873318737 0.0006255864873318737 0.0

1745418828
0.0006252931061435048 0.0010942629357511334 0.0

1745418829
0.00046941010796432484 0.0007823501799405414 0.0

1745418830
0.0006252931061435048 0.0009379396592152572 0.0

1745418831
0.0006255864873318737 0.0009383797309978105 0.0

1745418832
0.0007822277847309136 0.002816020025031289 0.0

1745418833
0.0009377930603313535 0.0010940919037199124 0.0

1745418834
0.0009388202159286497 0.001095290251916758 0.0

1745418835
0.0006254886630179827 0.0006254886630179827 0.0

1745418836
0.0007818608287724785 0.00109460516028147 0.0

1745418837
0.0006254886630179827 0.0009382329945269742 0.0

1745418838
0.0006254886630179827 0.0007818608287724785 0.0

1745418839
0.0006255864873318737 0.0009383797309978105 0.0

1745418840
0.0004692632566870014 0.000782105427811669 0.0

1745418841
0.0007819831091648421 0.0007819831091648421 0.0

1745418842
0.0004692632566870014 0.0009385265133740028 0.0

1745418843
0.0006254886630179827 0.0009382329945269742 0.0

1745418844
0.0009383797309978105 0.0007819831091648421 0.0

1745418845
0.0009385265133740028 0.000782105427811669 0.0

1745418846
0.0006253908692933083 0.0010944340212632896 0.0

1745418847
0.0006256843422493353 0.0006256843422493353 0.0

1745418848
0.0004692632566870014 0.0009385265133740028 0.0

1745418849
0.0007819831091648421 0.001094776352830779 0.0

1745418850
0.0006255864873318737 0.0006255864873318737 0.0

1745418851
0.000782105427811669 0.0009385265133740028 0.0

1745418852
0.0007818608287724785 0.0009382329945269742 0.0

1745418853
0.0006252931061435048 0.0009379396592152572 0.0

1745418854
0.0010949475989363367 0.0009385265133740028 0.0

1745418855
0.0009385265133740028 0.0009385265133740028 0.0

1745418856
0.0007818608287724785 0.0006254886630179827 0.0

1745418857
0.0009385265133740028 0.0010949475989363367 0.0

1745418858
0.0009385265133740028 0.0009385265133740028 0.0

1745418859
0.0007822277847309136 0.0007822277847309136 0.0

1745418860
0.0009380863039399625 0.0012507817385866166 0.0

1745418861
0.0006256843422493353 0.0009385265133740028 0.0

1745418862
0.0006253908692933083 0.0026579111944965606 0.00015634771732332708

1745418863
0.0004691164972634871 0.0009382329945269742 0.0

1745418864
0.0004689698296076286 0.0009379396592152572 0.0

1745418865
0.0010956331194240101 0.0006260760682422914 0.0

1745418866
0.000782105427811669 0.0009385265133740028 0.0

1745418867
0.0006255864873318737 0.0006255864873318737 0.0

1745418868
0.0006255864873318737 0.001094776352830779 0.0

1745418869
0.0009377930603313535 0.0010940919037199124 0.0

1745418870
0.0004692632566870014 0.000782105427811669 0.0

1745418871
0.012023735165521549 0.0009369144284821987 0.0

1745418872
0.015471167369901548 0.0006250976715111736 0.0

1745418873
0.01876172607879925 0.011100687929956223 0.0

1745418874
0.018286964676461393 0.001875586120662707 0.00031259768677711783

1745418875
0.015476004377051744 0.0006252931061435048 0.0

1745418876
0.013439599937490233 0.0023441162681669013 0.0

1745418877
0.015160987808690216 0.0009377930603313535 0.0

1745418878
0.01359375 0.0028125 0.0

1745418879
0.0153125 0.000625 0.00015625

1745418880
0.016103814884302688 0.0020325203252032522 0.0

1745418881
0.013597999374804626 0.0025007814942169426 0.0

1745418882
0.015314892952023753 0.00046882325363338024 0.0

1745418883
0.015473585495467334 0.0006251953735542357 0.0

1745418884
0.016567677399187245 0.0012503907471084713 0.00015629884338855892

1745418885
0.015471167369901548 0.0006250976715111736 0.0

1745418886
0.01468979528051258 0.0026566651039224877 0.0

1745418887
0.01609878086902157 0.0009377930603313535 0.0

1745418888
0.015317286652078774 0.00031259768677711783 0.0

1745418889
0.015773856004997658 0.0007808839606434484 0.0

1745418890
0.01579605880512981 0.0020331560838285894 0.0

1745418891
0.015 0.0009375 0.0

1745418892
0.016257620759731126 0.000781616382679381 0.0

1745418893
0.016252539459290515 0.0010939209251445538 0.0

1745418894
0.01562744178777934 0.00046882325363338024 0.0

1745418895
0.015471167369901548 0.0028129395218002813 0.0

1745418896
0.01515861853414596 0.0009376465072667605 0.0

1745418897
0.016252539459290515 0.0010939209251445538 0.0

1745418898
0.014538064717836486 0.002657495701109895 0.0

1745418899
0.0159375 0.00078125 0.0

1745418900
0.01578618318224445 0.002188183807439825 0.0

1745418901
0.01577631990003124 0.000781005935645111 0.0

1745418902
0.018454801376290273 0.00046918986549890525 0.0

1745418903
0.016877637130801686 0.000781372089388967 0.0001562744178777934

1745418904
0.015317286652078774 0.00046889653016567677 0.0

1745418905
0.014377246444756993 0.0021878418502891076 0.0

1745418906
0.016257620759731126 0.0010942629357511334 0.0

1745418907
0.016411378555798686 0.0006251953735542357 0.0

1745418908
0.01609878086902157 0.00031259768677711783 0.0

1745418909
0.01578125 0.00046875 0.0

1745418910
0.016312594840667678 0.002276176024279211 0.0

