1745418472
0.0 0.0 0.0

1745418473
0.0 0.0 0.0

1745418474
0.0 0.0 0.0

1745418475
0.0 0.0 0.0

1745418476
0.0 0.0 0.0

1745418477
0.0 0.0 0.0

1745418478
0.0 0.0 0.0

1745418479
0.0 0.0 0.0

1745418480
0.0 0.0 0.0

1745418481
0.0 0.0 0.0

1745418482
0.0 0.0 0.0

1745418483
0.0 0.0 0.0

1745418484
0.0 0.0 0.0

1745418485
0.0 0.0 0.0

1745418486
0.0 0.0 0.0

1745418487
0.0 0.0 0.0

1745418488
0.0 0.0 0.0

1745418489
0.0 0.0 0.0

1745418490
0.0 0.0 0.0

1745418491
0.0 0.0 0.0

1745418492
0.0 0.0 0.0

1745418493
0.0 0.0 0.0

1745418494
0.0 0.0 0.0

1745418496
0.0 0.0 0.0

1745418497
0.0 0.0 0.0

1745418498
0.0 0.0 0.0

1745418499
0.0 0.0 0.0

1745418500
0.0 0.0 0.0

1745418501
0.0 0.0 0.0

1745418502
0.0 0.0 0.0

1745418503
0.0 0.0 0.0

1745418504
0.0 0.0 0.0

1745418505
0.0 0.0 0.0

1745418506
0.0 0.0 0.0

1745418507
0.0 0.0 0.0

1745418508
0.0 0.0 0.0

1745418509
0.0 0.0 0.0

1745418510
0.0 0.0 0.0

1745418511
0.0 0.0 0.0

1745418512
0.0 0.0 0.0

1745418513
0.0 0.0 0.0

1745418514
0.0 0.0 0.0

1745418515
0.0 0.0 0.0

1745418516
0.0 0.0 0.0

1745418517
0.0 0.0 0.0

1745418518
0.0 0.0 0.0

1745418519
0.0 0.0 0.0

1745418520
0.0 0.0 0.0

1745418521
0.0 0.0 0.0

1745418522
0.0 0.0 0.0

1745418523
0.0 0.0 0.0

1745418524
0.0 0.0 0.0

1745418525
0.0 0.0 0.0

1745418526
0.0 0.0 0.0

1745418527
0.0 0.0 0.0

1745418528
0.0 0.0 0.0

1745418529
0.0 0.0 0.0

1745418530
0.0 0.0 0.0

1745418531
0.0 0.0 0.0

1745418532
0.0 0.0 0.0

1745418533
0.0 0.0 0.0

1745418534
0.0 0.0 0.0

1745418535
0.0 0.0 0.0

1745418536
0.0 0.0 0.0

1745418537
0.0 0.0 0.0

1745418538
0.0 0.0 0.0

1745418539
0.0 0.0 0.0

1745418540
0.0 0.0 0.0

1745418541
0.0 0.0 0.0

1745418542
0.0 0.0 0.0

1745418543
0.0 0.0 0.0

1745418544
0.0 0.0 0.0

1745418545
0.0 0.0 0.0

1745418546
0.0 0.0 0.0

1745418547
0.0 0.0 0.0

1745418548
0.0 0.0 0.0

1745418549
0.0 0.0 0.0

1745418550
0.0 0.0 0.0

1745418551
0.0 0.0 0.0

1745418552
0.0 0.0 0.0

1745418553
0.0 0.0 0.0

1745418554
0.0 0.0 0.0

1745418555
0.0 0.0 0.0

1745418556
0.0 0.0 0.0

1745418557
0.0 0.0 0.0

1745418558
0.0 0.0 0.0

1745418559
0.0 0.0 0.0

1745418560
0.0 0.0 0.0

1745418561
0.0 0.0 0.0

1745418562
0.0 0.0 0.0

1745418563
0.0 0.0 0.0

1745418564
0.0 0.0 0.0

1745418565
0.0 0.0 0.0

1745418566
0.0 0.0 0.0

1745418567
0.0 0.0 0.0

1745418568
0.0 0.0 0.0

1745418569
0.0 0.0 0.0

1745418570
0.0 0.0 0.0

1745418571
0.0 0.0 0.0

1745418572
0.0 0.0 0.0

1745418573
0.0 0.0 0.0

1745418574
0.0 0.0 0.0

1745418575
0.0 0.0 0.0

1745418576
0.0 0.0 0.0

1745418577
0.0 0.0 0.0

1745418578
0.0 0.0 0.0

1745418579
0.0 0.0 0.0

1745418580
0.0 0.0 0.0

1745418581
0.0 0.0 0.0

1745418582
0.0 0.0 0.0

1745418583
0.0 0.0 0.0

1745418584
0.0 0.0 0.0

1745418585
0.0 0.0 0.0

1745418586
0.0 0.0 0.0

1745418587
0.0 0.0 0.0

1745418588
0.0 0.0 0.0

1745418589
0.0 0.0 0.0

1745418590
0.0 0.0 0.0

1745418591
0.0 0.0 0.0

1745418592
0.0 0.0 0.0

1745418593
0.0 0.0 0.0

1745418594
0.0 0.0 0.0

1745418595
0.0 0.0 0.0

1745418596
0.0 0.0 0.0

1745418597
0.0 0.0 0.0

1745418598
0.0 0.0 0.0

1745418599
0.0 0.0 0.0

1745418600
0.0 0.0 0.0

1745418601
0.0 0.0 0.0

1745418602
0.0 0.0 0.0

1745418603
0.0 0.0 0.0

1745418604
0.0 0.0 0.0

1745418605
0.0 0.0 0.0

1745418606
0.0 0.0 0.0

1745418607
0.0 0.0 0.0

1745418608
0.0 0.0 0.0

1745418609
0.0 0.0 0.0

1745418610
0.0 0.0 0.0

1745418611
0.0 0.0 0.0

1745418612
0.0 0.0 0.0

1745418613
0.0 0.0 0.0

1745418614
0.0 0.0 0.0

1745418615
0.0 0.0 0.0

1745418616
0.0 0.0 0.0

1745418617
0.0 0.0 0.0

1745418618
0.0 0.0 0.0

1745418619
0.0 0.0 0.0

1745418620
0.0 0.0 0.0

1745418621
0.0 0.0 0.0

1745418622
0.0 0.0 0.0

1745418623
0.0 0.0 0.0

1745418624
0.0 0.0 0.0

1745418625
0.0 0.0 0.0

1745418626
0.0 0.0 0.0

1745418627
0.0 0.0 0.0

1745418628
0.0 0.0 0.0

1745418629
0.0 0.0 0.0

1745418630
0.0 0.0 0.0

1745418631
0.0 0.0 0.0

1745418632
0.0 0.0 0.0

1745418633
0.0 0.0 0.0

1745418634
0.0 0.0 0.0

1745418635
0.0 0.0 0.0

1745418636
0.0 0.0 0.0

1745418637
0.0 0.0 0.0

1745418638
0.0 0.0 0.0

1745418639
0.0 0.0 0.0

1745418640
0.0 0.0 0.0

1745418641
0.0 0.0 0.0

1745418642
0.0 0.0 0.0

1745418643
0.0 0.0 0.0

1745418644
0.0 0.0 0.0

1745418645
0.0 0.0 0.0

1745418646
0.0 0.0 0.0

1745418647
0.0 0.0 0.0

1745418648
0.0 0.0 0.0

1745418649
0.0 0.0 0.0

1745418650
0.0 0.0 0.0

1745418651
0.0 0.0 0.0

1745418652
0.0 0.0 0.0

1745418653
0.0 0.0 0.0

1745418654
0.0 0.0 0.0

1745418655
0.0 0.0 0.0

1745418656
0.0 0.0 0.0

1745418657
0.0 0.0 0.0

1745418658
0.0 0.0 0.0

1745418659
0.0 0.0 0.0

1745418660
0.0 0.0 0.0

1745418661
0.0 0.0 0.0

1745418662
0.0 0.0 0.0

1745418663
0.0 0.0 0.0

1745418664
0.0 0.0 0.0

1745418665
0.0 0.0 0.0

1745418666
0.0 0.0 0.0

1745418667
0.0 0.0 0.0

1745418668
0.0 0.0 0.0

1745418669
0.0 0.0 0.0

1745418670
0.0 0.0 0.0

1745418671
0.0 0.0 0.0

1745418672
0.0 0.0 0.0

1745418673
0.0 0.0 0.0

1745418674
0.0 0.0 0.0

1745418675
0.0 0.0 0.0

1745418676
0.0 0.0 0.0

1745418677
0.0 0.0 0.0

1745418678
0.0 0.0 0.0

1745418679
0.0 0.0 0.0

1745418680
0.0 0.0 0.0

1745418681
0.0 0.0 0.0

1745418682
0.0 0.0 0.0

1745418683
0.0 0.0 0.0

1745418684
0.0 0.0 0.0

1745418685
0.0 0.0 0.0

1745418686
0.0 0.0 0.0

1745418687
0.0 0.0 0.0

1745418688
0.0 0.0 0.0

1745418689
0.0 0.0 0.0

1745418690
0.0 0.0 0.0

1745418691
0.0 0.0 0.0

1745418692
0.0 0.0 0.0

1745418693
0.0 0.0 0.0

1745418694
0.0 0.0 0.0

1745418695
0.0 0.0 0.0

1745418696
0.0 0.0 0.0

1745418697
0.0 0.0 0.0

1745418698
0.0 0.0 0.0

1745418699
0.0 0.0 0.0

1745418700
0.0 0.0 0.0

1745418701
0.0 0.0 0.0

1745418702
0.0 0.0 0.0

1745418703
0.0 0.0 0.0

1745418704
0.0 0.0 0.0

1745418705
0.0 0.0 0.0

1745418706
0.0 0.0 0.0

1745418707
0.0 0.0 0.0

1745418708
0.0 0.0 0.0

1745418709
0.0 0.0 0.0

1745418710
0.0 0.0 0.0

1745418711
0.0 0.0 0.0

1745418712
0.0 0.0 0.0

1745418713
0.0 0.0 0.0

1745418714
0.0 0.0 0.0

1745418715
0.0 0.0 0.0

1745418716
0.0 0.0 0.0

1745418717
0.0 0.0 0.0

1745418718
0.0 0.0 0.0

1745418719
0.0 0.0 0.0

1745418720
0.0 0.0 0.0

1745418721
0.0 0.0 0.0

1745418722
0.0 0.0 0.0

1745418723
0.0 0.0 0.0

1745418724
0.0 0.0 0.0

1745418725
0.0 0.0 0.0

1745418726
0.0 0.0 0.0

1745418727
0.0 0.0 0.0

1745418728
0.0 0.0 0.0

1745418729
0.0 0.0 0.0

1745418730
0.0 0.0 0.0

1745418731
0.0 0.0 0.0

1745418732
0.0 0.0 0.0

1745418733
0.0 0.0 0.0

1745418734
0.0 0.0 0.0

1745418735
0.0 0.0 0.0

1745418736
0.0 0.0 0.0

1745418737
0.0 0.0 0.0

1745418738
0.0 0.0 0.0

1745418739
0.0 0.0 0.0

1745418740
0.0 0.0 0.0

1745418741
0.0 0.0 0.0

1745418742
0.0 0.0 0.0

1745418743
0.0 0.0 0.0

1745418744
0.0 0.0 0.0

1745418745
0.0 0.0 0.0

1745418746
0.0 0.0 0.0

1745418747
0.0 0.0 0.0

1745418748
0.0 0.0 0.0

1745418749
0.0 0.0 0.0

1745418750
0.0 0.0 0.0

1745418751
0.0 0.0 0.0

1745418752
0.0 0.0 0.0

1745418753
0.0 0.0 0.0

1745418754
0.0 0.0 0.0

1745418755
0.0 0.0 0.0

1745418756
0.0 0.0 0.0

1745418757
0.0 0.0 0.0

1745418758
0.0 0.0 0.0

1745418759
0.0 0.0 0.0

1745418760
0.0 0.0 0.0

1745418761
0.0 0.0 0.0

1745418762
0.0 0.0 0.0

1745418763
0.0 0.0 0.0

1745418764
0.0 0.0 0.0

1745418765
0.0 0.0 0.0

1745418766
0.0 0.0 0.0

1745418767
0.0 0.0 0.0

1745418768
0.0 0.0 0.0

1745418769
0.0 0.0 0.0

1745418770
0.0 0.0 0.0

1745418771
0.0 0.0 0.0

1745418772
0.0 0.0 0.0

1745418773
0.0 0.0 0.0

1745418774
0.0 0.0 0.0

1745418775
0.0 0.0 0.0

1745418776
0.0 0.0 0.0

1745418777
0.0 0.0 0.0

1745418778
0.0 0.0 0.0

1745418779
0.0 0.0 0.0

1745418780
0.0 0.0 0.0

1745418781
0.0 0.0 0.0

1745418782
0.0 0.0 0.0

1745418783
0.0 0.0 0.0

1745418784
0.0 0.0 0.0

1745418785
0.0 0.0 0.0

1745418786
0.0 0.0 0.0

1745418787
0.0 0.0 0.0

1745418788
0.0 0.0 0.0

1745418789
0.0 0.0 0.0

1745418790
0.0 0.0 0.0

1745418791
0.0 0.0 0.0

1745418792
0.0 0.0 0.0

1745418793
0.0 0.0 0.0

1745418794
0.0 0.0 0.0

1745418795
0.0 0.0 0.0

1745418796
0.0 0.0 0.0

1745418797
0.0 0.0 0.0

1745418798
0.0 0.0 0.0

1745418799
0.0 0.0 0.0

1745418800
0.0 0.0 0.0

1745418801
0.0 0.0 0.0

1745418802
0.0 0.0 0.0

1745418803
0.0 0.0 0.0

1745418804
0.0 0.0 0.0

1745418805
0.0 0.0 0.0

1745418806
0.0 0.0 0.0

1745418807
0.0 0.0 0.0

1745418808
0.0 0.0 0.0

1745418809
0.0 0.0 0.0

1745418810
0.0 0.0 0.0

1745418811
0.0 0.0 0.0

1745418812
0.0 0.0 0.0

1745418813
0.0 0.0 0.0

1745418814
0.0 0.0 0.0

1745418815
0.0 0.0 0.0

1745418816
0.0 0.0 0.0

1745418817
0.0 0.0 0.0

1745418818
0.0 0.0 0.0

1745418819
0.0 0.0 0.0

1745418820
0.0 0.0 0.0

1745418821
0.0 0.0 0.0

1745418822
0.0 0.0 0.0

1745418823
0.0 0.0 0.0

1745418824
0.0 0.0 0.0

1745418825
0.0 0.0 0.0

1745418826
0.0 0.0 0.0

1745418827
0.0 0.0 0.0

1745418828
0.0 0.0 0.0

1745418829
0.0 0.0 0.0

1745418830
0.0 0.0 0.0

1745418831
0.0 0.0 0.0

1745418832
0.0 0.0 0.0

1745418833
0.0 0.0 0.0

1745418834
0.0 0.0 0.0

1745418835
0.0 0.0 0.0

1745418836
0.0 0.0 0.0

1745418837
0.0 0.0 0.0

1745418838
0.0 0.0 0.0

1745418839
0.0 0.0 0.0

1745418840
0.0 0.0 0.0

1745418841
0.0 0.0 0.0

1745418842
0.0 0.0 0.0

1745418843
0.0 0.0 0.0

1745418844
0.0 0.0 0.0

1745418845
0.0 0.0 0.0

1745418846
0.0 0.0 0.0

1745418847
0.0 0.0 0.0

1745418848
0.0 0.0 0.0

1745418849
0.0 0.0 0.0

1745418850
0.0 0.0 0.0

1745418851
0.0 0.0 0.0

1745418852
0.0 0.0 0.0

1745418853
0.0 0.0 0.0

1745418854
0.0 0.0 0.0

1745418855
0.0 0.0 0.0

1745418856
0.0 0.0 0.0

1745418857
0.0 0.0 0.0

1745418858
0.0 0.0 0.0

1745418859
0.0 0.0 0.0

1745418860
0.0 0.0 0.0

1745418861
0.0 0.0 0.0

1745418862
0.0 0.0 0.0

1745418863
0.0 0.0 0.0

1745418864
0.0 0.0 0.0

1745418865
0.0 0.0 0.0

1745418866
0.0 0.0 0.0

1745418867
0.0 0.0 0.0

1745418868
0.0 0.0 0.0

1745418869
0.0 0.0 0.0

1745418870
0.0 0.0 0.0

1745418871
0.0 0.0 0.0

1745418872
0.0 0.0 0.0

1745418873
0.0 0.0 0.0

1745418874
0.0 0.0 0.0

1745418875
0.0 0.0 0.0

1745418876
0.0 0.0 0.0

1745418877
0.0 0.0 0.0

1745418878
0.0 0.0 0.0

1745418879
0.0 0.0 0.0

1745418880
0.0 0.0 0.0

1745418881
0.0 0.0 0.0

1745418882
0.0 0.0 0.0

1745418883
0.0 0.0 0.0

1745418884
0.0 0.0 0.0

1745418885
0.0 0.0 0.0

1745418886
0.0 0.0 0.0

1745418887
0.0 0.0 0.0

1745418888
0.0 0.0 0.0

1745418889
0.0 0.0 0.0

1745418890
0.0 0.0 0.0

1745418891
0.0 0.0 0.0

1745418892
0.0 0.0 0.0

1745418893
0.0 0.0 0.0

1745418894
0.0 0.0 0.0

1745418895
0.0 0.0 0.0

1745418896
0.0 0.0 0.0

1745418897
0.0 0.0 0.0

1745418898
0.0 0.0 0.0

1745418899
0.0 0.0 0.0

1745418900
0.0 0.0 0.0

1745418901
0.0 0.0 0.0

1745418902
0.0 0.0 0.0

1745418903
0.0 0.0 0.0

1745418904
0.0 0.0 0.0

1745418905
0.0 0.0 0.0

1745418906
0.0 0.0 0.0

1745418907
0.0 0.0 0.0

1745418908
0.0 0.0 0.0

1745418909
0.0 0.0 0.0

