1745418472
131788824 96173392 3927280 26459284 50331644 50242900

1745418473
131788824 95415604 3927844 26467676 50331644 50242900

1745418474
131788824 94997940 3928352 26544804 50331644 50242900

1745418475
131788824 94681464 3928532 26712776 50331644 50242900

1745418476
131788824 94283228 3929004 26977312 50331644 50242900

1745418477
131788824 94109712 3929300 27090788 50331644 50242900

1745418478
131788824 93814556 3929488 27250364 50331644 50242900

1745418479
131788824 93174048 3929828 27832836 50331644 50242900

1745418480
131788824 92512156 3930480 28406756 50331644 50242900

1745418481
131788824 92201428 3931372 28525576 50331644 50242900

1745418482
131788824 92120736 3933548 28677548 50331644 50242900

1745418483
131788824 91907756 3939036 29007184 50331644 50242900

1745418484
131788824 91595048 3941524 29107280 50331644 50242900

1745418485
131788824 91344616 3948944 29364596 50331644 50242900

1745418486
131788824 91229492 3949792 29511252 50331644 50242900

1745418487
131788824 91050928 3950976 29533932 50331644 50242900

1745418488
131788824 90634636 3965180 29973352 50331644 50242900

1745418489
131788824 90069356 3967080 30782764 50331644 50242900

1745418490
131788824 89140228 3967684 31695452 50331644 50242900

1745418491
131788824 88510656 3969392 32106648 50331644 50242900

1745418492
131788824 88230256 3969664 32299676 50331644 50242900

1745418493
131788824 88152148 3971204 32333636 50331644 50242900

1745418494
131788824 87563208 3972288 33342160 50331644 50242924

1745418496
131788824 86093948 3972300 34861608 50331644 50242924

1745418497
131788824 85038096 3972300 35813696 50331644 50242924

1745418498
131788824 84016488 3972300 36770524 50331644 50242924

1745418499
131788824 82975500 3972300 37740536 50331644 50242924

1745418500
131788824 81952896 3972300 38672164 50331644 50242924

1745418501
131788824 80998208 3972308 39601464 50331644 50242924

1745418502
131788824 79991744 3972308 40548916 50331644 50242924

1745418503
131788824 79026864 3972316 41508636 50331644 50242924

1745418504
131788824 78022152 3972320 42464940 50331644 50242924

1745418505
131788824 77051208 3972320 43418400 50331644 50242924

1745418506
131788824 76084792 3972320 44367752 50331644 50242924

1745418507
131788824 75186932 3972328 45205756 50331644 50242924

1745418508
131788824 74408096 3972328 45992800 50331644 50242924

1745418509
131788824 73995848 3972356 46683584 50331644 50242924

1745418510
131788824 73337020 3972356 47326344 50331644 50242924

1745418511
131788824 73225108 3972500 47480484 50331644 50242924

1745418512
131788824 73222096 3972500 47492152 50331644 50242924

1745418513
131788824 73220724 3972508 47503852 50331644 50242924

1745418514
131788824 73351616 3972608 47515512 50331644 50242924

1745418515
131788824 73410496 3972608 47527244 50331644 50242924

1745418516
131788824 73472552 3972612 47539096 50331644 50242924

1745418517
131788824 73490544 3972616 47550840 50331644 50242924

1745418518
131788824 73490744 3972616 47562572 50331644 50242924

1745418519
131788824 73503396 3972624 47574284 50331644 50242924

1745418520
131788824 73617508 3972816 47586180 50331644 50242924

1745418521
131788824 73614180 3972816 47597960 50331644 50242924

1745418522
131788824 73629188 3972816 47609712 50331644 50242924

1745418523
131788824 73627164 3972816 47621488 50331644 50242924

1745418524
131788824 73658148 3972820 47633196 50331644 50242924

1745418525
131788824 73666100 3972852 47645032 50331644 50242924

1745418526
131788824 73720516 3972920 47656812 50331644 50242924

1745418527
131788824 73727248 3972920 47668532 50331644 50242924

1745418528
131788824 73734192 3972920 47680032 50331644 50242924

1745418529
131788824 73740420 3972920 47691796 50331644 50242924

1745418530
131788824 73755120 3972928 47703528 50331644 50242924

1745418531
131788824 73770180 3972984 47714948 50331644 50242924

1745418532
131788824 73865592 3973068 47727020 50331644 50242924

1745418533
131788824 73887752 3973080 47738648 50331644 50242924

1745418534
131788824 73890140 3973080 47750192 50331644 50242924

1745418535
131788824 73883800 3973080 47761816 50331644 50242924

1745418536
131788824 73885080 3973080 47773400 50331644 50242924

1745418537
131788824 73925256 3973084 47785152 50331644 50242924

1745418538
131788824 73911880 3973112 47797084 50331644 50242924

1745418539
131788824 73927840 3973128 47808588 50331644 50242924

1745418540
131788824 73922136 3973128 47818964 50331644 50242924

1745418541
131788824 73926876 3973128 47830868 50331644 50242924

1745418542
131788824 73931780 3973128 47842328 50331644 50242924

1745418543
131788824 73922348 3973132 47853676 50331644 50242924

1745418544
131788824 73979280 3973136 47865416 50331644 50242924

1745418545
131788824 73973560 3973152 47876704 50331644 50242924

1745418546
131788824 73972044 3973152 47888320 50331644 50242924

1745418547
131788824 73966400 3973152 47900084 50331644 50242924

1745418548
131788824 73980272 3973164 47911688 50331644 50242924

1745418549
131788824 73980468 3973164 47923080 50331644 50242924

1745418550
131788824 73977276 3973168 47934348 50331644 50242924

1745418551
131788824 73973420 3973168 47941380 50331644 50242924

1745418552
131788824 73963684 3973168 47951892 50331644 50242924

1745418553
131788824 73953692 3973168 47966124 50331644 50242924

1745418554
131788824 73941676 3973176 47977684 50331644 50242924

1745418555
131788824 73949084 3973176 47989300 50331644 50242924

1745418556
131788824 73927476 3973176 48000816 50331644 50242924

1745418557
131788824 73926720 3973176 48012356 50331644 50242924

1745418558
131788824 73941136 3973180 48023816 50331644 50242924

1745418559
131788824 73978228 3973188 48034680 50331644 50242924

1745418560
131788824 73974156 3973192 48046440 50331644 50242924

1745418561
131788824 73964980 3973192 48057960 50331644 50242924

1745418562
131788824 73962672 3973192 48069636 50331644 50242924

1745418563
131788824 73945304 3973192 48081332 50331644 50242924

1745418564
131788824 73948768 3973200 48092952 50331644 50242924

1745418565
131788824 73937444 3973200 48104672 50331644 50242924

1745418566
131788824 73940044 3973200 48116372 50331644 50242924

1745418567
131788824 73953584 3973208 48127904 50331644 50242924

1745418568
131788824 73947896 3973208 48139336 50331644 50242924

1745418569
131788824 73944808 3973216 48151076 50331644 50242924

1745418570
131788824 73934880 3973224 48162516 50331644 50242924

1745418571
131788824 73955968 3973236 48173096 50331644 50242924

1745418572
131788824 73940848 3973236 48184820 50331644 50242924

1745418573
131788824 73965560 3973244 48196788 50331644 50242924

1745418574
131788824 73953464 3973244 48208424 50331644 50242924

1745418575
131788824 73936552 3973244 48219828 50331644 50242924

1745418576
131788824 73933844 3973252 48231632 50331644 50242924

1745418577
131788824 73925024 3973252 48242900 50331644 50242924

1745418578
131788824 73905044 3973252 48255024 50331644 50242924

1745418579
131788824 73892444 3973260 48266200 50331644 50242924

1745418580
131788824 73886680 3973268 48277956 50331644 50242924

1745418581
131788824 73893808 3973276 48289356 50331644 50242924

1745418582
131788824 73883188 3973276 48301540 50331644 50242924

1745418583
131788824 73871520 3973276 48313248 50331644 50242924

1745418584
131788824 73865588 3973276 48324776 50331644 50242924

1745418585
131788824 73860632 3973276 48339136 50331644 50242924

1745418586
131788824 73845484 3973288 48350664 50331644 50242924

1745418587
131788824 73840496 3973288 48362080 50331644 50242924

1745418588
131788824 73839492 3973288 48373456 50331644 50242924

1745418589
131788824 73826640 3973288 48384804 50331644 50242924

1745418590
131788824 73826568 3973288 48396276 50331644 50242924

1745418591
131788824 73826824 3973288 48407548 50331644 50242924

1745418592
131788824 73806676 3973288 48417916 50331644 50242924

1745418593
131788824 73839664 3973288 48429608 50331644 50242924

1745418594
131788824 73837188 3973288 48441020 50331644 50242924

1745418595
131788824 73820556 3973288 48451880 50331644 50242924

1745418596
131788824 73818152 3973288 48461736 50331644 50242924

1745418597
131788824 73810620 3973288 48471196 50331644 50242924

1745418598
131788824 73800792 3973288 48480596 50331644 50242924

1745418599
131788824 73793540 3973288 48492296 50331644 50242924

1745418600
131788824 73770324 3973288 48503908 50331644 50242924

1745418601
131788824 73767632 3973288 48515552 50331644 50242924

1745418602
131788824 73762016 3973288 48527176 50331644 50242924

1745418603
131788824 73757672 3973288 48538772 50331644 50242924

1745418604
131788824 73747748 3973288 48550356 50331644 50242924

1745418605
131788824 73737812 3973288 48561416 50331644 50242924

1745418606
131788824 73726420 3973292 48572408 50331644 50242924

1745418607
131788824 73704876 3973292 48584140 50331644 50242924

1745418608
131788824 73696812 3973292 48595984 50331644 50242924

1745418609
131788824 73681692 3973292 48607384 50331644 50242924

1745418610
131788824 73667580 3973292 48618584 50331644 50242924

1745418611
131788824 73663116 3973296 48630356 50331644 50242924

1745418612
131788824 73651524 3973296 48641260 50331644 50242924

1745418613
131788824 73647492 3973296 48653456 50331644 50242924

1745418614
131788824 73646212 3973296 48664276 50331644 50242924

1745418615
131788824 73627416 3973296 48676328 50331644 50242924

1745418616
131788824 73624928 3973296 48686728 50331644 50242924

1745418617
131788824 73608416 3973300 48701292 50331644 50242924

1745418618
131788824 73607312 3973300 48712940 50331644 50242924

1745418619
131788824 73597380 3973300 48724556 50331644 50242924

1745418620
131788824 73590324 3973300 48736164 50331644 50242924

1745418621
131788824 73574196 3973300 48747808 50331644 50242924

1745418622
131788824 73566728 3973300 48759400 50331644 50242924

1745418623
131788824 73552748 3973300 48770988 50331644 50242924

1745418624
131788824 73547580 3973300 48781472 50331644 50242924

1745418625
131788824 73536444 3973300 48792324 50331644 50242924

1745418626
131788824 73526932 3973300 48803600 50331644 50242924

1745418627
131788824 73511308 3973300 48815448 50331644 50242924

1745418628
131788824 73493416 3973300 48827072 50331644 50242924

1745418629
131788824 73489200 3973300 48838932 50331644 50242924

1745418630
131788824 73478616 3973300 48849852 50331644 50242924

1745418631
131788824 73475224 3973300 48861848 50331644 50242924

1745418632
131788824 73463460 3973300 48872840 50331644 50242924

1745418633
131788824 73457372 3973300 48883300 50331644 50242924

1745418634
131788824 73452340 3973300 48894320 50331644 50242924

1745418635
131788824 73439568 3973300 48905764 50331644 50242924

1745418636
131788824 73434672 3973300 48916860 50331644 50242924

1745418637
131788824 73425744 3973300 48928652 50331644 50242924

1745418638
131788824 73413748 3973300 48940204 50331644 50242924

1745418639
131788824 73412552 3973300 48948476 50331644 50242924

1745418640
131788824 73404236 3973300 48957352 50331644 50242924

1745418641
131788824 73397116 3973300 48966192 50331644 50242924

1745418642
131788824 73389760 3973300 48974548 50331644 50242924

1745418643
131788824 73384160 3973300 48985432 50331644 50242924

1745418644
131788824 73377004 3973300 48995888 50331644 50242924

1745418645
131788824 73369204 3973300 49007444 50331644 50242924

1745418646
131788824 73363036 3973300 49018852 50331644 50242924

1745418647
131788824 73351724 3973300 49030812 50331644 50242924

1745418648
131788824 73383436 3973300 49042176 50331644 50242924

1745418649
131788824 73368412 3973300 49055488 50331644 50242924

1745418650
131788824 73360604 3973300 49064172 50331644 50242924

1745418651
131788824 73353900 3973300 49075348 50331644 50242924

1745418652
131788824 73346300 3973300 49085480 50331644 50242924

1745418653
131788824 73340564 3973300 49094980 50331644 50242924

1745418654
131788824 73335160 3973300 49104096 50331644 50242924

1745418655
131788824 73326928 3973300 49112684 50331644 50242924

1745418656
131788824 73320832 3973300 49122280 50331644 50242924

1745418657
131788824 73318672 3973300 49129800 50331644 50242924

1745418658
131788824 73309380 3973300 49135636 50331644 50242924

1745418659
131788824 73300876 3973300 49145080 50331644 50242924

1745418660
131788824 73293792 3973300 49156144 50331644 50242924

1745418661
131788824 73276432 3973300 49168112 50331644 50242924

1745418662
131788824 73268740 3973300 49179408 50331644 50242924

1745418663
131788824 73253068 3973300 49191444 50331644 50242924

1745418664
131788824 73236940 3973300 49203252 50331644 50242924

1745418665
131788824 73229024 3973300 49214972 50331644 50242924

1745418666
131788824 73218520 3973300 49226508 50331644 50242924

1745418667
131788824 73212516 3973300 49238516 50331644 50242924

1745418668
131788824 73202940 3973300 49249056 50331644 50242924

1745418669
131788824 73192464 3973300 49260164 50331644 50242924

1745418670
131788824 73188760 3973300 49272324 50331644 50242924

1745418671
131788824 73177136 3973300 49283868 50331644 50242924

1745418672
131788824 73174452 3973300 49295636 50331644 50242924

1745418673
131788824 73164876 3973300 49307212 50331644 50242924

1745418674
131788824 73144212 3973300 49319092 50331644 50242924

1745418675
131788824 73120020 3973300 49330652 50331644 50242924

1745418676
131788824 73103892 3973300 49342480 50331644 50242924

1745418677
131788824 73097868 3973300 49354268 50331644 50242924

1745418678
131788824 73095928 3973304 49365796 50331644 50242924

1745418679
131788824 73087864 3973304 49377988 50331644 50242924

1745418680
131788824 73078732 3973304 49389508 50331644 50242924

1745418681
131788824 73066192 3973304 49403840 50331644 50242924

1745418682
131788824 73060996 3973304 49415448 50331644 50242924

1745418683
131788824 73048960 3973304 49427220 50331644 50242924

1745418684
131788824 73059020 3973308 49439028 50331644 50242924

1745418685
131788824 73054008 3973308 49450644 50331644 50242924

1745418686
131788824 73051112 3973308 49462404 50331644 50242924

1745418687
131788824 73038256 3973308 49474148 50331644 50242924

1745418688
131788824 73023164 3973308 49485908 50331644 50242924

1745418689
131788824 73018360 3973308 49497652 50331644 50242924

1745418690
131788824 73003948 3973316 49509124 50331644 50242924

1745418691
131788824 72995684 3973316 49520580 50331644 50242924

1745418692
131788824 72990400 3973316 49532340 50331644 50242924

1745418693
131788824 72972776 3973316 49544116 50331644 50242924

1745418694
131788824 72963704 3973316 49556060 50331644 50242924

1745418695
131788824 72950764 3973316 49566780 50331644 50242924

1745418696
131788824 72944468 3973316 49579612 50331644 50242924

1745418697
131788824 72957028 3973316 49591716 50331644 50242924

1745418698
131788824 72941268 3973316 49603476 50331644 50242924

1745418699
131788824 72932340 3973316 49615252 50331644 50242924

1745418700
131788824 72926888 3973316 49627016 50331644 50242924

1745418701
131788824 72912328 3973316 49638796 50331644 50242924

1745418702
131788824 72912236 3973316 49647788 50331644 50242924

1745418703
131788824 72902068 3973316 49653628 50331644 50242924

1745418704
131788824 72895780 3973316 49663724 50331644 50242924

1745418705
131788824 72884320 3973316 49675372 50331644 50242924

1745418706
131788824 72871548 3973316 49687120 50331644 50242924

1745418707
131788824 72856960 3973316 49698896 50331644 50242924

1745418708
131788824 72849920 3973316 49710640 50331644 50242924

1745418709
131788824 72834412 3973332 49722416 50331644 50242924

1745418710
131788824 72819308 3973332 49734176 50331644 50242924

1745418711
131788824 72803068 3973332 49745952 50331644 50242924

1745418712
131788824 72780956 3973600 49757768 50331644 50242924

1745418713
131788824 72774832 3973600 49769660 50331644 50242924

1745418714
131788824 72767108 3973600 49781436 50331644 50242924

1745418715
131788824 72760772 3973600 49793212 50331644 50242924

1745418716
131788824 72751760 3973600 49804956 50331644 50242924

1745418717
131788824 72737912 3973608 49816756 50331644 50242924

1745418718
131788824 72729596 3973624 49828508 50331644 50242924

1745418719
131788824 72721364 3973624 49840284 50331644 50242924

1745418720
131788824 72709048 3973624 49852060 50331644 50242924

1745418721
131788824 72705348 3973624 49862120 50331644 50242924

1745418722
131788824 72691064 3973624 49874628 50331644 50242924

1745418723
131788824 72683628 3973632 49886408 50331644 50242924

1745418724
131788824 72678752 3973632 49898184 50331644 50242924

1745418725
131788824 72673780 3973632 49909960 50331644 50242924

1745418726
131788824 72659068 3973632 49921736 50331644 50242924

1745418727
131788824 72652132 3973632 49933512 50331644 50242924

1745418728
131788824 72638012 3973632 49945272 50331644 50242924

1745418729
131788824 72621884 3973632 49957032 50331644 50242924

1745418730
131788824 72610908 3973632 49968824 50331644 50242924

1745418731
131788824 72599208 3973632 49980600 50331644 50242924

1745418732
131788824 72594700 3973632 49992200 50331644 50242924

1745418733
131788824 72588404 3973632 50003960 50331644 50242924

1745418734
131788824 72577464 3973632 50015384 50331644 50242924

1745418735
131788824 72571168 3973632 50027120 50331644 50242924

1745418736
131788824 72555888 3973632 50038864 50331644 50242924

1745418737
131788824 72550092 3973632 50048848 50331644 50242924

1745418738
131788824 72534952 3973632 50056224 50331644 50242924

1745418739
131788824 72534912 3973640 50059176 50331644 50242924

1745418740
131788824 72534912 3973640 50062856 50331644 50242924

1745418741
131788824 72534912 3973640 50066728 50331644 50242924

1745418742
131788824 72533148 3973640 50070360 50331644 50242924

1745418743
131788824 72533160 3973640 50074696 50331644 50242924

1745418744
131788824 72528880 3973640 50080856 50331644 50242924

1745418745
131788824 72526484 3973640 50088296 50331644 50242924

1745418746
131788824 72525960 3973640 50093100 50331644 50242924

1745418747
131788824 72516996 3973640 50099964 50331644 50242924

1745418748
131788824 72510008 3973648 50107020 50331644 50242924

1745418749
131788824 72508688 3973648 50117244 50331644 50242924

1745418750
131788824 72499080 3973648 50123964 50331644 50242924

1745418751
131788824 72491016 3973648 50132588 50331644 50242924

1745418752
131788824 72472116 3973648 50145472 50331644 50242924

1745418753
131788824 72456996 3973648 50157232 50331644 50242924

1745418754
131788824 72440868 3973656 50168576 50331644 50242924

1745418755
131788824 72426028 3973656 50180352 50331644 50242924

1745418756
131788824 72417964 3973656 50192128 50331644 50242924

1745418757
131788824 72401836 3973656 50203760 50331644 50242924

1745418758
131788824 72395620 3973656 50215524 50331644 50242924

1745418759
131788824 72382208 3973656 50227288 50331644 50242924

1745418760
131788824 72376528 3973656 50239064 50331644 50242924

1745418761
131788824 72370376 3973656 50250840 50331644 50242924

1745418762
131788824 72365480 3973656 50262312 50331644 50242924

1745418763
131788824 72357480 3973656 50273292 50331644 50242924

1745418764
131788824 72344988 3973656 50285068 50331644 50242924

1745418765
131788824 72333900 3973656 50296828 50331644 50242924

1745418766
131788824 72322660 3973656 50308604 50331644 50242924

1745418767
131788824 72314040 3973656 50320380 50331644 50242924

1745418768
131788824 72299920 3973656 50332140 50331644 50242924

1745418769
131788824 72295056 3973656 50343920 50331644 50242924

1745418770
131788824 72272656 3973660 50355692 50331644 50242924

1745418771
131788824 72266584 3973660 50367788 50331644 50242924

1745418772
131788824 72252096 3973660 50379380 50331644 50242924

1745418773
131788824 72244284 3973660 50391048 50331644 50242924

1745418774
131788824 72237552 3973660 50402824 50331644 50242924

1745418775
131788824 72223996 3973660 50414752 50331644 50242924

1745418776
131788824 72215932 3973660 50426616 50331644 50242924

1745418777
131788824 72204312 3973660 50438528 50331644 50242924

1745418778
131788824 72197268 3973660 50451232 50331644 50242924

1745418779
131788824 72190456 3973660 50462896 50331644 50242924

1745418780
131788824 72184476 3973660 50471928 50331644 50242924

1745418781
131788824 72178248 3973660 50484104 50331644 50242924

1745418782
131788824 72165576 3973668 50495880 50331644 50242924

1745418783
131788824 72157512 3973668 50507624 50331644 50242924

1745418784
131788824 72142748 3973668 50519404 50331644 50242924

1745418785
131788824 72136720 3973668 50531148 50331644 50242924

1745418786
131788824 72125000 3973668 50542908 50331644 50242924

1745418787
131788824 72106156 3973668 50554668 50331644 50242924

1745418788
131788824 72098844 3973668 50566172 50331644 50242924

1745418789
131788824 72084120 3973668 50578028 50331644 50242924

1745418790
131788824 72068760 3973668 50589772 50331644 50242924

1745418791
131788824 72061688 3973668 50601548 50331644 50242924

1745418792
131788824 72054488 3973668 50612960 50331644 50242924

1745418793
131788824 72040492 3973668 50622240 50331644 50242924

1745418794
131788824 72034028 3973668 50634016 50331644 50242924

1745418795
131788824 72021252 3973668 50645776 50331644 50242924

1745418796
131788824 72007756 3973668 50657536 50331644 50242924

1745418797
131788824 72000348 3973668 50669296 50331644 50242924

1745418798
131788824 71984828 3973668 50680532 50331644 50242924

1745418799
131788824 71977336 3973668 50692788 50331644 50242924

1745418800
131788824 71970392 3973668 50704532 50331644 50242924

1745418801
131788824 71954828 3973680 50716312 50331644 50242924

1745418802
131788824 71938956 3973680 50726288 50331644 50242924

1745418803
131788824 71930892 3973680 50734256 50331644 50242924

1745418804
131788824 71922828 3973680 50745152 50331644 50242924

1745418805
131788824 71915016 3973680 50757096 50331644 50242924

1745418806
131788824 71907612 3973680 50768664 50331644 50242924

1745418807
131788824 71891484 3973680 50780424 50331644 50242924

1745418808
131788824 71876600 3973680 50792120 50331644 50242924

1745418809
131788824 71859040 3973680 50805776 50331644 50242924

1745418810
131788824 71857108 3973680 50817240 50331644 50242924

1745418811
131788824 71846184 3973680 50828880 50331644 50242924

1745418812
131788824 71838624 3973680 50840656 50331644 50242924

1745418813
131788824 71829596 3973680 50852432 50331644 50242924

1745418814
131788824 71820212 3973680 50864032 50331644 50242924

1745418815
131788824 71806164 3973680 50875812 50331644 50242924

1745418816
131788824 71790856 3973680 50887576 50331644 50242924

1745418817
131788824 71774728 3973680 50899352 50331644 50242924

1745418818
131788824 71767132 3973680 50911128 50331644 50242924

1745418819
131788824 71751004 3973680 50922888 50331644 50242924

1745418820
131788824 71742940 3973680 50934664 50331644 50242924

1745418821
131788824 71726056 3973680 50946428 50331644 50242924

1745418822
131788824 71710936 3973680 50958220 50331644 50242924

1745418823
131788824 71710432 3973680 50970028 50331644 50242924

1745418824
131788824 71695312 3973680 50980700 50331644 50242924

1745418825
131788824 71688864 3973680 50993004 50331644 50242924

1745418826
131788824 71673308 3973680 51004596 50331644 50242924

1745418827
131788824 71659232 3973680 51016188 50331644 50242924

1745418828
131788824 71655112 3973680 51027276 50331644 50242924

1745418829
131788824 71639836 3973680 51038868 50331644 50242924

1745418830
131788824 71615304 3973680 51050460 50331644 50242924

1745418831
131788824 71599996 3973680 51062556 50331644 50242924

1745418832
131788824 71584128 3973684 51074864 50331644 50242924

1745418833
131788824 71575056 3973684 51086640 50331644 50242924

1745418834
131788824 71561952 3973684 51098220 50331644 50242924

1745418835
131788824 71550072 3973684 51109180 50331644 50242924

1745418836
131788824 71525880 3973684 51120780 50331644 50242924

1745418837
131788824 71523996 3973684 51132724 50331644 50242924

1745418838
131788824 71499804 3973684 51144204 50331644 50242924

1745418839
131788824 71491740 3973684 51155964 50331644 50242924

1745418840
131788824 71484428 3973684 51167580 50331644 50242924

1745418841
131788824 71468340 3973684 51180920 50331644 50242924

1745418842
131788824 71452212 3973684 51192680 50331644 50242924

1745418843
131788824 71424756 3973684 51204176 50331644 50242924

1745418844
131788824 71394756 3973684 51215972 50331644 50242924

1745418845
131788824 71386692 3973684 51227700 50331644 50242924

1745418846
131788824 71378124 3973684 51239416 50331644 50242924

1745418847
131788824 71372076 3973684 51251192 50331644 50242924

1745418848
131788824 71354128 3973684 51263216 50331644 50242924

1745418849
131788824 71329936 3973684 51274776 50331644 50242924

1745418850
131788824 71323252 3973684 51285244 50331644 50242924

1745418851
131788824 71306072 3973684 51298140 50331644 50242924

1745418852
131788824 71298008 3973684 51309732 50331644 50242924

1745418853
131788824 71285284 3973684 51321888 50331644 50242924

1745418854
131788824 71269700 3973684 51333436 50331644 50242924

1745418855
131788824 71260204 3973684 51345308 50331644 50242924

1745418856
131788824 71255732 3973684 51356940 50331644 50242924

1745418857
131788824 71251356 3973684 51368700 50331644 50242924

1745418858
131788824 71241768 3973684 51380460 50331644 50242924

1745418859
131788824 71230124 3973684 51392204 50331644 50242924

1745418860
131788824 71224964 3973684 51403884 50331644 50242924

1745418861
131788824 71211012 3973684 51415532 50331644 50242924

1745418862
131788824 71192520 3973704 51426936 50331644 50242924

1745418863
131788824 71182344 3973704 51438528 50331644 50242924

1745418864
131788824 71163740 3973704 51449860 50331644 50242924

1745418865
131788824 71155676 3973704 51461284 50331644 50242924

1745418866
131788824 71145124 3973704 51472676 50331644 50242924

1745418867
131788824 71129072 3973704 51484120 50331644 50242924

1745418868
131788824 71115040 3973704 51495720 50331644 50242924

1745418869
131788824 71107848 3973704 51507400 50331644 50242924

1745418870
131788824 71101380 3973704 51518912 50331644 50242924

1745418871
131788824 71089624 3973704 51521432 50331644 50242924

1745418872
131788824 71090412 3973704 51521436 50331644 50242924

1745418873
131788824 71079288 3973832 51522508 50331644 50242924

1745418874
131788824 71037820 3974532 51554936 50331644 50242924

1745418875
131788824 71036128 3974532 51554936 50331644 50242924

1745418876
131788824 71037676 3974532 51554936 50331644 50242924

1745418877
131788824 71038004 3974532 51554936 50331644 50242924

1745418878
131788824 71044908 3974532 51554940 50331644 50242924

1745418879
131788824 71041780 3974540 51554940 50331644 50242924

1745418880
131788824 71084396 3974540 51522684 50331644 50242924

1745418881
131788824 71085648 3974540 51522688 50331644 50242924

1745418882
131788824 71086060 3974540 51522688 50331644 50242924

1745418883
131788824 71090024 3974540 51522688 50331644 50242924

1745418884
131788824 71070144 3976296 51522400 50331644 50242924

1745418885
131788824 71071572 3976296 51522400 50331644 50242924

1745418886
131788824 71075016 3976304 51522392 50331644 50242924

1745418887
131788824 71076368 3976304 51522392 50331644 50242924

1745418888
131788824 71079808 3976304 51522392 50331644 50242924

1745418889
131788824 71082808 3976304 51522392 50331644 50242924

1745418890
131788824 71085080 3976304 51522392 50331644 50242924

1745418891
131788824 71097344 3976304 51522392 50331644 50242924

1745418892
131788824 71097536 3976304 51522392 50331644 50242924

1745418893
131788824 71097656 3976304 51522392 50331644 50242924

1745418894
131788824 71099352 3976304 51522392 50331644 50242924

1745418895
131788824 71101872 3976304 51522392 50331644 50242924

1745418896
131788824 71103916 3976304 51522392 50331644 50242924

1745418897
131788824 71107044 3976304 51522392 50331644 50242924

1745418898
131788824 71107296 3976304 51522392 50331644 50242924

1745418899
131788824 71112044 3976304 51522392 50331644 50242924

1745418900
131788824 71113636 3976304 51522392 50331644 50242924

1745418901
131788824 71117424 3976304 51522392 50331644 50242924

1745418902
131788824 71117616 3976304 51522392 50331644 50242924

1745418903
131788824 71114624 3976308 51522388 50331644 50242932

1745418904
131788824 71114968 3976316 51522380 50331644 50242932

1745418905
131788824 71128760 3976316 51522740 50331644 50242932

1745418906
131788824 71128112 3976316 51522740 50331644 50242932

1745418907
131788824 71129444 3976316 51522744 50331644 50242932

1745418908
131788824 71131132 3976316 51522748 50331644 50242932

1745418909
131788824 71130260 3976316 51522748 50331644 50242932

1745418910
131788824 71227432 3976320 51522748 50331644 50242932

